Set parameter Username
Set parameter LicenseID to value 2813843
Academic license - for non-commercial use only - expires 2027-04-27
Set parameter NonConvex to value 2
Set parameter MIPGap to value 0.01
Set parameter TimeLimit to value 180
Set parameter MIPFocus to value 1
Set parameter NumericFocus to value 2
Set parameter Username
Set parameter LicenseID to value 2813843
Academic license - for non-commercial use only - expires 2027-04-27
Set parameter MIPGap to value 0.01
Set parameter TimeLimit to value 300
Set parameter MIPFocus to value 1
Set parameter MIPGap to value 0.01
Set parameter MIPFocus to value 1
Set parameter TimeLimit to value 300
Gurobi Optimizer version 12.0.3 build v12.0.3rc0 (win64 - Windows 11+.0 (26200.2))

CPU model: 11th Gen Intel(R) Core(TM) i7-1165G7 @ 2.80GHz, instruction set [SSE2|AVX|AVX2|AVX512]
Thread count: 4 physical cores, 8 logical processors, using up to 8 threads

Non-default parameters:
TimeLimit  300
MIPGap  0.01
MIPFocus  1

Optimize a model with 9088 rows, 5240 columns and 22208 nonzeros
Model fingerprint: 0x7a6a65fc
Model has 264 quadratic constraints
Variable types: 4920 continuous, 320 integer (320 binary)
Coefficient statistics:
  Matrix range     [9e-09, 2e+01]
  QMatrix range    [1e+00, 5e+02]
  QLMatrix range   [1e+00, 1e+00]
  Objective range  [7e-02, 4e-01]
  Bounds range     [1e+00, 2e+01]
  RHS range        [7e-01, 2e+01]

User MIP start did not produce a new incumbent solution
User MIP start violates constraint R122 by 4.345047923

Presolve removed 7992 rows and 4586 columns
Presolve time: 1.52s
Presolved: 1096 rows, 654 columns, 3470 nonzeros
Presolved model has 48 quadratic constraint(s)
Variable types: 606 continuous, 48 integer (48 binary)

Root relaxation: objective 3.501330e+01, 371 iterations, 0.01 seconds (0.00 work units)
Another try with MIP start

    Nodes    |    Current Node    |     Objective Bounds      |     Work
 Expl Unexpl |  Obj  Depth IntInf | Incumbent    BestBd   Gap | It/Node Time

     0     0   35.01330    0   11          -   35.01330      -     -    1s
     0     0   35.97976    0   16          -   35.97976      -     -    1s
     0     0   36.92795    0   14          -   36.92795      -     -    1s
H    0     0                      57.4931775   36.92795  35.8%     -    1s
H    0     0                      56.9400801   38.31030  32.7%     -    1s
     0     0   38.31030    0   11   56.94008   38.31030  32.7%     -    1s
H    0     0                      54.1490185   38.45325  29.0%     -    1s
H    0     0                      53.8666692   38.45325  28.6%     -    1s
     0     0   38.45325    0   11   53.86667   38.45325  28.6%     -    1s
H    0     0                      53.5858118   38.45325  28.2%     -    1s
     0     0   39.02645    0    9   53.58581   39.02645  27.2%     -    1s
H    0     0                      40.0172186   39.02645  2.48%     -    1s
     0     0   39.56673    0    8   40.01722   39.56673  1.13%     -    1s
     0     0     cutoff    0        40.01722   40.01722  0.00%     -    1s

Cutting planes:
  Gomory: 4
  Implied bound: 21
  Clique: 6
  MIR: 4
  Flow cover: 7
  RLT: 4
  Relax-and-lift: 6

Explored 1 nodes (1116 simplex iterations) in 1.80 seconds (0.50 work units)
Thread count was 8 (of 8 available processors)

Solution count 6: 40.0172 53.5858 53.8667 ... 57.4932

Optimal solution found (tolerance 1.00e-02)
Best objective 4.001721856872e+01, best bound 4.001721856872e+01, gap 0.0000%

User-callback calls 998, time in user-callback 0.00 sec
Set parameter NumericFocus to value 2
Set parameter NonConvex to value 2
Set parameter MIPGap to value 0.01
Set parameter MIPFocus to value 1
Set parameter TimeLimit to value 180
Gurobi Optimizer version 12.0.3 build v12.0.3rc0 (win64 - Windows 11+.0 (26200.2))

CPU model: 11th Gen Intel(R) Core(TM) i7-1165G7 @ 2.80GHz, instruction set [SSE2|AVX|AVX2|AVX512]
Thread count: 4 physical cores, 8 logical processors, using up to 8 threads

Non-default parameters:
TimeLimit  180
MIPGap  0.01
MIPFocus  1
NonConvex  2
NumericFocus  2

Optimize a model with 11240 rows, 6537 columns and 29192 nonzeros
Model fingerprint: 0xacfd0540
Model has 265 quadratic constraints
Variable types: 5569 continuous, 968 integer (968 binary)
Coefficient statistics:
  Matrix range     [9e-09, 2e+01]
  QMatrix range    [1e+00, 5e+02]
  QLMatrix range   [1e+00, 1e+00]
  Objective range  [2e-03, 2e-03]
  Bounds range     [1e-08, 2e+01]
  RHS range        [7e-01, 2e+01]
  QRHS range       [1e+00, 1e+00]

User MIP start did not produce a new incumbent solution
User MIP start violates constraint R122 by 4.345047923

Presolve removed 4554 rows and 2506 columns
Presolve time: 0.20s
Presolved: 7580 rows, 4297 columns, 23521 nonzeros
Presolved model has 216 quadratic constraint(s)
Presolved model has 217 bilinear constraint(s)
Warning: Model contains variables with very large bounds participating
         in product terms.
         Presolve was not able to compute smaller bounds for these variables.
         Consider bounding these variables or reformulating the model.


Solving non-convex MIQCP

Variable types: 3435 continuous, 862 integer (862 binary)

Root relaxation: objective 2.214031e-01, 1885 iterations, 0.07 seconds (0.03 work units)

    Nodes    |    Current Node    |     Objective Bounds      |     Work
 Expl Unexpl |  Obj  Depth IntInf | Incumbent    BestBd   Gap | It/Node Time

     0     0    0.22140    0  266          -    0.22140      -     -    0s
Another try with MIP start
     0     0    0.22418    0  245          -    0.22418      -     -    0s
     0     0    0.22418    0  295          -    0.22418      -     -    0s
     0     0    0.22418    0  294          -    0.22418      -     -    1s
     0     0    0.23736    0  318          -    0.23736      -     -    1s
     0     0    0.24730    0  347          -    0.24730      -     -    2s
     0     0    0.27472    0  265          -    0.27472      -     -    2s
     0     2    0.27472    0  283          -    0.27472      -     -    7s
   410   255 infeasible   37               -    0.30075      -  37.9   10s
H  545   272                       0.7457813    0.30075  59.7%  36.6   37s
H  545   258                       0.6215951    0.30075  51.6%  36.6   38s
H  545   245                       0.6181300    0.30075  51.3%  36.6   38s
H  545   233                       0.6132133    0.30075  51.0%  36.6   38s
H  545   221                       0.4494509    0.30075  33.1%  36.6   38s
H  547   214                       0.4494508    0.30199  32.8%  53.3   38s
   609   236    0.40526   23   74    0.44945    0.31080  30.8%  52.6   40s
   820   268    0.39023   29   59    0.44945    0.31486  29.9%  87.7   45s
   949   284    0.35707   21   61    0.44945    0.32384  27.9%   109   50s
H 1018   267                       0.4068432    0.32384  20.4%   125   53s
  1065   263    0.36920   38   92    0.40684    0.32384  20.4%   130   55s
  1341   465 infeasible   75         0.40684    0.33159  18.5%   126   60s
  1556   610    0.35617   33  108    0.40684    0.33866  16.8%   137   65s
  1902   909    0.35617   51   22    0.40684    0.33866  16.8%   122   70s
  2057   976    0.35796  106   24    0.40684    0.34569  15.0%   120   75s
  2606   911 infeasible   92         0.40684    0.34569  15.0%   120   81s
H 2858   616                       0.3743163    0.34569  7.65%   124   82s
  3121   670    0.36304   30  129    0.37432    0.35244  5.84%   123   86s
H 3149   339                       0.3533385    0.35244  0.25%   122   86s
* 3149   339              89       0.3533385    0.35244  0.25%   122   86s

Cutting planes:
  Cover: 8
  Implied bound: 76
  Clique: 8
  MIR: 4
  StrongCG: 1
  Flow cover: 33
  GUB cover: 1
  RLT: 54
  Relax-and-lift: 18
  BQP: 3

Explored 3274 nodes (406988 simplex iterations) in 86.73 seconds (36.08 work units)
Thread count was 8 (of 8 available processors)

Solution count 9: 0.353339 0.374316 0.406843 ... 0.745781

Optimal solution found (tolerance 1.00e-02)
Best objective 3.533385124495e-01, best bound 3.524383409073e-01, gap 0.2548%

User-callback calls 15266, time in user-callback 0.05 sec
Load profile assignments for more_meshed_6_bus:
  (name = "l5", bus = 1, n_phases = 1, balanced = true, phases = [(1, -1)])
  (name = "l6", bus = 1, n_phases = 1, balanced = true, phases = [(1, 1)])
  (name = "l7", bus = 1, n_phases = 1, balanced = true, phases = [(1, 0)])
  (name = "l1", bus = 4, n_phases = 1, balanced = true, phases = [(1, -1)])
  (name = "l2", bus = 4, n_phases = 1, balanced = true, phases = [(3, -1)])
  (name = "l3", bus = 4, n_phases = 1, balanced = true, phases = [(2, 0)])
  (name = "l4", bus = 5, n_phases = 1, balanced = true, phases = [(2, 0)])
  (name = "l9", bus = 6, n_phases = 3, balanced = true, phases = [(1, 1), (1, -1), (1, 0)])
  (name = "l8", bus = 7, n_phases = 3, balanced = true, phases = [(2, -1), (2, 0), (2, 1)])
Warmstart: solving pure-efficiency multi-period MLD (no Palma machinery)…
  efficiency-warmstart status=OPTIMAL
  warm pshed_total=200.33   σ_start=1.0e8
alpha=0.0  status=OPTIMAL
  agg total_shed = 200.333   cost-wtd Palma Σλ·top10/Σλ·bot40 (post-hoc) = Inf   model(σ·top) = 1.8269270110287e9   uncosted-agg-served-Palma (diag) = 1.2392
Gurobi Optimizer version 12.0.3 build v12.0.3rc0 (win64 - Windows 11+.0 (26200.2))

CPU model: 11th Gen Intel(R) Core(TM) i7-1165G7 @ 2.80GHz, instruction set [SSE2|AVX|AVX2|AVX512]
Thread count: 4 physical cores, 8 logical processors, using up to 8 threads

Non-default parameters:
TimeLimit  180
MIPGap  0.01
MIPFocus  1
GomoryPasses  0
NonConvex  2
NumericFocus  2

Optimize a model with 11240 rows, 6537 columns and 29192 nonzeros
Model fingerprint: 0x398f13ed
Model has 72 quadratic objective terms
Model has 265 quadratic constraints
Variable types: 5569 continuous, 968 integer (968 binary)
Coefficient statistics:
  Matrix range     [9e-09, 2e+01]
  QMatrix range    [1e+00, 5e+02]
  QLMatrix range   [1e+00, 1e+00]
  Objective range  [2e-03, 2e-03]
  QObjective range [9e-01, 5e+00]
  Bounds range     [1e-08, 2e+01]
  RHS range        [7e-01, 2e+01]
  QRHS range       [1e+00, 1e+00]

User MIP start did not produce a new incumbent solution
User MIP start violates constraint R122 by 4.345047923
Loaded MIP start from previous solve with objective 1.66084e+08

Presolve removed 4554 rows and 2506 columns
Presolve time: 0.09s
Presolved: 7725 rows, 4370 columns, 23882 nonzeros
Presolved model has 216 quadratic constraint(s)
Presolved model has 289 bilinear constraint(s)
Warning: Model contains variables with very large bounds participating
         in product terms.
         Presolve was not able to compute smaller bounds for these variables.
         Consider bounding these variables or reformulating the model.


Solving non-convex MIQCP

Variable types: 3508 continuous, 862 integer (862 binary)

Root relaxation: objective 2.012756e-01, 2056 iterations, 0.05 seconds (0.04 work units)

    Nodes    |    Current Node    |     Objective Bounds      |     Work
 Expl Unexpl |  Obj  Depth IntInf | Incumbent    BestBd   Gap | It/Node Time

     0     0    0.20128    0  317 1.6608e+08    0.20128   100%     -    0s
     0     0    0.20398    0  329 1.6608e+08    0.20398   100%     -    0s
     0     0    0.22074    0  425 1.6608e+08    0.22074   100%     -    0s
     0     0    0.22074    0  428 1.6608e+08    0.22074   100%     -    0s
     0     0    0.22201    0  435 1.6608e+08    0.22201   100%     -    0s
     0     0    0.22203    0  432 1.6608e+08    0.22203   100%     -    0s
     0     0    0.22452    0  427 1.6608e+08    0.22452   100%     -    0s
     0     0    0.22508    0  347 1.6608e+08    0.22508   100%     -    1s
     0     2    0.22508    0  337 1.6608e+08    0.22508   100%     -    1s
H   27    27                    1.660843e+08    0.23608   100%   264    3s
H   85    62                    1.660843e+08    0.23608   100%   117    4s
   100    75    0.38184   21  265 1.6608e+08    0.23608   100%   169    5s
H  152   101                    1.660843e+08    0.23608   100%   183    6s
   278   168 infeasible   26      1.6608e+08    0.25330   100%   192   10s
H  374   220                    2.768065e+07    0.25330   100%   188   12s
H  418   244                    2.768065e+07    0.25697   100%   186   13s
H  481   275                    2.768065e+07    0.25697   100%   170   14s
   509   287    0.32763   13  230 2.7681e+07    0.25697   100%   173   16s
   516   292    0.38465   52  203 2.7681e+07    0.25697   100%   170   20s
   563   319    0.35924   20  317 2.7681e+07    0.27383   100%   240   25s
   596   340    0.37054   23  328 2.7681e+07    0.27383   100%   299   30s
   723   396    0.38855   38  247 2.7681e+07    0.27383   100%   301   35s
   941   366 infeasible   60      2.7681e+07    0.27935   100%   260   40s
H  963   357                       1.0742078    0.29816  72.2%   277   42s
   989   361    0.97212   72   28    1.07421    0.29816  72.2%   285   45s
H 1011   341                       0.9696458    0.29816  69.3%   284   46s
  1102   375    0.38138   29  237    0.96965    0.29829  69.2%   282   50s
  1216   403    0.35004   23  352    0.96965    0.30136  68.9%   288   55s
  1322   442 infeasible   33         0.96965    0.30136  68.9%   285   61s
  1411   502    0.38330   27  302    0.96965    0.30136  68.9%   287   65s
  1515   601    0.70024   33  171    0.96965    0.30136  68.9%   286   70s
H 1831   643                       0.7779025    0.31020  60.1%   252   74s
* 1831   643             123       0.7779025    0.31020  60.1%   252   74s
  1850   660     cutoff   63         0.77790    0.31020  60.1%   253   76s
H 1921   706                       0.7750079    0.31973  58.7%   251   77s
H 1957   706                       0.7643384    0.31973  58.2%   252   77s
  2023   791     cutoff   30         0.76434    0.31973  58.2%   251   81s
H 2024   790                       0.7619546    0.31973  58.0%   251   81s
H 2086   790                       0.7614438    0.31976  58.0%   247   81s
H 2138   836                       0.7590599    0.32035  57.8%   247   83s
  2170   850     cutoff   30         0.75906    0.32035  57.8%   247   85s
  2309   887 infeasible   30         0.75906    0.32035  57.8%   245   90s
  2450   974    0.43321   29  259    0.75906    0.32035  57.8%   246   97s
  2546  1014    0.35154   18  453    0.75906    0.32130  57.7%   245  100s
  2686  1157    0.38652   21  355    0.75906    0.32440  57.3%   248  110s
H 2715  1092                       0.6795995    0.32440  52.3%   247  110s
  2944  1093    0.38303   27  293    0.67960    0.32569  52.1%   240  118s
  3038  1138    0.38529   23  280    0.67960    0.32764  51.8%   240  123s
  3133  1190    0.64364   33  173    0.67960    0.32764  51.8%   242  127s
  3248  1236    0.34173   20  293    0.67960    0.32922  51.6%   242  131s
  3467  1322     cutoff   35         0.67960    0.33107  51.3%   241  137s
  3576  1366    0.44991   27  250    0.67960    0.33155  51.2%   243  142s
  3715  1436    0.64328   35  188    0.67960    0.33287  51.0%   243  147s
  3843  1483    0.36064   25  325    0.67960    0.33421  50.8%   243  152s
  4027  1534    0.39305   25  275    0.67960    0.33576  50.6%   241  157s
H 4127  1523                       0.6698373    0.33590  49.9%   241  157s
  4167  1578    0.36759   22  332    0.66984    0.33619  49.8%   240  163s
  4336  1660    0.35305   24  302    0.66984    0.33707  49.7%   240  168s
  4540  1713    0.36543   25  293    0.66984    0.33826  49.5%   238  173s
  4725  1784    0.40412   26  260    0.66984    0.33916  49.4%   238  178s
  4916  1804    0.36755   24  154    0.66984    0.34128  49.1%   237  180s

Cutting planes:
  Learned: 1
  Cover: 11
  Implied bound: 177
  Clique: 6
  MIR: 13
  Flow cover: 39
  Flow path: 1
  GUB cover: 4
  RLT: 99
  Relax-and-lift: 22
  BQP: 14

Explored 4970 nodes (1189575 simplex iterations) in 180.06 seconds (89.55 work units)
Thread count was 8 (of 8 available processors)

Solution count 10: 0.669837 0.679599 0.75906 ... 1.07421

Time limit reached
Best objective 6.698372776008e-01, best bound 3.413507427955e-01, gap 49.0398%

User-callback calls 33451, time in user-callback 0.10 sec
alpha=0.09090909090909091  status=TIME_LIMIT
  agg total_shed = 282.499   cost-wtd Palma Σλ·top10/Σλ·bot40 (post-hoc) = 2.3856   model(σ·top) = 2.3856   uncosted-agg-served-Palma (diag) = 1.3212
Gurobi Optimizer version 12.0.3 build v12.0.3rc0 (win64 - Windows 11+.0 (26200.2))

CPU model: 11th Gen Intel(R) Core(TM) i7-1165G7 @ 2.80GHz, instruction set [SSE2|AVX|AVX2|AVX512]
Thread count: 4 physical cores, 8 logical processors, using up to 8 threads

Non-default parameters:
TimeLimit  180
MIPGap  0.01
MIPFocus  1
GomoryPasses  0
NonConvex  2
NumericFocus  2

Optimize a model with 11240 rows, 6537 columns and 29192 nonzeros
Model fingerprint: 0x76efea3a
Model has 72 quadratic objective terms
Model has 265 quadratic constraints
Variable types: 5569 continuous, 968 integer (968 binary)
Coefficient statistics:
  Matrix range     [9e-09, 2e+01]
  QMatrix range    [1e+00, 5e+02]
  QLMatrix range   [1e+00, 1e+00]
  Objective range  [1e-03, 1e-03]
  QObjective range [2e+00, 1e+01]
  Bounds range     [1e-08, 2e+01]
  RHS range        [7e-01, 2e+01]
  QRHS range       [1e+00, 1e+00]

User MIP start did not produce a new incumbent solution
User MIP start violates constraint R122 by 4.345047923
Loaded MIP start from previous solve with objective 0.841414

Presolve removed 4554 rows and 2506 columns
Presolve time: 0.15s
Presolved: 7725 rows, 4370 columns, 23882 nonzeros
Presolved model has 216 quadratic constraint(s)
Presolved model has 289 bilinear constraint(s)
Warning: Model contains variables with very large bounds participating
         in product terms.
         Presolve was not able to compute smaller bounds for these variables.
         Consider bounding these variables or reformulating the model.


Solving non-convex MIQCP

Variable types: 3508 continuous, 862 integer (862 binary)

Root relaxation: objective 1.811480e-01, 2051 iterations, 0.06 seconds (0.04 work units)

    Nodes    |    Current Node    |     Objective Bounds      |     Work
 Expl Unexpl |  Obj  Depth IntInf | Incumbent    BestBd   Gap | It/Node Time

     0     0    0.18115    0  315    0.84141    0.18115  78.5%     -    0s
     0     0    0.18378    0  334    0.84141    0.18378  78.2%     -    0s
     0     0    0.18570    0  448    0.84141    0.18570  77.9%     -    0s
     0     0    0.18920    0  449    0.84141    0.18920  77.5%     -    0s
     0     0    0.19874    0  401    0.84141    0.19874  76.4%     -    0s
     0     0    0.19874    0  405    0.84141    0.19874  76.4%     -    0s
     0     0    0.20360    0  395    0.84141    0.20360  75.8%     -    1s
     0     0    0.20777    0  265    0.84141    0.20777  75.3%     -    1s
     0     2    0.20777    0  263    0.84141    0.20777  75.3%     -    2s
   125    93 infeasible   24         0.84141    0.22345  73.4%   122    5s
H  300   199                       0.8414139    0.23380  72.2%   125    8s
   389   263 infeasible   55         0.84141    0.23380  72.2%   107   10s
   518   311    0.31334   24  414    0.84141    0.23380  72.2%  86.5   15s
   524   315    0.38188   38  269    0.84141    0.24730  70.6%  85.5   20s
   640   377    0.58767   28  214    0.84141    0.31437  62.6%   129   25s
   811   427    0.48391   28  201    0.84141    0.32001  62.0%   146   30s
   959   465 infeasible   46         0.84141    0.32001  62.0%   154   35s
  1098   499    0.49872   31  219    0.84141    0.32001  62.0%   181   40s
  1262   568    0.75295   40   91    0.84141    0.33354  60.4%   197   45s
  1442   602    0.54527   34  164    0.84141    0.33354  60.4%   203   51s
  1571   675 infeasible   48         0.84141    0.33354  60.4%   212   55s
  1774   799    0.61660   27  201    0.84141    0.33954  59.6%   218   60s
  1935   903    0.76833   43  115    0.84141    0.34046  59.5%   225   65s
  2136  1015    0.57651   28  201    0.84141    0.34967  58.4%   227   71s
  2262  1096    0.37393   24  265    0.84141    0.35084  58.3%   228   76s
  2418  1206    0.46723   39  197    0.84141    0.35084  58.3%   228   80s
  2710  1396 infeasible   38         0.84141    0.35276  58.1%   227   87s
  2831  1492    0.83942   60   84    0.84141    0.35302  58.0%   227   90s
  3078  1649 infeasible   46         0.84141    0.35352  58.0%   222   95s
  3328  1781 infeasible   35         0.84141    0.35427  57.9%   220  101s
  3420  1869    0.74399   39  175    0.84141    0.35485  57.8%   223  105s
  3704  2008    0.60613   28  166    0.84141    0.35516  57.8%   219  111s
  3924  2162    0.57832   24  201    0.84141    0.35545  57.8%   224  117s
  4038  2228    0.54547   29  159    0.84141    0.35545  57.8%   228  121s
  4203  2314    0.60365   25  189    0.84141    0.35570  57.7%   230  126s
  4515  2495    0.58146   25  206    0.84141    0.35643  57.6%   228  133s
  4667  2584 infeasible   37         0.84141    0.35665  57.6%   230  137s
  4784  2693    0.71753   35  204    0.84141    0.35666  57.6%   234  142s
  4944  2806    0.62743   32  156    0.84141    0.35670  57.6%   236  146s
  5139  2919    0.36614   27  230    0.84141    0.35700  57.6%   235  150s
  5325  3021    0.53512   34  208    0.84141    0.35700  57.6%   235  156s
  5510  3132    0.36147   23  270    0.84141    0.35712  57.6%   236  160s
  5715  3251    0.60441   29  168    0.84141    0.35721  57.5%   237  165s
  5929  3393    0.70424   33  171    0.84141    0.35738  57.5%   236  170s
  6166  3524    0.63915   39  134    0.84141    0.35776  57.5%   235  176s
  6371  3591 infeasible   62         0.84141    0.35791  57.5%   236  180s

Cutting planes:
  Learned: 10
  Cover: 5
  Implied bound: 87
  Clique: 8
  MIR: 7
  StrongCG: 3
  Flow cover: 35
  RLT: 106
  Relax-and-lift: 7
  BQP: 16

Explored 6506 nodes (1549325 simplex iterations) in 180.04 seconds (79.84 work units)
Thread count was 8 (of 8 available processors)

Solution count 2: 0.841414 0.841414 

Time limit reached
Best objective 8.414138580152e-01, best bound 3.583366978202e-01, gap 57.4126%

User-callback calls 30658, time in user-callback 0.10 sec
alpha=0.18181818181818182  status=TIME_LIMIT
  agg total_shed = 282.499   cost-wtd Palma Σλ·top10/Σλ·bot40 (post-hoc) = 2.3856   model(σ·top) = 2.3856   uncosted-agg-served-Palma (diag) = 1.3212
Gurobi Optimizer version 12.0.3 build v12.0.3rc0 (win64 - Windows 11+.0 (26200.2))

CPU model: 11th Gen Intel(R) Core(TM) i7-1165G7 @ 2.80GHz, instruction set [SSE2|AVX|AVX2|AVX512]
Thread count: 4 physical cores, 8 logical processors, using up to 8 threads

Non-default parameters:
TimeLimit  180
MIPGap  0.01
MIPFocus  1
GomoryPasses  0
NonConvex  2
NumericFocus  2

Optimize a model with 11240 rows, 6537 columns and 29192 nonzeros
Model fingerprint: 0xd1af1450
Model has 72 quadratic objective terms
Model has 265 quadratic constraints
Variable types: 5569 continuous, 968 integer (968 binary)
Coefficient statistics:
  Matrix range     [9e-09, 2e+01]
  QMatrix range    [1e+00, 5e+02]
  QLMatrix range   [1e+00, 1e+00]
  Objective range  [1e-03, 1e-03]
  QObjective range [3e+00, 2e+01]
  Bounds range     [1e-08, 2e+01]
  RHS range        [7e-01, 2e+01]
  QRHS range       [1e+00, 1e+00]

User MIP start did not produce a new incumbent solution
User MIP start violates constraint R122 by 4.345047923
Loaded MIP start from previous solve with objective 1.01299

Presolve removed 4554 rows and 2506 columns
Presolve time: 0.14s
Presolved: 7725 rows, 4370 columns, 23882 nonzeros
Presolved model has 216 quadratic constraint(s)
Presolved model has 289 bilinear constraint(s)
Warning: Model contains variables with very large bounds participating
         in product terms.
         Presolve was not able to compute smaller bounds for these variables.
         Consider bounding these variables or reformulating the model.


Solving non-convex MIQCP

Found heuristic solution: objective 1.0129904
Variable types: 3508 continuous, 862 integer (862 binary)

Root relaxation: objective 1.610205e-01, 2051 iterations, 0.06 seconds (0.04 work units)

    Nodes    |    Current Node    |     Objective Bounds      |     Work
 Expl Unexpl |  Obj  Depth IntInf | Incumbent    BestBd   Gap | It/Node Time

     0     0    0.16102    0  314    1.01299    0.16102  84.1%     -    0s
     0     0    0.16358    0  328    1.01299    0.16358  83.9%     -    0s
     0     0    0.16608    0  491    1.01299    0.16608  83.6%     -    0s
     0     0    0.16840    0  496    1.01299    0.16840  83.4%     -    0s
     0     0    0.17665    0  410    1.01299    0.17665  82.6%     -    1s
     0     0    0.17665    0  406    1.01299    0.17665  82.6%     -    1s
     0     0    0.18351    0  380    1.01299    0.18351  81.9%     -    1s
     0     0    0.20208    0  259    1.01299    0.20208  80.1%     -    2s
     0     2    0.20216    0  251    1.01299    0.20216  80.0%     -    2s
    89    68    0.29409   18  419    1.01299    0.21174  79.1%   210    5s
   275   198    0.27219   15  249    1.01299    0.21174  79.1%   129   10s
   514   289    0.29231   21  217    1.01299    0.21174  79.1%  89.1   16s
   521   294    0.31399   27  328    1.01299    0.22166  78.1%  88.0   21s
   567   324    0.29862   17  400    1.01299    0.23296  77.0%   124   25s
   668   365    1.00843   32  143    1.01299    0.23296  77.0%   140   30s
   785   391    0.33088   20  388    1.01299    0.24186  76.1%   170   36s
   819   400    0.45785   25  289    1.01299    0.24214  76.1%   176   40s
   914   437    0.36072   20  327    1.01299    0.25181  75.1%   189   45s
   990   477    0.44168   28  235    1.01299    0.25181  75.1%   194   50s
  1091   493     cutoff   36         1.01299    0.25434  74.9%   206   55s
  1187   532    0.54471   26  257    1.01299    0.25434  74.9%   222   60s
  1276   552 infeasible   29         1.01299    0.25853  74.5%   230   65s
  1413   572    0.44794   20  340    1.01299    0.25887  74.4%   238   70s
  1536   633 infeasible   28         1.01299    0.26442  73.9%   245   76s
  1650   682    0.33598   19  338    1.01299    0.27309  73.0%   245   81s
  1766   741    0.29029   16  369    1.01299    0.27492  72.9%   249   86s
  1890   784    0.37906   17  343    1.01299    0.27661  72.7%   252   92s
  1944   817    0.78554   28  203    1.01299    0.27661  72.7%   252   95s
  2070   873     cutoff   40         1.01299    0.27789  72.6%   257  103s
  2142   892    0.97487   31  163    1.01299    0.27870  72.5%   258  106s
  2303   937    0.28698   16  369    1.01299    0.27966  72.4%   261  112s
  2380   966    0.30040   18  379    1.01299    0.28052  72.3%   264  115s
  2535  1060    0.37598   21  263    1.01299    0.28177  72.2%   265  122s
  2598  1092    0.57457   25  263    1.01299    0.28314  72.0%   271  126s
  2685  1143    0.87023   27  160    1.01299    0.28353  72.0%   271  130s
H 2707  1140                       1.0049552    0.28353  71.8%   271  130s
  2842  1235    0.49053   32  223    1.00496    0.28445  71.7%   273  138s
  2974  1276    0.31292   16  365    1.00496    0.28477  71.7%   273  142s
  3076  1318    0.34747   19  328    1.00496    0.28625  71.5%   275  147s
  3174  1358    0.96276   26  190    1.00496    0.28703  71.4%   278  152s
  3300  1447    0.35794   17  386    1.00496    0.28838  71.3%   279  157s
  3419  1473    0.66577   32  185    1.00496    0.28891  71.3%   277  162s
  3536  1544     cutoff   28         1.00496    0.29059  71.1%   280  168s
  3656  1618    0.41422   29  208    1.00496    0.29140  71.0%   280  172s
  3754  1686    0.44133   27  201    1.00496    0.29162  71.0%   284  177s
  3865  1706    0.91924   32  166    1.00496    0.29173  71.0%   287  180s

Cutting planes:
  Learned: 24
  Cover: 8
  Implied bound: 132
  Clique: 8
  MIR: 10
  StrongCG: 2
  Flow cover: 45
  GUB cover: 1
  Zero half: 1
  RLT: 113
  Relax-and-lift: 20
  BQP: 22

Explored 3956 nodes (1149820 simplex iterations) in 180.04 seconds (79.23 work units)
Thread count was 8 (of 8 available processors)

Solution count 3: 1.00496 1.01299 1.01299 

Time limit reached
Best objective 1.004955161938e+00, best bound 2.927609653524e-01, gap 70.8683%

User-callback calls 33016, time in user-callback 0.07 sec
alpha=0.2727272727272727  status=TIME_LIMIT
  agg total_shed = 327.886   cost-wtd Palma Σλ·top10/Σλ·bot40 (post-hoc) = 2.1427   model(σ·top) = 2.1427   uncosted-agg-served-Palma (diag) = 1.1979
Gurobi Optimizer version 12.0.3 build v12.0.3rc0 (win64 - Windows 11+.0 (26200.2))

CPU model: 11th Gen Intel(R) Core(TM) i7-1165G7 @ 2.80GHz, instruction set [SSE2|AVX|AVX2|AVX512]
Thread count: 4 physical cores, 8 logical processors, using up to 8 threads

Non-default parameters:
TimeLimit  180
MIPGap  0.01
MIPFocus  1
GomoryPasses  0
NonConvex  2
NumericFocus  2

Optimize a model with 11240 rows, 6537 columns and 29192 nonzeros
Model fingerprint: 0xcfb00a36
Model has 72 quadratic objective terms
Model has 265 quadratic constraints
Variable types: 5569 continuous, 968 integer (968 binary)
Coefficient statistics:
  Matrix range     [9e-09, 2e+01]
  QMatrix range    [1e+00, 5e+02]
  QLMatrix range   [1e+00, 1e+00]
  Objective range  [1e-03, 1e-03]
  QObjective range [4e+00, 2e+01]
  Bounds range     [1e-08, 2e+01]
  RHS range        [7e-01, 2e+01]
  QRHS range       [1e+00, 1e+00]

User MIP start did not produce a new incumbent solution
User MIP start violates constraint R122 by 4.345047923
Loaded MIP start from previous solve with objective 1.14717

Presolve removed 4554 rows and 2506 columns
Presolve time: 0.15s
Presolved: 7725 rows, 4370 columns, 23882 nonzeros
Presolved model has 216 quadratic constraint(s)
Presolved model has 289 bilinear constraint(s)
Warning: Model contains variables with very large bounds participating
         in product terms.
         Presolve was not able to compute smaller bounds for these variables.
         Consider bounding these variables or reformulating the model.


Solving non-convex MIQCP

Variable types: 3508 continuous, 862 integer (862 binary)

Root relaxation: objective 1.408929e-01, 2051 iterations, 0.06 seconds (0.04 work units)

    Nodes    |    Current Node    |     Objective Bounds      |     Work
 Expl Unexpl |  Obj  Depth IntInf | Incumbent    BestBd   Gap | It/Node Time

     0     0    0.14089    0  318    1.14717    0.14089  87.7%     -    0s
     0     0    0.14338    0  333    1.14717    0.14338  87.5%     -    0s
     0     0    0.14644    0  504    1.14717    0.14644  87.2%     -    0s
     0     0    0.14644    0  501    1.14717    0.14644  87.2%     -    0s
     0     0    0.16885    0  418    1.14717    0.16885  85.3%     -    1s
     0     0    0.16892    0  409    1.14717    0.16892  85.3%     -    1s
     0     0    0.16892    0  389    1.14717    0.16892  85.3%     -    1s
     0     0    0.17365    0  502    1.14717    0.17365  84.9%     -    2s
     0     2    0.17365    0  502    1.14717    0.17365  84.9%     -    3s
H   28    33                       1.1471696    0.17948  84.4%   284    4s
    64    49    0.26281   13  418    1.14717    0.17948  84.4%   162    5s
H  197   141                       1.1471696    0.18601  83.8%  97.7    7s
   359   224    0.23490   13  451    1.14717    0.18601  83.8%  75.6   10s
H  400   242                       1.1471696    0.18601  83.8%  73.3   10s
   540   302    0.24848   12  334    1.14717    0.19327  83.2%  67.7   15s
   547   307    0.25072   17  310    1.14717    0.19327  83.2%  66.9   21s
   556   314    0.28967   21  222    1.14717    0.28967  74.7%  89.6   32s
   561   318    0.29914    8  225    1.14717    0.29914  73.9%   111   35s
   565   321    0.30986   11  194    1.14717    0.30986  73.0%   110   41s
   667   389    0.45117   47  320    1.14717    0.35248  69.3%   139   45s
   846   432 infeasible   68         1.14717    0.37349  67.4%   166   50s
  1011   462    0.42128   43  255    1.14717    0.40514  64.7%   180   55s
  1170   499 infeasible   63         1.14717    0.40898  64.3%   191   60s
  1268   541    0.47912   60  261    1.14717    0.40898  64.3%   200   65s
  1371   581    0.42036   53  276    1.14717    0.41061  64.2%   200   71s
  1469   604    0.42165   53  274    1.14717    0.41117  64.2%   205   76s
  1636   683    0.41486   48  271    1.14717    0.41139  64.1%   209   81s
  1765   765    0.41419   43  286    1.14717    0.41145  64.1%   216   85s
  1968   947    0.75825   45  209    1.14717    0.41210  64.1%   228   91s
  2108  1049    0.88716   56  133    1.14717    0.41220  64.1%   229   95s
  2362  1208    0.79301   60  187    1.14717    0.41238  64.1%   225  100s
  2532  1318    0.82220   58  194    1.14717    0.41243  64.0%   226  105s
  2800  1428    0.89898   64  163    1.14717    0.41279  64.0%   229  112s
  2976  1547    0.45699   64  312    1.14717    0.41279  64.0%   232  117s
  3178  1702    0.54965   59  260    1.14717    0.41334  64.0%   234  123s
  3284  1749    0.75847   49  195    1.14717    0.41334  64.0%   234  126s
  3506  1837 infeasible   60         1.14717    0.41348  64.0%   236  131s
  3599  1900    0.49244   56  280    1.14717    0.41348  64.0%   241  135s
H 3657  1866                       1.0284231    0.41352  59.8%   241  135s
  3896  2100    0.61766   48  218    1.02842    0.41380  59.8%   235  142s
  4070  2186 infeasible   65         1.02842    0.41386  59.8%   235  146s
  4224  2321    0.45148   58  276    1.02842    0.41393  59.8%   234  150s
  4553  2490    0.57205   47  270    1.02842    0.41425  59.7%   232  158s
  4737  2553 infeasible   56         1.02842    0.41430  59.7%   231  162s
  4896  2617    0.64785   58  296    1.02842    0.41437  59.7%   234  167s
  5031  2698 infeasible   53         1.02842    0.41467  59.7%   237  171s
  5169  2769    0.65116   47  194    1.02842    0.41467  59.7%   241  177s
  5338  2809    0.55107   49  195    1.02842    0.41471  59.7%   244  180s

Cutting planes:
  Learned: 6
  Cover: 8
  Implied bound: 59
  Clique: 7
  MIR: 5
  StrongCG: 1
  Flow cover: 43
  GUB cover: 6
  RLT: 106
  Relax-and-lift: 8
  BQP: 18

Explored 5418 nodes (1338288 simplex iterations) in 180.03 seconds (73.20 work units)
Thread count was 8 (of 8 available processors)

Solution count 5: 1.02842 1.14717 1.14717 ... 1.14717

Time limit reached
Best objective 1.028423132340e+00, best bound 4.147110743327e-01, gap 59.6751%

User-callback calls 32097, time in user-callback 0.10 sec
alpha=0.36363636363636365  status=TIME_LIMIT
  agg total_shed = 375.123   cost-wtd Palma Σλ·top10/Σλ·bot40 (post-hoc) = 1.6703   model(σ·top) = 1.6703   uncosted-agg-served-Palma (diag) = 1.5402
Gurobi Optimizer version 12.0.3 build v12.0.3rc0 (win64 - Windows 11+.0 (26200.2))

CPU model: 11th Gen Intel(R) Core(TM) i7-1165G7 @ 2.80GHz, instruction set [SSE2|AVX|AVX2|AVX512]
Thread count: 4 physical cores, 8 logical processors, using up to 8 threads

Non-default parameters:
TimeLimit  180
MIPGap  0.01
MIPFocus  1
GomoryPasses  0
NonConvex  2
NumericFocus  2

Optimize a model with 11240 rows, 6537 columns and 29192 nonzeros
Model fingerprint: 0x5e41d043
Model has 72 quadratic objective terms
Model has 265 quadratic constraints
Variable types: 5569 continuous, 968 integer (968 binary)
Coefficient statistics:
  Matrix range     [9e-09, 2e+01]
  QMatrix range    [1e+00, 5e+02]
  QLMatrix range   [1e+00, 1e+00]
  Objective range  [1e-03, 1e-03]
  QObjective range [5e+00, 3e+01]
  Bounds range     [1e-08, 2e+01]
  RHS range        [7e-01, 2e+01]
  QRHS range       [1e+00, 1e+00]

User MIP start did not produce a new incumbent solution
User MIP start violates constraint R122 by 4.345047923
Loaded MIP start from previous solve with objective 1.12012

Presolve removed 4554 rows and 2506 columns
Presolve time: 0.16s
Presolved: 7725 rows, 4370 columns, 23882 nonzeros
Presolved model has 216 quadratic constraint(s)
Presolved model has 289 bilinear constraint(s)
Warning: Model contains variables with very large bounds participating
         in product terms.
         Presolve was not able to compute smaller bounds for these variables.
         Consider bounding these variables or reformulating the model.


Solving non-convex MIQCP

Variable types: 3508 continuous, 862 integer (862 binary)

Root relaxation: objective 1.207654e-01, 2051 iterations, 0.06 seconds (0.04 work units)

    Nodes    |    Current Node    |     Objective Bounds      |     Work
 Expl Unexpl |  Obj  Depth IntInf | Incumbent    BestBd   Gap | It/Node Time

     0     0    0.12077    0  318    1.12012    0.12077  89.2%     -    0s
     0     0    0.12318    0  332    1.12012    0.12318  89.0%     -    0s
     0     0    0.12324    0  326    1.12012    0.12324  89.0%     -    0s
     0     0    0.12725    0  503    1.12012    0.12725  88.6%     -    0s
     0     0    0.12725    0  502    1.12012    0.12725  88.6%     -    0s
     0     0    0.13249    0  447    1.12012    0.13249  88.2%     -    0s
     0     0    0.13395    0  442    1.12012    0.13395  88.0%     -    1s
     0     0    0.13869    0  257    1.12012    0.13869  87.6%     -    1s
     0     2    0.13869    0  255    1.12012    0.13869  87.6%     -    2s
   197   144    0.36031   43  304    1.12012    0.14202  87.3%   101    5s
   510   291    0.16308    9  218    1.12012    0.15167  86.5%  86.0   10s
   517   296    0.38939   53  315    1.12012    0.16942  84.9%  84.8   15s
   662   366    0.43733   22  239    1.12012    0.32141  71.3%   167   20s
H  727   371                       1.1201223    0.32141  71.3%   172   21s
   890   374 infeasible   44         1.12012    0.34712  69.0%   199   25s
  1055   404    0.54689   29  198    1.12012    0.34712  69.0%   228   30s
  1236   416 infeasible   37         1.12012    0.35478  68.3%   232   35s
  1399   496    0.51369   38  204    1.12012    0.35525  68.3%   258   40s
  1557   595    0.37333   49  210    1.12012    0.35525  68.3%   265   45s
  1736   699 infeasible   35         1.12012    0.35916  67.9%   274   50s
  1969   853 infeasible   33         1.12012    0.36036  67.8%   278   56s
H 2111   942                       1.1201221    0.36465  67.4%   269   59s
  2171   988    0.37086   25  289    1.12012    0.36772  67.2%   269   61s
  2380  1099    0.65323   27  197    1.12012    0.36772  67.2%   274   66s
  2536  1184 infeasible   51         1.12012    0.36908  67.1%   274   70s
  2694  1289    0.55393   32  202    1.12012    0.36920  67.0%   279   75s
  2953  1409    0.65807   41  206    1.12012    0.36950  67.0%   283   82s
  3041  1446    0.41813   32  197    1.12012    0.36956  67.0%   287   85s
  3251  1616    0.40735   31  272    1.12012    0.36965  67.0%   288   90s
  3465  1725    0.48904   36  220    1.12012    0.36976  67.0%   289   96s
  3577  1759 infeasible   34         1.12012    0.36980  67.0%   292  100s
  3815  1883    0.63014   31  180    1.12012    0.36991  67.0%   294  106s
  3889  1937 infeasible   40         1.12012    0.36991  67.0%   305  110s
  4152  2064 infeasible   33         1.12012    0.36996  67.0%   310  118s
  4272  2112    0.76999   32  187    1.12012    0.37007  67.0%   315  121s
  4428  2156 infeasible   38         1.12012    0.37010  67.0%   318  126s
  4587  2220 infeasible   43         1.12012    0.37041  66.9%   319  131s
  4719  2306    0.68492   27  172    1.12012    0.37041  66.9%   324  136s
  4874  2363    0.92496   35  172    1.12012    0.37049  66.9%   325  140s
  5040  2442    0.64556   30  213    1.12012    0.37061  66.9%   328  146s
  5219  2527 infeasible   45         1.12012    0.37075  66.9%   330  152s
  5406  2624    0.90165   40  106    1.12012    0.37111  66.9%   332  160s
  5625  2706    0.59237   25  205    1.12012    0.37152  66.8%   332  170s
  5831  2763 infeasible   57         1.12012    0.37159  66.8%   331  178s
  6028  2780    0.40610   27  242    1.12012    0.37209  66.8%   334  180s

Cutting planes:
  Learned: 12
  Cover: 6
  Implied bound: 78
  MIR: 4
  StrongCG: 2
  Flow cover: 37
  RLT: 100
  Relax-and-lift: 13
  BQP: 11

Explored 6065 nodes (2033753 simplex iterations) in 180.04 seconds (86.12 work units)
Thread count was 8 (of 8 available processors)

Solution count 1: 1.12012 

Time limit reached
Best objective 1.120122319174e+00, best bound 3.720919051347e-01, gap 66.7811%

User-callback calls 31366, time in user-callback 0.06 sec
alpha=0.45454545454545453  status=TIME_LIMIT
  agg total_shed = 375.123   cost-wtd Palma Σλ·top10/Σλ·bot40 (post-hoc) = 1.6703   model(σ·top) = 1.6703   uncosted-agg-served-Palma (diag) = 1.5402
Gurobi Optimizer version 12.0.3 build v12.0.3rc0 (win64 - Windows 11+.0 (26200.2))

CPU model: 11th Gen Intel(R) Core(TM) i7-1165G7 @ 2.80GHz, instruction set [SSE2|AVX|AVX2|AVX512]
Thread count: 4 physical cores, 8 logical processors, using up to 8 threads

Non-default parameters:
TimeLimit  180
MIPGap  0.01
MIPFocus  1
GomoryPasses  0
NonConvex  2
NumericFocus  2

Optimize a model with 11240 rows, 6537 columns and 29192 nonzeros
Model fingerprint: 0x8c0a6eec
Model has 72 quadratic objective terms
Model has 265 quadratic constraints
Variable types: 5569 continuous, 968 integer (968 binary)
Coefficient statistics:
  Matrix range     [9e-09, 2e+01]
  QMatrix range    [1e+00, 5e+02]
  QLMatrix range   [1e+00, 1e+00]
  Objective range  [8e-04, 8e-04]
  QObjective range [5e+00, 3e+01]
  Bounds range     [1e-08, 2e+01]
  RHS range        [7e-01, 2e+01]
  QRHS range       [1e+00, 1e+00]

User MIP start did not produce a new incumbent solution
User MIP start violates constraint R122 by 4.345047923
Loaded MIP start from previous solve with objective 1.21182

Presolve removed 4554 rows and 2506 columns
Presolve time: 0.22s
Presolved: 7725 rows, 4370 columns, 23882 nonzeros
Presolved model has 216 quadratic constraint(s)
Presolved model has 289 bilinear constraint(s)
Warning: Model contains variables with very large bounds participating
         in product terms.
         Presolve was not able to compute smaller bounds for these variables.
         Consider bounding these variables or reformulating the model.


Solving non-convex MIQCP

Variable types: 3508 continuous, 862 integer (862 binary)

Root relaxation: objective 1.006378e-01, 2051 iterations, 0.09 seconds (0.04 work units)

    Nodes    |    Current Node    |     Objective Bounds      |     Work
 Expl Unexpl |  Obj  Depth IntInf | Incumbent    BestBd   Gap | It/Node Time

     0     0    0.10064    0  325    1.21182    0.10064  91.7%     -    0s
     0     0    0.10298    0  340    1.21182    0.10298  91.5%     -    0s
     0     0    0.10306    0  339    1.21182    0.10306  91.5%     -    0s
     0     0    0.10728    0  488    1.21182    0.10728  91.1%     -    1s
     0     0    0.10745    0  487    1.21182    0.10745  91.1%     -    1s
     0     0    0.10952    0  456    1.21182    0.10952  91.0%     -    2s
     0     0    0.11041    0  422    1.21182    0.11041  90.9%     -    2s
     0     0    0.12118    0  549    1.21182    0.12118  90.0%     -    4s
     0     2    0.12118    0  545    1.21182    0.12118  90.0%     -    7s
    50    46    0.19449   13  450    1.21182    0.12609  89.6%   228   10s
   263   174    0.35063   55  217    1.21182    0.12609  89.6%  63.6   15s
   464   275    0.18183   14  427    1.21182    0.13682  88.7%  62.8   20s
   533   310    0.25557   28  385    1.21182    0.13682  88.7%  59.9   25s
   541   316    0.22487   26  241    1.21182    0.16009  86.8%  86.3   30s
   555   327    0.27978   27  225    1.21182    0.27978  76.9%   105   37s
   564   334    0.30342   14  227    1.21182    0.30342  75.0%   126   42s
   594   362    0.45346   52  322    1.21182    0.37647  68.9%   156   45s
   774   416 infeasible   76         1.21182    0.37647  68.9%   196   50s
   920   448    0.52448   62  274    1.21182    0.39513  67.4%   200   55s
  1071   494    0.45072   53  294    1.21182    0.42445  65.0%   234   60s
  1239   539    0.54746   73  277    1.21182    0.42445  65.0%   249   65s
  1394   569    0.44481   57  315    1.21182    0.43338  64.2%   254   70s
  1565   623    0.47040   73  299    1.21182    0.44208  63.5%   258   76s
H 1690   724                       1.1984078    0.44262  63.1%   254   79s
  1723   767    1.08908   88   61    1.19841    0.44262  63.1%   250   80s
  1955   935    0.54055   60  295    1.19841    0.44395  63.0%   246   85s
  2209  1070    1.04882   86   81    1.19841    0.44469  62.9%   238   90s
  2525  1227    0.44999   63  301    1.19841    0.44476  62.9%   230   97s
  2605  1302 infeasible   70         1.19841    0.44481  62.9%   228  100s
  2919  1496    0.73856   72  155    1.19841    0.44500  62.9%   226  106s
  3179  1615    0.57157   60  256    1.19841    0.44518  62.9%   221  110s
  3466  1778    0.58468   69  218    1.19841    0.44526  62.8%   227  117s
  3673  1906    0.51454   56  297    1.19841    0.44625  62.8%   231  122s
  3796  1965 infeasible   57         1.19841    0.44664  62.7%   233  125s
  4012  2106    0.73087   60  198    1.19841    0.44692  62.7%   238  130s
  4260  2251    0.45021   54  302    1.19841    0.44698  62.7%   243  137s
  4372  2296    0.96474   62  191    1.19841    0.44705  62.7%   246  140s
  4679  2452    1.06476   74  115    1.19841    0.44714  62.7%   250  147s
  4839  2513    0.56759   56  262    1.19841    0.44748  62.7%   252  151s
  4971  2621 infeasible   64         1.19841    0.44767  62.6%   256  156s
  5167  2709    0.69245   60  238    1.19841    0.44767  62.6%   256  162s
  5366  2796    0.55845   58  289    1.19841    0.44847  62.6%   255  166s
  5548  2881    0.78058   60  210    1.19841    0.44852  62.6%   257  170s
  5700  2968    0.94576   63  126    1.19841    0.44868  62.6%   261  176s
  5943  3014 infeasible   81         1.19841    0.44883  62.5%   259  180s

Cutting planes:
  Cover: 10
  Implied bound: 60
  Clique: 6
  MIR: 8
  StrongCG: 1
  Flow cover: 31
  GUB cover: 4
  RLT: 114
  Relax-and-lift: 13
  BQP: 9

Explored 6104 nodes (1609220 simplex iterations) in 180.04 seconds (82.55 work units)
Thread count was 8 (of 8 available processors)

Solution count 2: 1.19841 1.21182 

Time limit reached
Best objective 1.198407792075e+00, best bound 4.489775279240e-01, gap 62.5355%

User-callback calls 33864, time in user-callback 0.10 sec
alpha=0.5454545454545454  status=TIME_LIMIT
  agg total_shed = 420.734   cost-wtd Palma Σλ·top10/Σλ·bot40 (post-hoc) = 1.5787   model(σ·top) = 1.5787   uncosted-agg-served-Palma (diag) = 3.1885
Gurobi Optimizer version 12.0.3 build v12.0.3rc0 (win64 - Windows 11+.0 (26200.2))

CPU model: 11th Gen Intel(R) Core(TM) i7-1165G7 @ 2.80GHz, instruction set [SSE2|AVX|AVX2|AVX512]
Thread count: 4 physical cores, 8 logical processors, using up to 8 threads

Non-default parameters:
TimeLimit  180
MIPGap  0.01
MIPFocus  1
GomoryPasses  0
NonConvex  2
NumericFocus  2

Optimize a model with 11240 rows, 6537 columns and 29192 nonzeros
Model fingerprint: 0x26e30e3b
Model has 72 quadratic objective terms
Model has 265 quadratic constraints
Variable types: 5569 continuous, 968 integer (968 binary)
Coefficient statistics:
  Matrix range     [9e-09, 2e+01]
  QMatrix range    [1e+00, 5e+02]
  QLMatrix range   [1e+00, 1e+00]
  Objective range  [6e-04, 6e-04]
  QObjective range [6e+00, 4e+01]
  Bounds range     [1e-08, 2e+01]
  RHS range        [7e-01, 2e+01]
  QRHS range       [1e+00, 1e+00]

User MIP start did not produce a new incumbent solution
User MIP start violates constraint R122 by 4.345047923
Loaded MIP start from previous solve with objective 1.27446

Presolve removed 4554 rows and 2506 columns
Presolve time: 0.15s
Presolved: 7725 rows, 4370 columns, 23882 nonzeros
Presolved model has 216 quadratic constraint(s)
Presolved model has 289 bilinear constraint(s)
Warning: Model contains variables with very large bounds participating
         in product terms.
         Presolve was not able to compute smaller bounds for these variables.
         Consider bounding these variables or reformulating the model.


Solving non-convex MIQCP

Variable types: 3508 continuous, 862 integer (862 binary)

Root relaxation: objective 8.051024e-02, 2051 iterations, 0.06 seconds (0.04 work units)

    Nodes    |    Current Node    |     Objective Bounds      |     Work
 Expl Unexpl |  Obj  Depth IntInf | Incumbent    BestBd   Gap | It/Node Time

     0     0    0.08051    0  319    1.27446    0.08051  93.7%     -    0s
     0     0    0.08278    0  340    1.27446    0.08278  93.5%     -    0s
     0     0    0.08282    0  339    1.27446    0.08282  93.5%     -    0s
     0     0    0.08727    0  520    1.27446    0.08727  93.2%     -    0s
     0     0    0.08727    0  519    1.27446    0.08727  93.2%     -    0s
     0     0    0.09617    0  447    1.27446    0.09617  92.5%     -    1s
     0     0    0.09617    0  432    1.27446    0.09617  92.5%     -    1s
     0     0    0.10886    0  539    1.27446    0.10886  91.5%     -    2s
     0     2    0.10886    0  523    1.27446    0.10886  91.5%     -    4s
     3     7    0.12917    2  536    1.27446    0.11032  91.3%   657    5s
   239   173    0.38954   52  176    1.27446    0.12265  90.4%  82.5   10s
   484   296    0.38954   53  357    1.27446    0.12339  90.3%  82.3   16s
   491   301    0.38443   52  344    1.27446    0.13968  89.0%  81.1   21s
   497   306    0.28680   10  248    1.27446    0.28680  77.5%   110   25s
   505   312    0.30288   19  254    1.27446    0.30288  76.2%   133   30s
   510   315    0.30629   10  219    1.27446    0.30629  76.0%   132   35s
   627   396    0.53677   48  286    1.27446    0.40265  68.4%   229   40s
   799   440    0.80463   47  260    1.27446    0.40265  68.4%   240   45s
   952   477    0.92943   67  188    1.27446    0.46030  63.9%   239   50s
  1110   534    0.73605   44  201    1.27446    0.46209  63.7%   243   55s
  1267   587 infeasible   60         1.27446    0.46467  63.5%   259   60s
  1417   615    0.48309   47  259    1.27446    0.46467  63.5%   264   65s
  1536   683    1.01607   62  159    1.27446    0.46757  63.3%   282   70s
  1733   813 infeasible   67         1.27446    0.46836  63.3%   289   76s
  1862   886    0.80492   42  221    1.27446    0.46839  63.2%   283   81s
  1983   954    0.72878   45  186    1.27446    0.46874  63.2%   281   85s
  2211  1116 infeasible   54         1.27446    0.46891  63.2%   274   91s
  2393  1209 infeasible   52         1.27446    0.46915  63.2%   270   95s
  2582  1307    0.61489   42  266    1.27446    0.46932  63.2%   266  100s
  2695  1410    1.05988   47  148    1.27446    0.46932  63.2%   276  105s
  2873  1549    0.98652   58  122    1.27446    0.46937  63.2%   277  110s
  3082  1651    1.00390   57  166    1.27446    0.46937  63.2%   273  116s
  3177  1725    0.75482   48  233    1.27446    0.46937  63.2%   274  120s
  3402  1827 infeasible   57         1.27446    0.46981  63.1%   273  127s
  3504  1930    0.98150   47  185    1.27446    0.47022  63.1%   274  131s
  3811  2077    0.75429   50  244    1.27446    0.47087  63.1%   269  138s
H 3920  2077                       1.2744625    0.47087  63.1%   267  138s
  3947  2152    0.93050   52  155    1.27446    0.47087  63.1%   267  142s
  4084  2259    0.67084   43  217    1.27446    0.47199  63.0%   266  146s
  4248  2349    0.47291   43  280    1.27446    0.47215  63.0%   263  150s
  4393  2467    0.61574   44  263    1.27446    0.47220  62.9%   263  155s
  4671  2568    1.00442   54  193    1.27446    0.47246  62.9%   268  164s
  4840  2642    0.65106   43  201    1.27446    0.47261  62.9%   269  169s
  5008  2731    0.83818   50  170    1.27446    0.47321  62.9%   271  174s
  5160  2837    0.92662   46  204    1.27446    0.47329  62.9%   273  179s
  5333  2849 infeasible   52         1.27446    0.47366  62.8%   273  180s

Cutting planes:
  Learned: 1
  Cover: 9
  Implied bound: 61
  Clique: 2
  MIR: 13
  StrongCG: 2
  Flow cover: 36
  GUB cover: 2
  RLT: 111
  Relax-and-lift: 8
  BQP: 14

Explored 5357 nodes (1473489 simplex iterations) in 180.05 seconds (83.22 work units)
Thread count was 8 (of 8 available processors)

Solution count 2: 1.27446 1.27446 

Time limit reached
Best objective 1.274463379680e+00, best bound 4.736605863055e-01, gap 62.8345%

User-callback calls 29618, time in user-callback 0.05 sec
alpha=0.6363636363636364  status=TIME_LIMIT
  agg total_shed = 420.734   cost-wtd Palma Σλ·top10/Σλ·bot40 (post-hoc) = 1.5787   model(σ·top) = 1.5787   uncosted-agg-served-Palma (diag) = 3.1885
Gurobi Optimizer version 12.0.3 build v12.0.3rc0 (win64 - Windows 11+.0 (26200.2))

CPU model: 11th Gen Intel(R) Core(TM) i7-1165G7 @ 2.80GHz, instruction set [SSE2|AVX|AVX2|AVX512]
Thread count: 4 physical cores, 8 logical processors, using up to 8 threads

Non-default parameters:
TimeLimit  180
MIPGap  0.01
MIPFocus  1
GomoryPasses  0
NonConvex  2
NumericFocus  2

Optimize a model with 11240 rows, 6537 columns and 29192 nonzeros
Model fingerprint: 0x56b2dc24
Model has 72 quadratic objective terms
Model has 265 quadratic constraints
Variable types: 5569 continuous, 968 integer (968 binary)
Coefficient statistics:
  Matrix range     [9e-09, 2e+01]
  QMatrix range    [1e+00, 5e+02]
  QLMatrix range   [1e+00, 1e+00]
  Objective range  [5e-04, 5e-04]
  QObjective range [7e+00, 4e+01]
  Bounds range     [1e-08, 2e+01]
  RHS range        [7e-01, 2e+01]
  QRHS range       [1e+00, 1e+00]

User MIP start did not produce a new incumbent solution
User MIP start violates constraint R122 by 4.345047923
Loaded MIP start from previous solve with objective 1.35052

Presolve removed 4554 rows and 2506 columns
Presolve time: 0.15s
Presolved: 7725 rows, 4370 columns, 23882 nonzeros
Presolved model has 216 quadratic constraint(s)
Presolved model has 289 bilinear constraint(s)
Warning: Model contains variables with very large bounds participating
         in product terms.
         Presolve was not able to compute smaller bounds for these variables.
         Consider bounding these variables or reformulating the model.


Solving non-convex MIQCP

Variable types: 3508 continuous, 862 integer (862 binary)

Root relaxation: objective 6.038268e-02, 2051 iterations, 0.06 seconds (0.04 work units)

    Nodes    |    Current Node    |     Objective Bounds      |     Work
 Expl Unexpl |  Obj  Depth IntInf | Incumbent    BestBd   Gap | It/Node Time

     0     0    0.06038    0  311    1.35052    0.06038  95.5%     -    0s
     0     0    0.06258    0  332    1.35052    0.06258  95.4%     -    0s
     0     0    0.06263    0  331    1.35052    0.06263  95.4%     -    0s
     0     0    0.07181    0  463    1.35052    0.07181  94.7%     -    0s
     0     0    0.07181    0  461    1.35052    0.07181  94.7%     -    1s
     0     0    0.07528    0  433    1.35052    0.07528  94.4%     -    1s
     0     0    0.07528    0  413    1.35052    0.07528  94.4%     -    1s
     0     0    0.08099    0  272    1.35052    0.08099  94.0%     -    2s
     0     2    0.08108    0  259    1.35052    0.08108  94.0%     -    3s
    42    31    0.13502   10  552    1.35052    0.09265  93.1%   431    5s
   352   215 infeasible   61         1.35052    0.09514  93.0%   125   10s
   541   274    0.62572   74  222    1.35052    0.09514  93.0%   114   15s
   548   279    0.32121   43  353    1.35052    0.10388  92.3%   113   21s
H  548   264                       1.3505189    0.10388  92.3%   113   23s
   549   264    0.14047   14  353    1.35052    0.10388  92.3%   113   25s
   646   329    0.23368   26  388    1.35052    0.11523  91.5%   156   30s
H  716   346                       1.3505189    0.11523  91.5%   172   34s
   726   344 infeasible   40         1.35052    0.11756  91.3%   176   35s
   846   368    0.26086   30  301    1.35052    0.12220  91.0%   198   40s
   972   397    0.17450   18  407    1.35052    0.13255  90.2%   212   45s
  1131   435    0.33858   26  343    1.35052    0.13529  90.0%   210   50s
  1223   487    0.55135   33  262    1.35052    0.13529  90.0%   218   55s
  1385   517    0.31841   20  371    1.35052    0.13658  89.9%   237   60s
  1518   577    0.91087   29  221    1.35052    0.13843  89.7%   263   66s
  1590   605    0.56171   26  275    1.35052    0.14163  89.5%   273   70s
  1730   650 infeasible   29         1.35052    0.14423  89.3%   280   75s
  1897   731    0.29883   20  341    1.35052    0.15388  88.6%   278   81s
  2001   759    0.49959   24  327    1.35052    0.16673  87.7%   285   86s
  2127   832    0.64837   24  297    1.35052    0.17311  87.2%   290   93s
  2181   863    0.48899   25  284    1.35052    0.17936  86.7%   292   96s
  2230   892    0.86968   26  248    1.35052    0.18769  86.1%   300  100s
  2350   950    0.99659   29  223    1.35052    0.18786  86.1%   309  108s
  2447   981    0.53610   23  291    1.35052    0.19271  85.7%   310  112s
  2524  1002    0.73420   22  281    1.35052    0.19395  85.6%   314  115s
  2687  1066 infeasible   32         1.35052    0.19468  85.6%   320  121s
  2871  1177    0.40552   25  315    1.35052    0.19951  85.2%   324  128s
  2966  1212    0.80929   30  219    1.35052    0.19951  85.2%   324  132s
  3110  1250 infeasible   48         1.35052    0.20010  85.2%   320  136s
  3234  1286    0.30588   29  231    1.35052    0.20232  85.0%   320  140s
  3484  1392    0.51582   28  229    1.35052    0.20961  84.5%   322  148s
  3600  1467    1.05477   29  245    1.35052    0.21312  84.2%   324  153s
  3783  1529 infeasible   44         1.35052    0.21651  84.0%   319  158s
  3927  1599    1.23558   25  219    1.35052    0.22757  83.1%   321  162s
  4055  1696    0.92599   25  235    1.35052    0.22854  83.1%   324  167s
  4240  1774    0.62297   24  319    1.35052    0.23350  82.7%   322  173s
  4372  1869    0.89304   30  246    1.35052    0.23736  82.4%   327  179s
  4565  1870    0.90883   27  274    1.35052    0.24208  82.1%   325  180s

Cutting planes:
  Learned: 12
  Cover: 8
  Implied bound: 137
  Clique: 8
  MIR: 11
  Flow cover: 54
  RLT: 125
  Relax-and-lift: 20
  BQP: 8

Explored 4574 nodes (1499420 simplex iterations) in 180.02 seconds (90.85 work units)
Thread count was 8 (of 8 available processors)

Solution count 2: 1.35052 1.35052 

Time limit reached
Best objective 1.350518967284e+00, best bound 2.420751276820e-01, gap 82.0754%

User-callback calls 32718, time in user-callback 0.05 sec
alpha=0.7272727272727273  status=TIME_LIMIT
  agg total_shed = 420.734   cost-wtd Palma Σλ·top10/Σλ·bot40 (post-hoc) = 1.5787   model(σ·top) = 1.5787   uncosted-agg-served-Palma (diag) = 3.1885
Gurobi Optimizer version 12.0.3 build v12.0.3rc0 (win64 - Windows 11+.0 (26200.2))

CPU model: 11th Gen Intel(R) Core(TM) i7-1165G7 @ 2.80GHz, instruction set [SSE2|AVX|AVX2|AVX512]
Thread count: 4 physical cores, 8 logical processors, using up to 8 threads

Non-default parameters:
TimeLimit  180
MIPGap  0.01
MIPFocus  1
GomoryPasses  0
NonConvex  2
NumericFocus  2

Optimize a model with 11240 rows, 6537 columns and 29192 nonzeros
Model fingerprint: 0x4bc1c317
Model has 72 quadratic objective terms
Model has 265 quadratic constraints
Variable types: 5569 continuous, 968 integer (968 binary)
Coefficient statistics:
  Matrix range     [9e-09, 2e+01]
  QMatrix range    [1e+00, 5e+02]
  QLMatrix range   [1e+00, 1e+00]
  Objective range  [3e-04, 3e-04]
  QObjective range [8e+00, 5e+01]
  Bounds range     [1e-08, 2e+01]
  RHS range        [7e-01, 2e+01]
  QRHS range       [1e+00, 1e+00]

User MIP start did not produce a new incumbent solution
User MIP start violates constraint R122 by 4.345047923
Loaded MIP start from previous solve with objective 1.42657

Presolve removed 4554 rows and 2506 columns
Presolve time: 0.13s
Presolved: 7725 rows, 4370 columns, 23882 nonzeros
Presolved model has 216 quadratic constraint(s)
Presolved model has 289 bilinear constraint(s)
Warning: Model contains variables with very large bounds participating
         in product terms.
         Presolve was not able to compute smaller bounds for these variables.
         Consider bounding these variables or reformulating the model.


Solving non-convex MIQCP

Variable types: 3508 continuous, 862 integer (862 binary)

Root relaxation: objective 4.025512e-02, 2051 iterations, 0.06 seconds (0.04 work units)

    Nodes    |    Current Node    |     Objective Bounds      |     Work
 Expl Unexpl |  Obj  Depth IntInf | Incumbent    BestBd   Gap | It/Node Time

     0     0    0.04026    0  325    1.42657    0.04026  97.2%     -    0s
     0     0    0.04239    0  331    1.42657    0.04239  97.0%     -    0s
     0     0    0.04651    0  496    1.42657    0.04651  96.7%     -    0s
     0     0    0.04653    0  493    1.42657    0.04653  96.7%     -    0s
     0     0    0.05199    0  441    1.42657    0.05199  96.4%     -    1s
     0     0    0.05209    0  440    1.42657    0.05209  96.3%     -    1s
     0     0    0.05209    0  423    1.42657    0.05209  96.3%     -    1s
     0     0    0.06565    0  505    1.42657    0.06565  95.4%     -    1s
     0     2    0.06565    0  503    1.42657    0.06565  95.4%     -    4s
    24    17    0.09649    6  580    1.42657    0.07679  94.6%   433    5s
   336   222    0.27400   56  287    1.42657    0.07679  94.6%  73.4   10s
   474   317    0.16631   30  337    1.42657    0.07679  94.6%  68.8   15s
   483   324    0.14210   19  337    1.42657    0.09314  93.5%  99.4   20s
   495   333    0.30869   27  261    1.42657    0.30869  78.4%   123   25s
   501   338    0.31250   15  337    1.42657    0.31250  78.1%   152   30s
   517   350    0.39577   52  233    1.42657    0.39577  72.3%   168   36s
   656   419    0.71009   77  227    1.42657    0.45578  68.1%   212   40s
   818   466 infeasible   77         1.42657    0.45885  67.8%   226   45s
  1011   492 infeasible   77         1.42657    0.45984  67.8%   239   50s
  1195   515    0.92468   82  164    1.42657    0.46004  67.8%   259   55s
  1364   546    1.05790   79  149    1.42657    0.46023  67.7%   252   60s
  1574   600 infeasible   73         1.42657    0.46076  67.7%   255   65s
  1730   662 infeasible   72         1.42657    0.46221  67.6%   259   70s
  1888   731 infeasible   80         1.42657    0.46230  67.6%   262   76s
  1997   783    0.65908   77  248    1.42657    0.46265  67.6%   266   80s
  2237   961 infeasible   91         1.42657    0.46272  67.6%   256   85s
  2468  1058    0.47569   73  233    1.42657    0.46289  67.6%   257   91s
  2646  1127 infeasible   75         1.42657    0.46310  67.5%   267   96s
  2777  1186 infeasible   77         1.42657    0.46354  67.5%   273  100s
  3018  1297    0.77590   74  161    1.42657    0.46390  67.5%   281  106s
  3179  1351 infeasible   83         1.42657    0.46423  67.5%   289  111s
  3347  1409    0.96091   71  129    1.42657    0.46434  67.5%   296  116s
  3569  1492    1.34694   70  171    1.42657    0.46725  67.2%   299  121s
  3830  1586    1.05894   81  168    1.42657    0.47223  66.9%   298  128s
  3977  1628    1.14204   76  141    1.42657    0.47564  66.7%   299  131s
  4116  1676    0.56574   75  217    1.42657    0.48124  66.3%   299  136s
  4348  1817    1.20988   77  173    1.42657    0.48488  66.0%   307  144s
  4523  1859 infeasible   86         1.42657    0.48810  65.8%   306  149s
  4648  1911    1.28017   74  157    1.42657    0.48884  65.7%   310  157s
  4809  1961 infeasible   73         1.42657    0.49351  65.4%   311  163s
  4995  2011    0.49644   70  253    1.42657    0.49517  65.3%   310  167s
  5154  2050    1.15873   74  114    1.42657    0.49607  65.2%   310  171s
  5354  2108 infeasible   84         1.42657    0.49788  65.1%   309  176s
  5542  2131    0.75659   72  157    1.42657    0.49916  65.0%   310  180s

Cutting planes:
  Learned: 1
  Cover: 11
  Implied bound: 57
  Clique: 3
  MIR: 19
  Flow cover: 45
  GUB cover: 12
  RLT: 118
  Relax-and-lift: 14
  BQP: 18
  PSD: 1

Explored 5619 nodes (1763894 simplex iterations) in 180.03 seconds (81.51 work units)
Thread count was 8 (of 8 available processors)

Solution count 1: 1.42657 

Time limit reached
Best objective 1.426574554888e+00, best bound 5.015875937114e-01, gap 64.8397%

User-callback calls 29970, time in user-callback 0.06 sec
alpha=0.8181818181818182  status=TIME_LIMIT
  agg total_shed = 420.734   cost-wtd Palma Σλ·top10/Σλ·bot40 (post-hoc) = 1.5787   model(σ·top) = 1.5787   uncosted-agg-served-Palma (diag) = 3.1885
Gurobi Optimizer version 12.0.3 build v12.0.3rc0 (win64 - Windows 11+.0 (26200.2))

CPU model: 11th Gen Intel(R) Core(TM) i7-1165G7 @ 2.80GHz, instruction set [SSE2|AVX|AVX2|AVX512]
Thread count: 4 physical cores, 8 logical processors, using up to 8 threads

Non-default parameters:
TimeLimit  180
MIPGap  0.01
MIPFocus  1
GomoryPasses  0
NonConvex  2
NumericFocus  2

Optimize a model with 11240 rows, 6537 columns and 29192 nonzeros
Model fingerprint: 0xaaaa30d5
Model has 72 quadratic objective terms
Model has 265 quadratic constraints
Variable types: 5569 continuous, 968 integer (968 binary)
Coefficient statistics:
  Matrix range     [9e-09, 2e+01]
  QMatrix range    [1e+00, 5e+02]
  QLMatrix range   [1e+00, 1e+00]
  Objective range  [2e-04, 2e-04]
  QObjective range [9e+00, 5e+01]
  Bounds range     [1e-08, 2e+01]
  RHS range        [7e-01, 2e+01]
  QRHS range       [1e+00, 1e+00]

User MIP start did not produce a new incumbent solution
User MIP start violates constraint R122 by 4.345047923
Loaded MIP start from previous solve with objective 1.50263

Presolve removed 4554 rows and 2506 columns
Presolve time: 0.15s
Presolved: 7725 rows, 4370 columns, 23882 nonzeros
Presolved model has 216 quadratic constraint(s)
Presolved model has 289 bilinear constraint(s)
Warning: Model contains variables with very large bounds participating
         in product terms.
         Presolve was not able to compute smaller bounds for these variables.
         Consider bounding these variables or reformulating the model.


Solving non-convex MIQCP

Variable types: 3508 continuous, 862 integer (862 binary)

Root relaxation: objective 2.012756e-02, 2051 iterations, 0.06 seconds (0.04 work units)

    Nodes    |    Current Node    |     Objective Bounds      |     Work
 Expl Unexpl |  Obj  Depth IntInf | Incumbent    BestBd   Gap | It/Node Time

     0     0    0.02013    0  332    1.50263    0.02013  98.7%     -    0s
     0     0    0.02219    0  342    1.50263    0.02219  98.5%     -    0s
     0     0    0.02224    0  341    1.50263    0.02224  98.5%     -    0s
     0     0    0.02577    0  459    1.50263    0.02577  98.3%     -    0s
     0     0    0.02577    0  459    1.50263    0.02577  98.3%     -    0s
     0     0    0.02589    0  452    1.50263    0.02589  98.3%     -    0s
     0     0    0.03239    0  408    1.50263    0.03239  97.8%     -    0s
     0     0    0.03246    0  395    1.50263    0.03246  97.8%     -    1s
     0     0    0.03246    0  369    1.50263    0.03246  97.8%     -    1s
     0     0    0.03688    0  257    1.50263    0.03688  97.5%     -    1s
     0     2    0.03688    0  250    1.50263    0.03688  97.5%     -    2s
   105    84    0.08855   16  523    1.50263    0.04898  96.7%   173    5s
H  107    84                       1.4822359    0.04898  96.7%   172    5s
   495   299    0.14278   50  212    1.48224    0.06158  95.8%  75.4   11s
   500   302    0.12455   26  373    1.48224    0.06786  95.4%  74.7   15s
   504   306    0.08696   11  212    1.48224    0.06922  95.3%   110   20s
   515   314    0.30917   11  222    1.48224    0.30917  79.1%   139   25s
   520   318    0.30917   32  235    1.48224    0.30917  79.1%   137   30s
   529   325    0.36500   23  218    1.48224    0.36500  75.4%   165   36s
   636   390    0.51481   67  240    1.48224    0.43021  71.0%   203   40s
   791   422    0.49472   59  254    1.48224    0.43380  70.7%   211   45s
   934   450    0.45928   71  259    1.48224    0.43380  70.7%   230   50s
  1083   468 infeasible   88         1.48224    0.43380  70.7%   247   55s
  1202   477    0.52616   70  235    1.48224    0.43432  70.7%   264   60s
  1362   497 infeasible   72         1.48224    0.43432  70.7%   294   66s
  1495   539    1.17654   85  131    1.48224    0.43432  70.7%   302   70s
H 1535   555                       1.4743993    0.43432  70.5%   300   71s
  1704   640    0.77223   87  210    1.47440    0.43465  70.5%   291   75s
  1881   736    1.34890   74  253    1.47440    0.43472  70.5%   284   80s
  2082   811    0.50835   71  254    1.47440    0.43481  70.5%   276   85s
  2291   918    0.66529   67  259    1.47440    0.43493  70.5%   276   91s
  2425   970    1.34980   77  123    1.47440    0.43497  70.5%   277   95s
  2571  1078    0.51166   76  249    1.47440    0.43507  70.5%   279  100s
  2761  1190    0.46936   72  247    1.47440    0.43525  70.5%   273  105s
  2943  1262 infeasible   94         1.47440    0.43562  70.5%   272  110s
  3099  1361 infeasible   73         1.47440    0.43568  70.5%   279  117s
  3212  1388 infeasible   80         1.47440    0.43568  70.5%   278  120s
  3471  1492 infeasible   79         1.47440    0.43582  70.4%   274  127s
  3570  1541 infeasible   71         1.47440    0.43588  70.4%   277  131s
  3691  1588    1.45099   79  106    1.47440    0.43592  70.4%   276  135s
  3954  1722    0.89055   82  151    1.47440    0.43597  70.4%   277  143s
  4075  1773    0.50841   84  229    1.47440    0.43607  70.4%   276  147s
  4202  1837    0.57552   68  239    1.47440    0.43618  70.4%   277  151s
  4321  1897    0.59175   69  182    1.47440    0.43643  70.4%   277  155s
  4591  2028    1.34833   82  150    1.47440    0.43669  70.4%   281  163s
  4765  2083    1.07050   80  148    1.47440    0.43677  70.4%   280  167s
  4899  2144 infeasible   86         1.47440    0.43717  70.3%   282  173s
  5035  2247    0.87915   72  198    1.47440    0.43718  70.3%   285  178s
  5228  2278    1.14760   86  177    1.47440    0.43776  70.3%   284  180s

Cutting planes:
  Learned: 1
  Cover: 13
  Implied bound: 53
  MIR: 9
  Flow cover: 48
  GUB cover: 5
  RLT: 136
  Relax-and-lift: 13
  BQP: 12

Explored 5301 nodes (1521594 simplex iterations) in 180.05 seconds (79.49 work units)
Thread count was 8 (of 8 available processors)

Solution count 3: 1.4744 1.48224 1.50263 

Time limit reached
Best objective 1.474399285242e+00, best bound 4.377646381679e-01, gap 70.3089%

User-callback calls 29592, time in user-callback 0.07 sec
alpha=0.9090909090909091  status=TIME_LIMIT
  agg total_shed = 462.059   cost-wtd Palma Σλ·top10/Σλ·bot40 (post-hoc) = 1.5403   model(σ·top) = 1.5403   uncosted-agg-served-Palma (diag) = Inf
Gurobi Optimizer version 12.0.3 build v12.0.3rc0 (win64 - Windows 11+.0 (26200.2))

CPU model: 11th Gen Intel(R) Core(TM) i7-1165G7 @ 2.80GHz, instruction set [SSE2|AVX|AVX2|AVX512]
Thread count: 4 physical cores, 8 logical processors, using up to 8 threads

Non-default parameters:
TimeLimit  180
MIPGap  0.01
MIPFocus  1
GomoryPasses  0
NonConvex  2
NumericFocus  2

Optimize a model with 11240 rows, 6537 columns and 29192 nonzeros
Model fingerprint: 0x2555efab
Model has 72 quadratic objective terms
Model has 265 quadratic constraints
Variable types: 5569 continuous, 968 integer (968 binary)
Coefficient statistics:
  Matrix range     [9e-09, 2e+01]
  QMatrix range    [1e+00, 5e+02]
  QLMatrix range   [1e+00, 1e+00]
  Objective range  [0e+00, 0e+00]
  QObjective range [1e+01, 6e+01]
  Bounds range     [1e-08, 2e+01]
  RHS range        [7e-01, 2e+01]
  QRHS range       [1e+00, 1e+00]

User MIP start did not produce a new incumbent solution
User MIP start violates constraint R122 by 4.345047923
Loaded MIP start from previous solve with objective 1.54034

Presolve removed 4480 rows and 2456 columns
Presolve time: 0.11s
Presolved: 7799 rows, 4420 columns, 23790 nonzeros
Presolved model has 216 quadratic constraint(s)
Presolved model has 289 bilinear constraint(s)
Warning: Model contains variables with very large bounds participating
         in product terms.
         Presolve was not able to compute smaller bounds for these variables.
         Consider bounding these variables or reformulating the model.


Solving non-convex MIQCP

Variable types: 3508 continuous, 912 integer (912 binary)

Root relaxation: objective 0.000000e+00, 3676 iterations, 0.22 seconds (0.13 work units)

    Nodes    |    Current Node    |     Objective Bounds      |     Work
 Expl Unexpl |  Obj  Depth IntInf | Incumbent    BestBd   Gap | It/Node Time

     0     0    0.00000    0  249    1.54034    0.00000   100%     -    0s
     0     0    0.00199    0  279    1.54034    0.00199   100%     -    0s
     0     0    0.00809    0  403    1.54034    0.00809  99.5%     -    0s
     0     0    0.00809    0  402    1.54034    0.00809  99.5%     -    0s
     0     0    0.00904    0  382    1.54034    0.00904  99.4%     -    1s
     0     0    0.00920    0  380    1.54034    0.00920  99.4%     -    1s
     0     0    0.01585    0  271    1.54034    0.01585  99.0%     -    2s
     0     2    0.01585    0  224    1.54034    0.01585  99.0%     -    3s
    11    11 infeasible    4         1.54034    0.02450  98.4%   721    5s
    32    18    0.05019    8  605    1.54034    0.03640  97.6%   529   11s
    70    37 infeasible   14         1.54034    0.03640  97.6%   296   15s
   195   125    0.05889   32  514    1.54034    0.04047  97.4%   163   20s
   398   247 infeasible   54         1.54034    0.04047  97.4%   105   25s
   496   306    0.06060   16  377    1.54034    0.04047  97.4%  98.6   31s
   501   310    0.05928   36  334    1.54034    0.05271  96.6%  97.6   36s
   506   314    0.26646   23  336    1.54034    0.26646  82.7%   143   40s
   519   324    0.33733   39  219    1.54034    0.33733  78.1%   174   46s
   530   333    0.46688   36  220    1.54034    0.46688  69.7%   235   50s
H  530   316                       1.4431084    0.46688  67.6%   235   50s
   539   325    0.51707   66  215    1.44311    0.50418  65.1%   260   55s
   713   361    0.58001   75  235    1.44311    0.52382  63.7%   263   60s
   878   352 infeasible   74         1.44311    0.58051  59.8%   306   65s
  1033   297 infeasible   76         1.44311    0.60126  58.3%   342   70s
  1233   260    0.63882   76  163    1.44311    0.62795  56.5%   343   75s
  1417   169    0.82844   76  156    1.44311    0.64173  55.5%   358   80s
  1623   107 infeasible   81         1.44311    0.96835  32.9%   369   85s
  1828   131 infeasible   78         1.44311    0.98963  31.4%   372   90s
  2033    95 infeasible   82         1.44311    1.10466  23.5%   381   96s
  2185    94 infeasible   80         1.44311    1.22830  14.9%   378  101s
  2389    58    1.29074   77   92    1.44311    1.29074  10.6%   368  105s

Cutting planes:
  Cover: 22
  Implied bound: 92
  Clique: 4
  MIR: 25
  Flow cover: 57
  GUB cover: 12
  RLT: 88
  Relax-and-lift: 33
  BQP: 3

Explored 2801 nodes (986920 simplex iterations) in 109.92 seconds (50.58 work units)
Thread count was 8 (of 8 available processors)

Solution count 2: 1.44311 1.54034 

Optimal solution found (tolerance 1.00e-02)
Best objective 1.443108419597e+00, best bound 1.443108419597e+00, gap 0.0000%

User-callback calls 15589, time in user-callback 0.03 sec
alpha=1.0  status=OPTIMAL
  agg total_shed = 566.97   cost-wtd Palma Σλ·top10/Σλ·bot40 (post-hoc) = 1.4431   model(σ·top) = 1.4431   uncosted-agg-served-Palma (diag) = Inf
[ PowerModelsDistribution | Info ] : Circuit has been reset with the 'clear' on line 1 in 'case6_unbalanced_switch_more_meshed_good4integer.dss'
[ PowerModelsDistribution | Info ] : Command 'calcvoltagebases' on line 56 in 'case6_unbalanced_switch_more_meshed_good4integer.dss' is not supported, skipping.
[ PowerModelsDistribution | Info ] : Command 'solve' on line 58 in 'case6_unbalanced_switch_more_meshed_good4integer.dss' is not supported, skipping.
[ PowerModelsDistribution | Info ] : basemva=100 is the default value, you may want to adjust sbase_default for better convergence
┌ PowerModelsDistribution | Warning ] : basefreq=60.0 on line.quadpb does not match circuit basefreq=50.0
└ @ PowerModelsDistribution C:\Users\awest\.julia\packages\PowerModelsDistribution\EOTxp\src\data_model\transformations\dss2eng.jl:422
┌ PowerModelsDistribution | Warning ] : basefreq=60.0 on line.quadad does not match circuit basefreq=50.0
└ @ PowerModelsDistribution C:\Users\awest\.julia\packages\PowerModelsDistribution\EOTxp\src\data_model\transformations\dss2eng.jl:422
┌ PowerModelsDistribution | Warning ] : basefreq=60.0 on line.quadac does not match circuit basefreq=50.0
└ @ PowerModelsDistribution C:\Users\awest\.julia\packages\PowerModelsDistribution\EOTxp\src\data_model\transformations\dss2eng.jl:422
┌ PowerModelsDistribution | Warning ] : basefreq=60.0 on line.quadpa does not match circuit basefreq=50.0
└ @ PowerModelsDistribution C:\Users\awest\.julia\packages\PowerModelsDistribution\EOTxp\src\data_model\transformations\dss2eng.jl:422
┌ PowerModelsDistribution | Warning ] : basefreq=60.0 on line.ohline does not match circuit basefreq=50.0
└ @ PowerModelsDistribution C:\Users\awest\.julia\packages\PowerModelsDistribution\EOTxp\src\data_model\transformations\dss2eng.jl:422
┌ PowerModelsDistribution | Warning ] : basefreq=60.0 on line.quadbc does not match circuit basefreq=50.0
└ @ PowerModelsDistribution C:\Users\awest\.julia\packages\PowerModelsDistribution\EOTxp\src\data_model\transformations\dss2eng.jl:422
┌ PowerModelsDistribution | Warning ] : basefreq=60.0 on line.quadec does not match circuit basefreq=50.0
└ @ PowerModelsDistribution C:\Users\awest\.julia\packages\PowerModelsDistribution\EOTxp\src\data_model\transformations\dss2eng.jl:422
┌ PowerModelsDistribution | Warning ] : basefreq=60.0 on line.quadpe does not match circuit basefreq=50.0
└ @ PowerModelsDistribution C:\Users\awest\.julia\packages\PowerModelsDistribution\EOTxp\src\data_model\transformations\dss2eng.jl:422
[ Main | Info ] : LOAD_SCALE_FACTORS (agg_scales per period): [0.839, 0.968, 1.076, 1.15, 1.112, 1.072, 0.984, 0.899]
Saved trade-off sweep data → C:\Users\awest\github\FairLoadDelivery\script\single_level\../../results/2026-06-03/palma_trade_off_mn_shedobj\palma_sweep_mn_more_meshed_6_bus_absolute.jld2
Done. Results written to: C:\Users\awest\github\FairLoadDelivery\script\single_level\../../results/2026-06-03/palma_trade_off_mn_shedobj
GKS: String is too long in routine TEXT
GKS: String is too long in routine TEXT
GKS: String is too long in routine TEXT
GKS: String is too long in routine TEXT
GKS: String is too long in routine TEXT
GKS: String is too long in routine TEXT
GKS: String is too long in routine TEXT
GKS: String is too long in routine TEXT
GKS: String is too long in routine TEXT
GKS: String is too long in routine TEXT
GKS: String is too long in routine TEXT
GKS: String is too long in routine TEXT
GKS: String is too long in routine TEXT
GKS: String is too long in routine TEXT
GKS: String is too long in routine TEXT
GKS: String is too long in routine TEXT
GKS: String is too long in routine TEXT
GKS: String is too long in routine TEXT
GKS: String is too long in routine TEXT
GKS: String is too long in routine TEXT
GKS: String is too long in routine TEXT
GKS: String is too long in routine TEXT
GKS: String is too long in routine TEXT
GKS: String is too long in routine TEXT
GKS: String is too long in routine TEXT
GKS: String is too long in routine TEXT
GKS: String is too long in routine TEXT
GKS: String is too long in routine TEXT
GKS: String is too long in routine TEXT
GKS: String is too long in routine TEXT
GKS: String is too long in routine TEXT
GKS: String is too long in routine TEXT
GKS: String is too long in routine TEXT
GKS: String is too long in routine TEXT
GKS: String is too long in routine TEXT
GKS: String is too long in routine TEXT
GKS: String is too long in routine TEXT
GKS: String is too long in routine TEXT
GKS: String is too long in routine TEXT
GKS: String is too long in routine TEXT
