Set parameter Username
Set parameter LicenseID to value 2813843
Academic license - for non-commercial use only - expires 2027-04-27
Set parameter NonConvex to value 2
Set parameter MIPGap to value 0.01
Set parameter TimeLimit to value 180
Set parameter MIPFocus to value 1
Set parameter NumericFocus to value 2
Set parameter Username
Set parameter LicenseID to value 2813843
Academic license - for non-commercial use only - expires 2027-04-27
Set parameter MIPGap to value 0.01
Set parameter TimeLimit to value 300
Set parameter MIPFocus to value 1
Set parameter MIPGap to value 0.01
Set parameter MIPFocus to value 1
Set parameter TimeLimit to value 300
Gurobi Optimizer version 12.0.3 build v12.0.3rc0 (win64 - Windows 11+.0 (26200.2))

CPU model: 11th Gen Intel(R) Core(TM) i7-1165G7 @ 2.80GHz, instruction set [SSE2|AVX|AVX2|AVX512]
Thread count: 4 physical cores, 8 logical processors, using up to 8 threads

Non-default parameters:
TimeLimit  300
MIPGap  0.01
MIPFocus  1

Optimize a model with 9088 rows, 5240 columns and 22208 nonzeros
Model fingerprint: 0x56fb26e7
Model has 264 quadratic constraints
Coefficient statistics:
  Matrix range     [9e-09, 2e+01]
  QMatrix range    [1e+00, 5e+02]
  QLMatrix range   [1e+00, 1e+00]
  Objective range  [7e-02, 4e-01]
  Bounds range     [1e+00, 2e+01]
  RHS range        [7e-01, 2e+01]
Presolve removed 4384 rows and 2320 columns
Presolve time: 0.01s
Presolved: 5176 rows, 3320 columns, 15796 nonzeros
Presolved model has 192 second-order cone constraints
Ordering time: 0.01s

Barrier statistics:
 AA' NZ     : 5.310e+04
 Factor NZ  : 1.656e+05 (roughly 5 MB of memory)
 Factor Ops : 6.763e+06 (less than 1 second per iteration)
 Threads    : 4

                  Objective                Residual
Iter       Primal          Dual         Primal    Dual     Compl     Time
   0   3.75546944e+02 -2.01805402e+02  5.01e+02 1.00e-01  2.23e+00     0s
   1   1.44318798e+02 -2.76854418e+02  1.07e+02 1.66e-02  4.97e-01     0s
   2   7.75832460e+01 -2.49201154e+02  4.38e+01 1.12e-02  2.22e-01     0s
   3   5.00677146e+01 -1.82564338e+02  2.10e+01 3.45e-03  1.07e-01     0s
   4   3.76544208e+01 -1.24064766e+02  1.01e+01 1.18e-03  5.26e-02     0s
   5   3.15276915e+01 -8.66849657e+01  5.49e+00 6.27e-04  3.02e-02     0s
   6   2.89960013e+01 -4.58112792e+01  2.95e+00 3.06e-04  1.61e-02     0s
   7   2.64784331e+01 -4.45851007e-01  9.23e-01 5.35e-05  4.77e-03     0s
   8   2.49391120e+01  1.80815571e+01  2.94e-01 6.86e-06  1.16e-03     0s
   9   2.45858652e+01  2.22045184e+01  1.25e-01 1.61e-06  4.08e-04     0s
  10   2.44025729e+01  2.32298635e+01  7.15e-02 6.82e-07  2.06e-04     0s
  11   2.42890674e+01  2.37629891e+01  3.64e-02 2.59e-07  9.49e-05     0s
  12   2.42061628e+01  2.40324468e+01  9.04e-03 7.38e-08  2.87e-05     0s
  13   2.41683749e+01  2.41544308e+01  1.82e-04 4.29e-09  1.85e-06     0s
  14   2.41665418e+01  2.41653242e+01  2.20e-05 2.63e-10  1.67e-07     0s
  15   2.41662213e+01  2.41660523e+01  1.10e-06 4.04e-11  2.16e-08     0s
  16   2.41662080e+01  2.41662046e+01  1.33e-08 8.65e-13  4.37e-10     0s

Barrier solved model in 16 iterations and 0.11 seconds (0.06 work units)
Optimal objective 2.41662080e+01


User-callback calls 150, time in user-callback 0.00 sec
Set parameter NumericFocus to value 2
Set parameter NonConvex to value 2
Set parameter MIPGap to value 0.01
Set parameter MIPFocus to value 1
Set parameter TimeLimit to value 180
Gurobi Optimizer version 12.0.3 build v12.0.3rc0 (win64 - Windows 11+.0 (26200.2))

CPU model: 11th Gen Intel(R) Core(TM) i7-1165G7 @ 2.80GHz, instruction set [SSE2|AVX|AVX2|AVX512]
Thread count: 4 physical cores, 8 logical processors, using up to 8 threads

Non-default parameters:
TimeLimit  180
MIPGap  0.01
MIPFocus  1
NonConvex  2
NumericFocus  2

Optimize a model with 11240 rows, 6537 columns and 29192 nonzeros
Model fingerprint: 0xb2ecd22a
Model has 265 quadratic constraints
Variable types: 5889 continuous, 648 integer (648 binary)
Coefficient statistics:
  Matrix range     [9e-09, 2e+01]
  QMatrix range    [1e+00, 5e+02]
  QLMatrix range   [1e+00, 1e+00]
  Objective range  [2e-03, 2e-03]
  Bounds range     [1e-08, 2e+01]
  RHS range        [7e-01, 2e+01]
  QRHS range       [1e+00, 1e+00]

User MIP start did not produce a new incumbent solution
User MIP start violates constraint R122 by 4.345047439

Presolve removed 4400 rows and 2424 columns
Presolve time: 0.05s
Presolved: 7734 rows, 4379 columns, 23621 nonzeros
Presolved model has 216 quadratic constraint(s)
Presolved model has 217 bilinear constraint(s)
Warning: Model contains variables with very large bounds participating
         in product terms.
         Presolve was not able to compute smaller bounds for these variables.
         Consider bounding these variables or reformulating the model.


Solving non-convex MIQCP

Variable types: 3731 continuous, 648 integer (648 binary)

Root relaxation: objective 2.214031e-01, 2064 iterations, 0.08 seconds (0.04 work units)

    Nodes    |    Current Node    |     Objective Bounds      |     Work
 Expl Unexpl |  Obj  Depth IntInf | Incumbent    BestBd   Gap | It/Node Time

     0     0    0.22140    0  229          -    0.22140      -     -    0s
Another try with MIP start
H    0     0                       0.2243237    0.22140  1.30%     -    2s
H    0     0                       0.2214403    0.22140  0.02%     -    2s

Explored 1 nodes (3277 simplex iterations) in 2.81 seconds (0.76 work units)
Thread count was 8 (of 8 available processors)

Solution count 2: 0.22144 0.224324 

Optimal solution found (tolerance 1.00e-02)
Best objective 2.214402882544e-01, best bound 2.214031484381e-01, gap 0.0168%

User-callback calls 739, time in user-callback 0.00 sec
Load profile assignments for more_meshed_6_bus:
  (name = "l5", bus = 1, n_phases = 1, balanced = true, phases = [(1, -1)])
  (name = "l6", bus = 1, n_phases = 1, balanced = true, phases = [(1, 1)])
  (name = "l7", bus = 1, n_phases = 1, balanced = true, phases = [(1, 0)])
  (name = "l1", bus = 4, n_phases = 1, balanced = true, phases = [(1, -1)])
  (name = "l2", bus = 4, n_phases = 1, balanced = true, phases = [(3, -1)])
  (name = "l3", bus = 4, n_phases = 1, balanced = true, phases = [(2, 0)])
  (name = "l4", bus = 5, n_phases = 1, balanced = true, phases = [(2, 0)])
  (name = "l9", bus = 6, n_phases = 3, balanced = true, phases = [(1, 1), (1, -1), (1, 0)])
  (name = "l8", bus = 7, n_phases = 3, balanced = true, phases = [(2, -1), (2, 0), (2, 1)])
Warmstart: solving pure-efficiency multi-period MLD (no Palma machinery)…
  efficiency-warmstart status=OPTIMAL
  warm pshed_total=125.53   σ_start=0.015963
alpha=0.0  status=OPTIMAL
  agg total_shed = 125.55   cost-wtd Palma Σλ·top10/Σλ·bot40 (post-hoc) = 6.0872   model(σ·top) = 6.0872   uncosted-agg-served-Palma (diag) = 2.0036
Gurobi Optimizer version 12.0.3 build v12.0.3rc0 (win64 - Windows 11+.0 (26200.2))

CPU model: 11th Gen Intel(R) Core(TM) i7-1165G7 @ 2.80GHz, instruction set [SSE2|AVX|AVX2|AVX512]
Thread count: 4 physical cores, 8 logical processors, using up to 8 threads

Non-default parameters:
TimeLimit  180
MIPGap  0.01
MIPFocus  1
GomoryPasses  0
NonConvex  2
NumericFocus  2

Optimize a model with 11240 rows, 6537 columns and 29192 nonzeros
Model fingerprint: 0x75703b8a
Model has 72 quadratic objective terms
Model has 265 quadratic constraints
Variable types: 5889 continuous, 648 integer (648 binary)
Coefficient statistics:
  Matrix range     [9e-09, 2e+01]
  QMatrix range    [1e+00, 5e+02]
  QLMatrix range   [1e+00, 1e+00]
  Objective range  [2e-03, 2e-03]
  QObjective range [9e-01, 5e+00]
  Bounds range     [1e-08, 2e+01]
  RHS range        [7e-01, 2e+01]
  QRHS range       [1e+00, 1e+00]

User MIP start did not produce a new incumbent solution
User MIP start violates constraint R122 by 4.345047439
Loaded MIP start from previous solve with objective 0.754691

Presolve removed 4400 rows and 2424 columns
Presolve time: 0.06s
Presolved: 7879 rows, 4452 columns, 23982 nonzeros
Presolved model has 216 quadratic constraint(s)
Presolved model has 289 bilinear constraint(s)
Warning: Model contains variables with very large bounds participating
         in product terms.
         Presolve was not able to compute smaller bounds for these variables.
         Consider bounding these variables or reformulating the model.


Solving non-convex MIQCP

Variable types: 3804 continuous, 648 integer (648 binary)

Root relaxation: objective 2.012756e-01, 2055 iterations, 0.07 seconds (0.04 work units)

    Nodes    |    Current Node    |     Objective Bounds      |     Work
 Expl Unexpl |  Obj  Depth IntInf | Incumbent    BestBd   Gap | It/Node Time

     0     0    0.20128    0  255    0.75469    0.20128  73.3%     -    0s
H    0     0                       0.7546912    0.20199  73.2%     -    0s
     0     0    0.20199    0  338    0.75469    0.20199  73.2%     -    0s
     0     0    0.20199    0  338    0.75469    0.20199  73.2%     -    0s
     0     0    0.20201    0  358    0.75469    0.20201  73.2%     -    1s
     0     0    0.20201    0  354    0.75469    0.20201  73.2%     -    1s
     0     0    0.20232    0  445    0.75469    0.20232  73.2%     -    2s
H    0     0                       0.7546912    0.20232  73.2%     -    9s
     0     2    0.20232    0  408    0.75469    0.20232  73.2%     -   11s
H    1     4                       0.3305669    0.20232  38.8%  5712   12s
    11    29    0.20232    4  396    0.33057    0.20232  38.8%  1352   15s
   126   137    0.20259   19  297    0.33057    0.20232  38.8%   203   20s
H  142   144                       0.3305669    0.20232  38.8%   184   20s
   204   205    0.20624   44  219    0.33057    0.20232  38.8%   140   25s
   235   229    0.20356   48  216    0.33057    0.20232  38.8%   140   30s
   268   268    0.20397   54  219    0.33057    0.20232  38.8%   132   35s
   345   307    0.20480   59  223    0.33057    0.20232  38.8%   155   40s
   460   417    0.21227   86  392    0.33057    0.20232  38.8%   134   45s
   498   440    0.22459   29  299    0.33057    0.20232  38.8%   129   51s
   505   445    0.21098   11  197    0.33057    0.21098  36.2%   127   55s
   506   445    0.21098   44  197    0.33057    0.21098  36.2%   127   64s
   507   449    0.21098   13  258    0.33057    0.21098  36.2%   160   66s
   566   453    0.21737   20  264    0.33057    0.21098  36.2%   150   70s
   648   482    0.21612   29  260    0.33057    0.21098  36.2%   151   75s
   705   518 infeasible   37         0.33057    0.21098  36.2%   154   80s
   739   538    0.21679   42  342    0.33057    0.21098  36.2%   159   85s
   767   556    0.21604   46  336    0.33057    0.21098  36.2%   158   90s
   793   575    0.21630   48  326    0.33057    0.21098  36.2%   159   95s
   840   614    0.22071   51  336    0.33057    0.21098  36.2%   162  100s
   895   648    0.23743   57  366    0.33057    0.21098  36.2%   162  105s
   917   652    0.23714   61  366    0.33057    0.21098  36.2%   159  110s
   963   687    0.23714   63  366    0.33057    0.21098  36.2%   163  116s
   983   691    0.23714   64  366    0.33057    0.21098  36.2%   169  121s
   987   694    0.23938   65  363    0.33057    0.21098  36.2%   169  125s
  1009   723    0.24000   69  354    0.33057    0.21098  36.2%   168  131s
  1061   809    0.24000   70  354    0.33057    0.21098  36.2%   166  136s
  1304   905    0.24185   71  353    0.33057    0.21098  36.2%   154  141s
  1452   951    0.24215   72  347    0.33057    0.21098  36.2%   154  145s
  1516   971    0.24669   74  356    0.33057    0.21098  36.2%   158  150s
H 1627   951                       0.3305669    0.21098  36.2%   154  153s
  1629  1006    0.24191   76  352    0.33057    0.21098  36.2%   153  155s
H 1700   978                       0.3305669    0.21098  36.2%   153  157s
  1762  1035    0.24779  102  352    0.33057    0.21098  36.2%   151  161s
  1804  1051    0.29338  120  273    0.33057    0.21098  36.2%   155  165s
H 1841  1070                       0.3305669    0.21098  36.2%   156  167s
  1941  1244    0.21275   66  339    0.33057    0.21098  36.2%   153  171s
H 2109  1330                       0.3305669    0.21098  36.2%   152  173s
  2171  1358    0.22447  107  326    0.33057    0.21098  36.2%   153  176s
  2330  1427 infeasible  113         0.33057    0.21098  36.2%   159  180s

Cutting planes:
  Implied bound: 5
  Flow cover: 6
  RLT: 68
  Relax-and-lift: 1
  BQP: 6

Explored 2336 nodes (386157 simplex iterations) in 180.06 seconds (72.32 work units)
Thread count was 8 (of 8 available processors)

Solution count 2: 0.330567 0.754691 

Time limit reached
Best objective 3.305669063730e-01, best bound 2.109796833802e-01, gap 36.1764%

User-callback calls 21846, time in user-callback 0.17 sec
alpha=0.09090909090909091  status=TIME_LIMIT
  agg total_shed = 130.533   cost-wtd Palma Σλ·top10/Σλ·bot40 (post-hoc) = 1.334   model(σ·top) = 1.334   uncosted-agg-served-Palma (diag) = 2.0009
Gurobi Optimizer version 12.0.3 build v12.0.3rc0 (win64 - Windows 11+.0 (26200.2))

CPU model: 11th Gen Intel(R) Core(TM) i7-1165G7 @ 2.80GHz, instruction set [SSE2|AVX|AVX2|AVX512]
Thread count: 4 physical cores, 8 logical processors, using up to 8 threads

Non-default parameters:
TimeLimit  180
MIPGap  0.01
MIPFocus  1
GomoryPasses  0
NonConvex  2
NumericFocus  2

Optimize a model with 11240 rows, 6537 columns and 29192 nonzeros
Model fingerprint: 0xf22731a0
Model has 72 quadratic objective terms
Model has 265 quadratic constraints
Variable types: 5889 continuous, 648 integer (648 binary)
Coefficient statistics:
  Matrix range     [9e-09, 2e+01]
  QMatrix range    [1e+00, 5e+02]
  QLMatrix range   [1e+00, 1e+00]
  Objective range  [1e-03, 1e-03]
  QObjective range [2e+00, 1e+01]
  Bounds range     [1e-08, 2e+01]
  RHS range        [7e-01, 2e+01]
  QRHS range       [1e+00, 1e+00]

User MIP start did not produce a new incumbent solution
User MIP start violates constraint R122 by 4.345047439
Loaded MIP start from previous solve with objective 0.430906

Presolve removed 4400 rows and 2424 columns
Presolve time: 0.15s
Presolved: 7879 rows, 4452 columns, 23982 nonzeros
Presolved model has 216 quadratic constraint(s)
Presolved model has 289 bilinear constraint(s)
Warning: Model contains variables with very large bounds participating
         in product terms.
         Presolve was not able to compute smaller bounds for these variables.
         Consider bounding these variables or reformulating the model.


Solving non-convex MIQCP

Variable types: 3804 continuous, 648 integer (648 binary)

Root relaxation: objective 1.811480e-01, 2055 iterations, 0.19 seconds (0.04 work units)

    Nodes    |    Current Node    |     Objective Bounds      |     Work
 Expl Unexpl |  Obj  Depth IntInf | Incumbent    BestBd   Gap | It/Node Time

     0     0    0.18115    0  254    0.43091    0.18115  58.0%     -    0s
     0     0    0.18258    0  347    0.43091    0.18258  57.6%     -    1s
     0     0    0.18258    0  346    0.43091    0.18258  57.6%     -    1s
     0     0    0.18262    0  361    0.43091    0.18262  57.6%     -    2s
     0     0    0.18262    0  357    0.43091    0.18262  57.6%     -    2s
     0     0    0.18292    0  247    0.43091    0.18292  57.5%     -    4s
     0     2    0.18292    0  247    0.43091    0.18292  57.5%     -   10s
H   27    32                       0.4129864    0.18292  55.7%   195   12s
H   96    98                       0.4129864    0.18292  55.7%  91.1   13s
H  118   118                       0.4129864    0.18292  55.7%  78.1   14s
   125   126    0.18560   20  241    0.41299    0.18292  55.7%  75.1   15s
   210   225    0.18595   29  413    0.41299    0.18292  55.7%   130   20s
H  234   235                       0.4129864    0.18292  55.7%   119   20s
H  307   312                       0.4129858    0.18292  55.7%  97.7   25s
   445   450    0.18638   62  354    0.41299    0.18292  55.7%   108   31s
   501   508    0.18861   73  338    0.41299    0.18292  55.7%   137   35s
   611   592    0.18959   86  329    0.41299    0.18292  55.7%   139   41s
   651   618    0.18959   88  327    0.41299    0.18292  55.7%   146   45s
   724   682    0.19403   91  320    0.41299    0.18292  55.7%   137   52s
   786   728 infeasible   93         0.41299    0.18292  55.7%   142   55s
   819   800    0.19829   97  190    0.41299    0.18292  55.7%   140   60s
  1019   862    0.18360   44  194    0.41299    0.18292  55.7%   145   66s
  1031   871    0.18389   43  235    0.41299    0.18389  55.5%   152   70s
  1036   874    0.18575   60  246    0.41299    0.18389  55.5%   151   78s
  1037   878    0.18732   26  341    0.41299    0.18389  55.5%   163   81s
  1102   889 infeasible   33         0.41299    0.18389  55.5%   167   85s
  1262   992    0.19960   45  387    0.41299    0.18518  55.2%   173   90s
  1407  1080    0.25071   74  399    0.41299    0.18518  55.2%   174   95s
  1504  1143    0.28733   78  407    0.41299    0.18518  55.2%   174  100s
  1577  1202    0.25550   81  369    0.41299    0.18518  55.2%   175  105s
  1768  1314    0.32094   98  371    0.41299    0.18518  55.2%   169  110s
  1984  1421    0.35150  130  366    0.41299    0.18530  55.1%   166  115s
  2201  1509    0.39015  162  345    0.41299    0.18530  55.1%   172  120s
  2392  1562    0.23873   59  418    0.41299    0.18541  55.1%   169  125s
  2539  1639    0.24401   92  330    0.41299    0.18541  55.1%   167  130s
  2551  1693 infeasible   93         0.41299    0.18541  55.1%   167  135s
  2834  1842    0.33052  105  245    0.41299    0.18541  55.1%   161  141s
  3025  1928    0.25342  122  288    0.41299    0.18541  55.1%   161  145s
  3104  1910    0.29317  135  350    0.41299    0.18541  55.1%   163  150s
  3148  1931    0.26295  136  288    0.41299    0.18541  55.1%   162  155s
  3208  1923    0.26288  137  287    0.41299    0.18541  55.1%   162  160s
  3224  1960    0.26288  138  287    0.41299    0.18541  55.1%   164  165s
  3351  2125    0.26374  142  294    0.41299    0.18541  55.1%   164  171s
  3523  2197    0.26946  159  222    0.41299    0.18541  55.1%   160  175s
  3685  2193    0.26670  185  271    0.41299    0.18541  55.1%   159  180s

Cutting planes:
  Implied bound: 11
  MIR: 5
  Flow cover: 30
  RLT: 90
  Relax-and-lift: 5
  BQP: 22

Explored 3734 nodes (609278 simplex iterations) in 180.06 seconds (92.14 work units)
Thread count was 8 (of 8 available processors)

Solution count 4: 0.412986 0.412986 0.412986 0.430906 

Time limit reached
Best objective 4.129863872219e-01, best bound 1.854120913315e-01, gap 55.1046%

User-callback calls 23703, time in user-callback 0.12 sec
alpha=0.18181818181818182  status=TIME_LIMIT
  agg total_shed = 155.786   cost-wtd Palma Σλ·top10/Σλ·bot40 (post-hoc) = 1.035   model(σ·top) = 1.035   uncosted-agg-served-Palma (diag) = 2.3334
Gurobi Optimizer version 12.0.3 build v12.0.3rc0 (win64 - Windows 11+.0 (26200.2))

CPU model: 11th Gen Intel(R) Core(TM) i7-1165G7 @ 2.80GHz, instruction set [SSE2|AVX|AVX2|AVX512]
Thread count: 4 physical cores, 8 logical processors, using up to 8 threads

Non-default parameters:
TimeLimit  180
MIPGap  0.01
MIPFocus  1
GomoryPasses  0
NonConvex  2
NumericFocus  2

Optimize a model with 11240 rows, 6537 columns and 29192 nonzeros
Model fingerprint: 0x81361234
Model has 72 quadratic objective terms
Model has 265 quadratic constraints
Variable types: 5889 continuous, 648 integer (648 binary)
Coefficient statistics:
  Matrix range     [9e-09, 2e+01]
  QMatrix range    [1e+00, 5e+02]
  QLMatrix range   [1e+00, 1e+00]
  Objective range  [1e-03, 1e-03]
  QObjective range [3e+00, 2e+01]
  Bounds range     [1e-08, 2e+01]
  RHS range        [7e-01, 2e+01]
  QRHS range       [1e+00, 1e+00]

User MIP start did not produce a new incumbent solution
User MIP start violates constraint R122 by 4.345047439
Loaded MIP start from previous solve with objective 0.482095

Presolve removed 4400 rows and 2424 columns
Presolve time: 0.13s
Presolved: 7879 rows, 4452 columns, 23982 nonzeros
Presolved model has 216 quadratic constraint(s)
Presolved model has 289 bilinear constraint(s)
Warning: Model contains variables with very large bounds participating
         in product terms.
         Presolve was not able to compute smaller bounds for these variables.
         Consider bounding these variables or reformulating the model.


Solving non-convex MIQCP

Variable types: 3804 continuous, 648 integer (648 binary)

Root relaxation: objective 1.610205e-01, 1992 iterations, 0.08 seconds (0.04 work units)

    Nodes    |    Current Node    |     Objective Bounds      |     Work
 Expl Unexpl |  Obj  Depth IntInf | Incumbent    BestBd   Gap | It/Node Time

     0     0    0.16102    0  248    0.48209    0.16102  66.6%     -    0s
     0     0    0.16317    0  353    0.48209    0.16317  66.2%     -    1s
     0     0    0.16317    0  351    0.48209    0.16317  66.2%     -    1s
     0     0    0.16322    0  367    0.48209    0.16322  66.1%     -    1s
     0     0    0.16361    0  366    0.48209    0.16361  66.1%     -    2s
     0     0    0.16371    0  251    0.48209    0.16371  66.0%     -    3s
     0     2    0.16371    0  251    0.48209    0.16371  66.0%     -    7s
    19    27    0.16371    5  251    0.48209    0.16371  66.0%   463   10s
H   32    42                       0.4586444    0.16371  64.3%   351   11s
    86    94    0.16371   12  254    0.45864    0.16371  64.3%   145   16s
H  105   112                       0.4586444    0.16371  64.3%   124   16s
H  107   112                       0.4586444    0.16371  64.3%   122   16s
H  167   164                       0.4586444    0.16371  64.3%  89.5   19s
H  169   164                       0.4586444    0.16371  64.3%  88.8   19s
   177   185    0.16543   26  243    0.45864    0.16371  64.3%  88.5   20s
   238   229    0.16811   37  222    0.45864    0.16371  64.3%  78.3   25s
   289   289    0.16954   44  218    0.45864    0.16371  64.3%  74.5   30s
H  314   302                       0.4586444    0.16371  64.3%  77.2   31s
   396   353    0.16852   16  194    0.45864    0.16371  64.3%  72.4   36s
H  400   338                       0.4586443    0.16505  64.0%  71.7   37s
   404   340    0.16505   11  197    0.45864    0.16505  64.0%  70.9   43s
   415   339    0.16505   21  257    0.45864    0.16505  64.0%   106   45s
H  423   318                       0.4580747    0.16505  64.0%   105   45s
H  431   300                       0.4580747    0.16505  64.0%   103   46s
H  496   305                       0.4580735    0.16505  64.0%   123   47s
   520   318    0.26107   47  300    0.45807    0.16505  64.0%   119   50s
   584   360    0.30805   55  215    0.45807    0.16505  64.0%   117   55s
   669   447    0.26079   62  254    0.45807    0.16505  64.0%   118   60s
   966   655    0.26079   96  259    0.45807    0.16505  64.0%   107   69s
  1010   704    0.26582  104  220    0.45807    0.16505  64.0%   105   70s
  1297   812    0.26105  129  276    0.45807    0.16746  63.4%   101   75s
  1383   888 infeasible  131         0.45807    0.16746  63.4%  97.9   80s
  1423   917    0.28066  134  209    0.45807    0.16746  63.4%  96.0   85s
H 1509   993                       0.4580645    0.16746  63.4%  91.8   89s
H 1512  1094                       0.4580645    0.16746  63.4%  91.6   90s
H 1544  1094                       0.4580644    0.16746  63.4%  90.7   90s
H 1675  1314                       0.4580644    0.16746  63.4%  84.3   91s
H 1945  1490                       0.4580644    0.16746  63.4%  73.9   93s
  2037  1498    0.25185  119  300    0.45806    0.16746  63.4%  70.8   95s
  2053  1509    0.25222  123  281    0.45806    0.16746  63.4%  70.3  100s
H 2074  1545                       0.4580644    0.16746  63.4%  71.3  104s
  2098  1551    0.25223  148  285    0.45806    0.16746  63.4%  70.7  106s
  2116  1567    0.25223  154  286    0.45806    0.16746  63.4%  71.9  110s
H 2121  1576                       0.4580644    0.16746  63.4%  72.4  111s
H 2180  1629                       0.4580641    0.16746  63.4%  71.2  112s
  2182  1669    0.25223  157  288    0.45806    0.16746  63.4%  71.1  115s
H 2294  1806                       0.4580641    0.16746  63.4%  70.2  118s
  2383  1839    0.25231  218  303    0.45806    0.22826  50.2%  73.2  121s
  2408  1847    0.25233  220  303    0.45806    0.22826  50.2%  73.9  125s
  2433  1939    0.25233  236  305    0.45806    0.22826  50.2%  73.7  131s
H 2501  1939                       0.4580636    0.22826  50.2%  71.8  131s
  2557  2025    0.25242  305  305    0.45806    0.22858  50.1%  71.6  135s
  2612  2092    0.25243  308  304    0.45806    0.22858  50.1%  70.2  141s
  2738  2209    0.25243  310  304    0.45806    0.22858  50.1%  67.2  146s
  2854  2309    0.25244  358  298    0.45806    0.22858  50.1%  64.9  150s
H 2961  2368                       0.4580636    0.22858  50.1%  62.7  154s
  2963  2409    0.25246  407  288    0.45806    0.22858  50.1%  62.7  156s
  3040  2522    0.25246  434  278    0.45806    0.22858  50.1%  62.4  161s
  3208  2771    0.25151   68  317    0.45806    0.22858  50.1%  59.8  165s
  3400  2778    0.25152   70  322    0.45806    0.22858  50.1%  56.8  170s
  3413  2815    0.25152   73  320    0.45806    0.22858  50.1%  56.7  176s
  3442  2932    0.25152   74  324    0.45806    0.22858  50.1%  56.2  180s

Cutting planes:
  Implied bound: 11
  MIR: 1
  Flow cover: 4
  RLT: 69
  BQP: 8

Explored 3569 nodes (206414 simplex iterations) in 180.07 seconds (86.00 work units)
Thread count was 8 (of 8 available processors)

Solution count 6: 0.458064 0.458064 0.458073 ... 0.482095

Time limit reached
Best objective 4.580643922562e-01, best bound 2.285831654932e-01, gap 50.0980%

User-callback calls 29772, time in user-callback 0.16 sec
alpha=0.2727272727272727  status=TIME_LIMIT
  agg total_shed = 137.107   cost-wtd Palma Σλ·top10/Σλ·bot40 (post-hoc) = 1.0347   model(σ·top) = 1.0347   uncosted-agg-served-Palma (diag) = 2.1618
Gurobi Optimizer version 12.0.3 build v12.0.3rc0 (win64 - Windows 11+.0 (26200.2))

CPU model: 11th Gen Intel(R) Core(TM) i7-1165G7 @ 2.80GHz, instruction set [SSE2|AVX|AVX2|AVX512]
Thread count: 4 physical cores, 8 logical processors, using up to 8 threads

Non-default parameters:
TimeLimit  180
MIPGap  0.01
MIPFocus  1
GomoryPasses  0
NonConvex  2
NumericFocus  2

Optimize a model with 11240 rows, 6537 columns and 29192 nonzeros
Model fingerprint: 0xb749b5c9
Model has 72 quadratic objective terms
Model has 265 quadratic constraints
Variable types: 5889 continuous, 648 integer (648 binary)
Coefficient statistics:
  Matrix range     [9e-09, 2e+01]
  QMatrix range    [1e+00, 5e+02]
  QLMatrix range   [1e+00, 1e+00]
  Objective range  [1e-03, 1e-03]
  QObjective range [4e+00, 2e+01]
  Bounds range     [1e-08, 2e+01]
  RHS range        [7e-01, 2e+01]
  QRHS range       [1e+00, 1e+00]

User MIP start did not produce a new incumbent solution
User MIP start violates constraint R122 by 4.345047439
Loaded MIP start from previous solve with objective 0.530145

Presolve removed 4400 rows and 2424 columns
Presolve time: 0.07s
Presolved: 7879 rows, 4452 columns, 23982 nonzeros
Presolved model has 216 quadratic constraint(s)
Presolved model has 289 bilinear constraint(s)
Warning: Model contains variables with very large bounds participating
         in product terms.
         Presolve was not able to compute smaller bounds for these variables.
         Consider bounding these variables or reformulating the model.


Solving non-convex MIQCP

Variable types: 3804 continuous, 648 integer (648 binary)

Root relaxation: objective 1.408929e-01, 2055 iterations, 0.06 seconds (0.04 work units)

    Nodes    |    Current Node    |     Objective Bounds      |     Work
 Expl Unexpl |  Obj  Depth IntInf | Incumbent    BestBd   Gap | It/Node Time

     0     0    0.14089    0  253    0.53014    0.14089  73.4%     -    0s
     0     0    0.14376    0  337    0.53014    0.14376  72.9%     -    0s
H    0     0                       0.5301446    0.14376  72.9%     -    0s
     0     0    0.14435    0  350    0.53014    0.14435  72.8%     -    1s
     0     0    0.14435    0  349    0.53014    0.14435  72.8%     -    1s
     0     0    0.14448    0  255    0.53014    0.14448  72.7%     -    1s
H    0     0                       0.5301446    0.14448  72.7%     -    5s
     0     2    0.14448    0  249    0.53014    0.14448  72.7%     -    5s
H    1     4                       0.5301446    0.14448  72.7%   459    5s
    76    87    0.14471   14  250    0.53014    0.14448  72.7%  88.2   10s
   190   193    0.14821   29  246    0.53014    0.14448  72.7%  52.5   15s
H  233   233                       0.5301446    0.14448  72.7%   148   18s
   280   279    0.14537   19  239    0.53014    0.14448  72.7%   129   20s
H  306   301                       0.5301446    0.14448  72.7%   124   21s
   388   374    0.14874   33  230    0.53014    0.14448  72.7%   122   25s
H  394   374                       0.5301446    0.14448  72.7%   120   25s
H  465   472                       0.5301446    0.14448  72.7%   116   27s
   573   532    0.14508   16  249    0.53014    0.14448  72.7%   102   30s
   665   604    0.14706   28  200    0.53014    0.14448  72.7%  93.3   37s
   672   609    0.14869   29  193    0.53014    0.14448  72.7%  92.3   42s
   673   609    0.14962   35  193    0.53014    0.14448  72.7%  92.2   45s
H  689   581                       0.5301446    0.14448  72.7%   109   49s
   709   589    0.14448   18  258    0.53014    0.14448  72.7%   109   50s
H  779   590                       0.5301446    0.14536  72.6%   107   51s
H  874   627                       0.5301444    0.14554  72.5%   101   53s
   915   657    0.14776   28  371    0.53014    0.14554  72.5%  98.9   55s
  1063   731    0.23207   35  379    0.53014    0.14554  72.5%  91.9   60s
  1274   877    0.25383   72  340    0.53014    0.14554  72.5%  87.1   65s
  1618  1080    0.31441   96  351    0.53014    0.14554  72.5%  78.9   70s
  1825  1132    0.34906  102  348    0.53014    0.14554  72.5%  76.8   75s
  1908  1158    0.35078  104  322    0.53014    0.14554  72.5%  74.5   80s
  1924  1168    0.35618  106  343    0.53014    0.14554  72.5%  74.4   86s
  1945  1180    0.35478  109  337    0.53014    0.14554  72.5%  73.9   90s
  1978  1229    0.35667  111  334    0.53014    0.14554  72.5%  72.9   95s
  2254  1364    0.23198   35  389    0.53014    0.14554  72.5%  73.3  101s
  2521  1619    0.23225   34  374    0.53014    0.14554  72.5%  70.4  105s
  2711  1712    0.23195   37  365    0.53014    0.14554  72.5%  75.6  111s
  2804  1775    0.23482   39  370    0.53014    0.14554  72.5%  74.0  116s
  2862  1861    0.29413   62  360    0.53014    0.14554  72.5%  74.8  121s
  2911  1917    0.30826   86  319    0.53014    0.14554  72.5%  74.8  125s
  3004  1958    0.30826   88  319    0.53014    0.14554  72.5%  75.7  132s
  3017  1982    0.31000   88  313    0.53014    0.14554  72.5%  75.7  135s
  3103  2069    0.31166   89  334    0.53014    0.14554  72.5%  76.2  141s
  3228  2106 infeasible   90         0.53014    0.14554  72.5%  76.4  146s
  3241  2155    0.31272   92  341    0.53014    0.14554  72.5%  79.4  150s
  3318  2185    0.34308  116  315    0.53014    0.14554  72.5%  81.5  156s
  3326  2196    0.32717  116  308    0.53014    0.14554  72.5%  81.6  162s
  3339  2233    0.32802  117  308    0.53014    0.14554  72.5%  81.4  165s
  3520  2386    0.34185  119  306    0.53014    0.14554  72.5%  80.2  172s
  3650  2470    0.34748  118  305    0.53014    0.14554  72.5%  80.5  176s
  3754  2496    0.32903  117  304    0.53014    0.14554  72.5%  80.9  180s

Cutting planes:
  Implied bound: 6
  MIR: 1
  Flow cover: 6
  RLT: 68
  Relax-and-lift: 1
  BQP: 3

Explored 3796 nodes (319982 simplex iterations) in 180.13 seconds (88.79 work units)
Thread count was 8 (of 8 available processors)

Solution count 2: 0.530144 0.530145 

Time limit reached
Best objective 5.301446327332e-01, best bound 1.455425113161e-01, gap 72.5466%

User-callback calls 27952, time in user-callback 0.16 sec
alpha=0.36363636363636365  status=TIME_LIMIT
  agg total_shed = 137.107   cost-wtd Palma Σλ·top10/Σλ·bot40 (post-hoc) = 1.0347   model(σ·top) = 1.0347   uncosted-agg-served-Palma (diag) = 2.1618
Gurobi Optimizer version 12.0.3 build v12.0.3rc0 (win64 - Windows 11+.0 (26200.2))

CPU model: 11th Gen Intel(R) Core(TM) i7-1165G7 @ 2.80GHz, instruction set [SSE2|AVX|AVX2|AVX512]
Thread count: 4 physical cores, 8 logical processors, using up to 8 threads

Non-default parameters:
TimeLimit  180
MIPGap  0.01
MIPFocus  1
GomoryPasses  0
NonConvex  2
NumericFocus  2

Optimize a model with 11240 rows, 6537 columns and 29192 nonzeros
Model fingerprint: 0xf032a1f5
Model has 72 quadratic objective terms
Model has 265 quadratic constraints
Variable types: 5889 continuous, 648 integer (648 binary)
Coefficient statistics:
  Matrix range     [9e-09, 2e+01]
  QMatrix range    [1e+00, 5e+02]
  QLMatrix range   [1e+00, 1e+00]
  Objective range  [1e-03, 1e-03]
  QObjective range [5e+00, 3e+01]
  Bounds range     [1e-08, 2e+01]
  RHS range        [7e-01, 2e+01]
  QRHS range       [1e+00, 1e+00]

User MIP start did not produce a new incumbent solution
User MIP start violates constraint R122 by 4.345047439
Loaded MIP start from previous solve with objective 0.602225

Presolve removed 4400 rows and 2424 columns
Presolve time: 0.26s
Presolved: 7879 rows, 4452 columns, 23982 nonzeros
Presolved model has 216 quadratic constraint(s)
Presolved model has 289 bilinear constraint(s)
Warning: Model contains variables with very large bounds participating
         in product terms.
         Presolve was not able to compute smaller bounds for these variables.
         Consider bounding these variables or reformulating the model.


Solving non-convex MIQCP

Variable types: 3804 continuous, 648 integer (648 binary)

Root relaxation: objective 1.207654e-01, 2048 iterations, 0.22 seconds (0.04 work units)

    Nodes    |    Current Node    |     Objective Bounds      |     Work
 Expl Unexpl |  Obj  Depth IntInf | Incumbent    BestBd   Gap | It/Node Time

     0     0    0.12077    0  252    0.60222    0.12077  79.9%     -    1s
     0     0    0.12435    0  344    0.60222    0.12435  79.4%     -    2s
     0     0    0.12435    0  346    0.60222    0.12435  79.4%     -    2s
     0     0    0.12444    0  361    0.60222    0.12444  79.3%     -    3s
     0     0    0.12444    0  356    0.60222    0.12444  79.3%     -    3s
     0     0    0.12711    0  273    0.60222    0.12711  78.9%     -    4s
     0     0    0.12711    0  273    0.60222    0.12711  78.9%     -    5s
     0     2    0.12711    0  250    0.60222    0.12711  78.9%     -   11s
H   11    28                       0.5991210    0.12711  78.8%   595   14s
H   27    38                       0.5991210    0.12711  78.8%   337   15s
H   68    98                       0.5991210    0.12711  78.8%   265   17s
H   86    98                       0.5991210    0.12711  78.8%   216   17s
   163   194    0.12930   19  304    0.59912    0.12711  78.8%   150   21s
H  217   237                       0.5991210    0.12711  78.8%   129   24s
   244   264    0.12711   21  306    0.59912    0.12711  78.8%   137   25s
H  284   294                       0.5991210    0.12711  78.8%   151   27s
   339   389    0.12711   23  296    0.59912    0.12711  78.8%   137   30s
H  398   389                       0.5991067    0.12711  78.8%   131   31s
   476   518    0.12711   33  279    0.59911    0.12711  78.8%   128   35s
H  672   739                       0.5991067    0.12711  78.8%   136   43s
   789   781    0.13082   70  254    0.59911    0.12711  78.8%   128   46s
   839   826    0.13112   86  249    0.59911    0.12711  78.8%   123   50s
   935   878    0.13339  109  235    0.59911    0.12711  78.8%   120   56s
   940   880    0.13592  110  209    0.59911    0.12711  78.8%   121   60s
H  943   880                       0.5991064    0.12711  78.8%   120   60s
H  945   880                       0.5991059    0.12711  78.8%   120   60s
   993   929    0.13526  111  214    0.59911    0.12711  78.8%   130   68s
H  994   929                       0.5983049    0.12711  78.8%   130   68s
H 1013   929                       0.5983048    0.12711  78.8%   133   70s
H 1013   929                       0.5983048    0.12711  78.8%   133   70s
H 1015   884                       0.5983048    0.12711  78.8%   133   79s
  1017   885    0.13438  104  233    0.59830    0.12711  78.8%   133   80s
H 1021   843                       0.5983047    0.12750  78.7%   132   83s
  1022   843    0.12837   34  208    0.59830    0.12750  78.7%   132   90s
H 1079   794                       0.5983047    0.12750  78.7%   141   94s
  1085   796    0.12750   37  255    0.59830    0.12750  78.7%   141   95s
  1233   876    0.12886   53  366    0.59830    0.12750  78.7%   131  100s
  1324   914    0.13196   76  375    0.59830    0.12750  78.7%   127  105s
  1366   927    0.13301   81  369    0.59830    0.12750  78.7%   125  110s
  1400   928    0.14262   84  371    0.59830    0.12750  78.7%   123  115s
H 1478   898                       0.5983047    0.12750  78.7%   119  119s
  1491   913    0.13857   87  348    0.59830    0.12750  78.7%   118  121s
  1604   923    0.14414   89  354    0.59830    0.12750  78.7%   114  125s
  1665   956 infeasible  109         0.59830    0.12750  78.7%   114  130s
  1757  1011    0.17920   68  380    0.59830    0.12750  78.7%   113  135s
H 1835   979                       0.5983042    0.12750  78.7%   114  138s
  1850   997    0.34701   90  346    0.59830    0.12750  78.7%   114  140s
  1960  1053    0.35296   93  347    0.59830    0.12750  78.7%   111  145s
  1983  1060    0.35352   95  345    0.59830    0.12750  78.7%   111  150s
  2032  1102    0.35397   98  346    0.59830    0.12750  78.7%   112  155s
  2131  1151 infeasible  134         0.59830    0.12750  78.7%   112  162s
  2197  1170 infeasible  136         0.59830    0.12750  78.7%   116  166s
  2212  1183 infeasible  138         0.59830    0.12750  78.7%   116  171s
  2276  1238    0.44619  151  329    0.59830    0.12750  78.7%   115  177s
  2329  1225    0.31886   53  339    0.59830    0.12750  78.7%   115  180s

Cutting planes:
  Implied bound: 9
  Flow cover: 4
  RLT: 70
  BQP: 2

Explored 2333 nodes (279886 simplex iterations) in 180.03 seconds (86.16 work units)
Thread count was 8 (of 8 available processors)

Solution count 6: 0.598304 0.599106 0.599106 ... 0.602225

Time limit reached
Best objective 5.983047467591e-01, best bound 1.274951495996e-01, gap 78.6906%

User-callback calls 24145, time in user-callback 0.16 sec
alpha=0.45454545454545453  status=TIME_LIMIT
  agg total_shed = 161.039   cost-wtd Palma Σλ·top10/Σλ·bot40 (post-hoc) = 0.9754   model(σ·top) = 0.9754   uncosted-agg-served-Palma (diag) = 2.351
Gurobi Optimizer version 12.0.3 build v12.0.3rc0 (win64 - Windows 11+.0 (26200.2))

CPU model: 11th Gen Intel(R) Core(TM) i7-1165G7 @ 2.80GHz, instruction set [SSE2|AVX|AVX2|AVX512]
Thread count: 4 physical cores, 8 logical processors, using up to 8 threads

Non-default parameters:
TimeLimit  180
MIPGap  0.01
MIPFocus  1
GomoryPasses  0
NonConvex  2
NumericFocus  2

Optimize a model with 11240 rows, 6537 columns and 29192 nonzeros
Model fingerprint: 0x9de0c27a
Model has 72 quadratic objective terms
Model has 265 quadratic constraints
Variable types: 5889 continuous, 648 integer (648 binary)
Coefficient statistics:
  Matrix range     [9e-09, 2e+01]
  QMatrix range    [1e+00, 5e+02]
  QLMatrix range   [1e+00, 1e+00]
  Objective range  [8e-04, 8e-04]
  QObjective range [5e+00, 3e+01]
  Bounds range     [1e-08, 2e+01]
  RHS range        [7e-01, 2e+01]
  QRHS range       [1e+00, 1e+00]

User MIP start did not produce a new incumbent solution
User MIP start violates constraint R122 by 4.345047439
Loaded MIP start from previous solve with objective 0.661159

Presolve removed 4400 rows and 2424 columns
Presolve time: 0.07s
Presolved: 7879 rows, 4452 columns, 23982 nonzeros
Presolved model has 216 quadratic constraint(s)
Presolved model has 289 bilinear constraint(s)
Warning: Model contains variables with very large bounds participating
         in product terms.
         Presolve was not able to compute smaller bounds for these variables.
         Consider bounding these variables or reformulating the model.


Solving non-convex MIQCP

Variable types: 3804 continuous, 648 integer (648 binary)

Root relaxation: objective 1.006378e-01, 2048 iterations, 0.07 seconds (0.04 work units)

    Nodes    |    Current Node    |     Objective Bounds      |     Work
 Expl Unexpl |  Obj  Depth IntInf | Incumbent    BestBd   Gap | It/Node Time

     0     0    0.10064    0  251    0.66116    0.10064  84.8%     -    0s
     0     0    0.10491    0  349    0.66116    0.10491  84.1%     -    0s
     0     0    0.10491    0  350    0.66116    0.10491  84.1%     -    0s
     0     0    0.10504    0  350    0.66116    0.10504  84.1%     -    1s
H    0     0                       0.6611589    0.10504  84.1%     -    1s
     0     0    0.10574    0  357    0.66116    0.10574  84.0%     -    1s
     0     0    0.10604    0  267    0.66116    0.10604  84.0%     -    1s
     0     2    0.10604    0  256    0.66116    0.10604  84.0%     -    4s
     7    12    0.10604    3  259    0.66116    0.10604  84.0%   582    5s
    33    49    0.10604    9  256    0.66116    0.10604  84.0%   760   12s
    82   101    0.10696   18  241    0.66116    0.10604  84.0%   644   18s
   134   157    0.10703   28  242    0.66116    0.10604  84.0%   495   21s
H  170   171                       0.6610151    0.10604  84.0%   443   21s
H  213   210                       0.6610151    0.10604  84.0%   364   23s
   269   269    0.10826   52  225    0.66102    0.10604  84.0%   305   25s
H  311   324                       0.6610151    0.10604  84.0%   279   26s
   410   409    0.11342   72  219    0.66102    0.10604  84.0%   236   31s
H  412   409                       0.6610148    0.10604  84.0%   235   31s
   484   489    0.11373   76  199    0.66101    0.10604  84.0%   205   35s
   555   539    0.11373   79  202    0.66101    0.10604  84.0%   224   41s
   629   600    0.11524   82  211    0.66101    0.10604  84.0%   204   46s
   718   684    0.11524   85  207    0.66101    0.10604  84.0%   191   51s
   804   761    0.10636   11  252    0.66101    0.10604  84.0%   184   56s
   863   827    0.10827   46  225    0.66101    0.10604  84.0%   176   61s
   900   849    0.11234   65  222    0.66101    0.10604  84.0%   170   65s
   974   914    0.10881   61  479    0.66101    0.10604  84.0%   167   71s
  1008   915    0.11029   74  197    0.66101    0.10604  84.0%   171   78s
  1011   917    0.10833   56  244    0.66101    0.10604  84.0%   170   80s
H 1015   873                       0.6610148    0.10604  84.0%   170   86s
  1035   869    0.10604   20  256    0.66101    0.10604  84.0%   184   90s
  1214   957    0.11036   42  398    0.66101    0.10604  84.0%   168   95s
H 1398  1018                       0.6610148    0.10604  84.0%   154   98s
H 1406   993                       0.6610145    0.10604  84.0%   153   98s
  1476  1023    0.14466   66  393    0.66101    0.10604  84.0%   149  100s
  1569  1060    0.13858   71  376    0.66101    0.10604  84.0%   151  105s
  1630  1079    0.15070   76  385    0.66101    0.10604  84.0%   150  110s
  1669  1090    0.16826   80  372    0.66101    0.10604  84.0%   149  115s
  1749  1117    0.20112   98  363    0.66101    0.10796  83.7%   149  120s
  1804  1145    0.15617  118  373    0.66101    0.10796  83.7%   149  125s
H 1813  1115                       0.6610145    0.10796  83.7%   149  126s
H 1852  1105                       0.6610145    0.10796  83.7%   150  129s
  1886  1121    0.18905  131  295    0.66101    0.10796  83.7%   149  131s
  2013  1177 infeasible  168         0.66101    0.10796  83.7%   146  135s
  2200  1223    0.14327   49  288    0.66101    0.10796  83.7%   141  140s
  2217  1227    0.14492   53  278    0.66101    0.10796  83.7%   140  146s
  2245  1261    0.14546   56  276    0.66101    0.10818  83.6%   140  150s
  2313  1283    0.14825   58  273    0.66101    0.10818  83.6%   138  155s
  2408  1316    0.15201   62  276    0.66101    0.10818  83.6%   137  163s
  2424  1353    0.15204   63  278    0.66101    0.10818  83.6%   137  165s
  2529  1412    0.15214   66  270    0.66101    0.10818  83.6%   135  171s
H 2605  1378                       0.6610140    0.10819  83.6%   135  173s
  2637  1453    0.12172   35  278    0.66101    0.10819  83.6%   136  177s
  2749  1463    0.24562   51  379    0.66101    0.10819  83.6%   134  180s

Cutting planes:
  Implied bound: 10
  MIR: 2
  Flow cover: 13
  RLT: 76
  Relax-and-lift: 4
  BQP: 5

Explored 2808 nodes (389109 simplex iterations) in 180.06 seconds (95.79 work units)
Thread count was 8 (of 8 available processors)

Solution count 5: 0.661014 0.661014 0.661015 ... 0.661159

Time limit reached
Best objective 6.610150557429e-01, best bound 1.081937578934e-01, gap 83.6322%

User-callback calls 26089, time in user-callback 0.14 sec
alpha=0.5454545454545454  status=TIME_LIMIT
  agg total_shed = 161.717   cost-wtd Palma Σλ·top10/Σλ·bot40 (post-hoc) = 0.9742   model(σ·top) = 0.9742   uncosted-agg-served-Palma (diag) = 2.3438
Gurobi Optimizer version 12.0.3 build v12.0.3rc0 (win64 - Windows 11+.0 (26200.2))

CPU model: 11th Gen Intel(R) Core(TM) i7-1165G7 @ 2.80GHz, instruction set [SSE2|AVX|AVX2|AVX512]
Thread count: 4 physical cores, 8 logical processors, using up to 8 threads

Non-default parameters:
TimeLimit  180
MIPGap  0.01
MIPFocus  1
GomoryPasses  0
NonConvex  2
NumericFocus  2

Optimize a model with 11240 rows, 6537 columns and 29192 nonzeros
Model fingerprint: 0xe97e9a6d
Model has 72 quadratic objective terms
Model has 265 quadratic constraints
Variable types: 5889 continuous, 648 integer (648 binary)
Coefficient statistics:
  Matrix range     [9e-09, 2e+01]
  QMatrix range    [1e+00, 5e+02]
  QLMatrix range   [1e+00, 1e+00]
  Objective range  [6e-04, 6e-04]
  QObjective range [6e+00, 4e+01]
  Bounds range     [1e-08, 2e+01]
  RHS range        [7e-01, 2e+01]
  QRHS range       [1e+00, 1e+00]

User MIP start did not produce a new incumbent solution
User MIP start violates constraint R122 by 4.345047439
Loaded MIP start from previous solve with objective 0.723646

Presolve removed 4400 rows and 2424 columns
Presolve time: 0.09s
Presolved: 7879 rows, 4452 columns, 23982 nonzeros
Presolved model has 216 quadratic constraint(s)
Presolved model has 289 bilinear constraint(s)
Warning: Model contains variables with very large bounds participating
         in product terms.
         Presolve was not able to compute smaller bounds for these variables.
         Consider bounding these variables or reformulating the model.


Solving non-convex MIQCP

Variable types: 3804 continuous, 648 integer (648 binary)

Root relaxation: objective 8.051024e-02, 1992 iterations, 0.08 seconds (0.04 work units)

    Nodes    |    Current Node    |     Objective Bounds      |     Work
 Expl Unexpl |  Obj  Depth IntInf | Incumbent    BestBd   Gap | It/Node Time

     0     0    0.08051    0  254    0.72365    0.08051  88.9%     -    0s
     0     0    0.08509    0  357    0.72365    0.08509  88.2%     -    0s
     0     0    0.08565    0  351    0.72365    0.08565  88.2%     -    1s
     0     0    0.08565    0  351    0.72365    0.08565  88.2%     -    1s
     0     0    0.08676    0  253    0.72365    0.08676  88.0%     -    1s
     0     2    0.08676    0  253    0.72365    0.08676  88.0%     -    7s
H   11    22                       0.7020488    0.08676  87.6%   289    8s
H   12    22                       0.7020486    0.08676  87.6%   266    8s
H   31    36                       0.7020486    0.08676  87.6%   128    9s
    35    48    0.08752    8  249    0.70205    0.08676  87.6%   117   10s
H  125   120                       0.7020485    0.08676  87.6%  70.6   12s
H  133   120                       0.7020484    0.08676  87.6%  67.9   13s
H  158   149                       0.7020484    0.08676  87.6%  61.4   14s
   199   187    0.08701   31  260    0.70205    0.08676  87.6%  66.3   15s
H  231   219                       0.7020484    0.08676  87.6%  64.6   16s
H  241   228                       0.7020481    0.08676  87.6%  63.0   17s
H  268   265                       0.7020481    0.08676  87.6%  71.9   19s
   301   294    0.08991   53  235    0.70205    0.08676  87.6%  90.4   20s
H  357   332                       0.7020481    0.08676  87.6%  92.3   21s
   461   398    0.09166   13  192    0.70205    0.08676  87.6%  87.6   27s
   473   407    0.09166   20  240    0.70205    0.08691  87.6%   105   30s
   478   410    0.10545   13  194    0.70205    0.10545  85.0%   104   36s
   580   444    0.10545   35  373    0.70205    0.10545  85.0%   131   40s
   649   486    0.10545   43  372    0.70205    0.10545  85.0%   140   45s
   749   555    0.11646   63  360    0.70205    0.10545  85.0%   141   50s
   830   598    0.19540   81  361    0.70205    0.10545  85.0%   148   55s
   932   676    0.20598   99  366    0.70205    0.10545  85.0%   164   60s
   991   693    0.22755  108  382    0.70205    0.10545  85.0%   170   65s
  1008   711    0.20659  110  356    0.70205    0.10545  85.0%   174   70s
  1185   837    0.22937  139  383    0.70205    0.10545  85.0%   169   75s
  1311   837    0.23615  149  387    0.70205    0.10545  85.0%   167   80s
  1327   846 infeasible  151         0.70205    0.10545  85.0%   167   85s
  1386   864    0.37342  174  316    0.70205    0.10545  85.0%   164   90s
  1508   882 infeasible  202         0.70205    0.10545  85.0%   160   95s
  1525   884    0.43122  203  292    0.70205    0.10545  85.0%   159  100s
  1595   904 infeasible  205         0.70205    0.10545  85.0%   157  105s
  1649   960    0.10545   52  334    0.70205    0.10545  85.0%   154  110s
  1760  1044    0.13089   80  363    0.70205    0.10545  85.0%   153  117s
  1839  1122 infeasible   81         0.70205    0.10545  85.0%   153  122s
  1882  1140    0.13124   83  359    0.70205    0.10545  85.0%   153  125s
  1908  1180    0.13726   85  350    0.70205    0.10545  85.0%   154  130s
  2017  1314    0.13265   85  344    0.70205    0.10545  85.0%   152  137s
  2105  1461    0.16918   86  323    0.70205    0.10545  85.0%   150  141s
  2274  1544    0.13317   86  353    0.70205    0.10545  85.0%   145  145s
  2387  1551    0.20693   99  342    0.70205    0.10545  85.0%   148  152s
  2391  1555    0.20695  100  342    0.70205    0.10545  85.0%   147  155s
  2402  1622 infeasible  101         0.70205    0.10545  85.0%   148  161s
  2486  1650 infeasible  102         0.70205    0.10545  85.0%   149  165s
  2548  1700    0.10545   41  286    0.70205    0.10545  85.0%   151  172s
  2593  1709 infeasible   52         0.70205    0.10545  85.0%   153  175s
H 2594  1709                       0.7020478    0.10545  85.0%   152  175s
  2627  1729    0.11716   59  389    0.70205    0.10545  85.0%   154  180s

Cutting planes:
  Implied bound: 12
  MIR: 2
  Flow cover: 3
  RLT: 87
  Relax-and-lift: 1
  BQP: 7

Explored 2634 nodes (416156 simplex iterations) in 180.05 seconds (87.81 work units)
Thread count was 8 (of 8 available processors)

Solution count 6: 0.702048 0.702048 0.702049 ... 0.723646

Time limit reached
Best objective 7.020484066133e-01, best bound 1.054459918929e-01, gap 84.9802%

User-callback calls 25556, time in user-callback 0.15 sec
alpha=0.6363636363636364  status=TIME_LIMIT
  agg total_shed = 137.625   cost-wtd Palma Σλ·top10/Σλ·bot40 (post-hoc) = 0.9645   model(σ·top) = 0.9645   uncosted-agg-served-Palma (diag) = 2.1412
Gurobi Optimizer version 12.0.3 build v12.0.3rc0 (win64 - Windows 11+.0 (26200.2))

CPU model: 11th Gen Intel(R) Core(TM) i7-1165G7 @ 2.80GHz, instruction set [SSE2|AVX|AVX2|AVX512]
Thread count: 4 physical cores, 8 logical processors, using up to 8 threads

Non-default parameters:
TimeLimit  180
MIPGap  0.01
MIPFocus  1
GomoryPasses  0
NonConvex  2
NumericFocus  2

Optimize a model with 11240 rows, 6537 columns and 29192 nonzeros
Model fingerprint: 0xb9d393d7
Model has 72 quadratic objective terms
Model has 265 quadratic constraints
Variable types: 5889 continuous, 648 integer (648 binary)
Coefficient statistics:
  Matrix range     [9e-09, 2e+01]
  QMatrix range    [1e+00, 5e+02]
  QLMatrix range   [1e+00, 1e+00]
  Objective range  [5e-04, 5e-04]
  QObjective range [7e+00, 4e+01]
  Bounds range     [1e-08, 2e+01]
  RHS range        [7e-01, 2e+01]
  QRHS range       [1e+00, 1e+00]

User MIP start did not produce a new incumbent solution
User MIP start violates constraint R122 by 4.345047439
Loaded MIP start from previous solve with objective 0.767664

Presolve removed 4400 rows and 2424 columns
Presolve time: 0.07s
Presolved: 7879 rows, 4452 columns, 23982 nonzeros
Presolved model has 216 quadratic constraint(s)
Presolved model has 289 bilinear constraint(s)
Warning: Model contains variables with very large bounds participating
         in product terms.
         Presolve was not able to compute smaller bounds for these variables.
         Consider bounding these variables or reformulating the model.


Solving non-convex MIQCP

Variable types: 3804 continuous, 648 integer (648 binary)

Root relaxation: objective 6.038268e-02, 1992 iterations, 0.06 seconds (0.04 work units)

    Nodes    |    Current Node    |     Objective Bounds      |     Work
 Expl Unexpl |  Obj  Depth IntInf | Incumbent    BestBd   Gap | It/Node Time

     0     0    0.06038    0  252    0.76766    0.06038  92.1%     -    0s
     0     0    0.06519    0  353    0.76766    0.06519  91.5%     -    0s
     0     0    0.06519    0  354    0.76766    0.06519  91.5%     -    0s
     0     0    0.06625    0  339    0.76766    0.06625  91.4%     -    0s
H    0     0                       0.7676640    0.06625  91.4%     -    1s
     0     0    0.06625    0  336    0.76766    0.06625  91.4%     -    1s
     0     0    0.06741    0  273    0.76766    0.06741  91.2%     -    1s
     0     2    0.06741    0  261    0.76766    0.06741  91.2%     -    4s
     1     4    0.06741    1  261    0.76766    0.06741  91.2%   430    5s
H   35    42                       0.7642465    0.06741  91.2%   142    7s
H   36    42                       0.7642465    0.06741  91.2%   138    7s
H  102   109                       0.7642465    0.06741  91.2%  70.4    8s
   183   199    0.06892   32  251    0.76425    0.06741  91.2%  64.0   10s
   252   245    0.06989   43  242    0.76425    0.06741  91.2%  58.0   15s
   304   299    0.07120   50  229    0.76425    0.06741  91.2%  53.5   20s
   484   478    0.07120   54  226    0.76425    0.06741  91.2%  54.3   25s
   676   591    0.07059   32  198    0.76425    0.06741  91.2%  58.9   30s
   691   602    0.07145   29  235    0.76425    0.07059  90.8%  71.5   35s
   693   603    0.07457   71  196    0.76425    0.07059  90.8%  71.3   40s
H  763   618                       0.7642406    0.11436  85.0%  91.7   43s
H  845   637                       0.7642405    0.24105  68.5%  97.7   45s
   956   694    0.36735   58  368    0.76424    0.24105  68.5%   101   50s
  1021   728    0.36747   64  370    0.76424    0.24105  68.5%   100   55s
  1153   803    0.36767   74  373    0.76424    0.24105  68.5%   104   61s
H 1187   791                       0.7642404    0.24105  68.5%   108   63s
  1286   878    0.37139   90  332    0.76424    0.24105  68.5%   113   65s
H 1411   897                       0.7642404    0.24105  68.5%   118   67s
H 1420   877                       0.7642404    0.24105  68.5%   117   69s
  1424   893    0.37089  107  342    0.76424    0.24105  68.5%   117   70s
  1498   919    0.29092   39  350    0.76424    0.25004  67.3%   120   75s
  1520   932    0.29839   42  357    0.76424    0.25004  67.3%   122   80s
H 1530   934                       0.7642404    0.25004  67.3%   122   81s
  1651  1010    0.30252   45  344    0.76424    0.25004  67.3%   122   85s
  1732  1033    0.30193   47  348    0.76424    0.25004  67.3%   125   90s
H 1808  1087                       0.7642404    0.25004  67.3%   128   92s
  1921  1178    0.30950   66  334    0.76424    0.25004  67.3%   130   95s
  2043  1223    0.30215   85  352    0.76424    0.25004  67.3%   130  100s
H 2101  1264                       0.7642398    0.25004  67.3%   133  103s
  2104  1268    0.30286   87  343    0.76424    0.25004  67.3%   133  105s
  2120  1284    0.30265   89  331    0.76424    0.25004  67.3%   133  110s
  2221  1436    0.30222  107  355    0.76424    0.25004  67.3%   131  115s
  2344  1501    0.30399  135  307    0.76424    0.25004  67.3%   128  122s
  2359  1534    0.30421  136  293    0.76424    0.25004  67.3%   128  126s
  2428  1603    0.30267  137  319    0.76424    0.25004  67.3%   126  132s
  2485  1621    0.30267  138  319    0.76424    0.25004  67.3%   125  135s
  2537  1680    0.30349  154  317    0.76424    0.25004  67.3%   124  141s
  2576  1694    0.30813  165  303    0.76424    0.25004  67.3%   123  145s
  2608  1780    0.30325   45  299    0.76424    0.25004  67.3%   124  153s
  2700  1784    0.30273   46  287    0.76424    0.25004  67.3%   122  157s
  2704  1820    0.30266   46  304    0.76424    0.25004  67.3%   122  161s
  2779  1905    0.30336   81  298    0.76424    0.25004  67.3%   121  168s
  2825  1909    0.30279   92  304    0.76424    0.25004  67.3%   120  172s
  2829  1950    0.30295   92  297    0.76424    0.25004  67.3%   119  176s
  2870  2011    0.32064   93  213    0.76424    0.25004  67.3%   118  180s

Cutting planes:
  Implied bound: 6
  Flow cover: 7
  RLT: 89
  Relax-and-lift: 1
  BQP: 13

Explored 2931 nodes (350930 simplex iterations) in 180.07 seconds (90.64 work units)
Thread count was 8 (of 8 available processors)

Solution count 6: 0.76424 0.76424 0.76424 ... 0.767664

Time limit reached
Best objective 7.642404583747e-01, best bound 2.500389146282e-01, gap 67.2827%

User-callback calls 28112, time in user-callback 0.16 sec
alpha=0.7272727272727273  status=TIME_LIMIT
  agg total_shed = 140.596   cost-wtd Palma Σλ·top10/Σλ·bot40 (post-hoc) = 0.9578   model(σ·top) = 0.9578   uncosted-agg-served-Palma (diag) = 2.1803
Gurobi Optimizer version 12.0.3 build v12.0.3rc0 (win64 - Windows 11+.0 (26200.2))

CPU model: 11th Gen Intel(R) Core(TM) i7-1165G7 @ 2.80GHz, instruction set [SSE2|AVX|AVX2|AVX512]
Thread count: 4 physical cores, 8 logical processors, using up to 8 threads

Non-default parameters:
TimeLimit  180
MIPGap  0.01
MIPFocus  1
GomoryPasses  0
NonConvex  2
NumericFocus  2

Optimize a model with 11240 rows, 6537 columns and 29192 nonzeros
Model fingerprint: 0x3808eb60
Model has 72 quadratic objective terms
Model has 265 quadratic constraints
Variable types: 5889 continuous, 648 integer (648 binary)
Coefficient statistics:
  Matrix range     [9e-09, 2e+01]
  QMatrix range    [1e+00, 5e+02]
  QLMatrix range   [1e+00, 1e+00]
  Objective range  [3e-04, 3e-04]
  QObjective range [8e+00, 5e+01]
  Bounds range     [1e-08, 2e+01]
  RHS range        [7e-01, 2e+01]
  QRHS range       [1e+00, 1e+00]

User MIP start did not produce a new incumbent solution
User MIP start violates constraint R122 by 4.345047439
Loaded MIP start from previous solve with objective 0.828773

Presolve removed 4400 rows and 2424 columns
Presolve time: 0.09s
Presolved: 7879 rows, 4452 columns, 23982 nonzeros
Presolved model has 216 quadratic constraint(s)
Presolved model has 289 bilinear constraint(s)
Warning: Model contains variables with very large bounds participating
         in product terms.
         Presolve was not able to compute smaller bounds for these variables.
         Consider bounding these variables or reformulating the model.


Solving non-convex MIQCP

Variable types: 3804 continuous, 648 integer (648 binary)

Root relaxation: objective 4.025512e-02, 1992 iterations, 0.07 seconds (0.04 work units)

    Nodes    |    Current Node    |     Objective Bounds      |     Work
 Expl Unexpl |  Obj  Depth IntInf | Incumbent    BestBd   Gap | It/Node Time

     0     0    0.04026    0  260    0.82877    0.04026  95.1%     -    0s
     0     0    0.04500    0  355    0.82877    0.04500  94.6%     -    0s
     0     0    0.04686    0  359    0.82877    0.04686  94.3%     -    1s
     0     0    0.04800    0  360    0.82877    0.04800  94.2%     -    1s
     0     0    0.04831    0  255    0.82877    0.04831  94.2%     -    1s
     0     2    0.04831    0  256    0.82877    0.04831  94.2%     -    5s
H   34    40                       0.8287703    0.04831  94.2%   219    7s
H  111   114                       0.8287703    0.04831  94.2%  83.1   10s
   214   195    0.05076   35  234    0.82877    0.04831  94.2%  95.4   15s
H  231   205                       0.8287702    0.04831  94.2%  89.8   17s
   299   275    0.05183   43  230    0.82877    0.04831  94.2%  75.7   20s
   385   368    0.04966   13  247    0.82877    0.04831  94.2%  71.5   25s
   574   458    0.05285   80  199    0.82877    0.04831  94.2%  62.7   30s
   590   470    0.05259   25  199    0.82877    0.05259  93.7%  77.4   36s
H  590   446                       0.8286707    0.05259  93.7%  77.4   39s
   592   448    0.05259   23  257    0.82867    0.05259  93.7%  98.0   40s
H  604   421                       0.8282854    0.05259  93.7%  96.2   41s
   767   530    0.32365   51  334    0.82829    0.29622  64.2%   110   46s
   986   682    0.32252   78  304    0.82829    0.29622  64.2%   108   55s
  1062   724    0.31515   85  321    0.82829    0.29622  64.2%   108   60s
  1105   764    0.31521   90  312    0.82829    0.29622  64.2%   108   66s
H 1191   784                       0.8282854    0.29622  64.2%   109   67s
  1341   874    0.31626  123  285    0.82829    0.29622  64.2%   110   70s
  1527   920    0.31153   53  356    0.82829    0.29765  64.1%   121   75s
  1604   967    0.31153   55  356    0.82829    0.29765  64.1%   121   80s
H 1607   946                       0.8282853    0.29765  64.1%   121   80s
  1611   966    0.32741   66  192    0.82829    0.29765  64.1%   121   87s
  1746  1084    0.31158   82  357    0.82829    0.29765  64.1%   117   91s
  1836  1149    0.32212   97  200    0.82829    0.29765  64.1%   117   96s
  1904  1198    0.31245   98  289    0.82829    0.29765  64.1%   118  100s
  1944  1256    0.31244  114  294    0.82829    0.29765  64.1%   117  105s
  2005  1314    0.31202  137  306    0.82829    0.29765  64.1%   118  110s
  2122  1436    0.31237  139  292    0.82829    0.29765  64.1%   120  116s
  2241  1525    0.31202  140  308    0.82829    0.29815  64.0%   118  120s
  2309  1539    0.31227  146  295    0.82829    0.29815  64.0%   116  125s
  2321  1583    0.31206  148  310    0.82829    0.29815  64.0%   116  131s
  2428  1733    0.31251   53  353    0.82829    0.29815  64.0%   118  136s
  2668  2006    0.31298   82  326    0.82829    0.29815  64.0%   116  141s
  2800  2010    0.31406   99  265    0.82829    0.29815  64.0%   113  145s
H 2805  2014                       0.8282852    0.29815  64.0%   112  147s
  2808  2075    0.31463  100  258    0.82829    0.29815  64.0%   112  150s
  2904  2112    0.31412  101  265    0.82829    0.29815  64.0%   109  155s
  2940  2253    0.31436  116  269    0.82829    0.29815  64.0%   109  161s
  2994  2253    0.31794  212  365    0.82829    0.29815  64.0%   109  171s
  3158  2332    0.31804   90  334    0.82829    0.29815  64.0%   106  177s
  3172  2364    0.31804   91  335    0.82829    0.29815  64.0%   106  180s

Cutting planes:
  Implied bound: 8
  MIR: 3
  Flow cover: 13
  RLT: 94
  Relax-and-lift: 4
  BQP: 8

Explored 3204 nodes (348302 simplex iterations) in 180.07 seconds (116.51 work units)
Thread count was 8 (of 8 available processors)

Solution count 4: 0.828285 0.828671 0.82877 0.828773 

Time limit reached
Best objective 8.282854074282e-01, best bound 2.981522485161e-01, gap 64.0037%

User-callback calls 29345, time in user-callback 0.12 sec
alpha=0.8181818181818182  status=TIME_LIMIT
  agg total_shed = 149.917   cost-wtd Palma Σλ·top10/Σλ·bot40 (post-hoc) = 0.9536   model(σ·top) = 0.9536   uncosted-agg-served-Palma (diag) = 2.2279
Gurobi Optimizer version 12.0.3 build v12.0.3rc0 (win64 - Windows 11+.0 (26200.2))

CPU model: 11th Gen Intel(R) Core(TM) i7-1165G7 @ 2.80GHz, instruction set [SSE2|AVX|AVX2|AVX512]
Thread count: 4 physical cores, 8 logical processors, using up to 8 threads

Non-default parameters:
TimeLimit  180
MIPGap  0.01
MIPFocus  1
GomoryPasses  0
NonConvex  2
NumericFocus  2

Optimize a model with 11240 rows, 6537 columns and 29192 nonzeros
Model fingerprint: 0x939ec431
Model has 72 quadratic objective terms
Model has 265 quadratic constraints
Variable types: 5889 continuous, 648 integer (648 binary)
Coefficient statistics:
  Matrix range     [9e-09, 2e+01]
  QMatrix range    [1e+00, 5e+02]
  QLMatrix range   [1e+00, 1e+00]
  Objective range  [2e-04, 2e-04]
  QObjective range [9e+00, 5e+01]
  Bounds range     [1e-08, 2e+01]
  RHS range        [7e-01, 2e+01]
  QRHS range       [1e+00, 1e+00]

User MIP start did not produce a new incumbent solution
User MIP start violates constraint R122 by 4.345047439
Loaded MIP start from previous solve with objective 0.890937

Presolve removed 4400 rows and 2424 columns
Presolve time: 0.07s
Presolved: 7879 rows, 4452 columns, 23982 nonzeros
Presolved model has 216 quadratic constraint(s)
Presolved model has 289 bilinear constraint(s)
Warning: Model contains variables with very large bounds participating
         in product terms.
         Presolve was not able to compute smaller bounds for these variables.
         Consider bounding these variables or reformulating the model.


Solving non-convex MIQCP

Variable types: 3804 continuous, 648 integer (648 binary)

Root relaxation: objective 2.012756e-02, 1992 iterations, 0.06 seconds (0.04 work units)

    Nodes    |    Current Node    |     Objective Bounds      |     Work
 Expl Unexpl |  Obj  Depth IntInf | Incumbent    BestBd   Gap | It/Node Time

     0     0    0.02013    0  258    0.89094    0.02013  97.7%     -    0s
H    0     0                       0.8907859    0.02013  97.7%     -    0s
     0     0    0.02512    0  410    0.89079    0.02512  97.2%     -    1s
     0     0    0.02877    0  401    0.89079    0.02877  96.8%     -    1s
     0     0    0.02877    0  309    0.89079    0.02877  96.8%     -    1s
     0     0    0.02877    0  309    0.89079    0.02877  96.8%     -    1s
     0     0    0.02878    0  252    0.89079    0.02878  96.8%     -    2s
     0     2    0.02878    0  256    0.89079    0.02878  96.8%     -    5s
H   18    23                       0.8907858    0.02878  96.8%   450    7s
H   32    42                       0.8907857    0.02878  96.8%   315    8s
H   45    54                       0.8905251    0.02878  96.8%   271    9s
    79    86    0.02923   22  320    0.89053    0.02878  96.8%   187   10s
H  103   116                       0.8905251    0.02878  96.8%   152   10s
H  113   116                       0.8905251    0.02878  96.8%   140   10s
H  202   201                       0.8905250    0.02878  96.8%   139   12s
   217   221    0.02970   53  237    0.89053    0.02878  96.8%   141   16s
   310   293    0.02975   58  255    0.89053    0.02878  96.8%   150   20s
H  346   323                       0.8905250    0.02878  96.8%   148   21s
   416   383    0.03051   63  247    0.89053    0.02878  96.8%   128   25s
H  475   435                       0.8905250    0.02878  96.8%   117   28s
   509   500    0.03595   98  257    0.89053    0.02878  96.8%   120   30s
   640   573    0.03606   59  199    0.89053    0.02878  96.8%   122   37s
   651   581    0.02997   37  167    0.89053    0.02927  96.7%   136   40s
   657   585    0.02927    6  245    0.89053    0.02927  96.7%   135   46s
   737   621    0.03218   32  335    0.89053    0.02927  96.7%   143   50s
   956   733    0.03598   54  375    0.89053    0.02927  96.7%   131   55s
  1098   768 infeasible   93         0.89053    0.02927  96.7%   134   60s
  1209   801    0.21320  134  301    0.89053    0.02927  96.7%   131   65s
  1363   887    0.22014  137  296    0.89053    0.02927  96.7%   126   70s
  1588   949    0.21433  141  302    0.89053    0.02927  96.7%   127   75s
  1627   953    0.21468  144  300    0.89053    0.02927  96.7%   129   80s
  1704  1025 infeasible  171         0.89053    0.02927  96.7%   128   87s
  1924  1056    0.30461   41  311    0.89053    0.02927  96.7%   124   90s
  2105  1068    0.27266   78  339    0.89053    0.02927  96.7%   124   95s
  2125  1065    0.27267   80  333    0.89053    0.02927  96.7%   123  100s
  2192  1095    0.29104  106  334    0.89053    0.02927  96.7%   122  105s
  2217  1164 infeasible  112         0.89053    0.02927  96.7%   122  110s
  2525  1337    0.29109  114  341    0.89053    0.02927  96.7%   123  115s
  2864  1526 infeasible  134         0.89053    0.02927  96.7%   126  121s
  2970  1604    0.29215  136  331    0.89053    0.02983  96.7%   127  126s
  3081  1677    0.03434   46  293    0.89053    0.02983  96.7%   128  131s
  3175  1719    0.04093   67  295    0.89053    0.02983  96.7%   129  135s
  3232  1798 infeasible   92         0.89053    0.02983  96.7%   129  140s
  3385  1928    0.05535  112  484    0.89053    0.02983  96.7%   127  145s
  3505  2013    0.06286  129  461    0.89053    0.02983  96.7%   129  151s
  3604  2094    0.07538  131  474    0.89053    0.02983  96.7%   128  158s
  3677  2149    0.07564  132  466    0.89053    0.02983  96.7%   128  163s
  3750  2201    0.03770   46  353    0.89053    0.02983  96.7%   128  171s
  3804  2544    0.03770   47  350    0.89053    0.02983  96.7%   128  180s

Cutting planes:
  Implied bound: 19
  MIR: 9
  Flow cover: 27
  RLT: 85
  Relax-and-lift: 2
  BQP: 14

Explored 4234 nodes (562420 simplex iterations) in 180.07 seconds (107.63 work units)
Thread count was 8 (of 8 available processors)

Solution count 3: 0.890525 0.890786 0.890937 

Time limit reached
Best objective 8.905250184293e-01, best bound 2.982630852711e-02, gap 96.6507%

User-callback calls 31726, time in user-callback 0.15 sec
alpha=0.9090909090909091  status=TIME_LIMIT
  agg total_shed = 152.353   cost-wtd Palma Σλ·top10/Σλ·bot40 (post-hoc) = 0.9527   model(σ·top) = 0.9527   uncosted-agg-served-Palma (diag) = 2.2472
Gurobi Optimizer version 12.0.3 build v12.0.3rc0 (win64 - Windows 11+.0 (26200.2))

CPU model: 11th Gen Intel(R) Core(TM) i7-1165G7 @ 2.80GHz, instruction set [SSE2|AVX|AVX2|AVX512]
Thread count: 4 physical cores, 8 logical processors, using up to 8 threads

Non-default parameters:
TimeLimit  180
MIPGap  0.01
MIPFocus  1
GomoryPasses  0
NonConvex  2
NumericFocus  2

Optimize a model with 11240 rows, 6537 columns and 29192 nonzeros
Model fingerprint: 0x93ce80c8
Model has 72 quadratic objective terms
Model has 265 quadratic constraints
Variable types: 5889 continuous, 648 integer (648 binary)
Coefficient statistics:
  Matrix range     [9e-09, 2e+01]
  QMatrix range    [1e+00, 5e+02]
  QLMatrix range   [1e+00, 1e+00]
  Objective range  [0e+00, 0e+00]
  QObjective range [1e+01, 6e+01]
  Bounds range     [1e-08, 2e+01]
  RHS range        [7e-01, 2e+01]
  QRHS range       [1e+00, 1e+00]

User MIP start did not produce a new incumbent solution
User MIP start violates constraint R122 by 4.345047439
Loaded MIP start from previous solve with objective 0.952706

Presolve removed 4400 rows and 2424 columns
Presolve time: 0.06s
Presolved: 7879 rows, 4452 columns, 23982 nonzeros
Presolved model has 216 quadratic constraint(s)
Presolved model has 289 bilinear constraint(s)
Warning: Model contains variables with very large bounds participating
         in product terms.
         Presolve was not able to compute smaller bounds for these variables.
         Consider bounding these variables or reformulating the model.


Solving non-convex MIQCP

Found heuristic solution: objective 0.9527061
Variable types: 3804 continuous, 648 integer (648 binary)

Root relaxation: objective 0.000000e+00, 2319 iterations, 0.09 seconds (0.06 work units)

    Nodes    |    Current Node    |     Objective Bounds      |     Work
 Expl Unexpl |  Obj  Depth IntInf | Incumbent    BestBd   Gap | It/Node Time

     0     0    0.00000    0  239    0.95271    0.00000   100%     -    0s
     0     0    0.00692    0  357    0.95271    0.00692  99.3%     -    1s
     0     0    0.00803    0  353    0.95271    0.00803  99.2%     -    2s
     0     0    0.00807    0  348    0.95271    0.00807  99.2%     -    2s
     0     0    0.00985    0  251    0.95271    0.00985  99.0%     -    3s
     0     2    0.00985    0  258    0.95271    0.00985  99.0%     -    9s
H    3     8                       0.9522542    0.00985  99.0%  1416   10s
H   36    43                       0.9522542    0.00985  99.0%   262   13s
    90    81    0.00989   14  250    0.95225    0.00985  99.0%   133   15s
H  118   107                       0.9522541    0.00985  99.0%   116   16s
   154   141    0.01067   26  237    0.95225    0.00985  99.0%  94.8   20s
   224   199    0.01060   43  225    0.95225    0.00985  99.0%   112   25s
   253   227    0.01060   47  221    0.95225    0.00985  99.0%   103   30s
H  259   231                       0.9522540    0.00985  99.0%   101   30s
   303   259    0.01060   49  225    0.95225    0.00985  99.0%  93.9   35s
   413   335    0.01007   17  193    0.95225    0.00985  99.0%   100   42s
H  414   319                       0.9522540    0.00985  99.0%   100   47s
H  417   305                       0.9522220    0.02017  97.9%  98.9   48s
H  423   294                       0.9522220    0.02017  97.9%   136   51s
   429   298    0.02017   58  196    0.95222    0.02017  97.9%   134   57s
   430   298    0.02017    7  196    0.95222    0.02017  97.9%   134   62s
   449   294    0.02017   36  267    0.95222    0.02017  97.9%   174   65s
H  457   276                       0.9522220    0.02017  97.9%   171   65s
H  488   276                       0.9522220    0.02017  97.9%   173   66s
H  522   279                       0.9522218    0.02188  97.7%   175   66s
   631   331    0.35569   61  340    0.95222    0.11969  87.4%   160   70s
   704   368    0.32735   74  354    0.95222    0.11969  87.4%   175   75s
   768   405    0.32756   80  330    0.95222    0.11969  87.4%   185   80s
   869   457    0.32767   84  328    0.95222    0.11969  87.4%   187   85s
H  923   491                       0.9522215    0.11969  87.4%   185   87s
  1035   572    0.32781   93  330    0.95222    0.11969  87.4%   176   90s
  1170   590    0.28426   51  364    0.95222    0.24951  73.8%   175   95s
H 1189   613                       0.9522214    0.24951  73.8%   178   96s
  1272   704    0.32298   56  359    0.95222    0.24951  73.8%   178  100s
  1413   785    0.32951   60  356    0.95222    0.24951  73.8%   175  105s
  1619  1101    0.33001  123  352    0.95222    0.24964  73.8%   164  111s
  1862  1254    0.33254  223  322    0.95222    0.24964  73.8%   146  115s
  1908  1262    0.33260  225  322    0.95222    0.24964  73.8%   148  120s
  1925  1328    0.33264  228  320    0.95222    0.24964  73.8%   147  126s
  2012  1399    0.33274  230  320    0.95222    0.24964  73.8%   142  130s
  2278  1688    0.33307  284  298    0.95222    0.24964  73.8%   128  135s
  2352  1696    0.33318  308  296    0.95222    0.24964  73.8%   124  140s
H 2388  1744                       0.9522213    0.24964  73.8%   123  145s
H 2404  1829                       0.9522210    0.24964  73.8%   122  148s
  2489  1844    0.33332  393  294    0.95222    0.24964  73.8%   118  150s
  2508  1884    0.33332  406  288    0.95222    0.24964  73.8%   117  155s
  2608  2110    0.33332  408  288    0.95222    0.24964  73.8%   115  161s
  3043  2463    0.33332  410  297    0.95222    0.24964  73.8%   104  167s
  3165  2471    0.33333  469  303    0.95222    0.24964  73.8%   102  172s
  3169  2475    0.33333  470  302    0.95222    0.24964  73.8%   101  175s
  3177  2506    0.33333  472  300    0.95222    0.24964  73.8%   101  180s

Cutting planes:
  Implied bound: 42
  MIR: 2
  Flow cover: 5
  RLT: 87
  Relax-and-lift: 2
  BQP: 12

Explored 3204 nodes (340411 simplex iterations) in 180.06 seconds (104.73 work units)
Thread count was 8 (of 8 available processors)

Solution count 4: 0.952221 0.952254 0.952706 0.952706 

Time limit reached
Best objective 9.522211582115e-01, best bound 2.496410831503e-01, gap 73.7833%

User-callback calls 29228, time in user-callback 0.13 sec
alpha=1.0  status=TIME_LIMIT
  agg total_shed = 167.546   cost-wtd Palma Σλ·top10/Σλ·bot40 (post-hoc) = 0.9522   model(σ·top) = 0.9522   uncosted-agg-served-Palma (diag) = 2.3538
[ PowerModelsDistribution | Info ] : Circuit has been reset with the 'clear' on line 1 in 'case6_unbalanced_switch_more_meshed_good4integer.dss'
[ PowerModelsDistribution | Info ] : Command 'calcvoltagebases' on line 56 in 'case6_unbalanced_switch_more_meshed_good4integer.dss' is not supported, skipping.
[ PowerModelsDistribution | Info ] : Command 'solve' on line 58 in 'case6_unbalanced_switch_more_meshed_good4integer.dss' is not supported, skipping.
[ PowerModelsDistribution | Info ] : basemva=100 is the default value, you may want to adjust sbase_default for better convergence
┌ PowerModelsDistribution | Warning ] : basefreq=60.0 on line.quadpb does not match circuit basefreq=50.0
└ @ PowerModelsDistribution C:\Users\awest\.julia\packages\PowerModelsDistribution\EOTxp\src\data_model\transformations\dss2eng.jl:422
┌ PowerModelsDistribution | Warning ] : basefreq=60.0 on line.quadad does not match circuit basefreq=50.0
└ @ PowerModelsDistribution C:\Users\awest\.julia\packages\PowerModelsDistribution\EOTxp\src\data_model\transformations\dss2eng.jl:422
┌ PowerModelsDistribution | Warning ] : basefreq=60.0 on line.quadac does not match circuit basefreq=50.0
└ @ PowerModelsDistribution C:\Users\awest\.julia\packages\PowerModelsDistribution\EOTxp\src\data_model\transformations\dss2eng.jl:422
┌ PowerModelsDistribution | Warning ] : basefreq=60.0 on line.quadpa does not match circuit basefreq=50.0
└ @ PowerModelsDistribution C:\Users\awest\.julia\packages\PowerModelsDistribution\EOTxp\src\data_model\transformations\dss2eng.jl:422
┌ PowerModelsDistribution | Warning ] : basefreq=60.0 on line.ohline does not match circuit basefreq=50.0
└ @ PowerModelsDistribution C:\Users\awest\.julia\packages\PowerModelsDistribution\EOTxp\src\data_model\transformations\dss2eng.jl:422
┌ PowerModelsDistribution | Warning ] : basefreq=60.0 on line.quadbc does not match circuit basefreq=50.0
└ @ PowerModelsDistribution C:\Users\awest\.julia\packages\PowerModelsDistribution\EOTxp\src\data_model\transformations\dss2eng.jl:422
┌ PowerModelsDistribution | Warning ] : basefreq=60.0 on line.quadec does not match circuit basefreq=50.0
└ @ PowerModelsDistribution C:\Users\awest\.julia\packages\PowerModelsDistribution\EOTxp\src\data_model\transformations\dss2eng.jl:422
┌ PowerModelsDistribution | Warning ] : basefreq=60.0 on line.quadpe does not match circuit basefreq=50.0
└ @ PowerModelsDistribution C:\Users\awest\.julia\packages\PowerModelsDistribution\EOTxp\src\data_model\transformations\dss2eng.jl:422
[ Main | Info ] : LOAD_SCALE_FACTORS (agg_scales per period): [0.839, 0.968, 1.076, 1.15, 1.112, 1.072, 0.984, 0.899]
Saved trade-off sweep data → C:\Users\awest\github\FairLoadDelivery\script\single_level\../../results/2026-06-03/palma_relaxed_trade_off_mn_shedobj\palma_sweep_mn_more_meshed_6_bus_absolute.jld2
Done. Results written to: C:\Users\awest\github\FairLoadDelivery\script\single_level\../../results/2026-06-03/palma_relaxed_trade_off_mn_shedobj
GKS: String is too long in routine TEXT
GKS: String is too long in routine TEXT
GKS: String is too long in routine TEXT
GKS: String is too long in routine TEXT
GKS: String is too long in routine TEXT
GKS: String is too long in routine TEXT
GKS: String is too long in routine TEXT
GKS: String is too long in routine TEXT
GKS: String is too long in routine TEXT
GKS: String is too long in routine TEXT
GKS: String is too long in routine TEXT
GKS: String is too long in routine TEXT
GKS: String is too long in routine TEXT
GKS: String is too long in routine TEXT
GKS: String is too long in routine TEXT
GKS: String is too long in routine TEXT
GKS: String is too long in routine TEXT
GKS: String is too long in routine TEXT
GKS: String is too long in routine TEXT
GKS: String is too long in routine TEXT
GKS: String is too long in routine TEXT
GKS: String is too long in routine TEXT
GKS: String is too long in routine TEXT
GKS: String is too long in routine TEXT
GKS: String is too long in routine TEXT
GKS: String is too long in routine TEXT
GKS: String is too long in routine TEXT
GKS: String is too long in routine TEXT
GKS: String is too long in routine TEXT
GKS: String is too long in routine TEXT
GKS: String is too long in routine TEXT
GKS: String is too long in routine TEXT
GKS: String is too long in routine TEXT
GKS: String is too long in routine TEXT
GKS: String is too long in routine TEXT
GKS: String is too long in routine TEXT
GKS: String is too long in routine TEXT
GKS: String is too long in routine TEXT
GKS: String is too long in routine TEXT
GKS: String is too long in routine TEXT
