Set parameter Username
Set parameter LicenseID to value 2813843
Academic license - for non-commercial use only - expires 2027-04-27
Set parameter NonConvex to value 2
Set parameter MIPGap to value 0.01
Set parameter TimeLimit to value 180
Set parameter MIPFocus to value 1
Set parameter NumericFocus to value 2
Set parameter Username
Set parameter LicenseID to value 2813843
Academic license - for non-commercial use only - expires 2027-04-27
Set parameter MIPGap to value 0.01
Set parameter TimeLimit to value 300
Set parameter MIPFocus to value 1
Set parameter MIPGap to value 0.01
Set parameter MIPFocus to value 1
Set parameter TimeLimit to value 300
Gurobi Optimizer version 12.0.3 build v12.0.3rc0 (win64 - Windows 11+.0 (26200.2))

CPU model: 11th Gen Intel(R) Core(TM) i7-1165G7 @ 2.80GHz, instruction set [SSE2|AVX|AVX2|AVX512]
Thread count: 4 physical cores, 8 logical processors, using up to 8 threads

Non-default parameters:
TimeLimit  300
MIPGap  0.01
MIPFocus  1

Optimize a model with 9088 rows, 5240 columns and 22208 nonzeros
Model fingerprint: 0x7a6a65fc
Model has 264 quadratic constraints
Variable types: 4920 continuous, 320 integer (320 binary)
Coefficient statistics:
  Matrix range     [9e-09, 2e+01]
  QMatrix range    [1e+00, 5e+02]
  QLMatrix range   [1e+00, 1e+00]
  Objective range  [7e-02, 4e-01]
  Bounds range     [1e+00, 2e+01]
  RHS range        [7e-01, 2e+01]

User MIP start did not produce a new incumbent solution
User MIP start violates constraint R122 by 4.345047923

Presolve removed 7992 rows and 4586 columns
Presolve time: 1.12s
Presolved: 1096 rows, 654 columns, 3470 nonzeros
Presolved model has 48 quadratic constraint(s)
Variable types: 606 continuous, 48 integer (48 binary)

Root relaxation: objective 3.501330e+01, 371 iterations, 0.01 seconds (0.00 work units)
Another try with MIP start

    Nodes    |    Current Node    |     Objective Bounds      |     Work
 Expl Unexpl |  Obj  Depth IntInf | Incumbent    BestBd   Gap | It/Node Time

     0     0   35.01330    0   11          -   35.01330      -     -    1s
     0     0   35.97976    0   16          -   35.97976      -     -    1s
     0     0   36.92795    0   14          -   36.92795      -     -    1s
H    0     0                      57.4931775   36.92795  35.8%     -    1s
H    0     0                      56.9400801   38.31030  32.7%     -    1s
     0     0   38.31030    0   11   56.94008   38.31030  32.7%     -    1s
H    0     0                      54.1490185   38.45325  29.0%     -    1s
H    0     0                      53.8666692   38.45325  28.6%     -    1s
     0     0   38.45325    0   11   53.86667   38.45325  28.6%     -    1s
H    0     0                      53.5858118   38.45325  28.2%     -    1s
     0     0   39.02645    0    9   53.58581   39.02645  27.2%     -    1s
H    0     0                      40.0172186   39.02645  2.48%     -    1s
     0     0   39.56673    0    8   40.01722   39.56673  1.13%     -    1s
     0     0     cutoff    0        40.01722   40.01722  0.00%     -    1s

Cutting planes:
  Gomory: 4
  Implied bound: 21
  Clique: 6
  MIR: 4
  Flow cover: 7
  RLT: 4
  Relax-and-lift: 6

Explored 1 nodes (1116 simplex iterations) in 1.28 seconds (0.50 work units)
Thread count was 8 (of 8 available processors)

Solution count 6: 40.0172 53.5858 53.8667 ... 57.4932

Optimal solution found (tolerance 1.00e-02)
Best objective 4.001721856872e+01, best bound 4.001721856872e+01, gap 0.0000%

User-callback calls 975, time in user-callback 0.00 sec
Set parameter NumericFocus to value 2
Set parameter NonConvex to value 2
Set parameter MIPGap to value 0.01
Set parameter MIPFocus to value 1
Set parameter TimeLimit to value 180
Gurobi Optimizer version 12.0.3 build v12.0.3rc0 (win64 - Windows 11+.0 (26200.2))

CPU model: 11th Gen Intel(R) Core(TM) i7-1165G7 @ 2.80GHz, instruction set [SSE2|AVX|AVX2|AVX512]
Thread count: 4 physical cores, 8 logical processors, using up to 8 threads

Non-default parameters:
TimeLimit  180
MIPGap  0.01
MIPFocus  1
NonConvex  2
NumericFocus  2

Optimize a model with 11240 rows, 6537 columns and 29192 nonzeros
Model fingerprint: 0xb2b357af
Model has 265 quadratic constraints
Variable types: 5569 continuous, 968 integer (968 binary)
Coefficient statistics:
  Matrix range     [9e-09, 2e+01]
  QMatrix range    [1e+00, 5e+02]
  QLMatrix range   [1e+00, 1e+00]
  Objective range  [2e-03, 2e-03]
  Bounds range     [1e-08, 2e+01]
  RHS range        [7e-01, 2e+01]
  QRHS range       [1e+00, 1e+00]

User MIP start did not produce a new incumbent solution
User MIP start violates constraint R122 by 4.345047923

Presolve removed 4553 rows and 2505 columns
Presolve time: 0.09s
Presolved: 7581 rows, 4298 columns, 23523 nonzeros
Presolved model has 216 quadratic constraint(s)
Presolved model has 217 bilinear constraint(s)
Warning: Model contains variables with very large bounds participating
         in product terms.
         Presolve was not able to compute smaller bounds for these variables.
         Consider bounding these variables or reformulating the model.


Solving non-convex MIQCP

Variable types: 3435 continuous, 863 integer (863 binary)

Root relaxation: objective 2.214031e-01, 2765 iterations, 0.06 seconds (0.05 work units)

    Nodes    |    Current Node    |     Objective Bounds      |     Work
 Expl Unexpl |  Obj  Depth IntInf | Incumbent    BestBd   Gap | It/Node Time

     0     0    0.22140    0  274          -    0.22140      -     -    0s
Another try with MIP start
H    0     0                       0.3533385    0.22418  36.6%     -    0s
     0     0    0.22418    0  280    0.35334    0.22418  36.6%     -    0s
     0     0    0.22418    0  310    0.35334    0.22418  36.6%     -    0s
     0     0    0.22418    0  308    0.35334    0.22418  36.6%     -    0s
     0     0    0.24521    0  316    0.35334    0.24521  30.6%     -    2s
     0     0    0.24521    0  321    0.35334    0.24521  30.6%     -    2s
     0     0    0.24880    0  314    0.35334    0.24880  29.6%     -    2s
     0     2    0.24880    0  312    0.35334    0.24880  29.6%     -    3s
    47    29    0.30260    9  315    0.35334    0.27362  22.6%   223    5s
   355   107    0.35242   16  285    0.35334    0.28254  20.0%  78.9   10s
   642   143 infeasible   11         0.35334    0.30783  12.9%  75.6   15s
   880   121    0.34378   12  289    0.35334    0.32720  7.40%  77.4   20s
  1145   176    0.34569   26  153    0.35334    0.34170  3.29%  75.3   25s
  1152   181    0.34569   44  128    0.35334    0.34170  3.29%  74.8   30s
  1161   188    0.34569   28  133    0.35334    0.34170  3.29%  92.0   37s
  1170   195    0.34569   42  134    0.35334    0.34170  3.29%   104   41s
  1371   184    0.34815   60   47    0.35334    0.34569  2.16%   107   45s
  1760   149    0.35105   83   24    0.35334    0.34569  2.16%   103   50s
  2172   175    0.35332   81   11    0.35334    0.34569  2.16%   101   55s
  2595   178    0.34569   60   49    0.35334    0.34569  2.16%   101   61s
  2867   187 infeasible   73         0.35334    0.34569  2.16%   103   65s
  3326   169    0.34569   64   49    0.35334    0.34569  2.16%   100   70s
  3715   178    0.34813   73    -    0.35334    0.34569  2.16%   101   75s
  4012   167     cutoff   74         0.35334    0.34813  1.48%   100   81s
  4245   157 infeasible   83         0.35334    0.34831  1.42%   100   85s

Cutting planes:
  Cover: 18
  Implied bound: 65
  Clique: 8
  MIR: 11
  StrongCG: 1
  Flow cover: 29
  GUB cover: 10
  RLT: 65
  Relax-and-lift: 18
  BQP: 5
  PSD: 1

Explored 4670 nodes (499417 simplex iterations) in 89.55 seconds (38.78 work units)
Thread count was 8 (of 8 available processors)

Solution count 1: 0.353339 

Optimal solution found (tolerance 1.00e-02)
Best objective 3.533385124495e-01, best bound 3.499047425639e-01, gap 0.9718%

User-callback calls 17675, time in user-callback 0.03 sec
Load profile assignments for more_meshed_6_bus:
  (name = "l5", bus = 1, n_phases = 1, balanced = true, phases = [(1, -1)])
  (name = "l6", bus = 1, n_phases = 1, balanced = true, phases = [(1, 1)])
  (name = "l7", bus = 1, n_phases = 1, balanced = true, phases = [(1, 0)])
  (name = "l1", bus = 4, n_phases = 1, balanced = true, phases = [(1, -1)])
  (name = "l2", bus = 4, n_phases = 1, balanced = true, phases = [(3, -1)])
  (name = "l3", bus = 4, n_phases = 1, balanced = true, phases = [(2, 0)])
  (name = "l4", bus = 5, n_phases = 1, balanced = true, phases = [(2, 0)])
  (name = "l9", bus = 6, n_phases = 3, balanced = true, phases = [(1, 1), (1, -1), (1, 0)])
  (name = "l8", bus = 7, n_phases = 3, balanced = true, phases = [(2, -1), (2, 0), (2, 1)])
Warmstart: solving pure-efficiency multi-period MLD (no Palma machinery)…
  efficiency-warmstart status=OPTIMAL
  warm pshed_total=200.33   σ_start=0.005658
alpha=0.0  status=OPTIMAL
  agg total_shed = 200.333   cost-wtd Palma Σλ·top10/Σλ·bot40 (post-hoc) = 6.6054   model(σ·top) = 6.6054   uncosted-agg-served-Palma (diag) = 1.2392
Gurobi Optimizer version 12.0.3 build v12.0.3rc0 (win64 - Windows 11+.0 (26200.2))

CPU model: 11th Gen Intel(R) Core(TM) i7-1165G7 @ 2.80GHz, instruction set [SSE2|AVX|AVX2|AVX512]
Thread count: 4 physical cores, 8 logical processors, using up to 8 threads

Non-default parameters:
TimeLimit  180
MIPGap  0.01
MIPFocus  1
GomoryPasses  0
NonConvex  2
NumericFocus  2

Optimize a model with 11240 rows, 6537 columns and 29192 nonzeros
Model fingerprint: 0x326248a5
Model has 72 quadratic objective terms
Model has 265 quadratic constraints
Variable types: 5569 continuous, 968 integer (968 binary)
Coefficient statistics:
  Matrix range     [9e-09, 2e+01]
  QMatrix range    [1e+00, 5e+02]
  QLMatrix range   [1e+00, 1e+00]
  Objective range  [2e-03, 2e-03]
  QObjective range [9e-01, 5e+00]
  Bounds range     [1e-08, 2e+01]
  RHS range        [7e-01, 2e+01]
  QRHS range       [1e+00, 1e+00]

User MIP start did not produce a new incumbent solution
User MIP start violates constraint R122 by 4.345047923
Loaded MIP start from previous solve with objective 0.921709

Presolve removed 4553 rows and 2505 columns
Presolve time: 0.12s
Presolved: 7726 rows, 4371 columns, 23884 nonzeros
Presolved model has 216 quadratic constraint(s)
Presolved model has 289 bilinear constraint(s)
Warning: Model contains variables with very large bounds participating
         in product terms.
         Presolve was not able to compute smaller bounds for these variables.
         Consider bounding these variables or reformulating the model.


Solving non-convex MIQCP

Variable types: 3508 continuous, 863 integer (863 binary)

Root relaxation: objective 2.022108e-01, 3946 iterations, 0.13 seconds (0.09 work units)

    Nodes    |    Current Node    |     Objective Bounds      |     Work
 Expl Unexpl |  Obj  Depth IntInf | Incumbent    BestBd   Gap | It/Node Time

     0     0    0.20221    0  600    0.92171    0.20221  78.1%     -    0s
     0     0    0.20502    0  586    0.92171    0.20502  77.8%     -    0s
     0     0    0.20614    0  442    0.92171    0.20614  77.6%     -    1s
     0     0    0.20614    0  440    0.92171    0.20614  77.6%     -    1s
     0     0    0.22468    0  442    0.92171    0.22468  75.6%     -    1s
     0     0    0.22468    0  422    0.92171    0.22468  75.6%     -    1s
     0     0    0.23658    0  327    0.92171    0.23658  74.3%     -    2s
     0     2    0.23658    0  312    0.92171    0.23658  74.3%     -    3s
H    8    12                       0.9217086    0.24409  73.5%   663    3s
   100    71    0.38555   22  454    0.92171    0.25269  72.6%   177    5s
   404   266    0.27720    8  386    0.92171    0.25663  72.2%   120   10s
   474   304    0.38444   27  272    0.92171    0.26074  71.7%   115   15s
   478   307    0.41249   56   95    0.92171    0.26829  70.9%   114   23s
   482   310    0.30918   11  148    0.92171    0.26829  70.9%   148   25s
H  561   315                       0.8824708    0.29913  66.1%   178   29s
   580   326    0.39735   40  156    0.88247    0.29969  66.0%   179   30s
   733   262 infeasible   33         0.88247    0.30156  65.8%   220   35s
H  781   259                       0.7984328    0.30345  62.0%   221   36s
   911   257    0.39800   44  159    0.79843    0.32156  59.7%   216   40s
  1091   266    0.37587   42  187    0.79843    0.32193  59.7%   228   45s
  1236   267    0.39051   43  187    0.79843    0.32281  59.6%   243   50s
  1391   263 infeasible   37         0.79843    0.32441  59.4%   249   55s
  1534   249    0.34645   34  200    0.79843    0.32485  59.3%   260   60s
  1725   279 infeasible   37         0.79843    0.32987  58.7%   264   66s
  1903   261 infeasible   40         0.79843    0.33035  58.6%   262   70s
  2092   306    0.37394   42  200    0.79843    0.33837  57.6%   265   76s
  2272   339 infeasible   43         0.79843    0.34186  57.2%   271   81s
  2420   367    0.40018   47  187    0.79843    0.34199  57.2%   274   85s
  2631   433 infeasible   48         0.79843    0.34247  57.1%   285   92s
  2777   440 infeasible   42         0.79843    0.34269  57.1%   295   96s
  2925   451 infeasible   41         0.79843    0.34280  57.1%   301  101s
H 3000   490                       0.7940423    0.34283  56.8%   305  104s
  3093   497 infeasible   51         0.79404    0.34287  56.8%   305  106s
  3305   547    0.38365   43  179    0.79404    0.34292  56.8%   306  112s
  3410   546    0.38368   43  185    0.79404    0.34293  56.8%   307  115s
  3636   467 infeasible   41         0.79404    0.34704  56.3%   311  120s
  3732   470 infeasible   40         0.79404    0.34767  56.2%   316  125s
  4136   502 infeasible   43         0.79404    0.35339  55.5%   311  133s
  4299   558    0.39075   54  163    0.79404    0.35408  55.4%   310  136s
  4502   597    0.36324   47  175    0.79404    0.35939  54.7%   306  141s
  4689   611 infeasible   48         0.79404    0.36167  54.5%   303  145s
  4905   647    0.43038   48  136    0.79404    0.36319  54.3%   299  150s
  5306   648    0.37436   40  164    0.79404    0.36607  53.9%   296  159s
  5517   663    0.36778   38  185    0.79404    0.36677  53.8%   295  163s
  5712   671    0.39006   46  173    0.79404    0.36708  53.8%   295  168s
  5953   718 infeasible   38         0.79404    0.36879  53.6%   295  174s
  6209   749    0.65118   50  115    0.79404    0.37544  52.7%   292  179s
  6511   752    0.39851   40  146    0.79404    0.37980  52.2%   288  180s

Cutting planes:
  Cover: 23
  Implied bound: 86
  Clique: 8
  MIR: 19
  StrongCG: 1
  Flow cover: 40
  GUB cover: 17
  RLT: 91
  Relax-and-lift: 29
  BQP: 8

Explored 6516 nodes (1889586 simplex iterations) in 180.03 seconds (85.16 work units)
Thread count was 8 (of 8 available processors)

Solution count 4: 0.794042 0.798433 0.882471 0.921709 

Time limit reached
Best objective 7.940422752757e-01, best bound 3.797970019209e-01, gap 52.1692%

User-callback calls 29521, time in user-callback 0.08 sec
alpha=0.09090909090909091  status=TIME_LIMIT
  agg total_shed = 242.961   cost-wtd Palma Σλ·top10/Σλ·bot40 (post-hoc) = 4.4492   model(σ·top) = 4.4492   uncosted-agg-served-Palma (diag) = 1.41
Gurobi Optimizer version 12.0.3 build v12.0.3rc0 (win64 - Windows 11+.0 (26200.2))

CPU model: 11th Gen Intel(R) Core(TM) i7-1165G7 @ 2.80GHz, instruction set [SSE2|AVX|AVX2|AVX512]
Thread count: 4 physical cores, 8 logical processors, using up to 8 threads

Non-default parameters:
TimeLimit  180
MIPGap  0.01
MIPFocus  1
GomoryPasses  0
NonConvex  2
NumericFocus  2

Optimize a model with 11240 rows, 6537 columns and 29192 nonzeros
Model fingerprint: 0x51a33df2
Model has 72 quadratic objective terms
Model has 265 quadratic constraints
Variable types: 5569 continuous, 968 integer (968 binary)
Coefficient statistics:
  Matrix range     [9e-09, 2e+01]
  QMatrix range    [1e+00, 5e+02]
  QLMatrix range   [1e+00, 1e+00]
  Objective range  [1e-03, 1e-03]
  QObjective range [2e+00, 1e+01]
  Bounds range     [1e-08, 2e+01]
  RHS range        [7e-01, 2e+01]
  QRHS range       [1e+00, 1e+00]

User MIP start did not produce a new incumbent solution
User MIP start violates constraint R122 by 4.345047923
Loaded MIP start from previous solve with objective 1.15956

Presolve removed 4553 rows and 2505 columns
Presolve time: 0.12s
Presolved: 7726 rows, 4371 columns, 23884 nonzeros
Presolved model has 216 quadratic constraint(s)
Presolved model has 289 bilinear constraint(s)
Warning: Model contains variables with very large bounds participating
         in product terms.
         Presolve was not able to compute smaller bounds for these variables.
         Consider bounding these variables or reformulating the model.


Solving non-convex MIQCP

Variable types: 3508 continuous, 863 integer (863 binary)

Root relaxation: objective 1.827932e-01, 4114 iterations, 0.14 seconds (0.10 work units)

    Nodes    |    Current Node    |     Objective Bounds      |     Work
 Expl Unexpl |  Obj  Depth IntInf | Incumbent    BestBd   Gap | It/Node Time

     0     0    0.18279    0  598    1.15956    0.18279  84.2%     -    0s
     0     0    0.18565    0  584    1.15956    0.18565  84.0%     -    0s
     0     0    0.20022    0  435    1.15956    0.20022  82.7%     -    0s
     0     0    0.20022    0  437    1.15956    0.20022  82.7%     -    0s
     0     0    0.21684    0  412    1.15956    0.21684  81.3%     -    0s
     0     0    0.21684    0  398    1.15956    0.21684  81.3%     -    1s
     0     0    0.22169    0  430    1.15956    0.22169  80.9%     -    1s
     0     2    0.22169    0  445    1.15956    0.22169  80.9%     -    2s
H   24    24                       1.1595604    0.23422  79.8%   282    3s
   133   104    0.38597   28  437    1.15956    0.23422  79.8%   114    5s
   481   309    0.32782   32  475    1.15956    0.24177  79.2%  98.1   10s
   517   315    0.36387   28  123    1.15956    0.26154  77.4%  94.7   17s
H  522   303                       1.1595593    0.26154  77.4%   130   18s
   526   306    0.44301   48  128    1.15956    0.27115  76.6%   129   20s
H  535   297                       1.1516457    0.29043  74.8%   148   23s
   585   338    0.54325   48  103    1.15165    0.30406  73.6%   170   25s
   831   369    0.52352   43  141    1.15165    0.32338  71.9%   170   30s
H 1037   366                       1.0902323    0.32472  70.2%   176   33s
  1129   314 infeasible   53         1.09023    0.33722  69.1%   182   35s
  1421   289    0.47437   47   60    1.09023    0.35116  67.8%   188   40s
  1712   318    1.07278   52   81    1.09023    0.36578  66.4%   185   45s
H 1876   348                       1.0754926    0.37303  65.3%   179   47s
H 1942   357                       1.0751855    0.37822  64.8%   176   48s
  2102   380    0.77018   48   38    1.07519    0.38999  63.7%   173   50s
H 2266   389                       1.0528145    0.39927  62.1%   172   51s
H 2348   414                       1.0302063    0.40113  61.1%   171   52s
  2480   449    0.77380   59   87    1.03021    0.40855  60.3%   170   55s
H 2551   448                       1.0171824    0.41432  59.3%   169   55s
  2853   448 infeasible   59         1.01718    0.42019  58.7%   173   60s
  3147   463     cutoff   62         1.01718    0.42346  58.4%   177   65s
  3500   442 infeasible   64         1.01718    0.42566  58.2%   179   70s
  3896   450    0.72404   50   90    1.01718    0.43511  57.2%   182   76s
  4198   423    0.93284   48   69    1.01718    0.45423  55.3%   183   80s
  4743   424 infeasible   57         1.01718    0.47727  53.1%   182   86s
  5095   435     cutoff   60         1.01718    0.47798  53.0%   183   90s
  5483   422    0.97283   56  107    1.01718    0.47901  52.9%   184   96s
  5938   448    0.48194   54  106    1.01718    0.48021  52.8%   186  102s
  6194   446    0.48054   59  113    1.01718    0.48054  52.8%   186  105s
  6626   433 infeasible   60         1.01718    0.48170  52.6%   189  112s
  6851   448 infeasible   61         1.01718    0.48217  52.6%   192  117s
  7174   445    0.48464   58  111    1.01718    0.48343  52.5%   193  120s
  7624   442 infeasible   58         1.01718    0.48555  52.3%   197  128s
  7882   430    0.67073   45  120    1.01718    0.48656  52.2%   200  133s
  8207   448 infeasible   58         1.01718    0.48739  52.1%   202  138s
  8558   441 infeasible   61         1.01718    0.48823  52.0%   204  143s
  8827   440    0.49211   60  109    1.01718    0.48899  51.9%   205  151s
  9234   419    0.62598   55  128    1.01718    0.49003  51.8%   207  158s
  9692   437    0.49606   56  108    1.01718    0.49328  51.5%   209  166s
 10074   424    0.64158   52   98    1.01718    0.49414  51.4%   209  170s
 10481   413    0.49635   59  110    1.01718    0.49496  51.3%   210  175s
 10887   373    0.51290   62  125    1.01718    0.49733  51.1%   212  180s

Cutting planes:
  Cover: 21
  Implied bound: 78
  Clique: 6
  MIR: 12
  StrongCG: 1
  Flow cover: 51
  GUB cover: 18
  RLT: 53
  Relax-and-lift: 25
  BQP: 1

Explored 11138 nodes (2375952 simplex iterations) in 180.05 seconds (77.83 work units)
Thread count was 8 (of 8 available processors)

Solution count 10: 1.01718 1.03021 1.05281 ... 1.15956

Time limit reached
Best objective 1.017182408041e+00, best bound 5.142620150321e-01, gap 49.4425%

User-callback calls 38772, time in user-callback 0.08 sec
alpha=0.18181818181818182  status=TIME_LIMIT
  agg total_shed = 385.995   cost-wtd Palma Σλ·top10/Σλ·bot40 (post-hoc) = 2.5309   model(σ·top) = 2.5309   uncosted-agg-served-Palma (diag) = 1.7786
Gurobi Optimizer version 12.0.3 build v12.0.3rc0 (win64 - Windows 11+.0 (26200.2))

CPU model: 11th Gen Intel(R) Core(TM) i7-1165G7 @ 2.80GHz, instruction set [SSE2|AVX|AVX2|AVX512]
Thread count: 4 physical cores, 8 logical processors, using up to 8 threads

Non-default parameters:
TimeLimit  180
MIPGap  0.01
MIPFocus  1
GomoryPasses  0
NonConvex  2
NumericFocus  2

Optimize a model with 11240 rows, 6537 columns and 29192 nonzeros
Model fingerprint: 0x85cb7095
Model has 72 quadratic objective terms
Model has 265 quadratic constraints
Variable types: 5569 continuous, 968 integer (968 binary)
Coefficient statistics:
  Matrix range     [9e-09, 2e+01]
  QMatrix range    [1e+00, 5e+02]
  QLMatrix range   [1e+00, 1e+00]
  Objective range  [1e-03, 1e-03]
  QObjective range [3e+00, 2e+01]
  Bounds range     [1e-08, 2e+01]
  RHS range        [7e-01, 2e+01]
  QRHS range       [1e+00, 1e+00]

User MIP start did not produce a new incumbent solution
User MIP start violates constraint R122 by 4.345047923
Loaded MIP start from previous solve with objective 1.18537

Presolve removed 4553 rows and 2505 columns
Presolve time: 0.19s
Presolved: 7726 rows, 4371 columns, 23884 nonzeros
Presolved model has 216 quadratic constraint(s)
Presolved model has 289 bilinear constraint(s)
Warning: Model contains variables with very large bounds participating
         in product terms.
         Presolve was not able to compute smaller bounds for these variables.
         Consider bounding these variables or reformulating the model.


Solving non-convex MIQCP

Variable types: 3508 continuous, 863 integer (863 binary)

Root relaxation: objective 1.630673e-01, 4233 iterations, 0.22 seconds (0.10 work units)

    Nodes    |    Current Node    |     Objective Bounds      |     Work
 Expl Unexpl |  Obj  Depth IntInf | Incumbent    BestBd   Gap | It/Node Time

     0     0    0.16307    0  631    1.18537    0.16307  86.2%     -    0s
     0     0    0.16600    0  607    1.18537    0.16600  86.0%     -    0s
     0     0    0.16999    0  450    1.18537    0.16999  85.7%     -    1s
     0     0    0.17108    0  465    1.18537    0.17108  85.6%     -    1s
     0     0    0.17299    0  446    1.18537    0.17299  85.4%     -    1s
     0     0    0.19578    0  378    1.18537    0.19578  83.5%     -    2s
H    0     0                       1.1692990    0.19578  83.3%     -    3s
     0     2    0.19578    0  380    1.16930    0.19578  83.3%     -    3s
    87    69    0.32621   17  477    1.16930    0.20447  82.5%   164    5s
   437   315 infeasible   72         1.16930    0.20524  82.4%  91.1   10s
   515   342    0.25439    9  255    1.16930    0.22683  80.6%  89.3   16s
   526   351    0.42203   73  237    1.16930    0.32298  72.4%   136   20s
   670   414    0.57100   58  172    1.16930    0.32304  72.4%   165   25s
H  731   389                       1.1493152    0.32304  71.9%   166   26s
   934   455    0.32304   49   97    1.14932    0.32304  71.9%   170   30s
  1182   496    0.41807   51  121    1.14932    0.32304  71.9%   170   35s
  1426   453    0.36808   51  125    1.14932    0.32592  71.6%   181   40s
  1722   480    0.32604   47   94    1.14932    0.32604  71.6%   181   45s
  1991   542    0.63745   51   80    1.14932    0.32604  71.6%   182   51s
  2200   571 infeasible   55         1.14932    0.32604  71.6%   180   55s
  2489   581    0.47627   50   93    1.14932    0.33722  70.7%   187   61s
  2721   603 infeasible   51         1.14932    0.34683  69.8%   191   67s
  2894   604    0.41482   49  102    1.14932    0.34846  69.7%   196   71s
  3069   609 infeasible   59         1.14932    0.35023  69.5%   200   76s
  3259   612 infeasible   67         1.14932    0.35225  69.4%   205   81s
  3504   643 infeasible   65         1.14932    0.35373  69.2%   206   87s
  3625   679 infeasible   53         1.14932    0.35550  69.1%   207   90s
  3938   736    0.44373   51  105    1.14932    0.35550  69.1%   203   95s
  4300   778    0.50363   51  122    1.14932    0.35550  69.1%   199  102s
  4459   793    0.94779   58   90    1.14932    0.35550  69.1%   199  105s
  4794   801    0.82232   54  136    1.14932    0.35550  69.1%   201  112s
  4952   823 infeasible   53         1.14932    0.35550  69.1%   202  116s
  5131   880 infeasible   51         1.14932    0.35550  69.1%   203  120s
  5544   894    0.35550   61  126    1.14932    0.35550  69.1%   202  128s
  5784   857    0.59783   54   48    1.14932    0.35550  69.1%   201  132s
  6010   833     cutoff   60         1.14932    0.36422  68.3%   203  135s
  6226   801    0.79329   59  124    1.14932    0.36806  68.0%   205  140s
  6649   743    0.46265   62   97    1.14932    0.37352  67.5%   210  148s
  6932   726 infeasible   54         1.14932    0.39864  65.3%   212  154s
  7213   734 infeasible   63         1.14932    0.40877  64.4%   212  160s
  7537   718     cutoff   63         1.14932    0.41142  64.2%   211  165s
  7826   693 infeasible   61         1.14932    0.41196  64.2%   212  171s
  8136   686 infeasible   48         1.14932    0.41445  63.9%   212  177s
  8434   694 infeasible   53         1.14932    0.41798  63.6%   213  180s

Cutting planes:
  Learned: 1
  Cover: 19
  Implied bound: 76
  Clique: 1
  MIR: 22
  Flow cover: 56
  GUB cover: 15
  Zero half: 3
  RLT: 90
  Relax-and-lift: 14
  BQP: 2

Explored 8564 nodes (1844691 simplex iterations) in 180.04 seconds (74.21 work units)
Thread count was 8 (of 8 available processors)

Solution count 3: 1.14932 1.1693 1.18537 

Time limit reached
Best objective 1.149315193326e+00, best bound 4.202653127582e-01, gap 63.4334%

User-callback calls 32853, time in user-callback 0.05 sec
alpha=0.2727272727272727  status=TIME_LIMIT
  agg total_shed = 473.579   cost-wtd Palma Σλ·top10/Σλ·bot40 (post-hoc) = 1.9867   model(σ·top) = 1.9867   uncosted-agg-served-Palma (diag) = 1.9488
Gurobi Optimizer version 12.0.3 build v12.0.3rc0 (win64 - Windows 11+.0 (26200.2))

CPU model: 11th Gen Intel(R) Core(TM) i7-1165G7 @ 2.80GHz, instruction set [SSE2|AVX|AVX2|AVX512]
Thread count: 4 physical cores, 8 logical processors, using up to 8 threads

Non-default parameters:
TimeLimit  180
MIPGap  0.01
MIPFocus  1
GomoryPasses  0
NonConvex  2
NumericFocus  2

Optimize a model with 11240 rows, 6537 columns and 29192 nonzeros
Model fingerprint: 0xaa8a6cf3
Model has 72 quadratic objective terms
Model has 265 quadratic constraints
Variable types: 5569 continuous, 968 integer (968 binary)
Coefficient statistics:
  Matrix range     [9e-09, 2e+01]
  QMatrix range    [1e+00, 5e+02]
  QLMatrix range   [1e+00, 1e+00]
  Objective range  [1e-03, 1e-03]
  QObjective range [4e+00, 2e+01]
  Bounds range     [1e-08, 2e+01]
  RHS range        [7e-01, 2e+01]
  QRHS range       [1e+00, 1e+00]

User MIP start did not produce a new incumbent solution
User MIP start violates constraint R122 by 4.345047923
Loaded MIP start from previous solve with objective 1.25399

Presolve removed 4553 rows and 2505 columns
Presolve time: 0.18s
Presolved: 7726 rows, 4371 columns, 23884 nonzeros
Presolved model has 216 quadratic constraint(s)
Presolved model has 289 bilinear constraint(s)
Warning: Model contains variables with very large bounds participating
         in product terms.
         Presolve was not able to compute smaller bounds for these variables.
         Consider bounding these variables or reformulating the model.


Solving non-convex MIQCP

Variable types: 3508 continuous, 863 integer (863 binary)

Root relaxation: objective 1.430764e-01, 4011 iterations, 0.16 seconds (0.09 work units)

    Nodes    |    Current Node    |     Objective Bounds      |     Work
 Expl Unexpl |  Obj  Depth IntInf | Incumbent    BestBd   Gap | It/Node Time

     0     0    0.14308    0  646    1.25399    0.14308  88.6%     -    0s
     0     0    0.14602    0  638    1.25399    0.14602  88.4%     -    0s
     0     0    0.16128    0  423    1.25399    0.16128  87.1%     -    1s
     0     0    0.16128    0  423    1.25399    0.16128  87.1%     -    1s
     0     0    0.16219    0  443    1.25399    0.16219  87.1%     -    1s
     0     0    0.16384    0  425    1.25399    0.16384  86.9%     -    1s
     0     0    0.17213    0  315    1.25399    0.17213  86.3%     -    2s
     0     2    0.17213    0  303    1.25399    0.17213  86.3%     -    4s
    46    39    0.25628   12  295    1.25399    0.17724  85.9%   174    5s
   287   218    0.32761   48  237    1.25399    0.17724  85.9%   106   10s
H  323   240                       1.2539934    0.17724  85.9%   106   10s
H  473   304                       1.2539933    0.17724  85.9%   104   14s
   474   305    0.41367   72  245    1.25399    0.17724  85.9%   104   15s
   489   316    0.27707   25  167    1.25399    0.21639  82.7%   132   20s
   499   324    0.32596   57   96    1.25399    0.21639  82.7%   152   25s
   650   361    0.46337   40  173    1.25399    0.22127  82.4%   192   30s
   855   386    0.31732   44  173    1.25399    0.22556  82.0%   198   35s
  1062   355    0.61205   43  156    1.25399    0.23433  81.3%   205   40s
  1306   321 infeasible   49         1.25399    0.24776  80.2%   207   45s
  1513   331    0.59744   48  117    1.25399    0.25588  79.6%   211   50s
  1737   357 infeasible   54         1.25399    0.27439  78.1%   220   55s
  1958   409    0.49994   45  116    1.25399    0.28532  77.2%   218   60s
  2161   428    0.28926   52  204    1.25399    0.28845  77.0%   216   65s
  2471   545    0.85605   48  155    1.25399    0.29355  76.6%   213   71s
  2705   678 infeasible   52         1.25399    0.29448  76.5%   202   76s
  2989   814 infeasible   58         1.25399    0.30581  75.6%   194   80s
  3239   979 infeasible   52         1.25399    0.31056  75.2%   191   85s
  3534  1120 infeasible   57         1.25399    0.31270  75.1%   185   90s
H 3644   991                       0.7575758    0.31617  58.3%   183   90s
* 3644   991             473       0.7575758    0.31617  58.3%   183   90s
  3838  1013 infeasible   59         0.75758    0.32232  57.5%   183   95s
H 3966   323                       0.6363636    0.33594  47.2%   187   97s
  4112   303 infeasible   56         0.63636    0.34041  46.5%   188  100s
  4450   296 infeasible   53         0.63636    0.36676  42.4%   196  105s
  4719   263 infeasible   46         0.63636    0.38706  39.2%   203  111s
  4883   229    0.62116   49  206    0.63636    0.39075  38.6%   204  115s
  5059   227 infeasible   52         0.63636    0.40346  36.6%   208  120s
  5503    25 infeasible   53         0.63636    0.43944  30.9%   212  129s

Cutting planes:
  Learned: 3
  Cover: 17
  Implied bound: 75
  Clique: 4
  MIR: 21
  Flow cover: 48
  GUB cover: 14
  Mod-K: 1
  RLT: 61
  Relax-and-lift: 15
  BQP: 5

Explored 5805 nodes (1252811 simplex iterations) in 129.47 seconds (54.84 work units)
Thread count was 8 (of 8 available processors)

Solution count 5: 0.636364 0.757576 1.25399 ... 1.25399

Optimal solution found (tolerance 1.00e-02)
Best objective 6.363636363636e-01, best bound 6.363636363636e-01, gap 0.0000%

User-callback calls 22727, time in user-callback 0.04 sec
alpha=0.36363636363636365  status=OPTIMAL
  agg total_shed = 566.97   cost-wtd Palma Σλ·top10/Σλ·bot40 (post-hoc) = Inf   model(σ·top) = 0.0   uncosted-agg-served-Palma (diag) = Inf
Gurobi Optimizer version 12.0.3 build v12.0.3rc0 (win64 - Windows 11+.0 (26200.2))

CPU model: 11th Gen Intel(R) Core(TM) i7-1165G7 @ 2.80GHz, instruction set [SSE2|AVX|AVX2|AVX512]
Thread count: 4 physical cores, 8 logical processors, using up to 8 threads

Non-default parameters:
TimeLimit  180
MIPGap  0.01
MIPFocus  1
GomoryPasses  0
NonConvex  2
NumericFocus  2

Optimize a model with 11240 rows, 6537 columns and 29192 nonzeros
Model fingerprint: 0x8460156b
Model has 72 quadratic objective terms
Model has 265 quadratic constraints
Variable types: 5569 continuous, 968 integer (968 binary)
Coefficient statistics:
  Matrix range     [9e-09, 2e+01]
  QMatrix range    [1e+00, 5e+02]
  QLMatrix range   [1e+00, 1e+00]
  Objective range  [1e-03, 1e-03]
  QObjective range [5e+00, 3e+01]
  Bounds range     [1e-08, 2e+01]
  RHS range        [7e-01, 2e+01]
  QRHS range       [1e+00, 1e+00]

User MIP start did not produce a new incumbent solution
User MIP start violates constraint R122 by 4.345047923
Loaded MIP start from previous solve with objective 0.545455

Presolve removed 4553 rows and 2505 columns
Presolve time: 0.16s
Presolved: 7726 rows, 4371 columns, 23884 nonzeros
Presolved model has 216 quadratic constraint(s)
Presolved model has 289 bilinear constraint(s)
Warning: Model contains variables with very large bounds participating
         in product terms.
         Presolve was not able to compute smaller bounds for these variables.
         Consider bounding these variables or reformulating the model.


Solving non-convex MIQCP

Variable types: 3508 continuous, 863 integer (863 binary)

Root relaxation: objective 1.230157e-01, 4056 iterations, 0.17 seconds (0.09 work units)

    Nodes    |    Current Node    |     Objective Bounds      |     Work
 Expl Unexpl |  Obj  Depth IntInf | Incumbent    BestBd   Gap | It/Node Time

     0     0    0.12302    0  641    0.54545    0.12302  77.4%     -    0s
     0     0    0.12587    0  637    0.54545    0.12587  76.9%     -    0s
     0     0    0.13398    0  435    0.54545    0.13398  75.4%     -    1s
     0     0    0.13398    0  435    0.54545    0.13398  75.4%     -    1s
     0     0    0.13842    0  444    0.54545    0.13842  74.6%     -    1s
     0     0    0.13842    0  423    0.54545    0.13842  74.6%     -    1s
     0     0    0.15152    0  346    0.54545    0.15152  72.2%     -    2s
     0     2    0.15152    0  346    0.54545    0.15152  72.2%     -    3s
    25    31    0.21549    9  359    0.54545    0.15861  70.9%   293    5s
   226   149    0.30655   43  426    0.54545    0.16224  70.3%   154   10s
   512   287    0.23155   24  231    0.54545    0.16503  69.7%   122   16s
   519   292    0.26906   46  199    0.54545    0.21942  59.8%   120   21s
   528   299    0.23599   31  184    0.54545    0.23599  56.7%   151   26s
   537   306    0.29845    5  148    0.54545    0.29845  45.3%   171   30s
   744   286 infeasible   51         0.54545    0.33597  38.4%   201   35s
  1027   156 infeasible   53         0.54545    0.44931  17.6%   218   40s

Cutting planes:
  Learned: 2
  Cover: 12
  Implied bound: 60
  Clique: 8
  MIR: 12
  Flow cover: 30
  GUB cover: 14
  Zero half: 3
  RLT: 53
  Relax-and-lift: 23
  BQP: 8

Explored 1075 nodes (249983 simplex iterations) in 40.74 seconds (16.88 work units)
Thread count was 8 (of 8 available processors)

Solution count 1: 0.545455 

Optimal solution found (tolerance 1.00e-02)
Best objective 5.454545454545e-01, best bound 5.454545454545e-01, gap 0.0000%

User-callback calls 6668, time in user-callback 0.02 sec
alpha=0.45454545454545453  status=OPTIMAL
  agg total_shed = 566.97   cost-wtd Palma Σλ·top10/Σλ·bot40 (post-hoc) = Inf   model(σ·top) = 0.0   uncosted-agg-served-Palma (diag) = Inf
Gurobi Optimizer version 12.0.3 build v12.0.3rc0 (win64 - Windows 11+.0 (26200.2))

CPU model: 11th Gen Intel(R) Core(TM) i7-1165G7 @ 2.80GHz, instruction set [SSE2|AVX|AVX2|AVX512]
Thread count: 4 physical cores, 8 logical processors, using up to 8 threads

Non-default parameters:
TimeLimit  180
MIPGap  0.01
MIPFocus  1
GomoryPasses  0
NonConvex  2
NumericFocus  2

Optimize a model with 11240 rows, 6537 columns and 29192 nonzeros
Model fingerprint: 0xa6e4cf65
Model has 72 quadratic objective terms
Model has 265 quadratic constraints
Variable types: 5569 continuous, 968 integer (968 binary)
Coefficient statistics:
  Matrix range     [9e-09, 2e+01]
  QMatrix range    [1e+00, 5e+02]
  QLMatrix range   [1e+00, 1e+00]
  Objective range  [8e-04, 8e-04]
  QObjective range [5e+00, 3e+01]
  Bounds range     [1e-08, 2e+01]
  RHS range        [7e-01, 2e+01]
  QRHS range       [1e+00, 1e+00]

User MIP start did not produce a new incumbent solution
User MIP start violates constraint R122 by 4.345047923
Loaded MIP start from previous solve with objective 0.454545

Presolve removed 4553 rows and 2505 columns
Presolve time: 0.11s
Presolved: 7726 rows, 4371 columns, 23884 nonzeros
Presolved model has 216 quadratic constraint(s)
Presolved model has 289 bilinear constraint(s)
Warning: Model contains variables with very large bounds participating
         in product terms.
         Presolve was not able to compute smaller bounds for these variables.
         Consider bounding these variables or reformulating the model.


Solving non-convex MIQCP

Variable types: 3508 continuous, 863 integer (863 binary)

Root relaxation: objective 1.029192e-01, 4038 iterations, 0.12 seconds (0.09 work units)

    Nodes    |    Current Node    |     Objective Bounds      |     Work
 Expl Unexpl |  Obj  Depth IntInf | Incumbent    BestBd   Gap | It/Node Time

     0     0    0.10292    0  654    0.45455    0.10292  77.4%     -    0s
     0     0    0.10557    0  653    0.45455    0.10557  76.8%     -    0s
     0     0    0.12369    0  451    0.45455    0.12369  72.8%     -    0s
     0     0    0.12369    0  451    0.45455    0.12369  72.8%     -    0s
     0     0    0.13015    0  422    0.45455    0.13015  71.4%     -    1s
     0     0    0.13015    0  402    0.45455    0.13015  71.4%     -    1s
     0     0    0.13499    0  343    0.45455    0.13499  70.3%     -    1s
     0     2    0.13499    0  342    0.45455    0.13499  70.3%     -    2s
   118   101    0.22334   26  283    0.45455    0.13882  69.5%   179    5s
   438   264    0.15684    8  319    0.45455    0.14715  67.6%   107   10s
   547   288    0.18369   25  253    0.45455    0.17137  62.3%  93.2   16s
   558   297    0.36178   39  268    0.45455    0.36178  20.4%   145   20s
   571   307    0.36178   13  190    0.45455    0.36178  20.4%   159   25s
   705   282    0.36188   48  166    0.45455    0.36188  20.4%   193   30s

Cutting planes:
  Learned: 1
  Cover: 15
  Implied bound: 73
  Clique: 5
  MIR: 11
  Flow cover: 31
  GUB cover: 9
  Zero half: 10
  RLT: 42
  Relax-and-lift: 18
  BQP: 6

Explored 810 nodes (173235 simplex iterations) in 32.02 seconds (15.68 work units)
Thread count was 8 (of 8 available processors)

Solution count 1: 0.454545 

Optimal solution found (tolerance 1.00e-02)
Best objective 4.545454545455e-01, best bound 4.545454545455e-01, gap 0.0000%

User-callback calls 6245, time in user-callback 0.01 sec
alpha=0.5454545454545454  status=OPTIMAL
  agg total_shed = 566.97   cost-wtd Palma Σλ·top10/Σλ·bot40 (post-hoc) = Inf   model(σ·top) = 0.0   uncosted-agg-served-Palma (diag) = Inf
Gurobi Optimizer version 12.0.3 build v12.0.3rc0 (win64 - Windows 11+.0 (26200.2))

CPU model: 11th Gen Intel(R) Core(TM) i7-1165G7 @ 2.80GHz, instruction set [SSE2|AVX|AVX2|AVX512]
Thread count: 4 physical cores, 8 logical processors, using up to 8 threads

Non-default parameters:
TimeLimit  180
MIPGap  0.01
MIPFocus  1
GomoryPasses  0
NonConvex  2
NumericFocus  2

Optimize a model with 11240 rows, 6537 columns and 29192 nonzeros
Model fingerprint: 0x55f23c8d
Model has 72 quadratic objective terms
Model has 265 quadratic constraints
Variable types: 5569 continuous, 968 integer (968 binary)
Coefficient statistics:
  Matrix range     [9e-09, 2e+01]
  QMatrix range    [1e+00, 5e+02]
  QLMatrix range   [1e+00, 1e+00]
  Objective range  [6e-04, 6e-04]
  QObjective range [6e+00, 4e+01]
  Bounds range     [1e-08, 2e+01]
  RHS range        [7e-01, 2e+01]
  QRHS range       [1e+00, 1e+00]

User MIP start did not produce a new incumbent solution
User MIP start violates constraint R122 by 4.345047923
Loaded MIP start from previous solve with objective 0.363636

Presolve removed 4553 rows and 2505 columns
Presolve time: 0.12s
Presolved: 7726 rows, 4371 columns, 23884 nonzeros
Presolved model has 216 quadratic constraint(s)
Presolved model has 289 bilinear constraint(s)
Warning: Model contains variables with very large bounds participating
         in product terms.
         Presolve was not able to compute smaller bounds for these variables.
         Consider bounding these variables or reformulating the model.


Solving non-convex MIQCP

Variable types: 3508 continuous, 863 integer (863 binary)

Root relaxation: objective 8.271515e-02, 4009 iterations, 0.13 seconds (0.09 work units)

    Nodes    |    Current Node    |     Objective Bounds      |     Work
 Expl Unexpl |  Obj  Depth IntInf | Incumbent    BestBd   Gap | It/Node Time

     0     0    0.08272    0  650    0.36364    0.08272  77.3%     -    0s
     0     0    0.08508    0  709    0.36364    0.08508  76.6%     -    0s
     0     0    0.09783    0  448    0.36364    0.09783  73.1%     -    0s
     0     0    0.09783    0  447    0.36364    0.09783  73.1%     -    0s
     0     0    0.10076    0  439    0.36364    0.10076  72.3%     -    1s
     0     0    0.10076    0  419    0.36364    0.10076  72.3%     -    1s
     0     0    0.11185    0  326    0.36364    0.11185  69.2%     -    1s
     0     2    0.11185    0  326    0.36364    0.11185  69.2%     -    2s
   161   133    0.19627   35  463    0.36364    0.11759  67.7%   106    5s
   505   305    0.23580   63  243    0.36364    0.12390  65.9%  89.8   11s
   512   310    0.22196   42  256    0.36364    0.15688  56.9%  88.6   15s
   530   324    0.32436   26   84    0.36364    0.32436  10.8%   136   20s

Cutting planes:
  Learned: 1
  Cover: 18
  Implied bound: 39
  Clique: 4
  MIR: 17
  Flow cover: 33
  GUB cover: 11
  Zero half: 1
  RLT: 51
  Relax-and-lift: 10
  BQP: 5

Explored 627 nodes (127219 simplex iterations) in 22.38 seconds (11.07 work units)
Thread count was 8 (of 8 available processors)

Solution count 1: 0.363636 

Optimal solution found (tolerance 1.00e-02)
Best objective 3.636363636364e-01, best bound 3.636363636364e-01, gap 0.0000%

User-callback calls 4348, time in user-callback 0.00 sec
alpha=0.6363636363636364  status=OPTIMAL
  agg total_shed = 566.97   cost-wtd Palma Σλ·top10/Σλ·bot40 (post-hoc) = Inf   model(σ·top) = 0.0   uncosted-agg-served-Palma (diag) = Inf
Gurobi Optimizer version 12.0.3 build v12.0.3rc0 (win64 - Windows 11+.0 (26200.2))

CPU model: 11th Gen Intel(R) Core(TM) i7-1165G7 @ 2.80GHz, instruction set [SSE2|AVX|AVX2|AVX512]
Thread count: 4 physical cores, 8 logical processors, using up to 8 threads

Non-default parameters:
TimeLimit  180
MIPGap  0.01
MIPFocus  1
GomoryPasses  0
NonConvex  2
NumericFocus  2

Optimize a model with 11240 rows, 6537 columns and 29192 nonzeros
Model fingerprint: 0x604b7557
Model has 72 quadratic objective terms
Model has 265 quadratic constraints
Variable types: 5569 continuous, 968 integer (968 binary)
Coefficient statistics:
  Matrix range     [9e-09, 2e+01]
  QMatrix range    [1e+00, 5e+02]
  QLMatrix range   [1e+00, 1e+00]
  Objective range  [5e-04, 5e-04]
  QObjective range [7e+00, 4e+01]
  Bounds range     [1e-08, 2e+01]
  RHS range        [7e-01, 2e+01]
  QRHS range       [1e+00, 1e+00]

User MIP start did not produce a new incumbent solution
User MIP start violates constraint R122 by 4.345047923
Loaded MIP start from previous solve with objective 0.272727

Presolve removed 4553 rows and 2505 columns
Presolve time: 0.12s
Presolved: 7726 rows, 4371 columns, 23884 nonzeros
Presolved model has 216 quadratic constraint(s)
Presolved model has 289 bilinear constraint(s)
Warning: Model contains variables with very large bounds participating
         in product terms.
         Presolve was not able to compute smaller bounds for these variables.
         Consider bounding these variables or reformulating the model.


Solving non-convex MIQCP

Variable types: 3508 continuous, 863 integer (863 binary)

Root relaxation: objective 6.229442e-02, 4229 iterations, 0.15 seconds (0.10 work units)

    Nodes    |    Current Node    |     Objective Bounds      |     Work
 Expl Unexpl |  Obj  Depth IntInf | Incumbent    BestBd   Gap | It/Node Time

     0     0    0.06229    0  625    0.27273    0.06229  77.2%     -    0s
     0     0    0.06424    0  693    0.27273    0.06424  76.4%     -    0s
     0     0    0.07974    0  442    0.27273    0.07974  70.8%     -    1s
     0     0    0.07974    0  441    0.27273    0.07974  70.8%     -    1s
     0     0    0.08559    0  435    0.27273    0.08559  68.6%     -    1s
     0     0    0.08559    0  408    0.27273    0.08559  68.6%     -    1s
     0     0    0.09162    0  311    0.27273    0.09162  66.4%     -    3s
     0     2    0.09162    0  307    0.27273    0.09162  66.4%     -    4s
     1     4    0.09580    1  309    0.27273    0.09235  66.1%  1474    5s
   146    88    0.20690   29  251    0.27273    0.10089  63.0%   171   10s
   422   272    0.23283   50  221    0.27273    0.10419  61.8%   136   15s
   516   300    0.19428   19  265    0.27273    0.19428  28.8%   133   20s
   520   303    0.21341    7  232    0.27273    0.21341  21.7%   132   25s
   528   309    0.21341   24  195    0.27273    0.21341  21.7%   187   30s
   565   340    0.23694   36  233    0.27273    0.21396  21.5%   243   35s

Cutting planes:
  Learned: 1
  Cover: 23
  Implied bound: 99
  Clique: 9
  MIR: 14
  StrongCG: 1
  Flow cover: 55
  GUB cover: 5
  RLT: 96
  Relax-and-lift: 41
  BQP: 22

Explored 676 nodes (195012 simplex iterations) in 37.93 seconds (18.04 work units)
Thread count was 8 (of 8 available processors)

Solution count 1: 0.272727 

Optimal solution found (tolerance 1.00e-02)
Best objective 2.727272727273e-01, best bound 2.727272727273e-01, gap 0.0000%

User-callback calls 4760, time in user-callback 0.00 sec
alpha=0.7272727272727273  status=OPTIMAL
  agg total_shed = 566.97   cost-wtd Palma Σλ·top10/Σλ·bot40 (post-hoc) = Inf   model(σ·top) = 0.0   uncosted-agg-served-Palma (diag) = Inf
Gurobi Optimizer version 12.0.3 build v12.0.3rc0 (win64 - Windows 11+.0 (26200.2))

CPU model: 11th Gen Intel(R) Core(TM) i7-1165G7 @ 2.80GHz, instruction set [SSE2|AVX|AVX2|AVX512]
Thread count: 4 physical cores, 8 logical processors, using up to 8 threads

Non-default parameters:
TimeLimit  180
MIPGap  0.01
MIPFocus  1
GomoryPasses  0
NonConvex  2
NumericFocus  2

Optimize a model with 11240 rows, 6537 columns and 29192 nonzeros
Model fingerprint: 0x69534817
Model has 72 quadratic objective terms
Model has 265 quadratic constraints
Variable types: 5569 continuous, 968 integer (968 binary)
Coefficient statistics:
  Matrix range     [9e-09, 2e+01]
  QMatrix range    [1e+00, 5e+02]
  QLMatrix range   [1e+00, 1e+00]
  Objective range  [3e-04, 3e-04]
  QObjective range [8e+00, 5e+01]
  Bounds range     [1e-08, 2e+01]
  RHS range        [7e-01, 2e+01]
  QRHS range       [1e+00, 1e+00]

User MIP start did not produce a new incumbent solution
User MIP start violates constraint R122 by 4.345047923
Loaded MIP start from previous solve with objective 0.181818

Presolve removed 4553 rows and 2505 columns
Presolve time: 0.15s
Presolved: 7726 rows, 4371 columns, 23884 nonzeros
Presolved model has 216 quadratic constraint(s)
Presolved model has 289 bilinear constraint(s)
Warning: Model contains variables with very large bounds participating
         in product terms.
         Presolve was not able to compute smaller bounds for these variables.
         Consider bounding these variables or reformulating the model.


Solving non-convex MIQCP

Variable types: 3508 continuous, 863 integer (863 binary)

Root relaxation: objective 4.180593e-02, 4251 iterations, 0.17 seconds (0.10 work units)

    Nodes    |    Current Node    |     Objective Bounds      |     Work
 Expl Unexpl |  Obj  Depth IntInf | Incumbent    BestBd   Gap | It/Node Time

     0     0    0.04181    0  604    0.18182    0.04181  77.0%     -    0s
     0     0    0.04316    0  676    0.18182    0.04316  76.3%     -    0s
     0     0    0.06164    0  449    0.18182    0.06164  66.1%     -    0s
     0     0    0.06164    0  449    0.18182    0.06164  66.1%     -    0s
     0     0    0.06194    0  445    0.18182    0.06194  65.9%     -    1s
     0     0    0.06346    0  417    0.18182    0.06346  65.1%     -    1s
     0     0    0.07303    0  321    0.18182    0.07303  59.8%     -    2s
     0     2    0.07303    0  306    0.18182    0.07303  59.8%     -    2s
    99    81    0.10193   20  261    0.18182    0.07596  58.2%   130    5s
   340   210 infeasible   22         0.18182    0.07713  57.6%   146   10s
   516   274    0.13046    4  321    0.18182    0.07879  56.7%   161   15s
   544   278    0.15142   21  213    0.18182    0.15142  16.7%   164   21s
   548   282    0.15142   25  247    0.18182    0.15142  16.7%   215   25s
   557   289    0.15142   13  247    0.18182    0.15142  16.7%   242   32s
   564   294    0.17531   17   48    0.18182    0.17531  3.58%   239   35s

Cutting planes:
  Learned: 1
  Cover: 3
  Implied bound: 26
  Clique: 2
  MIR: 6
  Flow cover: 16
  GUB cover: 4
  RLT: 35
  Relax-and-lift: 9
  BQP: 4

Explored 565 nodes (158900 simplex iterations) in 36.23 seconds (18.48 work units)
Thread count was 8 (of 8 available processors)

Solution count 1: 0.181818 

Optimal solution found (tolerance 1.00e-02)
Best objective 1.818181818182e-01, best bound 1.818181818182e-01, gap 0.0000%

User-callback calls 4917, time in user-callback 0.01 sec
alpha=0.8181818181818182  status=OPTIMAL
  agg total_shed = 566.97   cost-wtd Palma Σλ·top10/Σλ·bot40 (post-hoc) = Inf   model(σ·top) = 0.0   uncosted-agg-served-Palma (diag) = Inf
Gurobi Optimizer version 12.0.3 build v12.0.3rc0 (win64 - Windows 11+.0 (26200.2))

CPU model: 11th Gen Intel(R) Core(TM) i7-1165G7 @ 2.80GHz, instruction set [SSE2|AVX|AVX2|AVX512]
Thread count: 4 physical cores, 8 logical processors, using up to 8 threads

Non-default parameters:
TimeLimit  180
MIPGap  0.01
MIPFocus  1
GomoryPasses  0
NonConvex  2
NumericFocus  2

Optimize a model with 11240 rows, 6537 columns and 29192 nonzeros
Model fingerprint: 0x05b0dda4
Model has 72 quadratic objective terms
Model has 265 quadratic constraints
Variable types: 5569 continuous, 968 integer (968 binary)
Coefficient statistics:
  Matrix range     [9e-09, 2e+01]
  QMatrix range    [1e+00, 5e+02]
  QLMatrix range   [1e+00, 1e+00]
  Objective range  [2e-04, 2e-04]
  QObjective range [9e+00, 5e+01]
  Bounds range     [1e-08, 2e+01]
  RHS range        [7e-01, 2e+01]
  QRHS range       [1e+00, 1e+00]

User MIP start did not produce a new incumbent solution
User MIP start violates constraint R122 by 4.345047923
Loaded MIP start from previous solve with objective 0.0909091

Presolve removed 4553 rows and 2505 columns
Presolve time: 0.12s
Presolved: 7726 rows, 4371 columns, 23884 nonzeros
Presolved model has 216 quadratic constraint(s)
Presolved model has 289 bilinear constraint(s)
Warning: Model contains variables with very large bounds participating
         in product terms.
         Presolve was not able to compute smaller bounds for these variables.
         Consider bounding these variables or reformulating the model.


Solving non-convex MIQCP

Variable types: 3508 continuous, 863 integer (863 binary)

Root relaxation: objective 2.102609e-02, 4372 iterations, 0.14 seconds (0.11 work units)

    Nodes    |    Current Node    |     Objective Bounds      |     Work
 Expl Unexpl |  Obj  Depth IntInf | Incumbent    BestBd   Gap | It/Node Time

     0     0    0.02103    0  616    0.09091    0.02103  76.9%     -    0s
     0     0    0.02174    0  682    0.09091    0.02174  76.1%     -    0s
     0     0    0.04379    0  438    0.09091    0.04379  51.8%     -    0s
     0     0    0.04379    0  438    0.09091    0.04379  51.8%     -    0s
     0     0    0.04513    0  433    0.09091    0.04513  50.4%     -    1s
     0     0    0.04584    0  406    0.09091    0.04584  49.6%     -    1s
     0     0    0.05402    0  277    0.09091    0.05402  40.6%     -    2s
     0     2    0.05402    0  274    0.09091    0.05402  40.6%     -    2s
    46    36    0.07905   11  287    0.09091    0.05428  40.3%   540    5s
   200    55     cutoff    8         0.09091    0.06252  31.2%   431   10s

Cutting planes:
  Cover: 4
  Implied bound: 106
  Clique: 15
  MIR: 14
  StrongCG: 1
  Flow cover: 30
  GUB cover: 16
  RLT: 114
  Relax-and-lift: 24
  BQP: 23

Explored 262 nodes (157535 simplex iterations) in 12.11 seconds (7.80 work units)
Thread count was 8 (of 8 available processors)

Solution count 1: 0.0909091 

Optimal solution found (tolerance 1.00e-02)
Best objective 9.090909090909e-02, best bound 9.090909090909e-02, gap 0.0000%

User-callback calls 1909, time in user-callback 0.00 sec
alpha=0.9090909090909091  status=OPTIMAL
  agg total_shed = 566.97   cost-wtd Palma Σλ·top10/Σλ·bot40 (post-hoc) = Inf   model(σ·top) = 0.0   uncosted-agg-served-Palma (diag) = Inf
Gurobi Optimizer version 12.0.3 build v12.0.3rc0 (win64 - Windows 11+.0 (26200.2))

CPU model: 11th Gen Intel(R) Core(TM) i7-1165G7 @ 2.80GHz, instruction set [SSE2|AVX|AVX2|AVX512]
Thread count: 4 physical cores, 8 logical processors, using up to 8 threads

Non-default parameters:
TimeLimit  180
MIPGap  0.01
MIPFocus  1
GomoryPasses  0
NonConvex  2
NumericFocus  2

Optimize a model with 11240 rows, 6537 columns and 29192 nonzeros
Model fingerprint: 0x045ecd42
Model has 72 quadratic objective terms
Model has 265 quadratic constraints
Variable types: 5569 continuous, 968 integer (968 binary)
Coefficient statistics:
  Matrix range     [9e-09, 2e+01]
  QMatrix range    [1e+00, 5e+02]
  QLMatrix range   [1e+00, 1e+00]
  Objective range  [0e+00, 0e+00]
  QObjective range [1e+01, 6e+01]
  Bounds range     [1e-08, 2e+01]
  RHS range        [7e-01, 2e+01]
  QRHS range       [1e+00, 1e+00]

User MIP start did not produce a new incumbent solution
User MIP start violates constraint R122 by 4.345047923
Loaded MIP start from previous solve with objective 0

Presolve removed 4480 rows and 2456 columns
Presolve time: 0.08s
Presolved: 7799 rows, 4420 columns, 23790 nonzeros
Presolved model has 216 quadratic constraint(s)
Presolved model has 289 bilinear constraint(s)
Warning: Model contains variables with very large bounds participating
         in product terms.
         Presolve was not able to compute smaller bounds for these variables.
         Consider bounding these variables or reformulating the model.


Solving non-convex MIQCP

Variable types: 3508 continuous, 912 integer (912 binary)

Explored 0 nodes (0 simplex iterations) in 0.12 seconds (0.08 work units)
Thread count was 8 (of 8 available processors)

Solution count 1: 0 

Optimal solution found (tolerance 1.00e-02)
Best objective 0.000000000000e+00, best bound 0.000000000000e+00, gap 0.0000%

User-callback calls 592, time in user-callback 0.00 sec
alpha=1.0  status=OPTIMAL
  agg total_shed = 566.97   cost-wtd Palma Σλ·top10/Σλ·bot40 (post-hoc) = Inf   model(σ·top) = 0.0   uncosted-agg-served-Palma (diag) = Inf
[ PowerModelsDistribution | Info ] : Circuit has been reset with the 'clear' on line 1 in 'case6_unbalanced_switch_more_meshed_good4integer.dss'
[ PowerModelsDistribution | Info ] : Command 'calcvoltagebases' on line 56 in 'case6_unbalanced_switch_more_meshed_good4integer.dss' is not supported, skipping.
[ PowerModelsDistribution | Info ] : Command 'solve' on line 58 in 'case6_unbalanced_switch_more_meshed_good4integer.dss' is not supported, skipping.
[ PowerModelsDistribution | Info ] : basemva=100 is the default value, you may want to adjust sbase_default for better convergence
┌ PowerModelsDistribution | Warning ] : basefreq=60.0 on line.quadpb does not match circuit basefreq=50.0
└ @ PowerModelsDistribution C:\Users\awest\.julia\packages\PowerModelsDistribution\EOTxp\src\data_model\transformations\dss2eng.jl:422
┌ PowerModelsDistribution | Warning ] : basefreq=60.0 on line.quadad does not match circuit basefreq=50.0
└ @ PowerModelsDistribution C:\Users\awest\.julia\packages\PowerModelsDistribution\EOTxp\src\data_model\transformations\dss2eng.jl:422
┌ PowerModelsDistribution | Warning ] : basefreq=60.0 on line.quadac does not match circuit basefreq=50.0
└ @ PowerModelsDistribution C:\Users\awest\.julia\packages\PowerModelsDistribution\EOTxp\src\data_model\transformations\dss2eng.jl:422
┌ PowerModelsDistribution | Warning ] : basefreq=60.0 on line.quadpa does not match circuit basefreq=50.0
└ @ PowerModelsDistribution C:\Users\awest\.julia\packages\PowerModelsDistribution\EOTxp\src\data_model\transformations\dss2eng.jl:422
┌ PowerModelsDistribution | Warning ] : basefreq=60.0 on line.ohline does not match circuit basefreq=50.0
└ @ PowerModelsDistribution C:\Users\awest\.julia\packages\PowerModelsDistribution\EOTxp\src\data_model\transformations\dss2eng.jl:422
┌ PowerModelsDistribution | Warning ] : basefreq=60.0 on line.quadbc does not match circuit basefreq=50.0
└ @ PowerModelsDistribution C:\Users\awest\.julia\packages\PowerModelsDistribution\EOTxp\src\data_model\transformations\dss2eng.jl:422
┌ PowerModelsDistribution | Warning ] : basefreq=60.0 on line.quadec does not match circuit basefreq=50.0
└ @ PowerModelsDistribution C:\Users\awest\.julia\packages\PowerModelsDistribution\EOTxp\src\data_model\transformations\dss2eng.jl:422
┌ PowerModelsDistribution | Warning ] : basefreq=60.0 on line.quadpe does not match circuit basefreq=50.0
└ @ PowerModelsDistribution C:\Users\awest\.julia\packages\PowerModelsDistribution\EOTxp\src\data_model\transformations\dss2eng.jl:422
[ Main | Info ] : LOAD_SCALE_FACTORS (agg_scales per period): [0.839, 0.968, 1.076, 1.15, 1.112, 1.072, 0.984, 0.899]
Saved trade-off sweep data → C:\Users\awest\github\FairLoadDelivery\script\single_level\../../results/2026-06-03/palma_trade_off_mn\palma_sweep_mn_more_meshed_6_bus_absolute.jld2
Done. Results written to: C:\Users\awest\github\FairLoadDelivery\script\single_level\../../results/2026-06-03/palma_trade_off_mn
GKS: String is too long in routine TEXT
GKS: String is too long in routine TEXT
GKS: String is too long in routine TEXT
GKS: String is too long in routine TEXT
GKS: String is too long in routine TEXT
GKS: String is too long in routine TEXT
GKS: String is too long in routine TEXT
GKS: String is too long in routine TEXT
GKS: String is too long in routine TEXT
GKS: String is too long in routine TEXT
GKS: String is too long in routine TEXT
GKS: String is too long in routine TEXT
GKS: String is too long in routine TEXT
GKS: String is too long in routine TEXT
GKS: String is too long in routine TEXT
GKS: String is too long in routine TEXT
GKS: String is too long in routine TEXT
GKS: String is too long in routine TEXT
GKS: String is too long in routine TEXT
GKS: String is too long in routine TEXT
GKS: String is too long in routine TEXT
GKS: String is too long in routine TEXT
GKS: String is too long in routine TEXT
GKS: String is too long in routine TEXT
GKS: String is too long in routine TEXT
GKS: String is too long in routine TEXT
GKS: String is too long in routine TEXT
GKS: String is too long in routine TEXT
GKS: String is too long in routine TEXT
GKS: String is too long in routine TEXT
GKS: String is too long in routine TEXT
GKS: String is too long in routine TEXT
GKS: String is too long in routine TEXT
GKS: String is too long in routine TEXT
GKS: String is too long in routine TEXT
GKS: String is too long in routine TEXT
GKS: String is too long in routine TEXT
GKS: String is too long in routine TEXT
GKS: String is too long in routine TEXT
GKS: String is too long in routine TEXT
