Set parameter Username
Set parameter LicenseID to value 2813843
Academic license - for non-commercial use only - expires 2027-04-27
Set parameter NonConvex to value 2
Set parameter MIPGap to value 0.01
Set parameter TimeLimit to value 180
Set parameter MIPFocus to value 1
Set parameter NumericFocus to value 2
Set parameter Username
Set parameter LicenseID to value 2813843
Academic license - for non-commercial use only - expires 2027-04-27
Set parameter MIPGap to value 0.01
Set parameter TimeLimit to value 300
Set parameter MIPFocus to value 1
Set parameter MIPGap to value 0.01
Set parameter MIPFocus to value 1
Set parameter TimeLimit to value 300
Gurobi Optimizer version 12.0.3 build v12.0.3rc0 (win64 - Windows 11+.0 (26200.2))

CPU model: 11th Gen Intel(R) Core(TM) i7-1165G7 @ 2.80GHz, instruction set [SSE2|AVX|AVX2|AVX512]
Thread count: 4 physical cores, 8 logical processors, using up to 8 threads

Non-default parameters:
TimeLimit  300
MIPGap  0.01
MIPFocus  1

Optimize a model with 9088 rows, 5240 columns and 22208 nonzeros
Model fingerprint: 0x56fb26e7
Model has 264 quadratic constraints
Coefficient statistics:
  Matrix range     [9e-09, 2e+01]
  QMatrix range    [1e+00, 5e+02]
  QLMatrix range   [1e+00, 1e+00]
  Objective range  [7e-02, 4e-01]
  Bounds range     [1e+00, 2e+01]
  RHS range        [7e-01, 2e+01]
Presolve removed 4384 rows and 2320 columns
Presolve time: 0.02s
Presolved: 5176 rows, 3320 columns, 15796 nonzeros
Presolved model has 192 second-order cone constraints
Ordering time: 0.01s

Barrier statistics:
 AA' NZ     : 5.310e+04
 Factor NZ  : 1.656e+05 (roughly 5 MB of memory)
 Factor Ops : 6.763e+06 (less than 1 second per iteration)
 Threads    : 4

                  Objective                Residual
Iter       Primal          Dual         Primal    Dual     Compl     Time
   0   3.75546944e+02 -2.01805402e+02  5.01e+02 1.00e-01  2.23e+00     0s
   1   1.44318798e+02 -2.76854418e+02  1.07e+02 1.66e-02  4.97e-01     0s
   2   7.75832460e+01 -2.49201154e+02  4.38e+01 1.12e-02  2.22e-01     0s
   3   5.00677146e+01 -1.82564338e+02  2.10e+01 3.45e-03  1.07e-01     0s
   4   3.76544208e+01 -1.24064766e+02  1.01e+01 1.18e-03  5.26e-02     0s
   5   3.15276915e+01 -8.66849657e+01  5.49e+00 6.27e-04  3.02e-02     0s
   6   2.89960013e+01 -4.58112792e+01  2.95e+00 3.06e-04  1.61e-02     0s
   7   2.64784331e+01 -4.45851007e-01  9.23e-01 5.35e-05  4.77e-03     0s
   8   2.49391120e+01  1.80815571e+01  2.94e-01 6.86e-06  1.16e-03     0s
   9   2.45858652e+01  2.22045184e+01  1.25e-01 1.61e-06  4.08e-04     0s
  10   2.44025729e+01  2.32298635e+01  7.15e-02 6.82e-07  2.06e-04     0s
  11   2.42890674e+01  2.37629891e+01  3.64e-02 2.59e-07  9.49e-05     0s
  12   2.42061628e+01  2.40324468e+01  9.04e-03 7.38e-08  2.87e-05     0s
  13   2.41683749e+01  2.41544308e+01  1.82e-04 4.29e-09  1.85e-06     0s
  14   2.41665418e+01  2.41653242e+01  2.20e-05 2.63e-10  1.67e-07     0s
  15   2.41662213e+01  2.41660523e+01  1.10e-06 4.04e-11  2.16e-08     0s
  16   2.41662080e+01  2.41662046e+01  1.33e-08 8.65e-13  4.37e-10     0s

Barrier solved model in 16 iterations and 0.12 seconds (0.06 work units)
Optimal objective 2.41662080e+01


User-callback calls 150, time in user-callback 0.00 sec
Set parameter NumericFocus to value 2
Set parameter NonConvex to value 2
Set parameter MIPGap to value 0.01
Set parameter MIPFocus to value 1
Set parameter TimeLimit to value 180
Gurobi Optimizer version 12.0.3 build v12.0.3rc0 (win64 - Windows 11+.0 (26200.2))

CPU model: 11th Gen Intel(R) Core(TM) i7-1165G7 @ 2.80GHz, instruction set [SSE2|AVX|AVX2|AVX512]
Thread count: 4 physical cores, 8 logical processors, using up to 8 threads

Non-default parameters:
TimeLimit  180
MIPGap  0.01
MIPFocus  1
NonConvex  2
NumericFocus  2

Optimize a model with 11240 rows, 6537 columns and 29192 nonzeros
Model fingerprint: 0x0def62b8
Model has 265 quadratic constraints
Variable types: 5889 continuous, 648 integer (648 binary)
Coefficient statistics:
  Matrix range     [9e-09, 2e+01]
  QMatrix range    [1e+00, 5e+02]
  QLMatrix range   [1e+00, 1e+00]
  Objective range  [2e-03, 2e-03]
  Bounds range     [1e-08, 2e+01]
  RHS range        [7e-01, 2e+01]
  QRHS range       [1e+00, 1e+00]

User MIP start did not produce a new incumbent solution
User MIP start violates constraint R122 by 4.345047439

Presolve removed 4464 rows and 2448 columns
Presolve time: 0.06s
Presolved: 7670 rows, 4355 columns, 23493 nonzeros
Presolved model has 216 quadratic constraint(s)
Presolved model has 217 bilinear constraint(s)
Warning: Model contains variables with very large bounds participating
         in product terms.
         Presolve was not able to compute smaller bounds for these variables.
         Consider bounding these variables or reformulating the model.


Solving non-convex MIQCP

Variable types: 3707 continuous, 648 integer (648 binary)

Root relaxation: objective 2.214031e-01, 2985 iterations, 0.09 seconds (0.06 work units)

    Nodes    |    Current Node    |     Objective Bounds      |     Work
 Expl Unexpl |  Obj  Depth IntInf | Incumbent    BestBd   Gap | It/Node Time

     0     0    0.22140    0  235          -    0.22140      -     -    0s
Another try with MIP start
H    0     0                       0.2214561    0.22140  0.02%     -    1s

Explored 1 nodes (5205 simplex iterations) in 1.40 seconds (0.66 work units)
Thread count was 8 (of 8 available processors)

Solution count 1: 0.221456 

Optimal solution found (tolerance 1.00e-02)
Best objective 2.214561496618e-01, best bound 2.214031484381e-01, gap 0.0239%

User-callback calls 721, time in user-callback 0.00 sec
Load profile assignments for more_meshed_6_bus:
  (name = "l5", bus = 1, n_phases = 1, balanced = true, phases = [(1, -1)])
  (name = "l6", bus = 1, n_phases = 1, balanced = true, phases = [(1, 1)])
  (name = "l7", bus = 1, n_phases = 1, balanced = true, phases = [(1, 0)])
  (name = "l1", bus = 4, n_phases = 1, balanced = true, phases = [(1, -1)])
  (name = "l2", bus = 4, n_phases = 1, balanced = true, phases = [(3, -1)])
  (name = "l3", bus = 4, n_phases = 1, balanced = true, phases = [(2, 0)])
  (name = "l4", bus = 5, n_phases = 1, balanced = true, phases = [(2, 0)])
  (name = "l9", bus = 6, n_phases = 3, balanced = true, phases = [(1, 1), (1, -1), (1, 0)])
  (name = "l8", bus = 7, n_phases = 3, balanced = true, phases = [(2, -1), (2, 0), (2, 1)])
Warmstart: solving pure-efficiency multi-period MLD (no Palma machinery)…
  efficiency-warmstart status=OPTIMAL
  warm pshed_total=125.53   σ_start=0.001291
alpha=0.0  status=OPTIMAL
  agg total_shed = 125.559   cost-wtd Palma Σλ·top10/Σλ·bot40 (post-hoc) = 2.1135   model(σ·top) = 2.1135   uncosted-agg-served-Palma (diag) = 2.0746
Gurobi Optimizer version 12.0.3 build v12.0.3rc0 (win64 - Windows 11+.0 (26200.2))

CPU model: 11th Gen Intel(R) Core(TM) i7-1165G7 @ 2.80GHz, instruction set [SSE2|AVX|AVX2|AVX512]
Thread count: 4 physical cores, 8 logical processors, using up to 8 threads

Non-default parameters:
TimeLimit  180
MIPGap  0.01
MIPFocus  1
GomoryPasses  0
NonConvex  2
NumericFocus  2

Optimize a model with 11240 rows, 6537 columns and 29192 nonzeros
Model fingerprint: 0xa665bc27
Model has 72 quadratic objective terms
Model has 265 quadratic constraints
Variable types: 5889 continuous, 648 integer (648 binary)
Coefficient statistics:
  Matrix range     [9e-09, 2e+01]
  QMatrix range    [1e+00, 5e+02]
  QLMatrix range   [1e+00, 1e+00]
  Objective range  [2e-03, 2e-03]
  QObjective range [9e-01, 5e+00]
  Bounds range     [1e-08, 2e+01]
  RHS range        [7e-01, 2e+01]
  QRHS range       [1e+00, 1e+00]

User MIP start did not produce a new incumbent solution
User MIP start violates constraint R122 by 4.345047439
Loaded MIP start from previous solve with objective 0.393464

Presolve removed 4464 rows and 2448 columns
Presolve time: 0.05s
Presolved: 7815 rows, 4428 columns, 23854 nonzeros
Presolved model has 216 quadratic constraint(s)
Presolved model has 289 bilinear constraint(s)
Warning: Model contains variables with very large bounds participating
         in product terms.
         Presolve was not able to compute smaller bounds for these variables.
         Consider bounding these variables or reformulating the model.


Solving non-convex MIQCP

Variable types: 3780 continuous, 648 integer (648 binary)

Root relaxation: objective 2.022108e-01, 4090 iterations, 0.16 seconds (0.10 work units)

    Nodes    |    Current Node    |     Objective Bounds      |     Work
 Expl Unexpl |  Obj  Depth IntInf | Incumbent    BestBd   Gap | It/Node Time

     0     0    0.20221    0  510    0.39346    0.20221  48.6%     -    0s
H    0     0                       0.3400985    0.20221  40.5%     -    1s
     0     0    0.20361    0  384    0.34010    0.20361  40.1%     -    1s
     0     0    0.20451    0  678    0.34010    0.20451  39.9%     -    2s
     0     0    0.20471    0  287    0.34010    0.20471  39.8%     -    6s
     0     0    0.20471    0  282    0.34010    0.20471  39.8%     -    6s
     0     0    0.20660    0  275    0.34010    0.20660  39.3%     -    7s
H    0     0                       0.3400984    0.20704  39.1%     -    8s
H    0     0                       0.3400983    0.20704  39.1%     -   12s
H    0     0                       0.3400983    0.20704  39.1%     -   15s
H    0     0                       0.3400982    0.20704  39.1%     -   15s
     0     2    0.20704    0  213    0.34010    0.20704  39.1%     -   17s
H   11    24                       0.3363999    0.20704  38.5%   487   19s
    37    50    0.20712    7  237    0.33640    0.20704  38.5%   210   20s
H   85    89                       0.3363999    0.20704  38.5%   136   22s
H  112   115                       0.3363997    0.20704  38.5%   120   24s
   114   128    0.20733   17  224    0.33640    0.20704  38.5%   121   25s
H  115   128                       0.3363997    0.20704  38.5%   120   25s
   325   345    0.20824   24  216    0.33640    0.20704  38.5%   102   30s
H  346   362                       0.3363996    0.20704  38.5%   107   31s
   406   411    0.20824   27  221    0.33640    0.20704  38.5%   105   35s
   442   447    0.20824   32  227    0.33640    0.20704  38.5%   106   40s
   466   471    0.20825   36  225    0.33640    0.20704  38.5%   105   45s
H  507   510                       0.3363996    0.20704  38.5%   104   49s
   509   541    0.21225   51  209    0.33640    0.20704  38.5%   104   50s
H  572   582                       0.3363996    0.20704  38.5%   107   52s
   665   697    0.27767   91  171    0.33640    0.20704  38.5%   119   55s
   891   900    0.20925    9  223    0.33640    0.20725  38.4%   116   60s
  1014  1018    0.21002   18  215    0.33640    0.20757  38.3%   118   66s
  1069  1019    0.30411  125  226    0.33640    0.20757  38.3%   117   72s
  1076  1024    0.26313   17  219    0.33640    0.20757  38.3%   116   76s
  1077  1024    0.21106   37  219    0.33640    0.20757  38.3%   116   80s
  1088  1045    0.20757   17  296    0.33640    0.20757  38.3%   143   85s
H 1179  1044                       0.3183058    0.20757  34.8%   148   88s
  1244  1082    0.20824   30  425    0.31831    0.20757  34.8%   147   90s
  1434  1176    0.21056   42  406    0.31831    0.20757  34.8%   149   95s
  1537  1237    0.21110   56  373    0.31831    0.20757  34.8%   154  100s
  1613  1273    0.21561   74  432    0.31831    0.20757  34.8%   155  105s
  1638  1287    0.21110   77  450    0.31831    0.20757  34.8%   155  110s
  1733  1370    0.21684   80  429    0.31831    0.20757  34.8%   154  116s
  1806  1381    0.21118   82  447    0.31831    0.20757  34.8%   153  120s
  1834  1416    0.21357   84  432    0.31831    0.20757  34.8%   154  125s
  1938  1474    0.27211  106  266    0.31831    0.20757  34.8%   156  130s
  2019  1510    0.27766  128  251    0.31831    0.20757  34.8%   154  136s
  2107  1502    0.29970  163  208    0.31831    0.20757  34.8%   151  142s
  2143  1527    0.21147   25  277    0.31831    0.20757  34.8%   149  145s
  2227  1573    0.21057   40  390    0.31831    0.20757  34.8%   152  152s
  2260  1600    0.21140   49  421    0.31831    0.20757  34.8%   153  155s
  2304  1593    0.21260   64  411    0.31831    0.20757  34.8%   152  160s
  2326  1651    0.21260   66  411    0.31831    0.20757  34.8%   152  166s
  2430  1661    0.21260   68  411    0.31831    0.20757  34.8%   153  172s
  2504  1679    0.21260   70  410    0.31831    0.20757  34.8%   151  177s
  2547  1698    0.27365   68  370    0.31831    0.20757  34.8%   149  180s

Cutting planes:
  Implied bound: 22
  MIR: 8
  Flow cover: 16
  RLT: 104
  Relax-and-lift: 2
  BQP: 14

Explored 2548 nodes (399217 simplex iterations) in 180.03 seconds (100.94 work units)
Thread count was 8 (of 8 available processors)

Solution count 5: 0.318306 0.3364 0.3364 ... 0.393464

Time limit reached
Best objective 3.183058409156e-01, best bound 2.075682280103e-01, gap 34.7897%

User-callback calls 24935, time in user-callback 0.15 sec
alpha=0.09090909090909091  status=TIME_LIMIT
  agg total_shed = 133.604   cost-wtd Palma Σλ·top10/Σλ·bot40 (post-hoc) = 1.1449   model(σ·top) = 1.1449   uncosted-agg-served-Palma (diag) = 1.3715
Gurobi Optimizer version 12.0.3 build v12.0.3rc0 (win64 - Windows 11+.0 (26200.2))

CPU model: 11th Gen Intel(R) Core(TM) i7-1165G7 @ 2.80GHz, instruction set [SSE2|AVX|AVX2|AVX512]
Thread count: 4 physical cores, 8 logical processors, using up to 8 threads

Non-default parameters:
TimeLimit  180
MIPGap  0.01
MIPFocus  1
GomoryPasses  0
NonConvex  2
NumericFocus  2

Optimize a model with 11240 rows, 6537 columns and 29192 nonzeros
Model fingerprint: 0x11556d87
Model has 72 quadratic objective terms
Model has 265 quadratic constraints
Variable types: 5889 continuous, 648 integer (648 binary)
Coefficient statistics:
  Matrix range     [9e-09, 2e+01]
  QMatrix range    [1e+00, 5e+02]
  QLMatrix range   [1e+00, 1e+00]
  Objective range  [1e-03, 1e-03]
  QObjective range [2e+00, 1e+01]
  Bounds range     [1e-08, 2e+01]
  RHS range        [7e-01, 2e+01]
  QRHS range       [1e+00, 1e+00]

User MIP start did not produce a new incumbent solution
User MIP start violates constraint R122 by 4.345047439
Loaded MIP start from previous solve with objective 0.400967

Presolve removed 4464 rows and 2448 columns
Presolve time: 0.06s
Presolved: 7815 rows, 4428 columns, 23854 nonzeros
Presolved model has 216 quadratic constraint(s)
Presolved model has 289 bilinear constraint(s)
Warning: Model contains variables with very large bounds participating
         in product terms.
         Presolve was not able to compute smaller bounds for these variables.
         Consider bounding these variables or reformulating the model.


Solving non-convex MIQCP

Variable types: 3780 continuous, 648 integer (648 binary)

Root relaxation: objective 1.827932e-01, 3982 iterations, 0.14 seconds (0.09 work units)

    Nodes    |    Current Node    |     Objective Bounds      |     Work
 Expl Unexpl |  Obj  Depth IntInf | Incumbent    BestBd   Gap | It/Node Time

     0     0    0.18279    0  531    0.40097    0.18279  54.4%     -    0s
     0     0    0.18581    0  388    0.40097    0.18581  53.7%     -    0s
     0     0    0.18581    0  387    0.40097    0.18581  53.7%     -    0s
     0     0    0.18584    0  388    0.40097    0.18584  53.7%     -    0s
H    0     0                       0.4009655    0.18584  53.7%     -    1s
     0     0    0.18584    0  370    0.40097    0.18584  53.7%     -    1s
     0     0    0.18664    0  364    0.40097    0.18664  53.5%     -    2s
     0     2    0.18664    0  266    0.40097    0.18664  53.5%     -   10s
H    7    10                       0.3905134    0.18664  52.2%   675   11s
H   35    40                       0.3905134    0.18664  52.2%   308   13s
H   66    69                       0.3905134    0.18664  52.2%   301   15s
   169   178    0.19601   33  283    0.39051    0.18664  52.2%   319   20s
   245   265    0.19937   43  253    0.39051    0.18664  52.2%   293   25s
   316   320    0.23419   56  239    0.39051    0.18664  52.2%   250   30s
   404   403    0.23054   61  224    0.39051    0.18664  52.2%   218   35s
H  414   411                       0.3905133    0.18664  52.2%   214   36s
   448   466    0.23058   65  223    0.39051    0.18664  52.2%   202   40s
H  449   466                       0.3905117    0.18664  52.2%   201   40s
   671   696    0.31959   97  180    0.39051    0.18664  52.2%   165   45s
   989   990    0.34207  144  137    0.39051    0.18916  51.6%   156   51s
  1083  1057    0.34545  152  129    0.39051    0.18916  51.6%   149   55s
  1112  1069    0.34468  154  135    0.39051    0.18916  51.6%   146   60s
  1128  1085    0.34468  157  137    0.39051    0.18916  51.6%   146   65s
  1144  1101    0.34468  161  135    0.39051    0.18916  51.6%   147   70s
  1156  1113    0.36231  164  128    0.39051    0.18916  51.6%   147   75s
  1186  1140     cutoff  166         0.39051    0.18916  51.6%   146   80s
  1264  1187    0.18922    6  263    0.39051    0.18916  51.6%   146   90s
  1271  1192    0.35194  100  222    0.39051    0.18916  51.6%   145   95s
  1272  1192    0.24717   40  222    0.39051    0.18916  51.6%   145  103s
  1273  1194    0.18916   13  317    0.39051    0.18916  51.6%   160  107s
  1277  1193    0.18916   15  317    0.39051    0.18916  51.6%   163  110s
  1283  1197    0.18916   18  309    0.39051    0.18916  51.6%   165  115s
  1379  1263    0.19106   24  302    0.39051    0.18916  51.6%   166  120s
  1464  1302    0.19545   32  294    0.39051    0.18916  51.6%   164  125s
  1556  1351    0.19528   51  510    0.39051    0.18916  51.6%   165  130s
  1682  1421    0.20539   76  491    0.39051    0.18916  51.6%   160  135s
  1724  1456    0.19996   85  483    0.39051    0.18916  51.6%   160  140s
  1814  1501    0.20099   87  488    0.39051    0.18916  51.6%   157  145s
  1894  1528    0.20099   90  484    0.39051    0.18916  51.6%   156  150s
  1918  1535    0.20099   92  468    0.39051    0.18916  51.6%   155  155s
  1957  1547    0.18916   26  300    0.39051    0.18916  51.6%   153  160s
  2004  1564    0.19587   47  513    0.39051    0.18916  51.6%   152  165s
  2109  1638    0.19635   49  509    0.39051    0.18916  51.6%   156  171s
  2254  1704    0.19635   50  508    0.39051    0.18916  51.6%   154  176s
  2312  1703    0.19642   51  509    0.39051    0.18916  51.6%   155  180s

Cutting planes:
  Implied bound: 34
  MIR: 16
  Flow cover: 26
  RLT: 114
  Relax-and-lift: 1
  BQP: 12
  PSD: 1

Explored 2316 nodes (380721 simplex iterations) in 180.07 seconds (99.01 work units)
Thread count was 8 (of 8 available processors)

Solution count 2: 0.390512 0.400966 

Time limit reached
Best objective 3.905134071219e-01, best bound 1.891586384738e-01, gap 51.5616%

User-callback calls 26343, time in user-callback 0.15 sec
alpha=0.18181818181818182  status=TIME_LIMIT
  agg total_shed = 149.707   cost-wtd Palma Σλ·top10/Σλ·bot40 (post-hoc) = 0.9596   model(σ·top) = 0.9596   uncosted-agg-served-Palma (diag) = 1.0329
Gurobi Optimizer version 12.0.3 build v12.0.3rc0 (win64 - Windows 11+.0 (26200.2))

CPU model: 11th Gen Intel(R) Core(TM) i7-1165G7 @ 2.80GHz, instruction set [SSE2|AVX|AVX2|AVX512]
Thread count: 4 physical cores, 8 logical processors, using up to 8 threads

Non-default parameters:
TimeLimit  180
MIPGap  0.01
MIPFocus  1
GomoryPasses  0
NonConvex  2
NumericFocus  2

Optimize a model with 11240 rows, 6537 columns and 29192 nonzeros
Model fingerprint: 0xc6b1b281
Model has 72 quadratic objective terms
Model has 265 quadratic constraints
Variable types: 5889 continuous, 648 integer (648 binary)
Coefficient statistics:
  Matrix range     [9e-09, 2e+01]
  QMatrix range    [1e+00, 5e+02]
  QLMatrix range   [1e+00, 1e+00]
  Objective range  [1e-03, 1e-03]
  QObjective range [3e+00, 2e+01]
  Bounds range     [1e-08, 2e+01]
  RHS range        [7e-01, 2e+01]
  QRHS range       [1e+00, 1e+00]

User MIP start did not produce a new incumbent solution
User MIP start violates constraint R122 by 4.345047439
Loaded MIP start from previous solve with objective 0.453746

Presolve removed 4464 rows and 2448 columns
Presolve time: 0.08s
Presolved: 7815 rows, 4428 columns, 23854 nonzeros
Presolved model has 216 quadratic constraint(s)
Presolved model has 289 bilinear constraint(s)
Warning: Model contains variables with very large bounds participating
         in product terms.
         Presolve was not able to compute smaller bounds for these variables.
         Consider bounding these variables or reformulating the model.


Solving non-convex MIQCP

Variable types: 3780 continuous, 648 integer (648 binary)

Root relaxation: objective 1.630673e-01, 4192 iterations, 0.19 seconds (0.10 work units)

    Nodes    |    Current Node    |     Objective Bounds      |     Work
 Expl Unexpl |  Obj  Depth IntInf | Incumbent    BestBd   Gap | It/Node Time

     0     0    0.16307    0  547    0.45375    0.16307  64.1%     -    0s
     0     0    0.16796    0  389    0.45375    0.16796  63.0%     -    1s
     0     0    0.16796    0  389    0.45375    0.16796  63.0%     -    1s
     0     0    0.16806    0  381    0.45375    0.16806  63.0%     -    1s
     0     0    0.16806    0  365    0.45375    0.16806  63.0%     -    1s
     0     0    0.17029    0  252    0.45375    0.17029  62.5%     -    2s
     0     2    0.17029    0  238    0.45375    0.17029  62.5%     -    6s
H   11    19                       0.4497485    0.17029  62.1%   520    8s
    62    73    0.17226   13  300    0.44975    0.17029  62.1%   269   10s
H   81    92                       0.4492377    0.17029  62.1%   305   11s
H  125   142                       0.4492376    0.17029  62.1%   282   13s
H  151   164                       0.4492376    0.17029  62.1%   255   14s
   183   198    0.17501   28  271    0.44924    0.17029  62.1%   230   15s
H  187   198                       0.4492376    0.17029  62.1%   227   15s
H  235   246                       0.4492376    0.17029  62.1%   221   20s
H  275   285                       0.4492376    0.17029  62.1%   201   22s
   345   360    0.17951   63  263    0.44924    0.17029  62.1%   186   25s
H  371   375                       0.4492376    0.17029  62.1%   188   25s
   452   499    0.25153   79  222    0.44924    0.17029  62.1%   181   30s
H  505   508                       0.4492376    0.17029  62.1%   170   33s
   542   571    0.24921   86  218    0.44924    0.17029  62.1%   169   35s
   613   639    0.25539   88  214    0.44924    0.17029  62.1%   156   40s
H  641   680                       0.4492376    0.17029  62.1%   154   41s
H  658   680                       0.4492376    0.17029  62.1%   152   41s
H  669   680                       0.4492375    0.17029  62.1%   151   41s
   809   854    0.24944   91  213    0.44924    0.17029  62.1%   147   45s
  1003  1020    0.25525   94  206    0.44924    0.17029  62.1%   144   50s
H 1026  1020                       0.4492375    0.17029  62.1%   144   50s
H 1053  1071                       0.4492375    0.17029  62.1%   145   52s
  1120  1103    0.25025   95  210    0.44924    0.17029  62.1%   143   57s
  1128  1111    0.25025   97  207    0.44924    0.17029  62.1%   142   61s
  1136  1119    0.25025   98  210    0.44924    0.17029  62.1%   142   66s
H 1162  1142                       0.4492375    0.17029  62.1%   143   68s
  1163  1175    0.25805  111  194    0.44924    0.17029  62.1%   143   70s
  1208  1191    0.27629  127  181    0.44924    0.17029  62.1%   147   75s
H 1214  1195                       0.4492375    0.17029  62.1%   146   77s
  1220  1203    0.27629  129  186    0.44924    0.17029  62.1%   146   82s
H 1222  1203                       0.4492374    0.17029  62.1%   146   82s
  1264  1253    0.27629  131  183    0.44924    0.17029  62.1%   145   85s
  1304  1270    0.27629  133  184    0.44924    0.17029  62.1%   145   91s
  1363  1403    0.28992  135  173    0.44924    0.17029  62.1%   144   96s
H 1377  1403                       0.4492374    0.17029  62.1%   143   96s
  1445  1411    0.27629  136  179    0.44924    0.17029  62.1%   140  101s
  1453  1419    0.29976  137  170    0.44924    0.17029  62.1%   140  105s
H 1457  1459                       0.4492372    0.17029  62.1%   140  108s
  1497  1508    0.27957  151  165    0.44924    0.17029  62.1%   143  110s
H 1546  1562                       0.4492372    0.17029  62.1%   142  113s
H 1547  1562                       0.4492370    0.17029  62.1%   142  113s
  1600  1566    0.28390  154  165    0.44924    0.17029  62.1%   140  115s
H 1603  1565                       0.4475664    0.17029  62.0%   140  115s
H 1604  1569                       0.4475641    0.17029  62.0%   140  119s
H 1608  1758                       0.4475641    0.17029  62.0%   140  123s
H 1648  1758                       0.4475640    0.17029  62.0%   139  123s
H 1701  1758                       0.4475640    0.17029  62.0%   137  123s
H 1806  1758                       0.4475640    0.17029  62.0%   133  132s
  1812  1762    0.33068  183  255    0.44756    0.17116  61.8%   132  135s
  1821  1769    0.30034  168  253    0.44756    0.30034  32.9%   142  140s
  1830  1776    0.30034   52  251    0.44756    0.30034  32.9%   152  145s
  1833  1778    0.30034   51  232    0.44756    0.30034  32.9%   151  156s
  1856  1786    0.30034   45  321    0.44756    0.30034  32.9%   174  160s
  2048  1902    0.30034   67  334    0.44756    0.30034  32.9%   172  165s
  2108  1941    0.30034   82  351    0.44756    0.30034  32.9%   175  171s
  2144  1965    0.30034   86  349    0.44756    0.30034  32.9%   175  175s
  2206  2009    0.30034   91  347    0.44756    0.30034  32.9%   173  180s

Cutting planes:
  Implied bound: 23
  MIR: 8
  Flow cover: 16
  RLT: 109
  Relax-and-lift: 1
  BQP: 3

Explored 2213 nodes (396882 simplex iterations) in 180.03 seconds (103.93 work units)
Thread count was 8 (of 8 available processors)

Solution count 10: 0.447564 0.447566 0.449237 ... 0.453746

Time limit reached
Best objective 4.475640647422e-01, best bound 3.003366173689e-01, gap 32.8953%

User-callback calls 28366, time in user-callback 0.15 sec
alpha=0.2727272727272727  status=TIME_LIMIT
  agg total_shed = 154.968   cost-wtd Palma Σλ·top10/Σλ·bot40 (post-hoc) = 0.9122   model(σ·top) = 0.9122   uncosted-agg-served-Palma (diag) = 0.9637
Gurobi Optimizer version 12.0.3 build v12.0.3rc0 (win64 - Windows 11+.0 (26200.2))

CPU model: 11th Gen Intel(R) Core(TM) i7-1165G7 @ 2.80GHz, instruction set [SSE2|AVX|AVX2|AVX512]
Thread count: 4 physical cores, 8 logical processors, using up to 8 threads

Non-default parameters:
TimeLimit  180
MIPGap  0.01
MIPFocus  1
GomoryPasses  0
NonConvex  2
NumericFocus  2

Optimize a model with 11240 rows, 6537 columns and 29192 nonzeros
Model fingerprint: 0x21ae7bca
Model has 72 quadratic objective terms
Model has 265 quadratic constraints
Variable types: 5889 continuous, 648 integer (648 binary)
Coefficient statistics:
  Matrix range     [9e-09, 2e+01]
  QMatrix range    [1e+00, 5e+02]
  QLMatrix range   [1e+00, 1e+00]
  Objective range  [1e-03, 1e-03]
  QObjective range [4e+00, 2e+01]
  Bounds range     [1e-08, 2e+01]
  RHS range        [7e-01, 2e+01]
  QRHS range       [1e+00, 1e+00]

User MIP start did not produce a new incumbent solution
User MIP start violates constraint R122 by 4.345047439
Loaded MIP start from previous solve with objective 0.505643

Presolve removed 4464 rows and 2448 columns
Presolve time: 0.07s
Presolved: 7815 rows, 4428 columns, 23854 nonzeros
Presolved model has 216 quadratic constraint(s)
Presolved model has 289 bilinear constraint(s)
Warning: Model contains variables with very large bounds participating
         in product terms.
         Presolve was not able to compute smaller bounds for these variables.
         Consider bounding these variables or reformulating the model.


Solving non-convex MIQCP

Variable types: 3780 continuous, 648 integer (648 binary)

Root relaxation: objective 1.430764e-01, 4241 iterations, 0.18 seconds (0.10 work units)

    Nodes    |    Current Node    |     Objective Bounds      |     Work
 Expl Unexpl |  Obj  Depth IntInf | Incumbent    BestBd   Gap | It/Node Time

     0     0    0.14308    0  557    0.50564    0.14308  71.7%     -    0s
     0     0    0.15021    0  388    0.50564    0.15021  70.3%     -    1s
     0     0    0.15021    0  388    0.50564    0.15021  70.3%     -    1s
     0     0    0.15028    0  374    0.50564    0.15028  70.3%     -    1s
     0     0    0.15028    0  347    0.50564    0.15028  70.3%     -    1s
     0     0    0.15227    0  277    0.50564    0.15227  69.9%     -    2s
     0     2    0.15227    0  269    0.50564    0.15227  69.9%     -    6s
    71    85    0.15494   18  264    0.50564    0.15227  69.9%   297   10s
H   86    90                       0.5054709    0.15227  69.9%   264   11s
H  149   154                       0.5054709    0.15227  69.9%   225   13s
   214   223    0.16372   47  237    0.50547    0.15227  69.9%   203   16s
   280   283    0.16477   51  235    0.50547    0.15227  69.9%   196   20s
   366   377    0.21031   56  224    0.50547    0.15227  69.9%   166   25s
   408   411    0.21031   61  228    0.50547    0.15227  69.9%   177   30s
   485   515    0.22147   79  288    0.50547    0.15227  69.9%   183   35s
   657   690    0.25296  118  164    0.50547    0.15227  69.9%   160   40s
H  668   690                       0.5054709    0.15227  69.9%   161   41s
   750   786    0.25966  134  168    0.50547    0.15227  69.9%   151   45s
   816   819    0.26734  137  169    0.50547    0.15227  69.9%   143   50s
   856   882    0.37412  174  112    0.50547    0.15227  69.9%   139   55s
   947  1027    0.26315  140  168    0.50547    0.15227  69.9%   136   61s
  1166  1257    0.41865  184   77    0.50547    0.15227  69.9%   130   65s
H 1300  1328                       0.5054709    0.15227  69.9%   129   68s
  1351  1393    0.15452   14  269    0.50547    0.15227  69.9%   127   71s
H 1547  1666                       0.5054709    0.15227  69.9%   127   76s
  1731  1752    0.19628   42  252    0.50547    0.15227  69.9%   125   80s
  1807  1767    0.21802  111  426    0.50547    0.15227  69.9%   125   85s
H 1809  1680                       0.5054709    0.15389  69.6%   125   86s
  1817  1686    0.15605   12  275    0.50547    0.15576  69.2%   132   90s
  1827  1694    0.18102   15  243    0.50547    0.18102  64.2%   142   95s
  1835  1700    0.32045  169  278    0.50547    0.18102  64.2%   152  100s
  1840  1703    0.37616  170  214    0.50547    0.18102  64.2%   151  110s
  1861  1720    0.18102   56  315    0.50547    0.18102  64.2%   174  115s
  2069  1848    0.18102   65  304    0.50547    0.18102  64.2%   166  120s
  2251  1916    0.18102   83  271    0.50547    0.18102  64.2%   160  125s
  2428  2028    0.18102   88  373    0.50547    0.18102  64.2%   157  130s
  2481  2060    0.18102   89  378    0.50547    0.18102  64.2%   155  136s
  2605  2094    0.18102   92  375    0.50547    0.18102  64.2%   151  140s
  2705  2132    0.18102   95  377    0.50547    0.18102  64.2%   150  145s
  2785  2187    0.18102  114  371    0.50547    0.18102  64.2%   151  150s
  2831  2188    0.19024  123  269    0.50547    0.18102  64.2%   150  155s
  2909  2251 infeasible  126         0.50547    0.18102  64.2%   149  160s
  3163  2373    0.21487  129  271    0.50547    0.18102  64.2%   144  166s
H 3241  2283                       0.5054709    0.18102  64.2%   143  168s
  3341  2352    0.33682  152  297    0.50547    0.18102  64.2%   142  171s
  3408  2381    0.33562  154  301    0.50547    0.18102  64.2%   142  176s
  3467  2425    0.33683  155  297    0.50547    0.18102  64.2%   141  180s

Cutting planes:
  Implied bound: 21
  MIR: 7
  Flow cover: 9
  RLT: 112
  Relax-and-lift: 1
  BQP: 4

Explored 3505 nodes (503961 simplex iterations) in 180.04 seconds (113.30 work units)
Thread count was 8 (of 8 available processors)

Solution count 4: 0.505471 0.505471 0.505471 0.505643 

Time limit reached
Best objective 5.054709381742e-01, best bound 1.810241506881e-01, gap 64.1870%

User-callback calls 28941, time in user-callback 0.11 sec
alpha=0.36363636363636365  status=TIME_LIMIT
  agg total_shed = 156.873   cost-wtd Palma Σλ·top10/Σλ·bot40 (post-hoc) = 0.9058   model(σ·top) = 0.9058   uncosted-agg-served-Palma (diag) = 0.9462
Gurobi Optimizer version 12.0.3 build v12.0.3rc0 (win64 - Windows 11+.0 (26200.2))

CPU model: 11th Gen Intel(R) Core(TM) i7-1165G7 @ 2.80GHz, instruction set [SSE2|AVX|AVX2|AVX512]
Thread count: 4 physical cores, 8 logical processors, using up to 8 threads

Non-default parameters:
TimeLimit  180
MIPGap  0.01
MIPFocus  1
GomoryPasses  0
NonConvex  2
NumericFocus  2

Optimize a model with 11240 rows, 6537 columns and 29192 nonzeros
Model fingerprint: 0x2a0bfb3b
Model has 72 quadratic objective terms
Model has 265 quadratic constraints
Variable types: 5889 continuous, 648 integer (648 binary)
Coefficient statistics:
  Matrix range     [9e-09, 2e+01]
  QMatrix range    [1e+00, 5e+02]
  QLMatrix range   [1e+00, 1e+00]
  Objective range  [1e-03, 1e-03]
  QObjective range [5e+00, 3e+01]
  Bounds range     [1e-08, 2e+01]
  RHS range        [7e-01, 2e+01]
  QRHS range       [1e+00, 1e+00]

User MIP start did not produce a new incumbent solution
User MIP start violates constraint R122 by 4.345047439
Loaded MIP start from previous solve with objective 0.562667

Presolve removed 4464 rows and 2448 columns
Presolve time: 0.07s
Presolved: 7815 rows, 4428 columns, 23854 nonzeros
Presolved model has 216 quadratic constraint(s)
Presolved model has 289 bilinear constraint(s)
Warning: Model contains variables with very large bounds participating
         in product terms.
         Presolve was not able to compute smaller bounds for these variables.
         Consider bounding these variables or reformulating the model.


Solving non-convex MIQCP

Variable types: 3780 continuous, 648 integer (648 binary)

Root relaxation: objective 1.230157e-01, 4131 iterations, 0.14 seconds (0.09 work units)

    Nodes    |    Current Node    |     Objective Bounds      |     Work
 Expl Unexpl |  Obj  Depth IntInf | Incumbent    BestBd   Gap | It/Node Time

     0     0    0.12302    0  561    0.56267    0.12302  78.1%     -    0s
     0     0    0.13245    0  380    0.56267    0.13245  76.5%     -    0s
     0     0    0.13245    0  372    0.56267    0.13245  76.5%     -    0s
     0     0    0.13249    0  372    0.56267    0.13249  76.5%     -    0s
     0     0    0.13249    0  366    0.56267    0.13249  76.5%     -    1s
     0     0    0.13498    0  331    0.56267    0.13498  76.0%     -    1s
     0     2    0.13498    0  360    0.56267    0.13498  76.0%     -    3s
H   32    35                       0.5615358    0.13498  76.0%   183    4s
H   69    74                       0.5615357    0.13498  76.0%   118    4s
    73    81    0.13633   15  376    0.56154    0.13498  76.0%   119    5s
H  106   111                       0.5454545    0.13498  75.3%  97.3    5s
   249   254    0.14201   41  355    0.54545    0.13498  75.3%  79.9   10s
   323   354    0.14201   54  347    0.54545    0.13498  75.3%  73.8   15s
H  443   445                       0.5454545    0.13498  75.3%  64.7   19s
   463   475    0.16658   84  288    0.54545    0.13498  75.3%  64.6   20s
   532   537    0.16194   89  285    0.54545    0.13498  75.3%  61.2   25s
   560   565    0.16574   93  282    0.54545    0.13498  75.3%  60.8   30s
   648   666    0.16574   97  281    0.54545    0.13498  75.3%  58.8   35s
   874   916    0.18655  138  208    0.54545    0.13498  75.3%  54.3   40s
H 1003  1005                       0.5454545    0.13498  75.3%  53.2   43s
  1070  1127    0.18050  140  213    0.54545    0.13498  75.3%  54.5   45s
  1211  1267    0.19645  145  191    0.54545    0.13498  75.3%  54.6   51s
  1382  1407    0.32646  219  126    0.54545    0.13498  75.3%  53.1   56s
  1486  1495    0.13666    7  372    0.54545    0.13498  75.3%  53.7   60s
  1522  1503    0.13766   20  372    0.54545    0.13498  75.3%  54.8   66s
  1550  1631    0.13766   22  376    0.54545    0.13498  75.3%  54.9   71s
  1717  1754    0.14002   25  370    0.54545    0.13498  75.3%  54.5   76s
  1820  1789    0.14256   59  210    0.54545    0.13553  75.2%  55.7   85s
  1831  1797    0.21402  111  490    0.54545    0.13815  74.7%  62.2   90s
  1845  1808    0.27360   78  228    0.54545    0.27360  49.8%  67.4  101s
  1854  1815    0.27413  160  272    0.54545    0.27413  49.7%  74.1  113s
  1855  1815    0.27413  109  272    0.54545    0.27413  49.7%  74.1  118s
  1886  1846    0.27712   51  373    0.54545    0.27590  49.4%  89.9  120s
  1960  1867    0.27881   60  379    0.54545    0.27590  49.4%   107  125s
  2047  1896    0.27926   66  356    0.54545    0.27590  49.4%   129  130s
  2109  1928    0.27891   70  374    0.54545    0.27590  49.4%   142  135s
  2173  1953    0.27893   73  369    0.54545    0.27590  49.4%   156  140s
  2256  1974    0.27944   80  248    0.54545    0.27590  49.4%   168  145s
  2318  1986 infeasible   83         0.54545    0.27595  49.4%   183  150s
  2403  1998    0.28841   50  243    0.54545    0.27625  49.4%   198  156s
  2477  2025    0.28774   51  242    0.54545    0.27625  49.4%   214  160s
  2582  2055    0.27774   59  352    0.54545    0.27625  49.4%   235  166s
  2677  2054    0.27775   71  361    0.54545    0.27625  49.4%   249  170s
  2757  2072    0.27992   73  338    0.54545    0.27625  49.4%   272  176s
  2823  2079    0.27775   74  361    0.54545    0.27625  49.4%   282  180s

Cutting planes:
  Implied bound: 19
  MIR: 34
  Flow cover: 69
  RLT: 108
  Relax-and-lift: 5
  BQP: 13

Explored 2846 nodes (824474 simplex iterations) in 180.05 seconds (106.45 work units)
Thread count was 8 (of 8 available processors)

Solution count 5: 0.545455 0.545455 0.545455 ... 0.562667

Time limit reached
Best objective 5.454545414277e-01, best bound 2.762546589170e-01, gap 49.3533%

User-callback calls 36928, time in user-callback 0.11 sec
alpha=0.45454545454545453  status=TIME_LIMIT
  agg total_shed = 566.97   cost-wtd Palma Σλ·top10/Σλ·bot40 (post-hoc) = Inf   model(σ·top) = 0.0   uncosted-agg-served-Palma (diag) = Inf
Gurobi Optimizer version 12.0.3 build v12.0.3rc0 (win64 - Windows 11+.0 (26200.2))

CPU model: 11th Gen Intel(R) Core(TM) i7-1165G7 @ 2.80GHz, instruction set [SSE2|AVX|AVX2|AVX512]
Thread count: 4 physical cores, 8 logical processors, using up to 8 threads

Non-default parameters:
TimeLimit  180
MIPGap  0.01
MIPFocus  1
GomoryPasses  0
NonConvex  2
NumericFocus  2

Optimize a model with 11240 rows, 6537 columns and 29192 nonzeros
Model fingerprint: 0x71ea7f7c
Model has 72 quadratic objective terms
Model has 265 quadratic constraints
Variable types: 5889 continuous, 648 integer (648 binary)
Coefficient statistics:
  Matrix range     [9e-09, 2e+01]
  QMatrix range    [1e+00, 5e+02]
  QLMatrix range   [1e+00, 1e+00]
  Objective range  [8e-04, 8e-04]
  QObjective range [5e+00, 3e+01]
  Bounds range     [1e-08, 2e+01]
  RHS range        [7e-01, 2e+01]
  QRHS range       [1e+00, 1e+00]

User MIP start did not produce a new incumbent solution
User MIP start violates constraint R122 by 4.345047439
Loaded MIP start from previous solve with objective 0.454545

Presolve removed 4464 rows and 2448 columns
Presolve time: 0.08s
Presolved: 7815 rows, 4428 columns, 23854 nonzeros
Presolved model has 216 quadratic constraint(s)
Presolved model has 289 bilinear constraint(s)
Warning: Model contains variables with very large bounds participating
         in product terms.
         Presolve was not able to compute smaller bounds for these variables.
         Consider bounding these variables or reformulating the model.


Solving non-convex MIQCP

Variable types: 3780 continuous, 648 integer (648 binary)

Root relaxation: objective 1.029192e-01, 4143 iterations, 0.16 seconds (0.09 work units)

    Nodes    |    Current Node    |     Objective Bounds      |     Work
 Expl Unexpl |  Obj  Depth IntInf | Incumbent    BestBd   Gap | It/Node Time

     0     0    0.10292    0  561    0.45455    0.10292  77.4%     -    0s
     0     0    0.11464    0  394    0.45455    0.11464  74.8%     -    0s
     0     0    0.11464    0  393    0.45455    0.11464  74.8%     -    0s
     0     0    0.11471    0  389    0.45455    0.11471  74.8%     -    1s
     0     0    0.11471    0  373    0.45455    0.11471  74.8%     -    1s
     0     0    0.11721    0  400    0.45455    0.11721  74.2%     -    1s
     0     2    0.11721    0  385    0.45455    0.11721  74.2%     -    6s
   210   215    0.12364   41  347    0.45455    0.11721  74.2%  93.0   10s
   290   295    0.12434   53  352    0.45455    0.11721  74.2%  84.8   15s
H  303   307                       0.4545455    0.11721  74.2%  83.3   15s
   404   409    0.13125   61  327    0.45455    0.11721  74.2%  77.8   20s
   738   743    0.19487  140  266    0.45455    0.11721  74.2%  67.9   25s
   928   960    0.26017  195  179    0.45455    0.11721  74.2%  61.8   30s
  1175  1190    0.12331   42  357    0.45455    0.11774  74.1%  65.5   35s
  1408  1451    0.12878   63  340    0.45455    0.11774  74.1%  63.2   40s
  1590  1585    0.12996   65  324    0.45455    0.11774  74.1%  62.7   45s
  1828  1806    0.18265  118  212    0.45455    0.11774  74.1%  62.3   54s
  1833  1809    0.25465  150  243    0.45455    0.12055  73.5%  62.1   55s
  1844  1818    0.16087   72  212    0.45455    0.12257  73.0%  67.8   60s
  1845  1818    0.21656  161  212    0.45455    0.12257  73.0%  67.8   68s
  1912  1866    0.45245   35   45    0.45455    0.12257  73.0%  78.5   70s
  2107  1895    0.45245   54   45    0.45455    0.12257  73.0%   114   75s
H 2245  1828                       0.4545453    0.12257  73.0%   120   79s
* 2245  1828              85       0.4545453    0.12257  73.0%   120   79s
  2261  1815    0.45356   74   16    0.45455    0.12257  73.0%   120   80s
  2357  1864    0.39147   40  271    0.45455    0.28372  37.6%   136   85s
  2497  1935    0.39225   83  286    0.45455    0.28372  37.6%   145   90s
  2535  1951    0.39225   87  278    0.45455    0.28372  37.6%   146   95s
  2602  1976    0.39227   90  269    0.45455    0.28372  37.6%   155  100s
  2710  2035    0.39227   92  270    0.45455    0.28372  37.6%   159  105s
  2898  2075    0.39497  107  248    0.45455    0.28383  37.6%   167  111s
  3012  2116 infeasible  108         0.45455    0.28383  37.6%   174  115s
  3169  2141    0.28910   49  282    0.45455    0.28383  37.6%   176  123s
  3195  2137    0.29201   49  282    0.45455    0.28383  37.6%   179  125s
  3211  2132    0.28910   50  283    0.45455    0.28383  37.6%   179  132s
  3220  2133    0.28910   51  283    0.45455    0.28383  37.6%   179  135s
  3243  2181    0.28921   51  278    0.45455    0.28383  37.6%   179  142s
  3304  2167    0.28571   50  353    0.45455    0.28383  37.6%   180  145s
  3379  2211    0.28577   64  352    0.45455    0.28383  37.6%   183  152s
  3429  2204    0.28650   86  353    0.45455    0.28383  37.6%   187  155s
  3480  2266    0.28650   88  354    0.45455    0.28400  37.5%   190  160s
  3532  2261    0.28652   91  353    0.45455    0.28400  37.5%   188  167s
  3536  2328    0.28652   92  353    0.45455    0.28400  37.5%   188  170s
  3770  2454    0.28867   89  305    0.45455    0.28418  37.5%   177  176s
  3834  2495    0.28550   54  359    0.45455    0.28418  37.5%   176  180s

Cutting planes:
  Implied bound: 62
  MIR: 11
  Flow cover: 16
  RLT: 105
  Relax-and-lift: 1
  BQP: 12

Explored 3921 nodes (694390 simplex iterations) in 180.06 seconds (94.73 work units)
Thread count was 8 (of 8 available processors)

Solution count 3: 0.454545 0.454545 0.454545 

Time limit reached
Best objective 4.545453424294e-01, best bound 2.841767163517e-01, gap 37.4811%

User-callback calls 33596, time in user-callback 0.15 sec
alpha=0.5454545454545454  status=TIME_LIMIT
  agg total_shed = 566.97   cost-wtd Palma Σλ·top10/Σλ·bot40 (post-hoc) = Inf   model(σ·top) = 0.0   uncosted-agg-served-Palma (diag) = Inf
Gurobi Optimizer version 12.0.3 build v12.0.3rc0 (win64 - Windows 11+.0 (26200.2))

CPU model: 11th Gen Intel(R) Core(TM) i7-1165G7 @ 2.80GHz, instruction set [SSE2|AVX|AVX2|AVX512]
Thread count: 4 physical cores, 8 logical processors, using up to 8 threads

Non-default parameters:
TimeLimit  180
MIPGap  0.01
MIPFocus  1
GomoryPasses  0
NonConvex  2
NumericFocus  2

Optimize a model with 11240 rows, 6537 columns and 29192 nonzeros
Model fingerprint: 0xdfd31280
Model has 72 quadratic objective terms
Model has 265 quadratic constraints
Variable types: 5889 continuous, 648 integer (648 binary)
Coefficient statistics:
  Matrix range     [9e-09, 2e+01]
  QMatrix range    [1e+00, 5e+02]
  QLMatrix range   [1e+00, 1e+00]
  Objective range  [6e-04, 6e-04]
  QObjective range [6e+00, 4e+01]
  Bounds range     [1e-08, 2e+01]
  RHS range        [7e-01, 2e+01]
  QRHS range       [1e+00, 1e+00]

User MIP start did not produce a new incumbent solution
User MIP start violates constraint R122 by 4.345047439
Loaded MIP start from previous solve with objective 0.363636

Presolve removed 4464 rows and 2448 columns
Presolve time: 0.08s
Presolved: 7815 rows, 4428 columns, 23854 nonzeros
Presolved model has 216 quadratic constraint(s)
Presolved model has 289 bilinear constraint(s)
Warning: Model contains variables with very large bounds participating
         in product terms.
         Presolve was not able to compute smaller bounds for these variables.
         Consider bounding these variables or reformulating the model.


Solving non-convex MIQCP

Variable types: 3780 continuous, 648 integer (648 binary)

Root relaxation: objective 8.271515e-02, 4231 iterations, 0.15 seconds (0.09 work units)

    Nodes    |    Current Node    |     Objective Bounds      |     Work
 Expl Unexpl |  Obj  Depth IntInf | Incumbent    BestBd   Gap | It/Node Time

     0     0    0.08272    0  559    0.36364    0.08272  77.3%     -    0s
     0     0    0.09686    0  376    0.36364    0.09686  73.4%     -    0s
     0     0    0.09686    0  376    0.36364    0.09686  73.4%     -    1s
     0     0    0.09693    0  386    0.36364    0.09693  73.3%     -    1s
     0     0    0.09693    0  365    0.36364    0.09693  73.3%     -    1s
     0     0    0.09974    0  318    0.36364    0.09974  72.6%     -    2s
     0     2    0.09974    0  318    0.36364    0.09974  72.6%     -    7s
    24    43    0.09974    6  324    0.36364    0.09974  72.6%   226   10s
   443   457    0.12151   75  292    0.36364    0.09974  72.6%  74.1   15s
   758   771    0.21603  142  169    0.36364    0.09974  72.6%  67.2   20s
  1005  1058    0.22917  163  130    0.36364    0.09974  72.6%  60.0   25s
  1161  1206    0.24523  180  113    0.36364    0.09974  72.6%  60.2   30s
  1369  1378    0.10080   10  332    0.36364    0.10016  72.5%  61.1   35s
  1740  1792    0.10123   15  317    0.36364    0.10016  72.5%  59.2   40s
  1827  1796    0.27707  203  240    0.36364    0.10282  71.7%  59.2   45s
  1838  1805    0.11571   59  212    0.36364    0.10534  71.0%  64.3   51s
  1839  1805    0.18903  133  212    0.36364    0.10534  71.0%  64.3   57s
  1870  1815 infeasible   26         0.36364    0.10534  71.0%  79.4   60s
  1903  1814    0.29220   30  337    0.36364    0.10534  71.0%   101   66s
  2004  1806    0.29330   51  351    0.36364    0.10534  71.0%   122   70s
  2108  1826 infeasible   70         0.36364    0.26594  26.9%   139   75s
  2211  1833 infeasible   74         0.36364    0.28200  22.4%   154   80s
  2309  1831    0.29411   78  349    0.36364    0.28989  20.3%   179   86s
  2330  1829    0.29339   81  371    0.36364    0.29201  19.7%   183   90s
  2376  1849    0.29510   94  359    0.36364    0.29201  19.7%   184   95s
  2549  1864    0.29300   39  354    0.36364    0.29205  19.7%   181  100s
  2613  1872    0.29400   62  373    0.36364    0.29205  19.7%   182  105s
  2724  1910    0.29434   63  354    0.36364    0.29246  19.6%   184  111s
  2812  1894 infeasible   65         0.36364    0.29246  19.6%   182  116s
  2844  1924    0.29440   68  356    0.36364    0.29246  19.6%   182  120s
  2922  1952 infeasible   74         0.36364    0.29246  19.6%   182  125s
  2984  1951    0.29723  112  336    0.36364    0.29246  19.6%   181  130s
  3077  1994    0.29402   48  352    0.36364    0.29246  19.6%   184  137s
  3152  1973    0.29452   72  355    0.36364    0.29246  19.6%   181  140s
  3204  1980    0.29460   75  356    0.36364    0.29246  19.6%   179  148s
  3209  1982    0.29460   76  357    0.36364    0.29246  19.6%   179  150s
  3218  1987    0.29469   78  347    0.36364    0.29246  19.6%   179  157s
  3222  1999    0.29469   79  348    0.36364    0.29246  19.6%   179  160s
  3367  2106    0.29490   81  347    0.36364    0.29246  19.6%   176  166s
  3550  2154    0.29525   47  313    0.36364    0.29246  19.6%   172  172s
  3604  2140    0.29621   98  360    0.36364    0.29246  19.6%   170  175s
  3608  2143    0.29621   99  362    0.36364    0.29246  19.6%   170  180s

Cutting planes:
  Implied bound: 68
  MIR: 12
  Flow cover: 18
  RLT: 102
  Relax-and-lift: 3
  BQP: 11

Explored 3612 nodes (624616 simplex iterations) in 180.06 seconds (98.32 work units)
Thread count was 8 (of 8 available processors)

Solution count 1: 0.363636 

Time limit reached
Best objective 3.636362739435e-01, best bound 2.924563424762e-01, gap 19.5745%

User-callback calls 31010, time in user-callback 0.16 sec
alpha=0.6363636363636364  status=TIME_LIMIT
  agg total_shed = 566.97   cost-wtd Palma Σλ·top10/Σλ·bot40 (post-hoc) = Inf   model(σ·top) = 0.0   uncosted-agg-served-Palma (diag) = Inf
Gurobi Optimizer version 12.0.3 build v12.0.3rc0 (win64 - Windows 11+.0 (26200.2))

CPU model: 11th Gen Intel(R) Core(TM) i7-1165G7 @ 2.80GHz, instruction set [SSE2|AVX|AVX2|AVX512]
Thread count: 4 physical cores, 8 logical processors, using up to 8 threads

Non-default parameters:
TimeLimit  180
MIPGap  0.01
MIPFocus  1
GomoryPasses  0
NonConvex  2
NumericFocus  2

Optimize a model with 11240 rows, 6537 columns and 29192 nonzeros
Model fingerprint: 0x9c2d05ca
Model has 72 quadratic objective terms
Model has 265 quadratic constraints
Variable types: 5889 continuous, 648 integer (648 binary)
Coefficient statistics:
  Matrix range     [9e-09, 2e+01]
  QMatrix range    [1e+00, 5e+02]
  QLMatrix range   [1e+00, 1e+00]
  Objective range  [5e-04, 5e-04]
  QObjective range [7e+00, 4e+01]
  Bounds range     [1e-08, 2e+01]
  RHS range        [7e-01, 2e+01]
  QRHS range       [1e+00, 1e+00]

User MIP start did not produce a new incumbent solution
User MIP start violates constraint R122 by 4.345047439
Loaded MIP start from previous solve with objective 0.272727

Presolve removed 4464 rows and 2448 columns
Presolve time: 0.08s
Presolved: 7815 rows, 4428 columns, 23854 nonzeros
Presolved model has 216 quadratic constraint(s)
Presolved model has 289 bilinear constraint(s)
Warning: Model contains variables with very large bounds participating
         in product terms.
         Presolve was not able to compute smaller bounds for these variables.
         Consider bounding these variables or reformulating the model.


Solving non-convex MIQCP

Variable types: 3780 continuous, 648 integer (648 binary)

Root relaxation: objective 6.229442e-02, 4327 iterations, 0.16 seconds (0.10 work units)

    Nodes    |    Current Node    |     Objective Bounds      |     Work
 Expl Unexpl |  Obj  Depth IntInf | Incumbent    BestBd   Gap | It/Node Time

     0     0    0.06229    0  539    0.27273    0.06229  77.2%     -    0s
     0     0    0.07906    0  371    0.27273    0.07906  71.0%     -    0s
     0     0    0.07906    0  372    0.27273    0.07906  71.0%     -    0s
     0     0    0.07915    0  393    0.27273    0.07915  71.0%     -    1s
     0     0    0.07915    0  378    0.27273    0.07915  71.0%     -    1s
     0     0    0.08259    0  276    0.27273    0.08259  69.7%     -    2s
     0     2    0.08259    0  274    0.27273    0.08259  69.7%     -    7s
    19    24    0.08259    5  296    0.27273    0.08259  69.7%   234   10s
   171   184    0.08594   44  268    0.27273    0.08259  69.7%  84.3   15s
   256   261    0.09486   64  257    0.27273    0.08259  69.7%  80.8   20s
   329   350    0.09523   70  256    0.27273    0.08259  69.7%  74.9   25s
   432   455    0.11226   87  213    0.27273    0.08259  69.7%  70.5   30s
   647   680    0.14326  143  178    0.27273    0.08259  69.7%  69.2   35s
   786   805    0.18656  195  116    0.27273    0.08259  69.7%  68.8   40s
   955  1014    0.19413  219  111    0.27273    0.08259  69.7%  65.1   45s
  1228  1293    0.08609   33  262    0.27273    0.08259  69.7%  69.1   50s
  1524  1585    0.08628   35  261    0.27273    0.08259  69.7%  69.5   56s
  1901  1874    0.13311  132  203    0.27273    0.08259  69.7%  67.5   64s
  1903  1875    0.10250   74  442    0.27273    0.08259  69.7%  67.4   65s
  1919  1888    0.08720   38  203    0.27273    0.08720  68.0%  78.0   70s
  1928  1895    0.20362  221  203    0.27273    0.08734  68.0%  83.5   75s
  1937  1902    0.16381  144  203    0.27273    0.08821  67.7%  89.1   81s
  1941  1905    0.16233  178  250    0.27273    0.08829  67.6%  88.9   85s
  1948  1910    0.11238  101  469    0.27273    0.08841  67.6%  94.0   90s
  1953  1914    0.08850   18  273    0.27273    0.08850  67.5%  93.8   95s
  1957  1917    0.20910  209  480    0.27273    0.08850  67.5%  99.1  101s
  1964  1923    0.16287  127  203    0.27273    0.08866  67.5%   104  106s
  1970  1927    0.09814   76  264    0.27273    0.08937  67.2%   104  110s
  1977  1933    0.13149  110  248    0.27273    0.08938  67.2%   109  115s
  1989  1942    0.08953   33  239    0.27273    0.08953  67.2%   114  121s
  1990  1942    0.22841  209  239    0.27273    0.08953  67.2%   114  130s

Cutting planes:
  Implied bound: 43
  MIR: 16
  Flow cover: 15
  RLT: 117
  BQP: 8

Explored 2028 nodes (281159 simplex iterations) in 133.91 seconds (55.46 work units)
Thread count was 8 (of 8 available processors)

Solution count 1: 0.272727 

Optimal solution found (tolerance 1.00e-02)
Best objective 2.727272054577e-01, best bound 2.700806869924e-01, gap 0.9704%

User-callback calls 18896, time in user-callback 0.08 sec
alpha=0.7272727272727273  status=OPTIMAL
  agg total_shed = 566.97   cost-wtd Palma Σλ·top10/Σλ·bot40 (post-hoc) = Inf   model(σ·top) = 0.0   uncosted-agg-served-Palma (diag) = Inf
Gurobi Optimizer version 12.0.3 build v12.0.3rc0 (win64 - Windows 11+.0 (26200.2))

CPU model: 11th Gen Intel(R) Core(TM) i7-1165G7 @ 2.80GHz, instruction set [SSE2|AVX|AVX2|AVX512]
Thread count: 4 physical cores, 8 logical processors, using up to 8 threads

Non-default parameters:
TimeLimit  180
MIPGap  0.01
MIPFocus  1
GomoryPasses  0
NonConvex  2
NumericFocus  2

Optimize a model with 11240 rows, 6537 columns and 29192 nonzeros
Model fingerprint: 0xce642895
Model has 72 quadratic objective terms
Model has 265 quadratic constraints
Variable types: 5889 continuous, 648 integer (648 binary)
Coefficient statistics:
  Matrix range     [9e-09, 2e+01]
  QMatrix range    [1e+00, 5e+02]
  QLMatrix range   [1e+00, 1e+00]
  Objective range  [3e-04, 3e-04]
  QObjective range [8e+00, 5e+01]
  Bounds range     [1e-08, 2e+01]
  RHS range        [7e-01, 2e+01]
  QRHS range       [1e+00, 1e+00]

User MIP start did not produce a new incumbent solution
User MIP start violates constraint R122 by 4.345047439
Loaded MIP start from previous solve with objective 0.181818

Presolve removed 4464 rows and 2448 columns
Presolve time: 0.08s
Presolved: 7815 rows, 4428 columns, 23854 nonzeros
Presolved model has 216 quadratic constraint(s)
Presolved model has 289 bilinear constraint(s)
Warning: Model contains variables with very large bounds participating
         in product terms.
         Presolve was not able to compute smaller bounds for these variables.
         Consider bounding these variables or reformulating the model.


Solving non-convex MIQCP

Variable types: 3780 continuous, 648 integer (648 binary)

Root relaxation: objective 4.180593e-02, 4298 iterations, 0.22 seconds (0.10 work units)

    Nodes    |    Current Node    |     Objective Bounds      |     Work
 Expl Unexpl |  Obj  Depth IntInf | Incumbent    BestBd   Gap | It/Node Time

     0     0    0.04181    0  525    0.18182    0.04181  77.0%     -    0s
     0     0    0.06123    0  385    0.18182    0.06123  66.3%     -    1s
     0     0    0.06123    0  382    0.18182    0.06123  66.3%     -    1s
     0     0    0.06137    0  390    0.18182    0.06137  66.2%     -    1s
     0     0    0.06137    0  381    0.18182    0.06137  66.2%     -    1s
     0     0    0.06524    0  277    0.18182    0.06524  64.1%     -    2s
     0     2    0.06524    0  274    0.18182    0.06524  64.1%     -    7s
    18    35    0.06524    5  285    0.18182    0.06524  64.1%   257   10s
   256   263    0.06670   45  271    0.18182    0.06524  64.1%  89.3   15s
   417   430    0.08779   70  233    0.18182    0.06524  64.1%  85.6   20s
   521   562    0.08577   89  222    0.18182    0.06524  64.1%  79.6   25s
   688   726    0.10914  114  190    0.18182    0.06524  64.1%  76.9   30s
   826   849    0.11585  126  181    0.18182    0.06524  64.1%  74.0   35s
   953   987    0.12086  133  256    0.18182    0.06524  64.1%  73.4   40s
  1152  1160    0.13630  168  178    0.18182    0.06524  64.1%  69.0   45s
  1298  1285    0.14727  201  131    0.18182    0.06524  64.1%  68.1   50s
  1370  1358    0.18009  236   32    0.18182    0.06524  64.1%  66.3   55s
  1427  1404    0.06723   24  269    0.18182    0.06524  64.1%  66.4   60s
  1508  1495    0.06666   28  280    0.18182    0.06524  64.1%  64.9   66s
  1604  1610    0.06676   29  279    0.18182    0.06524  64.1%  65.8   70s
  1853  1818    0.12771  133  204    0.18182    0.06524  64.1%  67.9   79s
  1855  1819    0.13706  148  437    0.18182    0.06524  64.1%  67.8   80s
  1869  1830    0.13699  171  272    0.18182    0.06956  61.7%  73.0   85s
  1878  1837    0.07895   86  231    0.18182    0.06961  61.7%  78.6   92s
  1879  1837    0.15177  186  231    0.18182    0.06961  61.7%  78.6   99s
  1880  1839 infeasible   33         0.18182    0.06961  61.7%  87.5  100s

Cutting planes:
  Implied bound: 64
  MIR: 8
  Flow cover: 3
  RLT: 104
  Relax-and-lift: 1
  BQP: 18

Explored 1886 nodes (186375 simplex iterations) in 101.82 seconds (37.46 work units)
Thread count was 8 (of 8 available processors)

Solution count 1: 0.181818 

Optimal solution found (tolerance 1.00e-02)
Best objective 1.818181369718e-01, best bound 1.818181369718e-01, gap 0.0000%

User-callback calls 17969, time in user-callback 0.10 sec
alpha=0.8181818181818182  status=OPTIMAL
  agg total_shed = 566.97   cost-wtd Palma Σλ·top10/Σλ·bot40 (post-hoc) = Inf   model(σ·top) = 0.0   uncosted-agg-served-Palma (diag) = Inf
Gurobi Optimizer version 12.0.3 build v12.0.3rc0 (win64 - Windows 11+.0 (26200.2))

CPU model: 11th Gen Intel(R) Core(TM) i7-1165G7 @ 2.80GHz, instruction set [SSE2|AVX|AVX2|AVX512]
Thread count: 4 physical cores, 8 logical processors, using up to 8 threads

Non-default parameters:
TimeLimit  180
MIPGap  0.01
MIPFocus  1
GomoryPasses  0
NonConvex  2
NumericFocus  2

Optimize a model with 11240 rows, 6537 columns and 29192 nonzeros
Model fingerprint: 0x704636bc
Model has 72 quadratic objective terms
Model has 265 quadratic constraints
Variable types: 5889 continuous, 648 integer (648 binary)
Coefficient statistics:
  Matrix range     [9e-09, 2e+01]
  QMatrix range    [1e+00, 5e+02]
  QLMatrix range   [1e+00, 1e+00]
  Objective range  [2e-04, 2e-04]
  QObjective range [9e+00, 5e+01]
  Bounds range     [1e-08, 2e+01]
  RHS range        [7e-01, 2e+01]
  QRHS range       [1e+00, 1e+00]

User MIP start did not produce a new incumbent solution
User MIP start violates constraint R122 by 4.345047439
Loaded MIP start from previous solve with objective 0.0909091

Presolve removed 4464 rows and 2448 columns
Presolve time: 0.08s
Presolved: 7815 rows, 4428 columns, 23854 nonzeros
Presolved model has 216 quadratic constraint(s)
Presolved model has 289 bilinear constraint(s)
Warning: Model contains variables with very large bounds participating
         in product terms.
         Presolve was not able to compute smaller bounds for these variables.
         Consider bounding these variables or reformulating the model.


Solving non-convex MIQCP

Variable types: 3780 continuous, 648 integer (648 binary)

Root relaxation: objective 2.102609e-02, 4496 iterations, 0.17 seconds (0.11 work units)

    Nodes    |    Current Node    |     Objective Bounds      |     Work
 Expl Unexpl |  Obj  Depth IntInf | Incumbent    BestBd   Gap | It/Node Time

     0     0    0.02103    0  530    0.09091    0.02103  76.9%     -    0s
     0     0    0.04358    0  362    0.09091    0.04358  52.1%     -    0s
     0     0    0.04358    0  360    0.09091    0.04358  52.1%     -    0s
     0     0    0.04358    0  383    0.09091    0.04358  52.1%     -    1s
     0     0    0.04358    0  368    0.09091    0.04358  52.1%     -    1s
     0     0    0.04941    0  393    0.09091    0.04941  45.6%     -    1s
     0     2    0.04941    0  387    0.09091    0.04941  45.6%     -    6s
   104   134    0.05026   41  391    0.09091    0.04941  45.6%  86.9   10s
   299   307    0.05070   78  353    0.09091    0.04941  45.6%  72.6   15s
   501   553    0.06125  108  281    0.09091    0.04941  45.6%  67.6   20s
   861   886    0.04952   25  380    0.09091    0.04941  45.6%  57.6   25s
  1128  1149    0.06304   96  271    0.09091    0.04941  45.6%  61.4   30s
  1458  1509    0.08042  160  107    0.09091    0.04941  45.6%  59.6   35s
  1663  1620    0.04952   18  203    0.09091    0.04941  45.6%  57.3   41s
  1675  1629    0.06315   98  236    0.09091    0.05032  44.6%  63.8   45s
  1685  1637    0.05132   38  213    0.09091    0.05132  43.5%  70.9   50s
  1697  1646    0.05134   22  217    0.09091    0.05134  43.5%  76.9   57s
  1698  1646    0.06125  111  217    0.09091    0.05134  43.5%  76.9   63s
  1707  1655 infeasible   54         0.09091    0.08152  10.3%  90.0   65s

Cutting planes:
  Implied bound: 62
  MIR: 17
  Flow cover: 17
  RLT: 101
  Relax-and-lift: 2
  BQP: 17

Explored 1727 nodes (174687 simplex iterations) in 65.60 seconds (31.08 work units)
Thread count was 8 (of 8 available processors)

Solution count 1: 0.0909091 

Optimal solution found (tolerance 1.00e-02)
Best objective 9.090906848589e-02, best bound 9.090906848589e-02, gap 0.0000%

User-callback calls 11744, time in user-callback 0.03 sec
alpha=0.9090909090909091  status=OPTIMAL
  agg total_shed = 566.97   cost-wtd Palma Σλ·top10/Σλ·bot40 (post-hoc) = Inf   model(σ·top) = 0.0   uncosted-agg-served-Palma (diag) = Inf
Gurobi Optimizer version 12.0.3 build v12.0.3rc0 (win64 - Windows 11+.0 (26200.2))

CPU model: 11th Gen Intel(R) Core(TM) i7-1165G7 @ 2.80GHz, instruction set [SSE2|AVX|AVX2|AVX512]
Thread count: 4 physical cores, 8 logical processors, using up to 8 threads

Non-default parameters:
TimeLimit  180
MIPGap  0.01
MIPFocus  1
GomoryPasses  0
NonConvex  2
NumericFocus  2

Optimize a model with 11240 rows, 6537 columns and 29192 nonzeros
Model fingerprint: 0xb99e8738
Model has 72 quadratic objective terms
Model has 265 quadratic constraints
Variable types: 5889 continuous, 648 integer (648 binary)
Coefficient statistics:
  Matrix range     [9e-09, 2e+01]
  QMatrix range    [1e+00, 5e+02]
  QLMatrix range   [1e+00, 1e+00]
  Objective range  [0e+00, 0e+00]
  QObjective range [1e+01, 6e+01]
  Bounds range     [1e-08, 2e+01]
  RHS range        [7e-01, 2e+01]
  QRHS range       [1e+00, 1e+00]

User MIP start did not produce a new incumbent solution
User MIP start violates constraint R122 by 4.345047439
Loaded MIP start from previous solve with objective 0

Presolve removed 4464 rows and 2448 columns
Presolve time: 0.09s
Presolved: 7815 rows, 4428 columns, 23854 nonzeros
Presolved model has 216 quadratic constraint(s)
Presolved model has 289 bilinear constraint(s)
Warning: Model contains variables with very large bounds participating
         in product terms.
         Presolve was not able to compute smaller bounds for these variables.
         Consider bounding these variables or reformulating the model.


Solving non-convex MIQCP

Variable types: 3780 continuous, 648 integer (648 binary)

Explored 0 nodes (0 simplex iterations) in 0.15 seconds (0.06 work units)
Thread count was 8 (of 8 available processors)

Solution count 1: 0 

Optimal solution found (tolerance 1.00e-02)
Best objective 0.000000000000e+00, best bound 0.000000000000e+00, gap 0.0000%

User-callback calls 494, time in user-callback 0.00 sec
alpha=1.0  status=OPTIMAL
  agg total_shed = 566.97   cost-wtd Palma Σλ·top10/Σλ·bot40 (post-hoc) = Inf   model(σ·top) = 0.0   uncosted-agg-served-Palma (diag) = Inf
[ PowerModelsDistribution | Info ] : Circuit has been reset with the 'clear' on line 1 in 'case6_unbalanced_switch_more_meshed_good4integer.dss'
[ PowerModelsDistribution | Info ] : Command 'calcvoltagebases' on line 56 in 'case6_unbalanced_switch_more_meshed_good4integer.dss' is not supported, skipping.
[ PowerModelsDistribution | Info ] : Command 'solve' on line 58 in 'case6_unbalanced_switch_more_meshed_good4integer.dss' is not supported, skipping.
[ PowerModelsDistribution | Info ] : basemva=100 is the default value, you may want to adjust sbase_default for better convergence
┌ PowerModelsDistribution | Warning ] : basefreq=60.0 on line.quadpb does not match circuit basefreq=50.0
└ @ PowerModelsDistribution C:\Users\awest\.julia\packages\PowerModelsDistribution\EOTxp\src\data_model\transformations\dss2eng.jl:422
┌ PowerModelsDistribution | Warning ] : basefreq=60.0 on line.quadad does not match circuit basefreq=50.0
└ @ PowerModelsDistribution C:\Users\awest\.julia\packages\PowerModelsDistribution\EOTxp\src\data_model\transformations\dss2eng.jl:422
┌ PowerModelsDistribution | Warning ] : basefreq=60.0 on line.quadac does not match circuit basefreq=50.0
└ @ PowerModelsDistribution C:\Users\awest\.julia\packages\PowerModelsDistribution\EOTxp\src\data_model\transformations\dss2eng.jl:422
┌ PowerModelsDistribution | Warning ] : basefreq=60.0 on line.quadpa does not match circuit basefreq=50.0
└ @ PowerModelsDistribution C:\Users\awest\.julia\packages\PowerModelsDistribution\EOTxp\src\data_model\transformations\dss2eng.jl:422
┌ PowerModelsDistribution | Warning ] : basefreq=60.0 on line.ohline does not match circuit basefreq=50.0
└ @ PowerModelsDistribution C:\Users\awest\.julia\packages\PowerModelsDistribution\EOTxp\src\data_model\transformations\dss2eng.jl:422
┌ PowerModelsDistribution | Warning ] : basefreq=60.0 on line.quadbc does not match circuit basefreq=50.0
└ @ PowerModelsDistribution C:\Users\awest\.julia\packages\PowerModelsDistribution\EOTxp\src\data_model\transformations\dss2eng.jl:422
┌ PowerModelsDistribution | Warning ] : basefreq=60.0 on line.quadec does not match circuit basefreq=50.0
└ @ PowerModelsDistribution C:\Users\awest\.julia\packages\PowerModelsDistribution\EOTxp\src\data_model\transformations\dss2eng.jl:422
┌ PowerModelsDistribution | Warning ] : basefreq=60.0 on line.quadpe does not match circuit basefreq=50.0
└ @ PowerModelsDistribution C:\Users\awest\.julia\packages\PowerModelsDistribution\EOTxp\src\data_model\transformations\dss2eng.jl:422
[ Main | Info ] : LOAD_SCALE_FACTORS (agg_scales per period): [0.839, 0.968, 1.076, 1.15, 1.112, 1.072, 0.984, 0.899]
Saved trade-off sweep data → C:\Users\awest\github\FairLoadDelivery\script\single_level\../../results/2026-06-03/palma_relaxed_trade_off_mn\palma_sweep_mn_more_meshed_6_bus_absolute.jld2
Done. Results written to: C:\Users\awest\github\FairLoadDelivery\script\single_level\../../results/2026-06-03/palma_relaxed_trade_off_mn
GKS: String is too long in routine TEXT
GKS: String is too long in routine TEXT
GKS: String is too long in routine TEXT
GKS: String is too long in routine TEXT
GKS: String is too long in routine TEXT
GKS: String is too long in routine TEXT
GKS: String is too long in routine TEXT
GKS: String is too long in routine TEXT
GKS: String is too long in routine TEXT
GKS: String is too long in routine TEXT
GKS: String is too long in routine TEXT
GKS: String is too long in routine TEXT
GKS: String is too long in routine TEXT
GKS: String is too long in routine TEXT
GKS: String is too long in routine TEXT
GKS: String is too long in routine TEXT
GKS: String is too long in routine TEXT
GKS: String is too long in routine TEXT
GKS: String is too long in routine TEXT
GKS: String is too long in routine TEXT
GKS: String is too long in routine TEXT
GKS: String is too long in routine TEXT
GKS: String is too long in routine TEXT
GKS: String is too long in routine TEXT
GKS: String is too long in routine TEXT
GKS: String is too long in routine TEXT
GKS: String is too long in routine TEXT
GKS: String is too long in routine TEXT
GKS: String is too long in routine TEXT
GKS: String is too long in routine TEXT
GKS: String is too long in routine TEXT
GKS: String is too long in routine TEXT
GKS: String is too long in routine TEXT
GKS: String is too long in routine TEXT
GKS: String is too long in routine TEXT
GKS: String is too long in routine TEXT
GKS: String is too long in routine TEXT
GKS: String is too long in routine TEXT
GKS: String is too long in routine TEXT
GKS: String is too long in routine TEXT
