  sweep palma_integer [2026-06-05 08:44]: 2026-06-05\palma_trade_off_mn\palma_sweep_mn_more_meshed_6_bus_absolute.jld2
  sweep palma_relaxed [2026-06-05 09:20]: 2026-06-05\palma_relaxed_trade_off_mn\palma_sweep_mn_more_meshed_6_bus_absolute.jld2
  sweep gini_integer [2026-06-15 13:00]: 2026-06-15\gini_trade_off_mn\gini_sweep_mn_more_meshed_6_bus_absolute.jld2
  sweep gini_relaxed [2026-06-15 13:36]: 2026-06-15\gini_relaxed_trade_off_mn\gini_sweep_mn_more_meshed_6_bus_absolute.jld2
  trimmed palma_relaxed: 12 → 11 α points (dropped α=1 endpoint)
  bilevel palma [2026-06-05 05:26]: 2026-06-05\bilevel_validation_mn\case6_unbalanced_switch_more_meshed_good4integer\palma_absolute\bilevel_mn_case6_unbalanced_switch_more_meshed_good4integer_palma_absolute.jld2
  bilevel gini [2026-06-14 05:41]: 2026-06-14\bilevel_validation_mn\case6_unbalanced_switch_more_meshed_good4integer\gini_absolute\bilevel_mn_case6_unbalanced_switch_more_meshed_good4integer_gini_absolute.jld2

[integer] figures written to:
  → C:\Users\awest\github\FairLoadDelivery\script\../results\2026-06-15\post_hoc_fairness_costwtd\pareto_case6_absolute_integer.svg
  → C:\Users\awest\github\FairLoadDelivery\script\../results\2026-06-15\post_hoc_fairness_costwtd\pareto_case6_absolute_integer_palma.svg
  → C:\Users\awest\github\FairLoadDelivery\script\../results\2026-06-15\post_hoc_fairness_costwtd\pareto_case6_absolute_integer_gini.svg
  → C:\Users\awest\github\FairLoadDelivery\script\../results\2026-06-15\post_hoc_fairness_costwtd\pareto_case6_absolute_integer_cov.svg
  → C:\Users\awest\github\FairLoadDelivery\script\../results\2026-06-15\post_hoc_fairness_costwtd\pareto_case6_absolute_integer_palma_gini_cov.svg  (3-panel: Palma | Gini | CoV)
    bilevel palma: total=6188.72  L∞=1544.11  Palma=1.878  Gini=0.342  CoV=0.662
    bilevel gini: total=5736.12  L∞=1368.49  Palma=2.09  Gini=0.363  CoV=0.69

[relaxed] figures written to:
  → C:\Users\awest\github\FairLoadDelivery\script\../results\2026-06-15\post_hoc_fairness_costwtd\pareto_case6_absolute_relaxed.svg
  → C:\Users\awest\github\FairLoadDelivery\script\../results\2026-06-15\post_hoc_fairness_costwtd\pareto_case6_absolute_relaxed_palma.svg
  → C:\Users\awest\github\FairLoadDelivery\script\../results\2026-06-15\post_hoc_fairness_costwtd\pareto_case6_absolute_relaxed_gini.svg
  → C:\Users\awest\github\FairLoadDelivery\script\../results\2026-06-15\post_hoc_fairness_costwtd\pareto_case6_absolute_relaxed_cov.svg
  → C:\Users\awest\github\FairLoadDelivery\script\../results\2026-06-15\post_hoc_fairness_costwtd\pareto_case6_absolute_relaxed_palma_gini_cov.svg  (3-panel: Palma | Gini | CoV)
    bilevel palma: total=2043.75  L∞=458.68  Palma=1.611  Gini=0.295  CoV=0.57
    bilevel gini: total=2156.23  L∞=506.98  Palma=3.253  Gini=0.435  CoV=0.835
