
******************************************************************************
This program contains Ipopt, a library for large-scale nonlinear optimization.
 Ipopt is released as open source code under the Eclipse Public License (EPL).
         For more information visit https://github.com/coin-or/Ipopt
******************************************************************************

[ Main | Info ] : Logging to results/2026-06-04/bilevel_validation_mn/case6_unbalanced_switch_more_meshed_good4integer/palma_absolute\run_validation_mn.log
[ PowerModelsDistribution | Info ] : Circuit has been reset with the 'clear' on line 1 in 'case6_unbalanced_switch_more_meshed_good4integer.dss'
[ PowerModelsDistribution | Info ] : Command 'calcvoltagebases' on line 56 in 'case6_unbalanced_switch_more_meshed_good4integer.dss' is not supported, skipping.
[ PowerModelsDistribution | Info ] : Command 'solve' on line 58 in 'case6_unbalanced_switch_more_meshed_good4integer.dss' is not supported, skipping.
[ PowerModelsDistribution | Info ] : basemva=100 is the default value, you may want to adjust sbase_default for better convergence
┌ PowerModelsDistribution | Warning ] : basefreq=60.0 on line.quadpb does not match circuit basefreq=50.0
└ @ PowerModelsDistribution C:\Users\awest\.julia\packages\PowerModelsDistribution\EOTxp\src\data_model\transformations\dss2eng.jl:422
┌ PowerModelsDistribution | Warning ] : basefreq=60.0 on line.quadad does not match circuit basefreq=50.0
└ @ PowerModelsDistribution C:\Users\awest\.julia\packages\PowerModelsDistribution\EOTxp\src\data_model\transformations\dss2eng.jl:422
┌ PowerModelsDistribution | Warning ] : basefreq=60.0 on line.quadac does not match circuit basefreq=50.0
└ @ PowerModelsDistribution C:\Users\awest\.julia\packages\PowerModelsDistribution\EOTxp\src\data_model\transformations\dss2eng.jl:422
┌ PowerModelsDistribution | Warning ] : basefreq=60.0 on line.quadpa does not match circuit basefreq=50.0
└ @ PowerModelsDistribution C:\Users\awest\.julia\packages\PowerModelsDistribution\EOTxp\src\data_model\transformations\dss2eng.jl:422
┌ PowerModelsDistribution | Warning ] : basefreq=60.0 on line.ohline does not match circuit basefreq=50.0
└ @ PowerModelsDistribution C:\Users\awest\.julia\packages\PowerModelsDistribution\EOTxp\src\data_model\transformations\dss2eng.jl:422
┌ PowerModelsDistribution | Warning ] : basefreq=60.0 on line.quadbc does not match circuit basefreq=50.0
└ @ PowerModelsDistribution C:\Users\awest\.julia\packages\PowerModelsDistribution\EOTxp\src\data_model\transformations\dss2eng.jl:422
┌ PowerModelsDistribution | Warning ] : basefreq=60.0 on line.quadec does not match circuit basefreq=50.0
└ @ PowerModelsDistribution C:\Users\awest\.julia\packages\PowerModelsDistribution\EOTxp\src\data_model\transformations\dss2eng.jl:422
┌ PowerModelsDistribution | Warning ] : basefreq=60.0 on line.quadpe does not match circuit basefreq=50.0
└ @ PowerModelsDistribution C:\Users\awest\.julia\packages\PowerModelsDistribution\EOTxp\src\data_model\transformations\dss2eng.jl:422
[ Main | Info ] : N_PERIODS=24, hours=[0, 1, 2, 3, 4, 5, 6, 7, 8, 9, 10, 11, 12, 13, 14, 15, 16, 17, 18, 19, 20, 21, 22, 23], agg_scales=[0.8479854262731626, 0.8209116806392722, 0.8045632237581454, 0.8079152275923159, 0.8387202438113252, 0.8980381122690839, 0.9676482934843788, 1.0258647367355271, 1.0757845717168208, 1.1086396193254484, 1.1338430847598189, 1.1478945274297554, 1.1501794143778719, 1.1368178312533255, 1.123310031164268, 1.1118984910387417, 1.1069837587121172, 1.101107729225653, 1.0722361959025872, 1.034470288465074, 0.9842055523687825, 0.9334650162377547, 0.8989053063178417, 0.8686116371409339], peak_stress=1.0, λ=[5.0, 5.0, 5.0, 5.0, 5.0, 5.0, 5.0, 5.0, 5.01, 5.04, 5.15, 5.5, 6.4, 8.38, 11.95, 17.17, 23.15, 28.08, 30.0, 28.08, 23.15, 17.17, 11.95, 8.38]
[ Main | Info ] : Built multinetwork with 24 periods, 9 loads per period (profiled)
[ FairLoadDelivery | Info ] : Iteration 1: Solving multiperiod lower-level MLD with initial parameter values from ref
┌ DiffOpt.NonLinearProgram | Info ] : Inertia correction needed. 
│             Attempting correction by adding diagonal matrix with positive values for the Jacobian of the stationary equations
└             and negative values for the Jacobian of the constraints.
┌ DiffOpt.NonLinearProgram | Info ] : Inertia correction needed. 
│             Attempting correction by adding diagonal matrix with positive values for the Jacobian of the stationary equations
└             and negative values for the Jacobian of the constraints.
┌ DiffOpt.NonLinearProgram | Info ] : Inertia correction needed. 
│             Attempting correction by adding diagonal matrix with positive values for the Jacobian of the stationary equations
└             and negative values for the Jacobian of the constraints.
┌ DiffOpt.NonLinearProgram | Info ] : Inertia correction needed. 
│             Attempting correction by adding diagonal matrix with positive values for the Jacobian of the stationary equations
└             and negative values for the Jacobian of the constraints.
┌ DiffOpt.NonLinearProgram | Info ] : Inertia correction needed. 
│             Attempting correction by adding diagonal matrix with positive values for the Jacobian of the stationary equations
└             and negative values for the Jacobian of the constraints.
┌ DiffOpt.NonLinearProgram | Info ] : Inertia correction needed. 
│             Attempting correction by adding diagonal matrix with positive values for the Jacobian of the stationary equations
└             and negative values for the Jacobian of the constraints.
┌ DiffOpt.NonLinearProgram | Info ] : Inertia correction needed. 
│             Attempting correction by adding diagonal matrix with positive values for the Jacobian of the stationary equations
└             and negative values for the Jacobian of the constraints.
┌ DiffOpt.NonLinearProgram | Info ] : Inertia correction needed. 
│             Attempting correction by adding diagonal matrix with positive values for the Jacobian of the stationary equations
└             and negative values for the Jacobian of the constraints.
┌ DiffOpt.NonLinearProgram | Info ] : Inertia correction needed. 
│             Attempting correction by adding diagonal matrix with positive values for the Jacobian of the stationary equations
└             and negative values for the Jacobian of the constraints.
┌ DiffOpt.NonLinearProgram | Info ] : Inertia correction needed. 
│             Attempting correction by adding diagonal matrix with positive values for the Jacobian of the stationary equations
└             and negative values for the Jacobian of the constraints.
┌ DiffOpt.NonLinearProgram | Info ] : Inertia correction needed. 
│             Attempting correction by adding diagonal matrix with positive values for the Jacobian of the stationary equations
└             and negative values for the Jacobian of the constraints.
┌ DiffOpt.NonLinearProgram | Info ] : Inertia correction needed. 
│             Attempting correction by adding diagonal matrix with positive values for the Jacobian of the stationary equations
└             and negative values for the Jacobian of the constraints.
┌ DiffOpt.NonLinearProgram | Info ] : Inertia correction needed. 
│             Attempting correction by adding diagonal matrix with positive values for the Jacobian of the stationary equations
└             and negative values for the Jacobian of the constraints.
┌ DiffOpt.NonLinearProgram | Info ] : Inertia correction needed. 
│             Attempting correction by adding diagonal matrix with positive values for the Jacobian of the stationary equations
└             and negative values for the Jacobian of the constraints.
┌ DiffOpt.NonLinearProgram | Info ] : Inertia correction needed. 
│             Attempting correction by adding diagonal matrix with positive values for the Jacobian of the stationary equations
└             and negative values for the Jacobian of the constraints.
┌ DiffOpt.NonLinearProgram | Info ] : Inertia correction needed. 
│             Attempting correction by adding diagonal matrix with positive values for the Jacobian of the stationary equations
└             and negative values for the Jacobian of the constraints.
┌ DiffOpt.NonLinearProgram | Info ] : Inertia correction needed. 
│             Attempting correction by adding diagonal matrix with positive values for the Jacobian of the stationary equations
└             and negative values for the Jacobian of the constraints.
┌ DiffOpt.NonLinearProgram | Info ] : Inertia correction needed. 
│             Attempting correction by adding diagonal matrix with positive values for the Jacobian of the stationary equations
└             and negative values for the Jacobian of the constraints.
┌ DiffOpt.NonLinearProgram | Info ] : Inertia correction needed. 
│             Attempting correction by adding diagonal matrix with positive values for the Jacobian of the stationary equations
└             and negative values for the Jacobian of the constraints.
┌ DiffOpt.NonLinearProgram | Info ] : Inertia correction needed. 
│             Attempting correction by adding diagonal matrix with positive values for the Jacobian of the stationary equations
└             and negative values for the Jacobian of the constraints.
┌ DiffOpt.NonLinearProgram | Info ] : Inertia correction needed. 
│             Attempting correction by adding diagonal matrix with positive values for the Jacobian of the stationary equations
└             and negative values for the Jacobian of the constraints.
┌ DiffOpt.NonLinearProgram | Info ] : Inertia correction needed. 
│             Attempting correction by adding diagonal matrix with positive values for the Jacobian of the stationary equations
└             and negative values for the Jacobian of the constraints.
┌ DiffOpt.NonLinearProgram | Info ] : Inertia correction needed. 
│             Attempting correction by adding diagonal matrix with positive values for the Jacobian of the stationary equations
└             and negative values for the Jacobian of the constraints.
┌ DiffOpt.NonLinearProgram | Info ] : Inertia correction needed. 
│             Attempting correction by adding diagonal matrix with positive values for the Jacobian of the stationary equations
└             and negative values for the Jacobian of the constraints.
┌ DiffOpt.NonLinearProgram | Info ] : Inertia correction needed. 
│             Attempting correction by adding diagonal matrix with positive values for the Jacobian of the stationary equations
└             and negative values for the Jacobian of the constraints.
┌ DiffOpt.NonLinearProgram | Info ] : Inertia correction needed. 
│             Attempting correction by adding diagonal matrix with positive values for the Jacobian of the stationary equations
└             and negative values for the Jacobian of the constraints.
┌ DiffOpt.NonLinearProgram | Info ] : Inertia correction needed. 
│             Attempting correction by adding diagonal matrix with positive values for the Jacobian of the stationary equations
└             and negative values for the Jacobian of the constraints.
┌ DiffOpt.NonLinearProgram | Info ] : Inertia correction needed. 
│             Attempting correction by adding diagonal matrix with positive values for the Jacobian of the stationary equations
└             and negative values for the Jacobian of the constraints.
┌ DiffOpt.NonLinearProgram | Info ] : Inertia correction needed. 
│             Attempting correction by adding diagonal matrix with positive values for the Jacobian of the stationary equations
└             and negative values for the Jacobian of the constraints.
┌ DiffOpt.NonLinearProgram | Info ] : Inertia correction needed. 
│             Attempting correction by adding diagonal matrix with positive values for the Jacobian of the stationary equations
└             and negative values for the Jacobian of the constraints.
┌ DiffOpt.NonLinearProgram | Info ] : Inertia correction needed. 
│             Attempting correction by adding diagonal matrix with positive values for the Jacobian of the stationary equations
└             and negative values for the Jacobian of the constraints.
┌ DiffOpt.NonLinearProgram | Info ] : Inertia correction needed. 
│             Attempting correction by adding diagonal matrix with positive values for the Jacobian of the stationary equations
└             and negative values for the Jacobian of the constraints.
┌ DiffOpt.NonLinearProgram | Info ] : Inertia correction needed. 
│             Attempting correction by adding diagonal matrix with positive values for the Jacobian of the stationary equations
└             and negative values for the Jacobian of the constraints.
┌ DiffOpt.NonLinearProgram | Info ] : Inertia correction needed. 
│             Attempting correction by adding diagonal matrix with positive values for the Jacobian of the stationary equations
└             and negative values for the Jacobian of the constraints.
┌ DiffOpt.NonLinearProgram | Info ] : Inertia correction needed. 
│             Attempting correction by adding diagonal matrix with positive values for the Jacobian of the stationary equations
└             and negative values for the Jacobian of the constraints.
┌ DiffOpt.NonLinearProgram | Info ] : Inertia correction needed. 
│             Attempting correction by adding diagonal matrix with positive values for the Jacobian of the stationary equations
└             and negative values for the Jacobian of the constraints.
┌ DiffOpt.NonLinearProgram | Info ] : Inertia correction needed. 
│             Attempting correction by adding diagonal matrix with positive values for the Jacobian of the stationary equations
└             and negative values for the Jacobian of the constraints.
┌ DiffOpt.NonLinearProgram | Info ] : Inertia correction needed. 
│             Attempting correction by adding diagonal matrix with positive values for the Jacobian of the stationary equations
└             and negative values for the Jacobian of the constraints.
┌ DiffOpt.NonLinearProgram | Info ] : Inertia correction needed. 
│             Attempting correction by adding diagonal matrix with positive values for the Jacobian of the stationary equations
└             and negative values for the Jacobian of the constraints.
┌ DiffOpt.NonLinearProgram | Info ] : Inertia correction needed. 
│             Attempting correction by adding diagonal matrix with positive values for the Jacobian of the stationary equations
└             and negative values for the Jacobian of the constraints.
┌ DiffOpt.NonLinearProgram | Info ] : Inertia correction needed. 
│             Attempting correction by adding diagonal matrix with positive values for the Jacobian of the stationary equations
└             and negative values for the Jacobian of the constraints.
┌ DiffOpt.NonLinearProgram | Info ] : Inertia correction needed. 
│             Attempting correction by adding diagonal matrix with positive values for the Jacobian of the stationary equations
└             and negative values for the Jacobian of the constraints.
┌ DiffOpt.NonLinearProgram | Info ] : Inertia correction needed. 
│             Attempting correction by adding diagonal matrix with positive values for the Jacobian of the stationary equations
└             and negative values for the Jacobian of the constraints.
┌ DiffOpt.NonLinearProgram | Info ] : Inertia correction needed. 
│             Attempting correction by adding diagonal matrix with positive values for the Jacobian of the stationary equations
└             and negative values for the Jacobian of the constraints.
┌ DiffOpt.NonLinearProgram | Info ] : Inertia correction needed. 
│             Attempting correction by adding diagonal matrix with positive values for the Jacobian of the stationary equations
└             and negative values for the Jacobian of the constraints.
┌ DiffOpt.NonLinearProgram | Info ] : Inertia correction needed. 
│             Attempting correction by adding diagonal matrix with positive values for the Jacobian of the stationary equations
└             and negative values for the Jacobian of the constraints.
┌ DiffOpt.NonLinearProgram | Info ] : Inertia correction needed. 
│             Attempting correction by adding diagonal matrix with positive values for the Jacobian of the stationary equations
└             and negative values for the Jacobian of the constraints.
┌ DiffOpt.NonLinearProgram | Info ] : Inertia correction needed. 
│             Attempting correction by adding diagonal matrix with positive values for the Jacobian of the stationary equations
└             and negative values for the Jacobian of the constraints.
┌ DiffOpt.NonLinearProgram | Info ] : Inertia correction needed. 
│             Attempting correction by adding diagonal matrix with positive values for the Jacobian of the stationary equations
└             and negative values for the Jacobian of the constraints.
┌ DiffOpt.NonLinearProgram | Info ] : Inertia correction needed. 
│             Attempting correction by adding diagonal matrix with positive values for the Jacobian of the stationary equations
└             and negative values for the Jacobian of the constraints.
┌ DiffOpt.NonLinearProgram | Info ] : Inertia correction needed. 
│             Attempting correction by adding diagonal matrix with positive values for the Jacobian of the stationary equations
└             and negative values for the Jacobian of the constraints.
┌ DiffOpt.NonLinearProgram | Info ] : Inertia correction needed. 
│             Attempting correction by adding diagonal matrix with positive values for the Jacobian of the stationary equations
└             and negative values for the Jacobian of the constraints.
┌ DiffOpt.NonLinearProgram | Info ] : Inertia correction needed. 
│             Attempting correction by adding diagonal matrix with positive values for the Jacobian of the stationary equations
└             and negative values for the Jacobian of the constraints.
┌ DiffOpt.NonLinearProgram | Info ] : Inertia correction needed. 
│             Attempting correction by adding diagonal matrix with positive values for the Jacobian of the stationary equations
└             and negative values for the Jacobian of the constraints.
┌ DiffOpt.NonLinearProgram | Info ] : Inertia correction needed. 
│             Attempting correction by adding diagonal matrix with positive values for the Jacobian of the stationary equations
└             and negative values for the Jacobian of the constraints.
┌ DiffOpt.NonLinearProgram | Info ] : Inertia correction needed. 
│             Attempting correction by adding diagonal matrix with positive values for the Jacobian of the stationary equations
└             and negative values for the Jacobian of the constraints.
┌ DiffOpt.NonLinearProgram | Info ] : Inertia correction needed. 
│             Attempting correction by adding diagonal matrix with positive values for the Jacobian of the stationary equations
└             and negative values for the Jacobian of the constraints.
┌ DiffOpt.NonLinearProgram | Info ] : Inertia correction needed. 
│             Attempting correction by adding diagonal matrix with positive values for the Jacobian of the stationary equations
└             and negative values for the Jacobian of the constraints.
┌ DiffOpt.NonLinearProgram | Info ] : Inertia correction needed. 
│             Attempting correction by adding diagonal matrix with positive values for the Jacobian of the stationary equations
└             and negative values for the Jacobian of the constraints.
┌ DiffOpt.NonLinearProgram | Info ] : Inertia correction needed. 
│             Attempting correction by adding diagonal matrix with positive values for the Jacobian of the stationary equations
└             and negative values for the Jacobian of the constraints.
┌ DiffOpt.NonLinearProgram | Info ] : Inertia correction needed. 
│             Attempting correction by adding diagonal matrix with positive values for the Jacobian of the stationary equations
└             and negative values for the Jacobian of the constraints.
┌ DiffOpt.NonLinearProgram | Info ] : Inertia correction needed. 
│             Attempting correction by adding diagonal matrix with positive values for the Jacobian of the stationary equations
└             and negative values for the Jacobian of the constraints.
┌ DiffOpt.NonLinearProgram | Info ] : Inertia correction needed. 
│             Attempting correction by adding diagonal matrix with positive values for the Jacobian of the stationary equations
└             and negative values for the Jacobian of the constraints.
┌ DiffOpt.NonLinearProgram | Info ] : Inertia correction needed. 
│             Attempting correction by adding diagonal matrix with positive values for the Jacobian of the stationary equations
└             and negative values for the Jacobian of the constraints.
┌ DiffOpt.NonLinearProgram | Info ] : Inertia correction needed. 
│             Attempting correction by adding diagonal matrix with positive values for the Jacobian of the stationary equations
└             and negative values for the Jacobian of the constraints.
┌ DiffOpt.NonLinearProgram | Info ] : Inertia correction needed. 
│             Attempting correction by adding diagonal matrix with positive values for the Jacobian of the stationary equations
└             and negative values for the Jacobian of the constraints.
┌ DiffOpt.NonLinearProgram | Info ] : Inertia correction needed. 
│             Attempting correction by adding diagonal matrix with positive values for the Jacobian of the stationary equations
└             and negative values for the Jacobian of the constraints.
┌ DiffOpt.NonLinearProgram | Info ] : Inertia correction needed. 
│             Attempting correction by adding diagonal matrix with positive values for the Jacobian of the stationary equations
└             and negative values for the Jacobian of the constraints.
┌ DiffOpt.NonLinearProgram | Info ] : Inertia correction needed. 
│             Attempting correction by adding diagonal matrix with positive values for the Jacobian of the stationary equations
└             and negative values for the Jacobian of the constraints.
┌ DiffOpt.NonLinearProgram | Info ] : Inertia correction needed. 
│             Attempting correction by adding diagonal matrix with positive values for the Jacobian of the stationary equations
└             and negative values for the Jacobian of the constraints.
┌ DiffOpt.NonLinearProgram | Info ] : Inertia correction needed. 
│             Attempting correction by adding diagonal matrix with positive values for the Jacobian of the stationary equations
└             and negative values for the Jacobian of the constraints.
┌ DiffOpt.NonLinearProgram | Info ] : Inertia correction needed. 
│             Attempting correction by adding diagonal matrix with positive values for the Jacobian of the stationary equations
└             and negative values for the Jacobian of the constraints.
┌ DiffOpt.NonLinearProgram | Info ] : Inertia correction needed. 
│             Attempting correction by adding diagonal matrix with positive values for the Jacobian of the stationary equations
└             and negative values for the Jacobian of the constraints.
┌ DiffOpt.NonLinearProgram | Info ] : Inertia correction needed. 
│             Attempting correction by adding diagonal matrix with positive values for the Jacobian of the stationary equations
└             and negative values for the Jacobian of the constraints.
┌ DiffOpt.NonLinearProgram | Info ] : Inertia correction needed. 
│             Attempting correction by adding diagonal matrix with positive values for the Jacobian of the stationary equations
└             and negative values for the Jacobian of the constraints.
┌ DiffOpt.NonLinearProgram | Info ] : Inertia correction needed. 
│             Attempting correction by adding diagonal matrix with positive values for the Jacobian of the stationary equations
└             and negative values for the Jacobian of the constraints.
┌ DiffOpt.NonLinearProgram | Info ] : Inertia correction needed. 
│             Attempting correction by adding diagonal matrix with positive values for the Jacobian of the stationary equations
└             and negative values for the Jacobian of the constraints.
┌ DiffOpt.NonLinearProgram | Info ] : Inertia correction needed. 
│             Attempting correction by adding diagonal matrix with positive values for the Jacobian of the stationary equations
└             and negative values for the Jacobian of the constraints.
┌ DiffOpt.NonLinearProgram | Info ] : Inertia correction needed. 
│             Attempting correction by adding diagonal matrix with positive values for the Jacobian of the stationary equations
└             and negative values for the Jacobian of the constraints.
┌ DiffOpt.NonLinearProgram | Info ] : Inertia correction needed. 
│             Attempting correction by adding diagonal matrix with positive values for the Jacobian of the stationary equations
└             and negative values for the Jacobian of the constraints.
┌ DiffOpt.NonLinearProgram | Info ] : Inertia correction needed. 
│             Attempting correction by adding diagonal matrix with positive values for the Jacobian of the stationary equations
└             and negative values for the Jacobian of the constraints.
┌ DiffOpt.NonLinearProgram | Info ] : Inertia correction needed. 
│             Attempting correction by adding diagonal matrix with positive values for the Jacobian of the stationary equations
└             and negative values for the Jacobian of the constraints.
┌ DiffOpt.NonLinearProgram | Info ] : Inertia correction needed. 
│             Attempting correction by adding diagonal matrix with positive values for the Jacobian of the stationary equations
└             and negative values for the Jacobian of the constraints.
┌ DiffOpt.NonLinearProgram | Info ] : Inertia correction needed. 
│             Attempting correction by adding diagonal matrix with positive values for the Jacobian of the stationary equations
└             and negative values for the Jacobian of the constraints.
┌ DiffOpt.NonLinearProgram | Info ] : Inertia correction needed. 
│             Attempting correction by adding diagonal matrix with positive values for the Jacobian of the stationary equations
└             and negative values for the Jacobian of the constraints.
┌ DiffOpt.NonLinearProgram | Info ] : Inertia correction needed. 
│             Attempting correction by adding diagonal matrix with positive values for the Jacobian of the stationary equations
└             and negative values for the Jacobian of the constraints.
┌ DiffOpt.NonLinearProgram | Info ] : Inertia correction needed. 
│             Attempting correction by adding diagonal matrix with positive values for the Jacobian of the stationary equations
└             and negative values for the Jacobian of the constraints.
┌ DiffOpt.NonLinearProgram | Info ] : Inertia correction needed. 
│             Attempting correction by adding diagonal matrix with positive values for the Jacobian of the stationary equations
└             and negative values for the Jacobian of the constraints.
┌ DiffOpt.NonLinearProgram | Info ] : Inertia correction needed. 
│             Attempting correction by adding diagonal matrix with positive values for the Jacobian of the stationary equations
└             and negative values for the Jacobian of the constraints.
┌ DiffOpt.NonLinearProgram | Info ] : Inertia correction needed. 
│             Attempting correction by adding diagonal matrix with positive values for the Jacobian of the stationary equations
└             and negative values for the Jacobian of the constraints.
┌ DiffOpt.NonLinearProgram | Info ] : Inertia correction needed. 
│             Attempting correction by adding diagonal matrix with positive values for the Jacobian of the stationary equations
└             and negative values for the Jacobian of the constraints.
┌ DiffOpt.NonLinearProgram | Info ] : Inertia correction needed. 
│             Attempting correction by adding diagonal matrix with positive values for the Jacobian of the stationary equations
└             and negative values for the Jacobian of the constraints.
┌ DiffOpt.NonLinearProgram | Info ] : Inertia correction needed. 
│             Attempting correction by adding diagonal matrix with positive values for the Jacobian of the stationary equations
└             and negative values for the Jacobian of the constraints.
┌ DiffOpt.NonLinearProgram | Info ] : Inertia correction needed. 
│             Attempting correction by adding diagonal matrix with positive values for the Jacobian of the stationary equations
└             and negative values for the Jacobian of the constraints.
┌ DiffOpt.NonLinearProgram | Info ] : Inertia correction needed. 
│             Attempting correction by adding diagonal matrix with positive values for the Jacobian of the stationary equations
└             and negative values for the Jacobian of the constraints.
┌ DiffOpt.NonLinearProgram | Info ] : Inertia correction needed. 
│             Attempting correction by adding diagonal matrix with positive values for the Jacobian of the stationary equations
└             and negative values for the Jacobian of the constraints.
┌ DiffOpt.NonLinearProgram | Info ] : Inertia correction needed. 
│             Attempting correction by adding diagonal matrix with positive values for the Jacobian of the stationary equations
└             and negative values for the Jacobian of the constraints.
┌ DiffOpt.NonLinearProgram | Info ] : Inertia correction needed. 
│             Attempting correction by adding diagonal matrix with positive values for the Jacobian of the stationary equations
└             and negative values for the Jacobian of the constraints.
┌ DiffOpt.NonLinearProgram | Info ] : Inertia correction needed. 
│             Attempting correction by adding diagonal matrix with positive values for the Jacobian of the stationary equations
└             and negative values for the Jacobian of the constraints.
┌ DiffOpt.NonLinearProgram | Info ] : Inertia correction needed. 
│             Attempting correction by adding diagonal matrix with positive values for the Jacobian of the stationary equations
└             and negative values for the Jacobian of the constraints.
┌ DiffOpt.NonLinearProgram | Info ] : Inertia correction needed. 
│             Attempting correction by adding diagonal matrix with positive values for the Jacobian of the stationary equations
└             and negative values for the Jacobian of the constraints.
┌ DiffOpt.NonLinearProgram | Info ] : Inertia correction needed. 
│             Attempting correction by adding diagonal matrix with positive values for the Jacobian of the stationary equations
└             and negative values for the Jacobian of the constraints.
┌ DiffOpt.NonLinearProgram | Info ] : Inertia correction needed. 
│             Attempting correction by adding diagonal matrix with positive values for the Jacobian of the stationary equations
└             and negative values for the Jacobian of the constraints.
┌ DiffOpt.NonLinearProgram | Info ] : Inertia correction needed. 
│             Attempting correction by adding diagonal matrix with positive values for the Jacobian of the stationary equations
└             and negative values for the Jacobian of the constraints.
┌ DiffOpt.NonLinearProgram | Info ] : Inertia correction needed. 
│             Attempting correction by adding diagonal matrix with positive values for the Jacobian of the stationary equations
└             and negative values for the Jacobian of the constraints.
┌ DiffOpt.NonLinearProgram | Info ] : Inertia correction needed. 
│             Attempting correction by adding diagonal matrix with positive values for the Jacobian of the stationary equations
└             and negative values for the Jacobian of the constraints.
┌ DiffOpt.NonLinearProgram | Info ] : Inertia correction needed. 
│             Attempting correction by adding diagonal matrix with positive values for the Jacobian of the stationary equations
└             and negative values for the Jacobian of the constraints.
Set parameter Username
Set parameter LicenseID to value 2813843
Academic license - for non-commercial use only - expires 2027-04-27
