Set parameter Username
Set parameter LicenseID to value 2813843
Academic license - for non-commercial use only - expires 2027-04-27
Set parameter NonConvex to value 2
Set parameter MIPGap to value 0.01
Set parameter TimeLimit to value 180
Set parameter MIPFocus to value 1
Set parameter NumericFocus to value 2
Set parameter Username
Set parameter LicenseID to value 2813843
Academic license - for non-commercial use only - expires 2027-04-27
Set parameter MIPGap to value 0.01
Set parameter TimeLimit to value 300
Set parameter MIPFocus to value 1
Set parameter MIPGap to value 0.01
Set parameter MIPFocus to value 1
Set parameter TimeLimit to value 300
Gurobi Optimizer version 12.0.3 build v12.0.3rc0 (win64 - Windows 11+.0 (26200.2))

CPU model: 11th Gen Intel(R) Core(TM) i7-1165G7 @ 2.80GHz, instruction set [SSE2|AVX|AVX2|AVX512]
Thread count: 4 physical cores, 8 logical processors, using up to 8 threads

Non-default parameters:
TimeLimit  300
MIPGap  0.01
MIPFocus  1

Optimize a model with 9088 rows, 5240 columns and 22208 nonzeros
Model fingerprint: 0x7a6a65fc
Model has 264 quadratic constraints
Variable types: 4920 continuous, 320 integer (320 binary)
Coefficient statistics:
  Matrix range     [9e-09, 2e+01]
  QMatrix range    [1e+00, 5e+02]
  QLMatrix range   [1e+00, 1e+00]
  Objective range  [7e-02, 4e-01]
  Bounds range     [1e+00, 2e+01]
  RHS range        [7e-01, 2e+01]

User MIP start did not produce a new incumbent solution
User MIP start violates constraint R122 by 4.345047923

Presolve removed 7992 rows and 4586 columns
Presolve time: 1.06s
Presolved: 1096 rows, 654 columns, 3470 nonzeros
Presolved model has 48 quadratic constraint(s)
Variable types: 606 continuous, 48 integer (48 binary)

Root relaxation: objective 3.501330e+01, 371 iterations, 0.01 seconds (0.00 work units)
Another try with MIP start

    Nodes    |    Current Node    |     Objective Bounds      |     Work
 Expl Unexpl |  Obj  Depth IntInf | Incumbent    BestBd   Gap | It/Node Time

     0     0   35.01330    0   11          -   35.01330      -     -    1s
     0     0   35.97976    0   16          -   35.97976      -     -    1s
     0     0   36.92795    0   14          -   36.92795      -     -    1s
H    0     0                      57.4931775   36.92795  35.8%     -    1s
H    0     0                      56.9400801   38.31030  32.7%     -    1s
     0     0   38.31030    0   11   56.94008   38.31030  32.7%     -    1s
H    0     0                      54.1490185   38.45325  29.0%     -    1s
H    0     0                      53.8666692   38.45325  28.6%     -    1s
     0     0   38.45325    0   11   53.86667   38.45325  28.6%     -    1s
H    0     0                      53.5858118   38.45325  28.2%     -    1s
     0     0   39.02645    0    9   53.58581   39.02645  27.2%     -    1s
H    0     0                      40.0172186   39.02645  2.48%     -    1s
     0     0   39.56673    0    8   40.01722   39.56673  1.13%     -    1s
     0     0     cutoff    0        40.01722   40.01722  0.00%     -    1s

Cutting planes:
  Gomory: 4
  Implied bound: 21
  Clique: 6
  MIR: 4
  Flow cover: 7
  RLT: 4
  Relax-and-lift: 6

Explored 1 nodes (1116 simplex iterations) in 1.22 seconds (0.50 work units)
Thread count was 8 (of 8 available processors)

Solution count 6: 40.0172 53.5858 53.8667 ... 57.4932

Optimal solution found (tolerance 1.00e-02)
Best objective 4.001721856872e+01, best bound 4.001721856872e+01, gap 0.0000%

User-callback calls 972, time in user-callback 0.00 sec
Set parameter NumericFocus to value 2
Set parameter NonConvex to value 2
Set parameter MIPGap to value 0.01
Set parameter MIPFocus to value 1
Set parameter TimeLimit to value 180
Gurobi Optimizer version 12.0.3 build v12.0.3rc0 (win64 - Windows 11+.0 (26200.2))

CPU model: 11th Gen Intel(R) Core(TM) i7-1165G7 @ 2.80GHz, instruction set [SSE2|AVX|AVX2|AVX512]
Thread count: 4 physical cores, 8 logical processors, using up to 8 threads

Non-default parameters:
TimeLimit  180
MIPGap  0.01
MIPFocus  1
NonConvex  2
NumericFocus  2

Optimize a model with 9357 rows, 5403 columns and 24215 nonzeros
Model fingerprint: 0x09eba34a
Model has 265 quadratic constraints
Variable types: 5002 continuous, 401 integer (401 binary)
Coefficient statistics:
  Matrix range     [9e-09, 2e+03]
  QMatrix range    [1e+00, 5e+02]
  QLMatrix range   [1e+00, 1e+00]
  Objective range  [2e-03, 2e-03]
  Bounds range     [1e-08, 2e+01]
  RHS range        [7e-01, 2e+03]
  QRHS range       [1e+00, 1e+00]

User MIP start did not produce a new incumbent solution
User MIP start violates constraint R122 by 4.345047923

Presolve removed 4584 rows and 2528 columns
Presolve time: 0.09s
Presolved: 4911 rows, 2952 columns, 16586 nonzeros
Presolved model has 216 quadratic constraint(s)
Presolved model has 28 bilinear constraint(s)
Warning: Model contains variables with very large bounds participating
         in product terms.
         Presolve was not able to compute smaller bounds for these variables.
         Consider bounding these variables or reformulating the model.


Solving non-convex MIQCP

Variable types: 2679 continuous, 273 integer (273 binary)

Root relaxation: objective 2.214031e-01, 1514 iterations, 0.03 seconds (0.02 work units)

    Nodes    |    Current Node    |     Objective Bounds      |     Work
 Expl Unexpl |  Obj  Depth IntInf | Incumbent    BestBd   Gap | It/Node Time

     0     0    0.22140    0   88          -    0.22140      -     -    0s
Another try with MIP start
     0     0    0.22287    0   80          -    0.22287      -     -    0s
     0     0    0.22418    0  100          -    0.22418      -     -    0s
     0     0    0.22531    0  102          -    0.22531      -     -    0s
     0     0    0.24367    0   95          -    0.24367      -     -    0s
     0     0    0.25327    0   85          -    0.25327      -     -    0s
     0     0    0.25391    0   64          -    0.25391      -     -    0s
H    0     0                       0.8540767    0.25391  70.3%     -    1s
H    0     0                       0.8279302    0.25391  69.3%     -    1s
H    0     0                       0.8253080    0.25391  69.2%     -    1s
H    0     0                       0.4809250    0.25391  47.2%     -    1s
H    0     0                       0.4803952    0.25391  47.1%     -    1s
H    0     0                       0.4796318    0.25391  47.1%     -    1s
H    0     0                       0.4587260    0.25391  44.6%     -    2s
     0     2    0.25391    0   59    0.45873    0.25391  44.6%     -    2s
H  117    90                       0.4464192    0.26528  40.6%  54.9    4s
   216   152    0.34131   16   62    0.44642    0.27998  37.3%  46.0    5s
H  274   186                       0.4430543    0.28296  36.1%  38.1    5s
   491   310    0.33151   13   40    0.44305    0.29596  33.2%  36.7   10s
H  495   297                       0.4422114    0.29596  33.1%  36.4   10s
H  501   286                       0.4183189    0.29596  29.3%  47.7   13s
   507   290    0.32480    7   43    0.41832    0.29596  29.3%  47.1   15s
   536   311    0.29596   39   41    0.41832    0.29596  29.3%  70.3   20s
H  871   357                       0.4079030    0.31245  23.4%  62.6   24s
   944   375    0.39203   55   36    0.40790    0.31560  22.6%  60.9   25s
H 1299   407                       0.3660686    0.32908  10.1%  58.3   28s
  1485   433     cutoff   45         0.36607    0.34086  6.89%  57.3   30s
  2052   450    0.34815   64   35    0.36607    0.34569  5.57%  55.8   35s
H 2385   425                       0.3533386    0.34569  2.16%  54.5   38s
* 2385   425              90       0.3533386    0.34569  2.16%  54.5   38s
H 2388   425                       0.3533385    0.34569  2.16%  54.5   38s
  3004     0 infeasible   97         0.35334    0.34569  2.16%  49.6   40s

Cutting planes:
  Cover: 5
  Implied bound: 63
  Clique: 5
  MIR: 8
  StrongCG: 1
  Flow cover: 24
  RLT: 15
  Relax-and-lift: 7

Explored 3062 nodes (156373 simplex iterations) in 40.13 seconds (13.66 work units)
Thread count was 8 (of 8 available processors)

Solution count 10: 0.353339 0.353339 0.366069 ... 0.479632

Optimal solution found (tolerance 1.00e-02)
Best objective 3.533385124495e-01, best bound 3.533385124495e-01, gap 0.0000%

User-callback calls 11873, time in user-callback 0.01 sec
Load profile assignments for more_meshed_6_bus:
  (name = "l5", bus = 1, n_phases = 1, balanced = true, phases = [(1, -1)])
  (name = "l6", bus = 1, n_phases = 1, balanced = true, phases = [(1, 1)])
  (name = "l7", bus = 1, n_phases = 1, balanced = true, phases = [(1, 0)])
  (name = "l1", bus = 4, n_phases = 1, balanced = true, phases = [(1, -1)])
  (name = "l2", bus = 4, n_phases = 1, balanced = true, phases = [(3, -1)])
  (name = "l3", bus = 4, n_phases = 1, balanced = true, phases = [(2, 0)])
  (name = "l4", bus = 5, n_phases = 1, balanced = true, phases = [(2, 0)])
  (name = "l9", bus = 6, n_phases = 3, balanced = true, phases = [(1, 1), (1, -1), (1, 0)])
  (name = "l8", bus = 7, n_phases = 3, balanced = true, phases = [(2, -1), (2, 0), (2, 1)])
Warmstart: solving pure-efficiency multi-period MLD (no Palma machinery)…
  efficiency-warmstart status=OPTIMAL
  warm cost-wtd agg total=2929.09   σ_start=1.0e8
alpha=0.0  status=OPTIMAL
  agg total_shed = 2929.087   cost-wtd Palma Σλ·top10/Σλ·bot40 (post-hoc) = Inf   model(σ·top) = 7.303122313217533e12   uncosted-agg-served-Palma (diag) = 1.7457
Gurobi Optimizer version 12.0.3 build v12.0.3rc0 (win64 - Windows 11+.0 (26200.2))

CPU model: 11th Gen Intel(R) Core(TM) i7-1165G7 @ 2.80GHz, instruction set [SSE2|AVX|AVX2|AVX512]
Thread count: 4 physical cores, 8 logical processors, using up to 8 threads

Non-default parameters:
TimeLimit  180
MIPGap  0.01
MIPFocus  1
GomoryPasses  0
NonConvex  2
NumericFocus  2

Optimize a model with 9357 rows, 5403 columns and 24215 nonzeros
Model fingerprint: 0x49c96a33
Model has 9 quadratic objective terms
Model has 265 quadratic constraints
Variable types: 5002 continuous, 401 integer (401 binary)
Coefficient statistics:
  Matrix range     [9e-09, 2e+03]
  QMatrix range    [1e+00, 5e+02]
  QLMatrix range   [1e+00, 1e+00]
  Objective range  [2e-03, 2e-03]
  QObjective range [2e-01, 2e-01]
  Bounds range     [1e-08, 2e+01]
  RHS range        [7e-01, 2e+03]
  QRHS range       [1e+00, 1e+00]

User MIP start did not produce a new incumbent solution
User MIP start violates constraint R122 by 4.345047923
MIP start from previous solve produced solution with objective 6.6392e+11 (0.01s)
Loaded MIP start from previous solve with objective 6.6392e+11

Presolve removed 4584 rows and 2528 columns
Presolve time: 0.09s
Presolved: 4930 rows, 2962 columns, 16632 nonzeros
Presolved model has 216 quadratic constraint(s)
Presolved model has 37 bilinear constraint(s)
Warning: Model contains variables with very large bounds participating
         in product terms.
         Presolve was not able to compute smaller bounds for these variables.
         Consider bounding these variables or reformulating the model.


Solving non-convex MIQCP

Variable types: 2689 continuous, 273 integer (273 binary)

Root relaxation: objective 2.012756e-01, 1525 iterations, 0.03 seconds (0.02 work units)

    Nodes    |    Current Node    |     Objective Bounds      |     Work
 Expl Unexpl |  Obj  Depth IntInf | Incumbent    BestBd   Gap | It/Node Time

     0     0    0.20128    0   86 6.6392e+11    0.20128   100%     -    0s
     0     0    0.20380    0   77 6.6392e+11    0.20380   100%     -    0s
     0     0    0.20380    0  101 6.6392e+11    0.20380   100%     -    0s
     0     0    0.20380    0  101 6.6392e+11    0.20380   100%     -    0s
     0     0    0.21430    0   51 6.6392e+11    0.21430   100%     -    0s
     0     0    0.21881    0   63 6.6392e+11    0.21881   100%     -    0s
     0     0    0.21881    0   63 6.6392e+11    0.21881   100%     -    0s
     0     2    0.21881    0   61 6.6392e+11    0.21881   100%     -    1s
H    1     4                    1.310958e+11    0.21881   100%   261    1s
H    2     4                    1.259917e+11    0.21881   100%   133    1s
H   84    64                    7.991778e+10    0.22751   100%  66.6    2s
H  240   182                    2.613406e+10    0.24284   100%  46.6    3s
H  390   262                       0.9336255    0.24284  74.0%  40.9    4s
   413   270    0.36950   38   71    0.93363    0.24284  74.0%  40.4    5s
H  461   285                       0.9149481    0.24342  73.4%  40.8    5s
H  467   285                       0.9091935    0.24342  73.2%  40.8    5s
   505   304    0.41810   42  121    0.90919    0.24512  73.0%  52.9   10s
H  510   292                       0.9091932    0.24843  72.7%  52.4   12s
H  510   277                       0.7778280    0.24843  68.1%  52.4   12s
H  510   263                       0.7382354    0.24843  66.3%  52.4   12s
H  510   250                       0.7244204    0.24843  65.7%  52.4   12s
   649   329    0.27141   40   83    0.72442    0.26452  63.5%  61.7   15s
H  673   321                       0.6998214    0.26675  61.9%  60.6   15s
H  792   376                       0.6919204    0.26850  61.2%  57.4   16s
H  882   410                       0.6775437    0.26850  60.4%  57.7   17s
H  923   403                       0.6759260    0.26881  60.2%  57.5   17s
H 1005   424                       0.6615379    0.26966  59.2%  56.9   18s
H 1059   439                       0.6604078    0.26966  59.2%  55.6   19s
  1115   498    0.27266   40   74    0.66041    0.26990  59.1%  54.0   20s
  1658   905    0.27503   60   63    0.66041    0.27105  59.0%  44.0   25s
  2195  1232    0.29670   58   59    0.66041    0.27264  58.7%  41.2   30s
  2672  1578    0.40472   59   38    0.66041    0.27340  58.6%  40.9   35s
H 3176  1811                       0.6604078    0.27377  58.5%  37.9   39s
  3177  1895    0.28140   59   65    0.66041    0.27377  58.5%  37.9   40s
  3711  2265    0.35662   58   58    0.66041    0.27401  58.5%  37.6   45s
H 3774  2265                       0.6522745    0.27402  58.0%  37.4   45s
  4338  2622    0.27474   63   83    0.65227    0.27418  58.0%  37.7   51s
  4831  2924    0.39338   68   30    0.65227    0.27425  58.0%  38.9   55s
H 5227  3044                       0.6193632    0.27427  55.7%  39.2   57s
  5478  3232    0.28366   52   66    0.61936    0.27434  55.7%  39.1   61s
  5894  3507    0.27792   50   81    0.61936    0.27441  55.7%  39.0   65s
  6387  3719 infeasible   57         0.61936    0.27447  55.7%  39.0   70s
H 6501  3707                       0.6060807    0.27449  54.7%  39.8   70s
H 6930  3933                       0.5945130    0.27452  53.8%  41.1   74s
  7076  4025    0.36941   55   36    0.59451    0.27453  53.8%  41.6   77s
  7652  4352    0.29615   57   56    0.59451    0.27454  53.8%  43.3   80s
  8508  4757    0.34085   48   38    0.59451    0.27459  53.8%  45.2   85s
  9537  5127    0.30848   56   41    0.59451    0.27461  53.8%  48.2   92s
 10248  5427    0.47325   66   24    0.59451    0.27463  53.8%  50.6   96s
 11082  5827    0.31998   61   60    0.59451    0.27465  53.8%  50.6  102s
 11503  6063 infeasible   55         0.59451    0.27466  53.8%  50.8  105s
 12558  6427    0.27483   49   71    0.59451    0.27467  53.8%  50.9  111s
 13349  6833    0.32605   54   39    0.59451    0.27469  53.8%  51.8  119s
H13559  6839                       0.5945130    0.27469  53.8%  51.9  119s
 13908  7093    0.29346   53   65    0.59451    0.27470  53.8%  52.0  125s
 14561  7275    0.29277   56   69    0.59451    0.27471  53.8%  52.1  132s
 15219  7570 infeasible   68         0.59451    0.27471  53.8%  52.5  138s
 15885  7810    0.45284   58   20    0.59451    0.27472  53.8%  52.6  148s
 16489  8087    0.29610   47   46    0.59451    0.27472  53.8%  53.0  156s
 17214  8196 infeasible   62         0.59451    0.27473  53.8%  53.1  163s
 17741  8524    0.36229   58   31    0.59451    0.27473  53.8%  53.8  170s
 18452  8815    0.42189   64   30    0.59451    0.27474  53.8%  53.8  178s
 19205  8863    0.28888   53   75    0.59451    0.27474  53.8%  54.0  180s

Cutting planes:
  Learned: 2
  Cover: 9
  Implied bound: 67
  Clique: 3
  MIR: 11
  Flow cover: 51
  RLT: 34
  Relax-and-lift: 12

Explored 19339 nodes (1052842 simplex iterations) in 180.08 seconds (48.29 work units)
Thread count was 8 (of 8 available processors)

Solution count 10: 0.594513 0.606081 0.619363 ... 0.69192

Time limit reached
Warning: max constraint violation (2.4892e-06) exceeds tolerance
Best objective 5.945129548786e-01, best bound 2.747435841021e-01, gap 53.7868%

User-callback calls 51509, time in user-callback 0.07 sec
alpha=0.09090909090909091  status=TIME_LIMIT
Gurobi Optimizer version 12.0.3 build v12.0.3rc0 (win64 - Windows 11+.0 (26200.2))

CPU model: 11th Gen Intel(R) Core(TM) i7-1165G7 @ 2.80GHz, instruction set [SSE2|AVX|AVX2|AVX512]
Thread count: 4 physical cores, 8 logical processors, using up to 8 threads

Non-default parameters:
TimeLimit  180
MIPGap  0.01
MIPFocus  1
GomoryPasses  0
NonConvex  2
NumericFocus  2

Optimize a model with 9357 rows, 5403 columns and 24215 nonzeros
Model fingerprint: 0x0d8d11ae
Model has 9 quadratic objective terms
Model has 265 quadratic constraints
Variable types: 5002 continuous, 401 integer (401 binary)
Coefficient statistics:
  Matrix range     [9e-09, 2e+03]
  QMatrix range    [1e+00, 5e+02]
  QLMatrix range   [1e+00, 1e+00]
  Objective range  [1e-03, 1e-03]
  QObjective range [4e-01, 4e-01]
  Bounds range     [1e-08, 2e+01]
  RHS range        [7e-01, 2e+03]
  QRHS range       [1e+00, 1e+00]

User MIP start did not produce a new incumbent solution
User MIP start violates constraint R122 by 4.345047923
MIP start from previous solve did not produce a new incumbent solution

Presolve removed 4584 rows and 2528 columns
Presolve time: 0.25s
Presolved: 4930 rows, 2962 columns, 16632 nonzeros
Presolved model has 216 quadratic constraint(s)
Presolved model has 37 bilinear constraint(s)
Warning: Model contains variables with very large bounds participating
         in product terms.
         Presolve was not able to compute smaller bounds for these variables.
         Consider bounding these variables or reformulating the model.


Solving non-convex MIQCP

Variable types: 2689 continuous, 273 integer (273 binary)

Root relaxation: objective 1.811480e-01, 1525 iterations, 0.07 seconds (0.02 work units)

    Nodes    |    Current Node    |     Objective Bounds      |     Work
 Expl Unexpl |  Obj  Depth IntInf | Incumbent    BestBd   Gap | It/Node Time

     0     0    0.18115    0   87          -    0.18115      -     -    0s
Another try with MIP start
     0     0    0.18342    0   78          -    0.18342      -     -    0s
     0     0    0.18342    0   92          -    0.18342      -     -    0s
     0     0    0.18342    0   91          -    0.18342      -     -    0s
     0     0    0.18414    0   54          -    0.18414      -     -    1s
     0     0    0.19345    0   69          -    0.19345      -     -    1s
     0     0    0.21289    0   65          -    0.21289      -     -    1s
     0     2    0.21289    0   64          -    0.21289      -     -    3s
   141   128    0.33501   33   38          -    0.22323      -  13.5    5s
H  439   309                       0.9889509    0.22670  77.1%  24.4   21s
H  439   294                       0.9490163    0.22670  76.1%  24.4   21s
H  439   279                       0.8671181    0.22670  73.9%  24.4   21s
H  439   265                       0.8656002    0.22670  73.8%  24.4   22s
H  439   251                       0.8261672    0.22670  72.6%  24.4   22s
H  440   241                       0.8257573    0.22670  72.5%  37.4   23s
H  441   230                       0.8227030    0.23065  72.0%  38.3   23s
H  443   222                       0.8004015    0.23165  71.1%  38.1   23s
H  448   214                       0.7971701    0.23365  70.7%  37.9   23s
   629   290    0.32860   26   68    0.79717    0.23630  70.4%  43.4   25s
H  658   273                       0.7945630    0.23630  70.3%  47.2   25s
H  737   262                       0.7561381    0.23630  68.7%  66.7   26s
H  804   300                       0.7517517    0.23630  68.6%  65.8   27s
  1091   376    0.46691   48   48    0.75175    0.24326  67.6%  70.1   30s
H 1114   376                       0.7406109    0.24559  66.8%  69.9   30s
H 1251   490                       0.7332923    0.24947  66.0%  65.9   31s
  1641   741 infeasible   45         0.73329    0.25576  65.1%  62.0   35s
  2233  1053    0.34350   31   54    0.73329    0.25599  65.1%  55.7   40s
  2747  1395    0.37931   43   68    0.73329    0.26977  63.2%  54.5   45s
  3173  1658    0.35030   40   99    0.73329    0.27054  63.1%  55.7   50s
H 3497  1807                       0.7270032    0.27593  62.0%  56.6   53s
  3738  1963    0.32577   22   67    0.72700    0.27945  61.6%  56.2   56s
  4169  2195    0.38623   54   53    0.72700    0.27945  61.6%  55.5   60s
H 4236  2188                       0.7023975    0.27945  60.2%  55.3   60s
  4670  2499 infeasible   29         0.70240    0.28044  60.1%  54.6   65s
  5213  2863    0.38719   34   53    0.70240    0.28494  59.4%  54.3   70s
H 5465  3012                       0.7021684    0.28524  59.4%  54.6   72s
  5871  3156 infeasible   38         0.70217    0.28524  59.4%  54.7   76s
  6344  3452    0.34153   30   58    0.70217    0.28713  59.1%  54.6   81s
  6825  3719    0.32327   27  107    0.70217    0.28836  58.9%  54.7   86s
  7319  3998    0.46022   25   72    0.70217    0.28922  58.8%  54.8   91s
  7967  4281    0.35151   38   75    0.70217    0.29179  58.4%  54.6   97s
  8506  4590    0.32264   22   54    0.70217    0.29306  58.3%  54.8  102s
  8859  4822 infeasible   45         0.70217    0.29394  58.1%  55.1  106s
  9391  5052    0.31267   23   67    0.70217    0.29510  58.0%  55.6  112s
  9663  5277    0.41229   33   61    0.70217    0.29531  57.9%  55.2  115s
 10423  5733 infeasible   29         0.70217    0.29757  57.6%  54.7  123s
 10812  5862 infeasible   47         0.70217    0.29807  57.5%  54.6  128s
 11164  6167 infeasible   40         0.70217    0.29919  57.4%  54.9  132s
 11638  6450    0.39632   40   66    0.70217    0.29954  57.3%  54.6  137s
 12165  6667    0.38270   38   72    0.70217    0.30122  57.1%  54.3  141s
 12484  6834    0.38393   39   77    0.70217    0.30147  57.1%  53.9  146s
 12762  7020    0.38393   40   78    0.70217    0.30169  57.0%  53.8  150s
 13122  7285 infeasible   35         0.70217    0.30191  57.0%  54.4  155s
 13603  7584 infeasible   30         0.70217    0.30268  56.9%  54.2  160s
 14139  7937    0.35018   32   55    0.70217    0.30424  56.7%  53.9  165s
 14775  8102    0.37097   31   45    0.70217    0.30525  56.5%  53.6  171s
 15221  8488    0.37655   32   67    0.70217    0.30601  56.4%  54.0  177s
 15916  8680 infeasible   35         0.70217    0.30710  56.3%  53.7  180s

Cutting planes:
  Cover: 5
  Implied bound: 71
  Clique: 9
  MIR: 9
  StrongCG: 1
  Flow cover: 66
  RLT: 15
  Relax-and-lift: 29

Explored 16251 nodes (881045 simplex iterations) in 180.11 seconds (39.93 work units)
Thread count was 8 (of 8 available processors)

Solution count 10: 0.702168 0.702397 0.727003 ... 0.800401

Time limit reached
Best objective 7.021683845537e-01, best bound 3.074558714357e-01, gap 56.2134%

User-callback calls 46000, time in user-callback 0.15 sec
alpha=0.18181818181818182  status=TIME_LIMIT
  agg total_shed = 4986.925   cost-wtd Palma Σλ·top10/Σλ·bot40 (post-hoc) = 1.4873   model(σ·top) = 1.4873   uncosted-agg-served-Palma (diag) = 6.2626
Gurobi Optimizer version 12.0.3 build v12.0.3rc0 (win64 - Windows 11+.0 (26200.2))

CPU model: 11th Gen Intel(R) Core(TM) i7-1165G7 @ 2.80GHz, instruction set [SSE2|AVX|AVX2|AVX512]
Thread count: 4 physical cores, 8 logical processors, using up to 8 threads

Non-default parameters:
TimeLimit  180
MIPGap  0.01
MIPFocus  1
GomoryPasses  0
NonConvex  2
NumericFocus  2

Optimize a model with 9357 rows, 5403 columns and 24215 nonzeros
Model fingerprint: 0xa36261eb
Model has 9 quadratic objective terms
Model has 265 quadratic constraints
Variable types: 5002 continuous, 401 integer (401 binary)
Coefficient statistics:
  Matrix range     [9e-09, 2e+03]
  QMatrix range    [1e+00, 5e+02]
  QLMatrix range   [1e+00, 1e+00]
  Objective range  [1e-03, 1e-03]
  QObjective range [5e-01, 5e-01]
  Bounds range     [1e-08, 2e+01]
  RHS range        [7e-01, 2e+03]
  QRHS range       [1e+00, 1e+00]

User MIP start did not produce a new incumbent solution
User MIP start violates constraint R122 by 4.345047923
Loaded MIP start from previous solve with objective 0.789408

Presolve removed 4584 rows and 2528 columns
Presolve time: 0.16s
Presolved: 4930 rows, 2962 columns, 16632 nonzeros
Presolved model has 216 quadratic constraint(s)
Presolved model has 37 bilinear constraint(s)
Warning: Model contains variables with very large bounds participating
         in product terms.
         Presolve was not able to compute smaller bounds for these variables.
         Consider bounding these variables or reformulating the model.


Solving non-convex MIQCP

Variable types: 2689 continuous, 273 integer (273 binary)

Root relaxation: objective 1.610205e-01, 1525 iterations, 0.04 seconds (0.02 work units)

    Nodes    |    Current Node    |     Objective Bounds      |     Work
 Expl Unexpl |  Obj  Depth IntInf | Incumbent    BestBd   Gap | It/Node Time

     0     0    0.16102    0   86    0.78941    0.16102  79.6%     -    0s
     0     0    0.16304    0   79    0.78941    0.16304  79.3%     -    0s
     0     0    0.16304    0   99    0.78941    0.16304  79.3%     -    0s
     0     0    0.16304    0   99    0.78941    0.16304  79.3%     -    0s
     0     0    0.17433    0   53    0.78941    0.17433  77.9%     -    0s
     0     0    0.17737    0   69    0.78941    0.17737  77.5%     -    0s
     0     0    0.19704    0   58    0.78941    0.19704  75.0%     -    1s
     0     2    0.19704    0   53    0.78941    0.19704  75.0%     -    1s
   269   200    0.39035   50   57    0.78941    0.20515  74.0%  58.1    5s
   515   304    0.28854   17   70    0.78941    0.22101  72.0%  48.1   10s
   632   354    0.28095   27   95    0.78941    0.22119  72.0%  60.1   15s
   887   489    0.33296   39   70    0.78941    0.22119  72.0%  51.8   20s
  1295   645    0.30306   55   68    0.78941    0.28001  64.5%  49.3   25s
  1578   785    0.29277   42   71    0.78941    0.28038  64.5%  49.7   30s
  1976  1086    0.45061   33   39    0.78941    0.28775  63.5%  50.9   35s
  2544  1464 infeasible   61         0.78941    0.28898  63.4%  47.8   41s
  2994  1755    0.29455   52   66    0.78941    0.28989  63.3%  47.0   45s
  3375  2023    0.37395   50   36    0.78941    0.29011  63.3%  47.4   51s
  3765  2276    0.29629   31   48    0.78941    0.29069  63.2%  48.1   55s
  4301  2674    0.66647   41   22    0.78941    0.29119  63.1%  47.8   61s
  4746  2890 infeasible   58         0.78941    0.29136  63.1%  46.3   65s
  5218  3211    0.33629   33   41    0.78941    0.29175  63.0%  48.4   72s
  5663  3493    0.29303   40   88    0.78941    0.29186  63.0%  47.6   77s
  6028  3706 infeasible   38         0.78941    0.29198  63.0%  50.1   82s
  6268  3834    0.29301   40   83    0.78941    0.29200  63.0%  50.3   85s
  6807  4178    0.29300   27   68    0.78941    0.29208  63.0%  51.8   91s
  7392  4420    0.29304   37   60    0.78941    0.29214  63.0%  52.4   97s
  7548  4539 infeasible   46         0.78941    0.29216  63.0%  53.0  100s
  8113  4828 infeasible   46         0.78941    0.29223  63.0%  54.5  107s
  8480  4950    0.29506   38   79    0.78941    0.29224  63.0%  55.5  111s
  8953  5190    0.29923   38   71    0.78941    0.29233  63.0%  57.1  118s
  9270  5357    0.29289   40   74    0.78941    0.29235  63.0%  57.4  123s
  9711  5564    0.32175   40   71    0.78941    0.29237  63.0%  57.4  127s
 10196  5774    0.30141   40   88    0.78941    0.29240  63.0%  57.1  132s
 10573  5875 infeasible   44         0.78941    0.29240  63.0%  57.0  136s
 10848  6091    0.43711   46   32    0.78941    0.29243  63.0%  57.9  141s
 11266  6345 infeasible   51         0.78941    0.29245  63.0%  58.2  146s
 11734  6535    0.33703   43   48    0.78941    0.29246  63.0%  58.0  152s
 12210  6807    0.32507   47   68    0.78941    0.29247  63.0%  58.3  158s
 12802  6885 infeasible   52         0.78941    0.29250  62.9%  58.6  163s
 13197  7133    0.29317   27   69    0.78941    0.29252  62.9%  60.7  169s
 13791  7380    0.31253   43   70    0.78941    0.29255  62.9%  60.8  176s
 14244  7542    0.29315   36   69    0.78941    0.29255  62.9%  60.7  180s

Cutting planes:
  Learned: 3
  Cover: 10
  Implied bound: 102
  Clique: 9
  MIR: 11
  StrongCG: 1
  Flow cover: 58
  RLT: 51
  Relax-and-lift: 19

Explored 14595 nodes (892293 simplex iterations) in 180.14 seconds (41.98 work units)
Thread count was 8 (of 8 available processors)

Solution count 1: 0.789408 

Time limit reached
Best objective 7.894082435445e-01, best bound 2.925739767456e-01, gap 62.9376%

User-callback calls 42522, time in user-callback 0.09 sec
alpha=0.2727272727272727  status=TIME_LIMIT
  agg total_shed = 4986.925   cost-wtd Palma Σλ·top10/Σλ·bot40 (post-hoc) = 1.4873   model(σ·top) = 1.4873   uncosted-agg-served-Palma (diag) = 6.2626
Gurobi Optimizer version 12.0.3 build v12.0.3rc0 (win64 - Windows 11+.0 (26200.2))

CPU model: 11th Gen Intel(R) Core(TM) i7-1165G7 @ 2.80GHz, instruction set [SSE2|AVX|AVX2|AVX512]
Thread count: 4 physical cores, 8 logical processors, using up to 8 threads

Non-default parameters:
TimeLimit  180
MIPGap  0.01
MIPFocus  1
GomoryPasses  0
NonConvex  2
NumericFocus  2

Optimize a model with 9357 rows, 5403 columns and 24215 nonzeros
Model fingerprint: 0x24f2b0c7
Model has 9 quadratic objective terms
Model has 265 quadratic constraints
Variable types: 5002 continuous, 401 integer (401 binary)
Coefficient statistics:
  Matrix range     [9e-09, 2e+03]
  QMatrix range    [1e+00, 5e+02]
  QLMatrix range   [1e+00, 1e+00]
  Objective range  [1e-03, 1e-03]
  QObjective range [7e-01, 7e-01]
  Bounds range     [1e-08, 2e+01]
  RHS range        [7e-01, 2e+03]
  QRHS range       [1e+00, 1e+00]

User MIP start did not produce a new incumbent solution
User MIP start violates constraint R122 by 4.345047923
Loaded MIP start from previous solve with objective 0.876648

Presolve removed 4584 rows and 2528 columns
Presolve time: 0.20s
Presolved: 4930 rows, 2962 columns, 16632 nonzeros
Presolved model has 216 quadratic constraint(s)
Presolved model has 37 bilinear constraint(s)
Warning: Model contains variables with very large bounds participating
         in product terms.
         Presolve was not able to compute smaller bounds for these variables.
         Consider bounding these variables or reformulating the model.


Solving non-convex MIQCP

Variable types: 2689 continuous, 273 integer (273 binary)

Root relaxation: objective 1.408929e-01, 1525 iterations, 0.04 seconds (0.02 work units)

    Nodes    |    Current Node    |     Objective Bounds      |     Work
 Expl Unexpl |  Obj  Depth IntInf | Incumbent    BestBd   Gap | It/Node Time

     0     0    0.14089    0   85    0.87665    0.14089  83.9%     -    0s
     0     0    0.14266    0   78    0.87665    0.14266  83.7%     -    0s
     0     0    0.14266    0   99    0.87665    0.14266  83.7%     -    0s
     0     0    0.14266    0   99    0.87665    0.14266  83.7%     -    0s
     0     0    0.15254    0   52    0.87665    0.15254  82.6%     -    0s
     0     0    0.15457    0   56    0.87665    0.15457  82.4%     -    0s
     0     0    0.16827    0   56    0.87665    0.16827  80.8%     -    1s
     0     2    0.16827    0   56    0.87665    0.16827  80.8%     -    1s
   304   209    0.21884    9   66    0.87665    0.17579  79.9%  59.0    5s
   497   322    0.25046   21   52    0.87665    0.17579  79.9%  50.5   10s
   779   479 infeasible   40         0.87665    0.25874  70.5%  60.9   15s
  1180   653    0.29389   42   71    0.87665    0.26617  69.6%  57.8   20s
  1667   911 infeasible   62         0.87665    0.28030  68.0%  50.2   25s
  2027  1164    0.28865   55   76    0.87665    0.28096  68.0%  51.3   30s
  2353  1372    0.28786   32   89    0.87665    0.28273  67.7%  49.1   35s
  2725  1632    0.28857   40   87    0.87665    0.28395  67.6%  48.3   40s
  3124  1877    0.28830   31   81    0.87665    0.28509  67.5%  45.5   45s
  3577  2152    0.32606   38   50    0.87665    0.28537  67.4%  43.9   51s
  3960  2435 infeasible   56         0.87665    0.28609  67.4%  42.8   56s
  4492  2684 infeasible   57         0.87665    0.28637  67.3%  43.4   61s
  4731  2893    0.45198   59   33    0.87665    0.28654  67.3%  44.2   66s
  5201  3189    0.28759   32   88    0.87665    0.28683  67.3%  44.3   71s
  5672  3347 infeasible   44         0.87665    0.28686  67.3%  46.3   76s
  6119  3613    0.28855   47   83    0.87665    0.28696  67.3%  48.4   81s
  6621  3870    0.40025   54   28    0.87665    0.28709  67.3%  51.2   87s
  6932  4017    0.35452   51   45    0.87665    0.28709  67.3%  50.9   91s
  7492  4218 infeasible   54         0.87665    0.28727  67.2%  51.6   97s
  7729  4363    0.29397   37   60    0.87665    0.28729  67.2%  52.1  100s
  8280  4610    0.53118   42   34    0.87665    0.28734  67.2%  53.6  107s
  8598  4760 infeasible   43         0.87665    0.28738  67.2%  53.7  111s
  8909  4920    0.43261   60   32    0.87665    0.28740  67.2%  54.8  115s
  9749  5202 infeasible   54         0.87665    0.28746  67.2%  55.2  123s
 10040  5383    0.29344   33   57    0.87665    0.28748  67.2%  57.1  128s
 10453  5537    0.35269   44   60    0.87665    0.28754  67.2%  57.6  133s
 10849  5721 infeasible   45         0.87665    0.28754  67.2%  58.3  138s
 11302  5940    0.28799   44   89    0.87665    0.28757  67.2%  58.6  143s
 11812  6171    0.39742   50   36    0.87665    0.28759  67.2%  58.7  148s
 12361  6346    0.72480   55   22    0.87665    0.28765  67.2%  58.4  153s
 12730  6544    0.44890   38   41    0.87665    0.28767  67.2%  58.8  159s
 13247  6768    0.33490   49   51    0.87665    0.28771  67.2%  59.5  165s
 13780  6971    0.29814   41   54    0.87665    0.28773  67.2%  60.1  171s
 14192  7173    0.53906   45   36    0.87665    0.28774  67.2%  60.4  178s
 14664  7223    0.42127   54   44    0.87665    0.28775  67.2%  60.4  180s

Cutting planes:
  Cover: 11
  Implied bound: 108
  Clique: 10
  MIR: 2
  Flow cover: 50
  RLT: 43
  Relax-and-lift: 23

Explored 14817 nodes (906091 simplex iterations) in 180.10 seconds (42.30 work units)
Thread count was 8 (of 8 available processors)

Solution count 1: 0.876648 

Time limit reached
Best objective 8.766481025353e-01, best bound 2.877523087816e-01, gap 67.1758%

User-callback calls 41657, time in user-callback 0.08 sec
alpha=0.36363636363636365  status=TIME_LIMIT
  agg total_shed = 4986.925   cost-wtd Palma Σλ·top10/Σλ·bot40 (post-hoc) = 1.4873   model(σ·top) = 1.4873   uncosted-agg-served-Palma (diag) = 6.2626
Gurobi Optimizer version 12.0.3 build v12.0.3rc0 (win64 - Windows 11+.0 (26200.2))

CPU model: 11th Gen Intel(R) Core(TM) i7-1165G7 @ 2.80GHz, instruction set [SSE2|AVX|AVX2|AVX512]
Thread count: 4 physical cores, 8 logical processors, using up to 8 threads

Non-default parameters:
TimeLimit  180
MIPGap  0.01
MIPFocus  1
GomoryPasses  0
NonConvex  2
NumericFocus  2

Optimize a model with 9357 rows, 5403 columns and 24215 nonzeros
Model fingerprint: 0xa4e0ad23
Model has 9 quadratic objective terms
Model has 265 quadratic constraints
Variable types: 5002 continuous, 401 integer (401 binary)
Coefficient statistics:
  Matrix range     [9e-09, 2e+03]
  QMatrix range    [1e+00, 5e+02]
  QLMatrix range   [1e+00, 1e+00]
  Objective range  [1e-03, 1e-03]
  QObjective range [9e-01, 9e-01]
  Bounds range     [1e-08, 2e+01]
  RHS range        [7e-01, 2e+03]
  QRHS range       [1e+00, 1e+00]

User MIP start did not produce a new incumbent solution
User MIP start violates constraint R122 by 4.345047923
Loaded MIP start from previous solve with objective 0.963888

Presolve removed 4584 rows and 2528 columns
Presolve time: 0.18s
Presolved: 4930 rows, 2962 columns, 16632 nonzeros
Presolved model has 216 quadratic constraint(s)
Presolved model has 37 bilinear constraint(s)
Warning: Model contains variables with very large bounds participating
         in product terms.
         Presolve was not able to compute smaller bounds for these variables.
         Consider bounding these variables or reformulating the model.


Solving non-convex MIQCP

Variable types: 2689 continuous, 273 integer (273 binary)

Root relaxation: objective 1.207654e-01, 1525 iterations, 0.04 seconds (0.02 work units)

    Nodes    |    Current Node    |     Objective Bounds      |     Work
 Expl Unexpl |  Obj  Depth IntInf | Incumbent    BestBd   Gap | It/Node Time

     0     0    0.12077    0   87    0.96389    0.12077  87.5%     -    0s
     0     0    0.12228    0   75    0.96389    0.12228  87.3%     -    0s
     0     0    0.12228    0  102    0.96389    0.12228  87.3%     -    0s
     0     0    0.12228    0  101    0.96389    0.12228  87.3%     -    0s
     0     0    0.13075    0   56    0.96389    0.13075  86.4%     -    0s
     0     0    0.13249    0   63    0.96389    0.13249  86.3%     -    0s
     0     0    0.13249    0   51    0.96389    0.13249  86.3%     -    0s
     0     2    0.13249    0   51    0.96389    0.13249  86.3%     -    1s
   328   218    0.18175   17   67    0.96389    0.14234  85.2%  58.0    5s
   494   323    0.43381   39   47    0.96389    0.14291  85.2%  52.4   10s
   804   436    0.28519   39  115    0.96389    0.25542  73.5%  59.3   15s
  1138   572    0.28691   48   92    0.96389    0.25874  73.2%  51.9   20s
  1431   693    0.28327   36   88    0.96389    0.26880  72.1%  46.9   25s
  1855   975    0.33491   61   45    0.96389    0.26880  72.1%  42.8   30s
  2249  1254    0.35979   55   56    0.96389    0.27571  71.4%  43.1   35s
  2700  1490 infeasible   58         0.96389    0.28067  70.9%  45.2   40s
  2927  1686    0.28706   39   77    0.96389    0.28154  70.8%  46.1   45s
  3363  2005    0.37094   47   55    0.96389    0.28240  70.7%  44.2   50s
  3931  2351 infeasible   53         0.96389    0.28349  70.6%  43.4   56s
  4308  2562    0.33095   48   49    0.96389    0.28382  70.6%  42.9   61s
  4622  2817    0.32355   47   48    0.96389    0.28382  70.6%  43.6   65s
  5234  3125    0.28669   50   97    0.96389    0.28483  70.4%  41.7   72s
H 5359  3234                       0.9638880    0.28498  70.4%  42.5   74s
H 5376  3234                       0.9617297    0.28498  70.4%  42.5   74s
  5478  3353    0.28692   52   95    0.96173    0.28512  70.4%  42.7   76s
  5765  3513    0.30560   45   52    0.96173    0.28525  70.3%  42.8   80s
  6145  3812    0.28740   41   82    0.96173    0.28525  70.3%  43.0   86s
  6682  4038    0.64427   60   28    0.96173    0.28571  70.3%  43.1   92s
  6895  4103    0.28914   41   86    0.96173    0.28582  70.3%  42.8   95s
  7191  4349    0.29695   38   72    0.96173    0.28587  70.3%  42.8  101s
  7445  4513    0.28745   39   84    0.96173    0.28591  70.3%  43.8  105s
  8098  4727 infeasible   56         0.96173    0.28603  70.3%  44.8  112s
  8235  4848    0.29790   39   71    0.96173    0.28605  70.3%  45.9  116s
  8449  5006    0.31428   47   55    0.96173    0.28610  70.3%  45.8  120s
H 8840  5166                       0.9593799    0.28613  70.2%  46.1  124s
  9079  5233 infeasible   57         0.95938    0.28613  70.2%  46.2  128s
  9328  5410    0.30722   45   59    0.95938    0.28622  70.2%  48.2  133s
  9718  5632    0.35621   51   42    0.95938    0.28624  70.2%  48.3  138s
 10218  5899    0.33872   48   48    0.95938    0.28632  70.2%  48.5  143s
 10690  6063    0.32926   49   50    0.95938    0.28634  70.2%  49.3  148s
 11135  6343    0.34760   46   51    0.95938    0.28635  70.2%  49.6  154s
 11686  6461 infeasible   42         0.95938    0.28637  70.2%  49.7  159s
 12023  6723    0.35802   50   40    0.95938    0.28637  70.2%  50.6  165s
 12589  6973    0.32140   43   59    0.95938    0.28644  70.1%  50.5  172s
 13059  7220 infeasible   59         0.95938    0.28645  70.1%  50.6  179s
 13687  7241 infeasible   50         0.95938    0.28650  70.1%  50.8  180s

Cutting planes:
  Cover: 7
  Implied bound: 82
  Clique: 7
  MIR: 6
  StrongCG: 1
  Flow cover: 60
  RLT: 45
  Relax-and-lift: 19

Explored 13767 nodes (708489 simplex iterations) in 180.09 seconds (41.51 work units)
Thread count was 8 (of 8 available processors)

Solution count 4: 0.95938 0.96173 0.963888 0.963888 

Time limit reached
Best objective 9.593799184693e-01, best bound 2.865114323435e-01, gap 70.1358%

User-callback calls 42071, time in user-callback 0.10 sec
alpha=0.45454545454545453  status=TIME_LIMIT
  agg total_shed = 5431.336   cost-wtd Palma Σλ·top10/Σλ·bot40 (post-hoc) = 1.3663   model(σ·top) = 1.3663   uncosted-agg-served-Palma (diag) = 13.6455
Gurobi Optimizer version 12.0.3 build v12.0.3rc0 (win64 - Windows 11+.0 (26200.2))

CPU model: 11th Gen Intel(R) Core(TM) i7-1165G7 @ 2.80GHz, instruction set [SSE2|AVX|AVX2|AVX512]
Thread count: 4 physical cores, 8 logical processors, using up to 8 threads

Non-default parameters:
TimeLimit  180
MIPGap  0.01
MIPFocus  1
GomoryPasses  0
NonConvex  2
NumericFocus  2

Optimize a model with 9357 rows, 5403 columns and 24215 nonzeros
Model fingerprint: 0x35b233e4
Model has 9 quadratic objective terms
Model has 265 quadratic constraints
Variable types: 5002 continuous, 401 integer (401 binary)
Coefficient statistics:
  Matrix range     [9e-09, 2e+03]
  QMatrix range    [1e+00, 5e+02]
  QLMatrix range   [1e+00, 1e+00]
  Objective range  [8e-04, 8e-04]
  QObjective range [1e+00, 1e+00]
  Bounds range     [1e-08, 2e+01]
  RHS range        [7e-01, 2e+03]
  QRHS range       [1e+00, 1e+00]

User MIP start did not produce a new incumbent solution
User MIP start violates constraint R122 by 4.345047923
Loaded MIP start from previous solve with objective 1.0272

Presolve removed 4584 rows and 2528 columns
Presolve time: 0.16s
Presolved: 4930 rows, 2962 columns, 16632 nonzeros
Presolved model has 216 quadratic constraint(s)
Presolved model has 37 bilinear constraint(s)
Warning: Model contains variables with very large bounds participating
         in product terms.
         Presolve was not able to compute smaller bounds for these variables.
         Consider bounding these variables or reformulating the model.


Solving non-convex MIQCP

Variable types: 2689 continuous, 273 integer (273 binary)

Root relaxation: objective 1.006378e-01, 1525 iterations, 0.04 seconds (0.02 work units)

    Nodes    |    Current Node    |     Objective Bounds      |     Work
 Expl Unexpl |  Obj  Depth IntInf | Incumbent    BestBd   Gap | It/Node Time

     0     0    0.10064    0   88    1.02720    0.10064  90.2%     -    0s
     0     0    0.10130    0   82    1.02720    0.10130  90.1%     -    0s
     0     0    0.10190    0   97    1.02720    0.10190  90.1%     -    0s
     0     0    0.10758    0   95    1.02720    0.10758  89.5%     -    0s
     0     0    0.11497    0   82    1.02720    0.11497  88.8%     -    0s
     0     0    0.11497    0   79    1.02720    0.11497  88.8%     -    0s
     0     0    0.11497    0   74    1.02720    0.11497  88.8%     -    0s
     0     2    0.11497    0   74    1.02720    0.11497  88.8%     -    1s
   303   212    0.29239   28   99    1.02720    0.13103  87.2%  61.9    5s
   483   321    0.69391   45   48    1.02720    0.13602  86.8%  63.0   10s
   803   460    0.31108   39  101    1.02720    0.26385  74.3%  66.6   15s
  1113   597    0.38778   42   38    1.02720    0.28336  72.4%  59.2   20s
  1423   705    0.30804   48   74    1.02720    0.28911  71.9%  52.1   25s
  1745   919    0.30683   39   81    1.02720    0.29902  70.9%  51.1   30s
  2000  1091 infeasible   61         1.02720    0.29935  70.9%  51.5   35s
  2326  1307    0.51731   44   21    1.02720    0.30107  70.7%  51.3   40s
  2703  1575    0.31184   48   59    1.02720    0.30288  70.5%  48.6   45s
  3179  1931    0.30796   44   88    1.02720    0.30321  70.5%  49.0   50s
  3588  2164    0.30864   30   79    1.02720    0.30321  70.5%  48.4   55s
  3825  2346    0.30774   37   80    1.02720    0.30476  70.3%  48.4   60s
  4400  2670    0.57263   52   30    1.02720    0.30504  70.3%  48.9   66s
  4722  2828    0.30823   52   79    1.02720    0.30504  70.3%  49.2   71s
  4967  3074    0.30796   30   65    1.02720    0.30559  70.3%  48.6   76s
  5371  3270    0.30781   32   76    1.02720    0.30589  70.2%  49.3   83s
  5607  3384    0.37074   42   43    1.02720    0.30600  70.2%  49.5   86s
  6177  3661    0.37621   44   32    1.02720    0.30638  70.2%  50.7   92s
  6488  3761    0.30834   36  100    1.02720    0.30641  70.2%  51.9   95s
  6827  3989    0.33666   42   55    1.02720    0.30645  70.2%  53.7  101s
  7130  4195    0.32987   34   53    1.02720    0.30653  70.2%  53.2  105s
  7983  4554 infeasible   34         1.02720    0.30671  70.1%  53.3  113s
  8379  4624 infeasible   41         1.02720    0.30677  70.1%  54.1  117s
  8620  4789    0.39639   50   33    1.02720    0.30681  70.1%  56.6  122s
H 8681  4789                       1.0271980    0.30681  70.1%  56.6  122s
  9041  4966 infeasible   54         1.02720    0.30682  70.1%  57.2  127s
  9546  5157    0.30947   32   84    1.02720    0.30687  70.1%  57.6  131s
  9996  5319    0.33578   38   62    1.02720    0.30690  70.1%  58.5  136s
 10453  5484 infeasible   47         1.02720    0.30696  70.1%  59.5  141s
 10834  5652    0.30835   34   65    1.02720    0.30699  70.1%  60.7  146s
 11284  5867    0.38648   44   35    1.02720    0.30703  70.1%  60.5  152s
 11772  6119    0.40332   54   30    1.02720    0.30710  70.1%  60.6  158s
 12369  6394 infeasible   59         1.02720    0.30718  70.1%  60.7  164s
 12939  6695    0.31241   34   69    1.02720    0.30722  70.1%  60.8  170s
 13518  6959    0.32282   48   58    1.02720    0.30728  70.1%  60.7  177s
 14057  7035 infeasible   35         1.02720    0.30731  70.1%  60.6  180s

Cutting planes:
  Learned: 1
  Cover: 7
  Implied bound: 117
  Clique: 13
  MIR: 4
  Flow cover: 61
  RLT: 49
  Relax-and-lift: 20

Explored 14255 nodes (876169 simplex iterations) in 180.09 seconds (44.02 work units)
Thread count was 8 (of 8 available processors)

Solution count 2: 1.0272 1.0272 

Time limit reached
Best objective 1.027197974840e+00, best bound 3.073324860394e-01, gap 70.0805%

User-callback calls 43862, time in user-callback 0.10 sec
alpha=0.5454545454545454  status=TIME_LIMIT
  agg total_shed = 5431.336   cost-wtd Palma Σλ·top10/Σλ·bot40 (post-hoc) = 1.3663   model(σ·top) = 1.3663   uncosted-agg-served-Palma (diag) = 13.6455
Gurobi Optimizer version 12.0.3 build v12.0.3rc0 (win64 - Windows 11+.0 (26200.2))

CPU model: 11th Gen Intel(R) Core(TM) i7-1165G7 @ 2.80GHz, instruction set [SSE2|AVX|AVX2|AVX512]
Thread count: 4 physical cores, 8 logical processors, using up to 8 threads

Non-default parameters:
TimeLimit  180
MIPGap  0.01
MIPFocus  1
GomoryPasses  0
NonConvex  2
NumericFocus  2

Optimize a model with 9357 rows, 5403 columns and 24215 nonzeros
Model fingerprint: 0x4efddd76
Model has 9 quadratic objective terms
Model has 265 quadratic constraints
Variable types: 5002 continuous, 401 integer (401 binary)
Coefficient statistics:
  Matrix range     [9e-09, 2e+03]
  QMatrix range    [1e+00, 5e+02]
  QLMatrix range   [1e+00, 1e+00]
  Objective range  [6e-04, 6e-04]
  QObjective range [1e+00, 1e+00]
  Bounds range     [1e-08, 2e+01]
  RHS range        [7e-01, 2e+03]
  QRHS range       [1e+00, 1e+00]

User MIP start did not produce a new incumbent solution
User MIP start violates constraint R122 by 4.345047923
Loaded MIP start from previous solve with objective 1.09502

Presolve removed 4584 rows and 2528 columns
Presolve time: 0.22s
Presolved: 4930 rows, 2962 columns, 16632 nonzeros
Presolved model has 216 quadratic constraint(s)
Presolved model has 37 bilinear constraint(s)
Warning: Model contains variables with very large bounds participating
         in product terms.
         Presolve was not able to compute smaller bounds for these variables.
         Consider bounding these variables or reformulating the model.


Solving non-convex MIQCP

Variable types: 2689 continuous, 273 integer (273 binary)

Root relaxation: objective 8.051024e-02, 1525 iterations, 0.05 seconds (0.02 work units)

    Nodes    |    Current Node    |     Objective Bounds      |     Work
 Expl Unexpl |  Obj  Depth IntInf | Incumbent    BestBd   Gap | It/Node Time

     0     0    0.08051    0   87    1.09502    0.08051  92.6%     -    0s
     0     0    0.08152    0   78    1.09502    0.08152  92.6%     -    0s
     0     0    0.08152    0   97    1.09502    0.08152  92.6%     -    0s
     0     0    0.08152    0   96    1.09502    0.08152  92.6%     -    0s
     0     0    0.09204    0   46    1.09502    0.09204  91.6%     -    0s
     0     0    0.09302    0   50    1.09502    0.09302  91.5%     -    1s
     0     0    0.10284    0   45    1.09502    0.10284  90.6%     -    1s
     0     2    0.10284    0   51    1.09502    0.10284  90.6%     -    2s
   275   178    0.12796    7   72    1.09502    0.10771  90.2%  76.2    5s
   508   312    0.14971   15   44    1.09502    0.11086  89.9%  62.1   10s
   579   348    0.27747   36   66    1.09502    0.18297  83.3%  89.2   15s
   857   468    0.31552   50  101    1.09502    0.28096  74.3%  84.8   20s
  1188   606    0.49968   51   33    1.09502    0.28495  74.0%  74.7   25s
  1625   812    0.31559   70   80    1.09502    0.29629  72.9%  64.4   30s
  1960  1009    0.31448   49   78    1.09502    0.30340  72.3%  64.0   35s
  2317  1261    0.32605   72   59    1.09502    0.30686  72.0%  61.8   40s
  2881  1635    0.31524   61  116    1.09502    0.30864  71.8%  54.6   45s
  3392  1951    0.31673   52   55    1.09502    0.31024  71.7%  52.5   51s
  3637  2086    0.34263   50   58    1.09502    0.31070  71.6%  51.3   56s
  3922  2293    0.31528   69   75    1.09502    0.31082  71.6%  49.8   60s
  4311  2540    0.37625   56   40    1.09502    0.31122  71.6%  50.0   65s
  4668  2794    0.34818   48   41    1.09502    0.31171  71.5%  50.1   70s
  5049  2959    0.31525   47   80    1.09502    0.31242  71.5%  48.8   76s
  5153  3062    0.31526   48   78    1.09502    0.31255  71.5%  48.6   80s
  5624  3300 infeasible   64         1.09502    0.31280  71.4%  47.5   88s
  5914  3458    0.31576   54   65    1.09502    0.31304  71.4%  48.2   92s
  6205  3519    0.67162   45   36    1.09502    0.31328  71.4%  49.0   96s
  6472  3688 infeasible   59         1.09502    0.31346  71.4%  50.1  100s
  6809  3825    0.33659   60   71    1.09502    0.31346  71.4%  49.7  106s
  6996  3932    0.32020   56   76    1.09502    0.31346  71.4%  49.5  110s
  7480  4197    0.94361   59   20    1.09502    0.31371  71.4%  50.7  117s
  7719  4351    0.97643   72    1    1.09502    0.31371  71.4%  51.2  121s
  8068  4473    0.34350   50   64    1.09502    0.31371  71.4%  51.8  125s
  8604  4864    0.59793   57   30    1.09502    0.31394  71.3%  54.0  134s
  8982  4977    0.32721   53   75    1.09502    0.31400  71.3%  54.3  139s
  9242  5121    0.36153   50   39    1.09502    0.31414  71.3%  54.3  143s
  9551  5291    0.34728   59   43    1.09502    0.31416  71.3%  53.9  148s
  9925  5360 infeasible   53         1.09502    0.31416  71.3%  53.8  153s
 10200  5555    0.31947   47   69    1.09502    0.31431  71.3%  55.1  158s
 10601  5827    0.34302   50   51    1.09502    0.31434  71.3%  55.3  164s
 11163  6022    0.31583   48   69    1.09502    0.31443  71.3%  55.3  170s
 11690  6139 infeasible   63         1.09502    0.31448  71.3%  55.6  176s
H11692  6138                       1.0899698    0.31448  71.1%  55.6  176s
 12051  6336    0.31722   47   52    1.08997    0.31455  71.1%  56.5  180s

Cutting planes:
  Learned: 4
  Cover: 11
  Implied bound: 106
  Clique: 8
  MIR: 11
  StrongCG: 1
  Flow cover: 63
  RLT: 40
  Relax-and-lift: 23

Explored 12435 nodes (708464 simplex iterations) in 180.11 seconds (43.60 work units)
Thread count was 8 (of 8 available processors)

Solution count 2: 1.08997 1.09502 

Time limit reached
Best objective 1.089969790211e+00, best bound 3.146158162484e-01, gap 71.1354%

User-callback calls 39208, time in user-callback 0.10 sec
alpha=0.6363636363636364  status=TIME_LIMIT
  agg total_shed = 5654.497   cost-wtd Palma Σλ·top10/Σλ·bot40 (post-hoc) = 1.3134   model(σ·top) = 1.3134   uncosted-agg-served-Palma (diag) = Inf
Gurobi Optimizer version 12.0.3 build v12.0.3rc0 (win64 - Windows 11+.0 (26200.2))

CPU model: 11th Gen Intel(R) Core(TM) i7-1165G7 @ 2.80GHz, instruction set [SSE2|AVX|AVX2|AVX512]
Thread count: 4 physical cores, 8 logical processors, using up to 8 threads

Non-default parameters:
TimeLimit  180
MIPGap  0.01
MIPFocus  1
GomoryPasses  0
NonConvex  2
NumericFocus  2

Optimize a model with 9357 rows, 5403 columns and 24215 nonzeros
Model fingerprint: 0x389dd2d7
Model has 9 quadratic objective terms
Model has 265 quadratic constraints
Variable types: 5002 continuous, 401 integer (401 binary)
Coefficient statistics:
  Matrix range     [9e-09, 2e+03]
  QMatrix range    [1e+00, 5e+02]
  QLMatrix range   [1e+00, 1e+00]
  Objective range  [5e-04, 5e-04]
  QObjective range [1e+00, 1e+00]
  Bounds range     [1e-08, 2e+01]
  RHS range        [7e-01, 2e+03]
  QRHS range       [1e+00, 1e+00]

User MIP start did not produce a new incumbent solution
User MIP start violates constraint R122 by 4.345047923
Loaded MIP start from previous solve with objective 1.14583

Presolve removed 4584 rows and 2528 columns
Presolve time: 0.17s
Presolved: 4930 rows, 2962 columns, 16632 nonzeros
Presolved model has 216 quadratic constraint(s)
Presolved model has 37 bilinear constraint(s)
Warning: Model contains variables with very large bounds participating
         in product terms.
         Presolve was not able to compute smaller bounds for these variables.
         Consider bounding these variables or reformulating the model.


Solving non-convex MIQCP

Variable types: 2689 continuous, 273 integer (273 binary)

Root relaxation: objective 6.038268e-02, 1525 iterations, 0.04 seconds (0.02 work units)

    Nodes    |    Current Node    |     Objective Bounds      |     Work
 Expl Unexpl |  Obj  Depth IntInf | Incumbent    BestBd   Gap | It/Node Time

     0     0    0.06038    0   95    1.14583    0.06038  94.7%     -    0s
     0     0    0.06114    0   86    1.14583    0.06114  94.7%     -    0s
     0     0    0.06114    0   93    1.14583    0.06114  94.7%     -    0s
     0     0    0.06150    0   90    1.14583    0.06150  94.6%     -    0s
     0     0    0.06625    0   49    1.14583    0.06625  94.2%     -    0s
     0     0    0.06857    0   53    1.14583    0.06857  94.0%     -    0s
     0     0    0.07115    0   47    1.14583    0.07115  93.8%     -    1s
     0     2    0.07115    0   46    1.14583    0.07115  93.8%     -    1s
   235   195    0.13758   31   57    1.14583    0.08370  92.7%  86.5    5s
   440   325    0.12808   16   61    1.14583    0.08676  92.4%  70.9   10s
   697   439 infeasible   36         1.14583    0.26512  76.9%  69.6   15s
H  828   453                       1.1453718    0.27166  76.3%  65.4   16s
  1099   571    0.36359   46   36    1.14537    0.27611  75.9%  58.5   20s
  1519   786    0.31336   52   81    1.14537    0.29051  74.6%  52.6   25s
  1943  1065    0.33470   48   53    1.14537    0.29952  73.8%  52.0   30s
  2388  1355    0.36637   38   46    1.14537    0.30227  73.6%  52.4   35s
  2888  1684    0.32733   41   54    1.14537    0.30633  73.3%  51.7   40s
  3278  1971    0.36507   56   45    1.14537    0.30724  73.2%  50.8   45s
  3835  2259    0.31362   36   93    1.14537    0.30850  73.1%  50.5   51s
  4225  2578    0.51150   34   58    1.14537    0.30910  73.0%  50.7   55s
  4658  2827    0.36745   37   54    1.14537    0.30974  73.0%  50.8   61s
  5075  3071    0.34113   53   62    1.14537    0.31038  72.9%  50.0   65s
  5650  3325    0.31908   39   61    1.14537    0.31062  72.9%  51.1   71s
  6031  3556    0.31313   42   94    1.14537    0.31101  72.8%  53.0   76s
  6311  3755 infeasible   43         1.14537    0.31115  72.8%  53.2   80s
  6596  3820 infeasible   66         1.14537    0.31123  72.8%  52.8   85s
  7030  3990    0.31648   38   69    1.14537    0.31126  72.8%  52.7   90s
  7547  4301    0.32866   40   63    1.14537    0.31147  72.8%  53.9   97s
  7858  4434 infeasible   53         1.14537    0.31149  72.8%  54.4  100s
  8507  4823    0.33567   43   53    1.14537    0.31163  72.8%  54.8  108s
  8889  4973    0.41695   32   60    1.14537    0.31173  72.8%  54.6  111s
  9172  5032 infeasible   38         1.14537    0.31174  72.8%  55.1  115s
  9674  5365    0.33476   47   43    1.14537    0.31187  72.8%  56.7  123s
  9983  5508    0.31620   37   74    1.14537    0.31191  72.8%  56.7  127s
 10229  5682    0.33897   52   56    1.14537    0.31194  72.8%  56.6  132s
 10632  5892 infeasible   55         1.14537    0.31196  72.8%  56.7  137s
 11124  6014 infeasible   36         1.14537    0.31207  72.8%  57.0  142s
 11482  6190    0.36075   35   62    1.14537    0.31211  72.8%  58.0  147s
H11842  6129                       1.0822371    0.31214  71.2%  58.1  147s
 11906  6518    0.43781   42   42    1.08224    0.31216  71.2%  58.2  152s
 12749  6849    0.83337   53   30    1.08224    0.31225  71.1%  58.0  157s
 13476  7125    0.33206   47   48    1.08224    0.31232  71.1%  57.8  162s
H13604  7124                       1.0781558    0.31232  71.0%  57.9  162s
 14134  7339    0.32912   30   64    1.07816    0.31238  71.0%  57.9  167s
 14693  7745    0.32043   36   55    1.07816    0.31245  71.0%  59.5  173s
 15517  8164    0.72372   33   54    1.07816    0.31246  71.0%  58.6  179s
 16404  8221    0.34446   42   61    1.07816    0.31258  71.0%  58.0  180s

Cutting planes:
  Learned: 3
  Cover: 7
  Implied bound: 102
  Clique: 5
  MIR: 9
  StrongCG: 1
  Flow cover: 49
  RLT: 39
  Relax-and-lift: 21

Explored 16507 nodes (962634 simplex iterations) in 180.08 seconds (42.69 work units)
Thread count was 8 (of 8 available processors)

Solution count 4: 1.07816 1.08224 1.14537 1.14583 

Time limit reached
Best objective 1.078155800626e+00, best bound 3.125977754883e-01, gap 71.0063%

User-callback calls 47050, time in user-callback 0.12 sec
alpha=0.7272727272727273  status=TIME_LIMIT
  agg total_shed = 6937.836   cost-wtd Palma Σλ·top10/Σλ·bot40 (post-hoc) = 1.1547   model(σ·top) = 1.1547   uncosted-agg-served-Palma (diag) = Inf
Gurobi Optimizer version 12.0.3 build v12.0.3rc0 (win64 - Windows 11+.0 (26200.2))

CPU model: 11th Gen Intel(R) Core(TM) i7-1165G7 @ 2.80GHz, instruction set [SSE2|AVX|AVX2|AVX512]
Thread count: 4 physical cores, 8 logical processors, using up to 8 threads

Non-default parameters:
TimeLimit  180
MIPGap  0.01
MIPFocus  1
GomoryPasses  0
NonConvex  2
NumericFocus  2

Optimize a model with 9357 rows, 5403 columns and 24215 nonzeros
Model fingerprint: 0x4bdd1cf6
Model has 9 quadratic objective terms
Model has 265 quadratic constraints
Variable types: 5002 continuous, 401 integer (401 binary)
Coefficient statistics:
  Matrix range     [9e-09, 2e+03]
  QMatrix range    [1e+00, 5e+02]
  QLMatrix range   [1e+00, 1e+00]
  Objective range  [3e-04, 3e-04]
  QObjective range [2e+00, 2e+00]
  Bounds range     [1e-08, 2e+01]
  RHS range        [7e-01, 2e+03]
  QRHS range       [1e+00, 1e+00]

User MIP start did not produce a new incumbent solution
User MIP start violates constraint R122 by 4.345047923
Loaded MIP start from previous solve with objective 1.10368

Presolve removed 4584 rows and 2528 columns
Presolve time: 0.14s
Presolved: 4930 rows, 2962 columns, 16632 nonzeros
Presolved model has 216 quadratic constraint(s)
Presolved model has 37 bilinear constraint(s)
Warning: Model contains variables with very large bounds participating
         in product terms.
         Presolve was not able to compute smaller bounds for these variables.
         Consider bounding these variables or reformulating the model.


Solving non-convex MIQCP

Variable types: 2689 continuous, 273 integer (273 binary)

Root relaxation: objective 4.025512e-02, 1538 iterations, 0.04 seconds (0.02 work units)

    Nodes    |    Current Node    |     Objective Bounds      |     Work
 Expl Unexpl |  Obj  Depth IntInf | Incumbent    BestBd   Gap | It/Node Time

     0     0    0.04026    0   81    1.10368    0.04026  96.4%     -    0s
     0     0    0.04076    0   70    1.10368    0.04076  96.3%     -    0s
     0     0    0.04076    0  100    1.10368    0.04076  96.3%     -    0s
     0     0    0.04076    0  100    1.10368    0.04076  96.3%     -    0s
     0     0    0.04231    0   56    1.10368    0.04231  96.2%     -    0s
     0     0    0.04416    0   60    1.10368    0.04416  96.0%     -    0s
     0     0    0.04564    0   63    1.10368    0.04564  95.9%     -    0s
     0     2    0.04564    0   63    1.10368    0.04564  95.9%     -    2s
   214   170    0.06715   15   72    1.10368    0.05091  95.4%  73.4    5s
H  216   170                       1.1036831    0.05091  95.4%  72.9    5s
   512   297    0.11650   20   57    1.10368    0.05698  94.8%  60.5   11s
H  515   284                       1.1036831    0.05698  94.8%  60.1   12s
   521   289    0.09800   23   57    1.10368    0.05698  94.8%  81.1   15s
   532   295    0.07679   25   63    1.10368    0.07679  93.0%  94.3   20s
H  576   300                       1.0998690    0.12593  88.6%  90.4   20s
   888   439    0.38321   52   53    1.09987    0.27373  75.1%  73.2   25s
  1248   578    0.31824   49   70    1.09987    0.28408  74.2%  63.6   30s
H 1334   572                       1.0995455    0.28408  74.2%  61.0   32s
  1586   767 infeasible   67         1.09955    0.28796  73.8%  58.3   35s
  1956   976    0.33682   60   43    1.09955    0.29779  72.9%  54.5   40s
  2305  1208    0.31822   53   83    1.09955    0.30536  72.2%  54.9   45s
  2766  1496    0.45979   52   43    1.09955    0.30566  72.2%  56.1   50s
  3041  1706 infeasible   62         1.09955    0.30961  71.8%  57.2   56s
  3461  1973    0.48086   63   40    1.09955    0.31153  71.7%  57.3   60s
  3866  2214    0.33309   49   40    1.09955    0.31311  71.5%  60.2   66s
  4180  2349    0.31854   48   81    1.09955    0.31325  71.5%  61.7   70s
  4573  2518    0.83667   47   37    1.09955    0.31384  71.5%  62.4   76s
  4781  2686    0.50071   52   31    1.09955    0.31401  71.4%  61.6   80s
  5143  2959    0.31892   39   75    1.09955    0.31461  71.4%  61.9   85s
  5623  3235 infeasible   48         1.09955    0.31553  71.3%  62.6   91s
  6168  3451    0.31657   48   92    1.09955    0.31602  71.3%  63.6   97s
  6546  3578    0.33191   49   65    1.09955    0.31624  71.2%  64.7  102s
  6752  3723    0.31908   49   85    1.09955    0.31635  71.2%  65.1  105s
  7380  3919 infeasible   56         1.09955    0.31657  71.2%  66.2  112s
  7569  3980    0.45971   43   52    1.09955    0.31667  71.2%  67.8  115s
  7965  4178    0.33417   49   55    1.09955    0.31678  71.2%  69.0  123s
  8277  4259    0.43241   67   30    1.09955    0.31685  71.2%  69.7  127s
H 8386  4259                       1.0995454    0.31688  71.2%  69.9  127s
  8503  4366    0.57756   67   28    1.09955    0.31688  71.2%  70.4  131s
  8778  4479    0.33281   54   51    1.09955    0.31699  71.2%  71.3  135s
  9014  4549    0.34393   53   50    1.09955    0.31705  71.2%  71.6  140s
  9554  4889    0.31912   47   68    1.09955    0.31726  71.1%  73.4  149s
  9971  5008    0.32034   44   57    1.09955    0.31728  71.1%  73.5  154s
 10206  5183    0.34671   47   38    1.09955    0.31732  71.1%  74.1  159s
 10571  5275    0.59198   58   37    1.09955    0.31738  71.1%  73.9  164s
 10970  5407    0.31949   45   73    1.09955    0.31743  71.1%  74.4  170s
 11364  5501 infeasible   56         1.09955    0.31745  71.1%  74.6  176s
 11680  5656    0.47640   47   51    1.09955    0.31750  71.1%  75.7  180s

Cutting planes:
  Learned: 3
  Cover: 13
  Implied bound: 79
  Clique: 3
  MIR: 13
  StrongCG: 1
  Flow cover: 41
  RLT: 34
  Relax-and-lift: 20

Explored 12029 nodes (919282 simplex iterations) in 180.12 seconds (46.62 work units)
Thread count was 8 (of 8 available processors)

Solution count 6: 1.09955 1.09955 1.09987 ... 1.10368

Time limit reached
Best objective 1.099545433934e+00, best bound 3.175258223043e-01, gap 71.1221%

User-callback calls 40057, time in user-callback 0.11 sec
alpha=0.8181818181818182  status=TIME_LIMIT
  agg total_shed = 6457.165   cost-wtd Palma Σλ·top10/Σλ·bot40 (post-hoc) = 1.1547   model(σ·top) = 1.1547   uncosted-agg-served-Palma (diag) = Inf
Gurobi Optimizer version 12.0.3 build v12.0.3rc0 (win64 - Windows 11+.0 (26200.2))

CPU model: 11th Gen Intel(R) Core(TM) i7-1165G7 @ 2.80GHz, instruction set [SSE2|AVX|AVX2|AVX512]
Thread count: 4 physical cores, 8 logical processors, using up to 8 threads

Non-default parameters:
TimeLimit  180
MIPGap  0.01
MIPFocus  1
GomoryPasses  0
NonConvex  2
NumericFocus  2

Optimize a model with 9357 rows, 5403 columns and 24215 nonzeros
Model fingerprint: 0x55ac7321
Model has 9 quadratic objective terms
Model has 265 quadratic constraints
Variable types: 5002 continuous, 401 integer (401 binary)
Coefficient statistics:
  Matrix range     [9e-09, 2e+03]
  QMatrix range    [1e+00, 5e+02]
  QLMatrix range   [1e+00, 1e+00]
  Objective range  [2e-04, 2e-04]
  QObjective range [2e+00, 2e+00]
  Bounds range     [1e-08, 2e+01]
  RHS range        [7e-01, 2e+03]
  QRHS range       [1e+00, 1e+00]

User MIP start did not produce a new incumbent solution
User MIP start violates constraint R122 by 4.345047923
Loaded MIP start from previous solve with objective 1.12714

Presolve removed 4584 rows and 2528 columns
Presolve time: 0.16s
Presolved: 4930 rows, 2962 columns, 16632 nonzeros
Presolved model has 216 quadratic constraint(s)
Presolved model has 37 bilinear constraint(s)
Warning: Model contains variables with very large bounds participating
         in product terms.
         Presolve was not able to compute smaller bounds for these variables.
         Consider bounding these variables or reformulating the model.


Solving non-convex MIQCP

Variable types: 2689 continuous, 273 integer (273 binary)

Root relaxation: objective 2.012756e-02, 1538 iterations, 0.04 seconds (0.02 work units)

    Nodes    |    Current Node    |     Objective Bounds      |     Work
 Expl Unexpl |  Obj  Depth IntInf | Incumbent    BestBd   Gap | It/Node Time

     0     0    0.02013    0   81    1.12714    0.02013  98.2%     -    0s
     0     0    0.02038    0   71    1.12714    0.02038  98.2%     -    0s
     0     0    0.02038    0   98    1.12714    0.02038  98.2%     -    0s
     0     0    0.02038    0   98    1.12714    0.02038  98.2%     -    0s
     0     0    0.02301    0   49    1.12714    0.02301  98.0%     -    0s
     0     0    0.02325    0   59    1.12714    0.02325  97.9%     -    0s
     0     0    0.02714    0   54    1.12714    0.02714  97.6%     -    0s
     0     2    0.02714    0   54    1.12714    0.02714  97.6%     -    1s
   352   245    0.09801   27   54    1.12714    0.03000  97.3%  65.2    5s
   520   323    0.10838   25   64    1.12714    0.10838  90.4%  67.6   10s
  1012   527    0.31807   28   67    1.12714    0.28798  74.5%  53.9   15s
  1381   682 infeasible   60         1.12714    0.30636  72.8%  48.6   20s
  1793   901 infeasible   59         1.12714    0.31569  72.0%  52.8   25s
  2208  1208    0.33049   40   49    1.12714    0.31807  71.8%  53.8   30s
  2646  1500    0.33228   43   48    1.12714    0.32024  71.6%  53.5   35s
  3123  1771 infeasible   38         1.12714    0.32240  71.4%  53.4   40s
  3579  2048    0.32807   38   66    1.12714    0.32245  71.4%  53.9   45s
  3901  2294    0.32844   34   65    1.12714    0.32405  71.3%  54.2   50s
  4310  2532    0.33314   41   62    1.12714    0.32451  71.2%  54.9   56s
  4606  2671    0.32888   44   63    1.12714    0.32466  71.2%  56.4   61s
  4880  2774    0.32916   42   65    1.12714    0.32555  71.1%  58.2   65s
  5354  3044    0.33070   36   45    1.12714    0.32588  71.1%  62.0   72s
  5612  3188    0.33888   52   38    1.12714    0.32637  71.0%  62.7   75s
  6049  3361 infeasible   49         1.12714    0.32644  71.0%  64.0   80s
  6406  3547    0.32907   35   71    1.12714    0.32669  71.0%  65.0   86s
  6988  3836    0.43194   42   28    1.12714    0.32682  71.0%  65.6   92s
  7273  3952    0.32963   42   58    1.12714    0.32686  71.0%  65.9   95s
  7759  4144    0.32718   37   65    1.12714    0.32696  71.0%  66.6  102s
  8036  4335    0.33456   49   33    1.12714    0.32696  71.0%  66.4  106s
  8425  4512    0.33935   57   29    1.12714    0.32697  71.0%  66.1  111s
  8909  4732    0.32759   36   65    1.12714    0.32726  71.0%  66.3  115s
  9739  5085    0.49748   47   24    1.12714    0.32744  70.9%  68.5  124s
 10242  5222 infeasible   43         1.12714    0.32751  70.9%  68.1  129s
 10566  5379    0.32878   57   69    1.12714    0.32751  70.9%  68.5  133s
 11000  5517    0.32949   39   66    1.12714    0.32762  70.9%  68.6  138s
 11349  5680    0.33647   40   52    1.12714    0.32764  70.9%  68.2  143s
 11825  5847    0.33608   50   31    1.12714    0.32776  70.9%  68.3  149s
 12286  5868 infeasible   49         1.12714    0.32781  70.9%  68.4  154s
 12513  6110    0.32823   39   57    1.12714    0.32783  70.9%  69.5  160s
 13030  6324 infeasible   48         1.12714    0.32787  70.9%  69.1  166s
 13581  6488 infeasible   41         1.12714    0.32801  70.9%  69.4  172s
 13963  6785    0.39719   44   39    1.12714    0.32807  70.9%  70.3  179s
 14641  6806    0.33062   48   61    1.12714    0.32809  70.9%  70.1  180s

Cutting planes:
  Cover: 14
  Implied bound: 94
  Clique: 8
  MIR: 13
  StrongCG: 2
  Flow cover: 60
  RLT: 28
  Relax-and-lift: 22

Explored 14685 nodes (1035136 simplex iterations) in 180.07 seconds (44.06 work units)
Thread count was 8 (of 8 available processors)

Solution count 1: 1.12714 

Time limit reached
Best objective 1.127141648640e+00, best bound 3.280919055431e-01, gap 70.8917%

User-callback calls 45135, time in user-callback 0.10 sec
alpha=0.9090909090909091  status=TIME_LIMIT
  agg total_shed = 6457.165   cost-wtd Palma Σλ·top10/Σλ·bot40 (post-hoc) = 1.1547   model(σ·top) = 1.1547   uncosted-agg-served-Palma (diag) = Inf
Gurobi Optimizer version 12.0.3 build v12.0.3rc0 (win64 - Windows 11+.0 (26200.2))

CPU model: 11th Gen Intel(R) Core(TM) i7-1165G7 @ 2.80GHz, instruction set [SSE2|AVX|AVX2|AVX512]
Thread count: 4 physical cores, 8 logical processors, using up to 8 threads

Non-default parameters:
TimeLimit  180
MIPGap  0.01
MIPFocus  1
GomoryPasses  0
NonConvex  2
NumericFocus  2

Optimize a model with 9357 rows, 5403 columns and 24215 nonzeros
Model fingerprint: 0xf7465bd3
Model has 9 quadratic objective terms
Model has 265 quadratic constraints
Variable types: 5002 continuous, 401 integer (401 binary)
Coefficient statistics:
  Matrix range     [9e-09, 2e+03]
  QMatrix range    [1e+00, 5e+02]
  QLMatrix range   [1e+00, 1e+00]
  Objective range  [0e+00, 0e+00]
  QObjective range [2e+00, 2e+00]
  Bounds range     [1e-08, 2e+01]
  RHS range        [7e-01, 2e+03]
  QRHS range       [1e+00, 1e+00]

User MIP start did not produce a new incumbent solution
User MIP start violates constraint R122 by 4.345047923
Loaded MIP start from previous solve with objective 1.15474

Presolve removed 4480 rows and 2456 columns
Presolve time: 0.17s
Presolved: 5034 rows, 3034 columns, 16608 nonzeros
Presolved model has 216 quadratic constraint(s)
Presolved model has 37 bilinear constraint(s)
Warning: Model contains variables with very large bounds participating
         in product terms.
         Presolve was not able to compute smaller bounds for these variables.
         Consider bounding these variables or reformulating the model.


Solving non-convex MIQCP

Variable types: 2689 continuous, 345 integer (345 binary)

Root relaxation: objective 0.000000e+00, 1224 iterations, 0.10 seconds (0.03 work units)

    Nodes    |    Current Node    |     Objective Bounds      |     Work
 Expl Unexpl |  Obj  Depth IntInf | Incumbent    BestBd   Gap | It/Node Time

     0     0    0.00000    0   43    1.15474    0.00000   100%     -    0s
     0     0    0.00000    0  123    1.15474    0.00000   100%     -    0s
     0     0    0.00000    0  122    1.15474    0.00000   100%     -    0s
     0     0    0.00000    0   71    1.15474    0.00000   100%     -    1s
     0     0    0.00000    0   71    1.15474    0.00000   100%     -    1s
     0     0    0.00000    0   46    1.15474    0.00000   100%     -    1s
     0     2    0.00000    0   46    1.15474    0.00000   100%     -    3s
    23    91    0.00000    5   97    1.15474    0.00000   100%   307    5s
   307   235    0.07102   23  113    1.15474    0.00000   100%  99.1   10s
   528   332    0.14527   38  155    1.15474    0.00399   100%  96.5   15s
   604   371    0.25309   33   47    1.15474    0.05083  95.6%   110   20s
  1104   611    0.33241   48   42    1.15474    0.25309  78.1%  86.4   25s
  1595   786 infeasible   41         1.15474    0.31164  73.0%  82.8   30s
  2042  1107    0.33332   62   41    1.15474    0.31627  72.6%  82.2   35s
  2549  1424    0.34026   63   37    1.15474    0.32018  72.3%  85.8   40s
  2962  1665    0.33140   39   44    1.15474    0.32032  72.3%  88.9   45s
  3488  1982    0.32982   46   32    1.15474    0.32377  72.0%  91.7   50s
  3915  2232    0.33333   49   43    1.15474    0.32706  71.7%  94.1   55s
  4393  2472 infeasible   45         1.15474    0.32759  71.6%  94.9   60s
  4973  2787    0.33679   59   40    1.15474    0.32838  71.6%  96.2   66s
  5366  2968 infeasible   57         1.15474    0.32905  71.5%  96.7   71s
  5770  3175    0.32971   46   44    1.15474    0.32929  71.5%  98.8   75s
  6360  3348    0.33331   41   33    1.15474    0.32970  71.4%  98.0   80s
  6869  3596    0.33174   41   37    1.15474    0.32988  71.4%  99.2   86s
  7441  3871    0.33333   39   56    1.15474    0.33008  71.4%  99.3   91s
  8098  4017 infeasible   50         1.15474    0.33026  71.4%   100   97s
  8335  4144    0.33332   44   49    1.15474    0.33026  71.4%   102  100s
  9167  4378    0.33332   44   39    1.15474    0.33070  71.4%   101  107s
  9404  4419 infeasible   61         1.15474    0.33070  71.4%   101  110s
 10076  4769 infeasible   51         1.15474    0.33077  71.4%   102  118s
 10566  4946    0.34570   42   50    1.15474    0.33096  71.3%   102  123s
 11069  4973 infeasible   59         1.15474    0.33102  71.3%   101  126s
 11392  5111    0.33332   51   54    1.15474    0.33107  71.3%   102  131s
 11825  5346    0.33332   56   54    1.15474    0.33109  71.3%   101  136s
 12361  5543    0.33333   42   41    1.15474    0.33137  71.3%   101  144s
 12870  5638 infeasible   63         1.15474    0.33139  71.3%   101  149s
 13210  5852    0.36840   47   42    1.15474    0.33142  71.3%   102  155s
 13796  6046    0.53965   39   37    1.15474    0.33145  71.3%   101  160s
 14281  6275    0.33332   49   46    1.15474    0.33159  71.3%   102  166s
 14860  6433 infeasible   52         1.15474    0.33163  71.3%   101  172s
 15474  6514    0.34415   48   33    1.15474    0.33169  71.3%   101  178s
 15814  6642    0.34835   47   42    1.15474    0.33179  71.3%   102  180s

Cutting planes:
  Cover: 7
  Implied bound: 35
  Clique: 2
  MIR: 2
  Flow cover: 11
  RLT: 9
  Relax-and-lift: 11

Explored 16002 nodes (1644313 simplex iterations) in 180.09 seconds (45.10 work units)
Thread count was 8 (of 8 available processors)

Solution count 1: 1.15474 

Time limit reached
Best objective 1.154737863346e+00, best bound 3.318283801159e-01, gap 71.2637%

User-callback calls 43493, time in user-callback 0.11 sec
alpha=1.0  status=TIME_LIMIT
  agg total_shed = 6457.165   cost-wtd Palma Σλ·top10/Σλ·bot40 (post-hoc) = 1.1547   model(σ·top) = 1.1547   uncosted-agg-served-Palma (diag) = Inf
[ PowerModelsDistribution | Info ] : Circuit has been reset with the 'clear' on line 1 in 'case6_unbalanced_switch_more_meshed_good4integer.dss'
[ PowerModelsDistribution | Info ] : Command 'calcvoltagebases' on line 56 in 'case6_unbalanced_switch_more_meshed_good4integer.dss' is not supported, skipping.
[ PowerModelsDistribution | Info ] : Command 'solve' on line 58 in 'case6_unbalanced_switch_more_meshed_good4integer.dss' is not supported, skipping.
[ PowerModelsDistribution | Info ] : basemva=100 is the default value, you may want to adjust sbase_default for better convergence
┌ PowerModelsDistribution | Warning ] : basefreq=60.0 on line.quadpb does not match circuit basefreq=50.0
└ @ PowerModelsDistribution C:\Users\awest\.julia\packages\PowerModelsDistribution\EOTxp\src\data_model\transformations\dss2eng.jl:422
┌ PowerModelsDistribution | Warning ] : basefreq=60.0 on line.quadad does not match circuit basefreq=50.0
└ @ PowerModelsDistribution C:\Users\awest\.julia\packages\PowerModelsDistribution\EOTxp\src\data_model\transformations\dss2eng.jl:422
┌ PowerModelsDistribution | Warning ] : basefreq=60.0 on line.quadac does not match circuit basefreq=50.0
└ @ PowerModelsDistribution C:\Users\awest\.julia\packages\PowerModelsDistribution\EOTxp\src\data_model\transformations\dss2eng.jl:422
┌ PowerModelsDistribution | Warning ] : basefreq=60.0 on line.quadpa does not match circuit basefreq=50.0
└ @ PowerModelsDistribution C:\Users\awest\.julia\packages\PowerModelsDistribution\EOTxp\src\data_model\transformations\dss2eng.jl:422
┌ PowerModelsDistribution | Warning ] : basefreq=60.0 on line.ohline does not match circuit basefreq=50.0
└ @ PowerModelsDistribution C:\Users\awest\.julia\packages\PowerModelsDistribution\EOTxp\src\data_model\transformations\dss2eng.jl:422
┌ PowerModelsDistribution | Warning ] : basefreq=60.0 on line.quadbc does not match circuit basefreq=50.0
└ @ PowerModelsDistribution C:\Users\awest\.julia\packages\PowerModelsDistribution\EOTxp\src\data_model\transformations\dss2eng.jl:422
┌ PowerModelsDistribution | Warning ] : basefreq=60.0 on line.quadec does not match circuit basefreq=50.0
└ @ PowerModelsDistribution C:\Users\awest\.julia\packages\PowerModelsDistribution\EOTxp\src\data_model\transformations\dss2eng.jl:422
┌ PowerModelsDistribution | Warning ] : basefreq=60.0 on line.quadpe does not match circuit basefreq=50.0
└ @ PowerModelsDistribution C:\Users\awest\.julia\packages\PowerModelsDistribution\EOTxp\src\data_model\transformations\dss2eng.jl:422
[ Main | Info ] : LOAD_SCALE_FACTORS (agg_scales per period): [0.839, 0.968, 1.076, 1.15, 1.112, 1.072, 0.984, 0.899]
┌ Main | Warning ] : non-feasible at alpha=0.09090909090909091 — skipping; total_shed/max_shed/palma left as NaN
└ @ Main C:\Users\awest\github\FairLoadDelivery\script\single_level\palma_trade_off_mn.jl:517
Saved trade-off sweep data → C:\Users\awest\github\FairLoadDelivery\script\single_level\../../results/2026-06-05/palma_trade_off_mn\palma_sweep_mn_more_meshed_6_bus_absolute.jld2
Done. Results written to: C:\Users\awest\github\FairLoadDelivery\script\single_level\../../results/2026-06-05/palma_trade_off_mn
GKS: Possible loss of precision in routine SET_WINDOW
GKS: String is too long in routine TEXT
GKS: String is too long in routine TEXT
GKS: String is too long in routine TEXT
GKS: String is too long in routine TEXT
GKS: String is too long in routine TEXT
GKS: String is too long in routine TEXT
GKS: String is too long in routine TEXT
GKS: String is too long in routine TEXT
GKS: String is too long in routine TEXT
GKS: String is too long in routine TEXT
GKS: String is too long in routine TEXT
GKS: String is too long in routine TEXT
GKS: String is too long in routine TEXT
GKS: String is too long in routine TEXT
GKS: String is too long in routine TEXT
GKS: String is too long in routine TEXT
GKS: String is too long in routine TEXT
GKS: String is too long in routine TEXT
GKS: String is too long in routine TEXT
GKS: String is too long in routine TEXT
GKS: String is too long in routine TEXT
GKS: String is too long in routine TEXT
GKS: String is too long in routine TEXT
GKS: String is too long in routine TEXT
GKS: String is too long in routine TEXT
GKS: String is too long in routine TEXT
GKS: String is too long in routine TEXT
GKS: String is too long in routine TEXT
GKS: String is too long in routine TEXT
GKS: String is too long in routine TEXT
GKS: String is too long in routine TEXT
GKS: String is too long in routine TEXT
GKS: String is too long in routine TEXT
GKS: String is too long in routine TEXT
GKS: String is too long in routine TEXT
GKS: String is too long in routine TEXT
GKS: String is too long in routine TEXT
GKS: String is too long in routine TEXT
GKS: String is too long in routine TEXT
GKS: String is too long in routine TEXT
