[ PowerModelsDistribution | Info ] : Circuit has been reset with the 'clear' on line 1 in 'case6_unbalanced_switch_more_meshed_good4integer.dss'
[ PowerModelsDistribution | Info ] : Command 'calcvoltagebases' on line 56 in 'case6_unbalanced_switch_more_meshed_good4integer.dss' is not supported, skipping.
[ PowerModelsDistribution | Info ] : Command 'solve' on line 58 in 'case6_unbalanced_switch_more_meshed_good4integer.dss' is not supported, skipping.
[ PowerModelsDistribution | Info ] : basemva=100 is the default value, you may want to adjust sbase_default for better convergence
┌ PowerModelsDistribution | Warning ] : basefreq=60.0 on line.quadpb does not match circuit basefreq=50.0
└ @ PowerModelsDistribution C:\Users\awest\.julia\packages\PowerModelsDistribution\EOTxp\src\data_model\transformations\dss2eng.jl:422
┌ PowerModelsDistribution | Warning ] : basefreq=60.0 on line.quadad does not match circuit basefreq=50.0
└ @ PowerModelsDistribution C:\Users\awest\.julia\packages\PowerModelsDistribution\EOTxp\src\data_model\transformations\dss2eng.jl:422
┌ PowerModelsDistribution | Warning ] : basefreq=60.0 on line.quadac does not match circuit basefreq=50.0
└ @ PowerModelsDistribution C:\Users\awest\.julia\packages\PowerModelsDistribution\EOTxp\src\data_model\transformations\dss2eng.jl:422
┌ PowerModelsDistribution | Warning ] : basefreq=60.0 on line.quadpa does not match circuit basefreq=50.0
└ @ PowerModelsDistribution C:\Users\awest\.julia\packages\PowerModelsDistribution\EOTxp\src\data_model\transformations\dss2eng.jl:422
┌ PowerModelsDistribution | Warning ] : basefreq=60.0 on line.ohline does not match circuit basefreq=50.0
└ @ PowerModelsDistribution C:\Users\awest\.julia\packages\PowerModelsDistribution\EOTxp\src\data_model\transformations\dss2eng.jl:422
┌ PowerModelsDistribution | Warning ] : basefreq=60.0 on line.quadbc does not match circuit basefreq=50.0
└ @ PowerModelsDistribution C:\Users\awest\.julia\packages\PowerModelsDistribution\EOTxp\src\data_model\transformations\dss2eng.jl:422
┌ PowerModelsDistribution | Warning ] : basefreq=60.0 on line.quadec does not match circuit basefreq=50.0
└ @ PowerModelsDistribution C:\Users\awest\.julia\packages\PowerModelsDistribution\EOTxp\src\data_model\transformations\dss2eng.jl:422
┌ PowerModelsDistribution | Warning ] : basefreq=60.0 on line.quadpe does not match circuit basefreq=50.0
└ @ PowerModelsDistribution C:\Users\awest\.julia\packages\PowerModelsDistribution\EOTxp\src\data_model\transformations\dss2eng.jl:422
[ Main | Info ] : LOAD_SCALE_FACTORS (agg_scales per period): [0.848, 0.821, 0.805, 0.808, 0.839, 0.898, 0.968, 1.026, 1.076, 1.109, 1.134, 1.148, 1.15, 1.137, 1.123, 1.112, 1.107, 1.101, 1.072, 1.034, 0.984, 0.933, 0.899, 0.869]
Load profile assignments for more_meshed_6_bus:
  (name = "l5", bus = 1, n_phases = 1, balanced = true, phases = [(1, -1)])
  (name = "l6", bus = 1, n_phases = 1, balanced = true, phases = [(1, 1)])
  (name = "l7", bus = 1, n_phases = 1, balanced = true, phases = [(1, 0)])
  (name = "l1", bus = 4, n_phases = 1, balanced = true, phases = [(1, -1)])
  (name = "l2", bus = 4, n_phases = 1, balanced = true, phases = [(3, -1)])
  (name = "l3", bus = 4, n_phases = 1, balanced = true, phases = [(2, 0)])
  (name = "l4", bus = 5, n_phases = 1, balanced = true, phases = [(2, 0)])
  (name = "l9", bus = 6, n_phases = 3, balanced = true, phases = [(1, 1), (1, -1), (1, 0)])
  (name = "l8", bus = 7, n_phases = 3, balanced = true, phases = [(2, -1), (2, 0), (2, 1)])
Set parameter Username
Set parameter LicenseID to value 2813843
Academic license - for non-commercial use only - expires 2027-04-27
Set parameter NonConvex to value 2
Set parameter MIPGap to value 0.01
Set parameter TimeLimit to value 300
Set parameter MIPFocus to value 1
Set parameter NumericFocus to value 2
Warmstart: solving pure-efficiency multi-period MLD (no Palma machinery)…
Set parameter Username
Set parameter LicenseID to value 2813843
Academic license - for non-commercial use only - expires 2027-04-27
Set parameter MIPGap to value 0.01
Set parameter TimeLimit to value 300
Set parameter MIPFocus to value 1
Set parameter MIPGap to value 0.01
Set parameter MIPFocus to value 1
Set parameter TimeLimit to value 300
Gurobi Optimizer version 12.0.3 build v12.0.3rc0 (win64 - Windows 11+.0 (26200.2))

CPU model: 11th Gen Intel(R) Core(TM) i7-1165G7 @ 2.80GHz, instruction set [SSE2|AVX|AVX2|AVX512]
Thread count: 4 physical cores, 8 logical processors, using up to 8 threads

Non-default parameters:
TimeLimit  300
MIPGap  0.01
MIPFocus  1

Optimize a model with 27264 rows, 15720 columns and 66624 nonzeros
Model fingerprint: 0x46567131
Model has 792 quadratic constraints
Variable types: 14760 continuous, 960 integer (960 binary)
Coefficient statistics:
  Matrix range     [9e-09, 2e+01]
  QMatrix range    [1e+00, 5e+02]
  QLMatrix range   [1e+00, 1e+00]
  Objective range  [6e-02, 4e-01]
  Bounds range     [1e+00, 2e+01]
  RHS range        [7e-01, 2e+01]

User MIP start did not produce a new incumbent solution
User MIP start violates constraint R122 by 4.728434505

Presolve removed 23976 rows and 13758 columns
Presolve time: 2.04s
Presolved: 3288 rows, 1962 columns, 10410 nonzeros
Presolved model has 144 quadratic constraint(s)
Variable types: 1818 continuous, 144 integer (144 binary)

Root relaxation: objective 9.528031e+01, 1102 iterations, 0.02 seconds (0.01 work units)
Another try with MIP start

    Nodes    |    Current Node    |     Objective Bounds      |     Work
 Expl Unexpl |  Obj  Depth IntInf | Incumbent    BestBd   Gap | It/Node Time

     0     0   95.28031    0   39          -   95.28031      -     -    2s
H    0     0                     155.0406408   97.65252  37.0%     -    2s
H    0     0                     153.9463618   97.65252  36.6%     -    2s
H    0     0                     152.3502238   97.65252  35.9%     -    2s
     0     0   97.65252    0   36  152.35022   97.65252  35.9%     -    2s
     0     0   97.65252    0   36  152.35022   97.65252  35.9%     -    2s
H    0     0                     146.4803158   99.64033  32.0%     -    2s
     0     0   99.64033    0   33  146.48032   99.64033  32.0%     -    2s
     0     0  101.29902    0   23  146.48032  101.29902  30.8%     -    2s
H    0     0                     146.0756980  101.29902  30.7%     -    2s
     0     0  101.46165    0   12  146.07570  101.46165  30.5%     -    2s
H    0     0                     115.5074985  101.58483  12.1%     -    2s
     0     0  101.58483    0    9  115.50750  101.58483  12.1%     -    2s
     0     0  101.59302    0   13  115.50750  101.59302  12.0%     -    2s
H    0     0                     114.2304565  101.59302  11.1%     -    2s
     0     0  102.06145    0   15  114.23046  102.06145  10.7%     -    2s
H    0     0                     112.2423099  102.06145  9.07%     -    2s
     0     0  102.87356    0   16  112.24231  102.87356  8.35%     -    2s
     0     0  102.90675    0    7  112.24231  102.90675  8.32%     -    2s
H    0     0                     111.5257901  102.90675  7.73%     -    2s
H    0     0                     107.1161354  102.90675  3.93%     -    2s
H    0     0                     106.0218564  102.90675  2.94%     -    2s
     0     2  102.90675    0    7  106.02186  102.90675  2.94%     -    2s
H    4     5                     103.9708625  103.37309  0.57%   2.0    2s

Cutting planes:
  Gomory: 2
  Cover: 2
  Implied bound: 45
  Clique: 16
  MIR: 13
  Flow cover: 15
  RLT: 4
  Relax-and-lift: 9

Explored 7 nodes (3827 simplex iterations) in 2.95 seconds (1.24 work units)
Thread count was 8 (of 8 available processors)

Solution count 10: 103.971 106.022 107.116 ... 152.35

Optimal solution found (tolerance 1.00e-02)
Best objective 1.039708625380e+02, best bound 1.033760199529e+02, gap 0.5721%

User-callback calls 1235, time in user-callback 0.00 sec
  efficiency-warmstart status=OPTIMAL
  warm pshed_total=570.78   σ_start=0.005411
Set parameter NumericFocus to value 2
Set parameter NonConvex to value 2
Set parameter MIPGap to value 0.01
Set parameter MIPFocus to value 1
Set parameter TimeLimit to value 300
Gurobi Optimizer version 12.0.3 build v12.0.3rc0 (win64 - Windows 11+.0 (26200.2))

CPU model: 11th Gen Intel(R) Core(TM) i7-1165G7 @ 2.80GHz, instruction set [SSE2|AVX|AVX2|AVX512]
Thread count: 4 physical cores, 8 logical processors, using up to 8 threads

Non-default parameters:
TimeLimit  300
MIPGap  0.01
MIPFocus  1
NonConvex  2
NumericFocus  2

Optimize a model with 27533 rows, 15883 columns and 71223 nonzeros
Model fingerprint: 0x718f4dda
Model has 793 quadratic constraints
Variable types: 14842 continuous, 1041 integer (1041 binary)
Coefficient statistics:
  Matrix range     [9e-09, 4e+02]
  QMatrix range    [1e+00, 5e+02]
  QLMatrix range   [1e+00, 1e+00]
  Objective range  [6e-02, 4e-01]
  Bounds range     [1e-08, 2e+01]
  RHS range        [7e-01, 4e+02]
  QRHS range       [1e+00, 1e+00]

User MIP start did not produce a new incumbent solution
User MIP start violates constraint R122 by 4.728434505

Presolve removed 13752 rows and 7584 columns
Presolve time: 0.26s
Presolved: 13967 rows, 8472 columns, 47786 nonzeros
Presolved model has 648 quadratic constraint(s)
Presolved model has 28 bilinear constraint(s)
Warning: Model contains variables with very large bounds participating
         in product terms.
         Presolve was not able to compute smaller bounds for these variables.
         Consider bounding these variables or reformulating the model.


Solving non-convex MIQCP

Variable types: 7815 continuous, 657 integer (657 binary)

Root relaxation: objective 6.259636e+01, 4467 iterations, 0.13 seconds (0.11 work units)

    Nodes    |    Current Node    |     Objective Bounds      |     Work
 Expl Unexpl |  Obj  Depth IntInf | Incumbent    BestBd   Gap | It/Node Time

     0     0   62.59636    0  256          -   62.59636      -     -    0s
Another try with MIP start
H    0     0                     103.9708627   62.87751  39.5%     -    0s
     0     0   62.87751    0  237  103.97086   62.87751  39.5%     -    0s
     0     0   63.05967    0  266  103.97086   63.05967  39.3%     -    1s
     0     0   63.05967    0  260  103.97086   63.05967  39.3%     -    1s
     0     0   66.27118    0  241  103.97086   66.27118  36.3%     -    1s
     0     0   66.74208    0  217  103.97086   66.74208  35.8%     -    2s
     0     0   67.39962    0   81  103.97086   67.39962  35.2%     -    2s
     0     2   67.39962    0   81  103.97086   67.39962  35.2%     -    4s
     7    12   80.61598    3  150  103.97086   69.76356  32.9%  1710    5s
   173   150  103.14830   42  128  103.97086   70.88684  31.8%   105   10s
   333   217   92.74480   32  143  103.97086   71.28138  31.4%  81.4   15s
   441   295   97.56305   50  110  103.97086   71.28138  31.4%  67.1   20s
   498   307   96.51521   22   92  103.97086   74.70297  28.2%  62.6   25s
   561   334  102.85666   26   76  103.97086   77.86011  25.1%  94.6   30s
   757   390  100.12705   43   70  103.97086   82.03091  21.1%  74.3   35s
   933   420   96.37613   29   74  103.97086   83.15968  20.0%  62.2   40s
H 1010   414                     103.6366344   83.60742  19.3%  58.8   43s
  1084   447   98.05644   53   53  103.63663   83.60742  19.3%  56.0   45s
  1344   514   99.94838   29   76  103.63663   84.89286  18.1%  48.3   50s
  1565   621  102.65137   61   43  103.63663   86.47833  16.6%  43.6   55s
  1815   737  102.90546   46   67  103.63663   88.18911  14.9%  46.4   60s
  2071   859  102.79302   59   67  103.63663   88.94515  14.2%  45.6   66s
  2271   986  100.46469   46   73  103.63663   89.50513  13.6%  45.9   70s
H 2334   974                     103.5187858   89.68618  13.4%  45.9   70s
  2505  1124   94.14914   27   95  103.51879   89.97064  13.1%  45.7   75s
  2720  1198   94.43841   27  107  103.51879   90.29059  12.8%  47.7   81s
  2913  1257  102.76127   40   93  103.51879   90.67303  12.4%  48.5   86s
  3108  1362  101.73004   42   88  103.51879   91.13599  12.0%  50.1   90s
  3323  1487   94.06840   38   98  103.51879   91.56264  11.5%  51.0   95s
  3557  1613   94.14027   26  104  103.51879   91.89122  11.2%  52.3  101s
  3683  1671  103.17526   50   71  103.51879   92.09851  11.0%  52.4  105s
  3904  1818  100.56361   62   57  103.51879   92.11163  11.0%  51.7  111s
  4188  1949   97.65993   49   72  103.51879   92.33907  10.8%  51.9  117s
  4250  2047   98.59210   49   82  103.51879   92.38084  10.8%  51.6  121s
  4402  2108  100.42448   56   79  103.51879   92.53703  10.6%  51.2  125s
  4717  2284   94.13917   40   95  103.51879   92.63837  10.5%  51.6  132s
  4897  2330   95.00334   29   96  103.51879   92.66041  10.5%  50.9  136s
  4989  2392  102.74051   54   72  103.51879   92.75736  10.4%  51.2  140s
  5213  2545   93.49729   35  107  103.51879   92.98980  10.2%  51.9  148s
  5419  2654     cutoff   79       103.51879   93.06117  10.1%  52.1  153s
  5624  2780  103.37014   74   17  103.51879   93.14690  10.0%  52.9  158s
  5868  2840 infeasible   56       103.51879   93.39196  9.78%  52.6  163s
  6000  2900   99.51435   50   69  103.51879   93.39196  9.78%  53.4  168s
  6083  3003  103.07710   89    5  103.51879   93.39196  9.78%  53.1  173s
  6245  3104 infeasible   82       103.51879   93.52989  9.65%  52.5  180s
  6465  3182   97.22711   32   99  103.51879   93.70978  9.48%  52.9  186s
  6635  3361  102.74994   57   69  103.51879   93.80527  9.38%  52.4  193s
  6899  3399 infeasible   73       103.51879   93.80527  9.38%  51.9  199s
  7115  3581   94.34939   35   98  103.51879   93.80527  9.38%  54.4  206s
  7429  3635  103.47829   64   63  103.51879   94.06924  9.13%  53.6  216s
  7715  3782  103.37298   87    7  103.51879   94.23040  8.97%  55.7  225s
  8040  3943  102.24745   49   78  103.51879   94.37675  8.83%  55.4  234s
  8316  4104  102.48275   61   66  103.51879   94.49890  8.71%  55.0  243s
  8635  4148  103.47571   59   58  103.51879   94.55409  8.66%  54.6  253s
  8890  4298   99.42745   30  102  103.51879   94.65563  8.56%  56.7  261s
  9141  4451     cutoff   63       103.51879   94.76417  8.46%  56.3  270s
  9443  4471 infeasible   79       103.51879   94.83347  8.39%  55.7  279s
  9765  4652  102.60746   59   74  103.51879   94.91573  8.31%  58.3  292s
 10154  4741  103.51157   60   75  103.51879   95.00180  8.23%  57.8  300s

Cutting planes:
  Learned: 1
  Cover: 17
  Implied bound: 193
  Clique: 21
  MIR: 19
  StrongCG: 2
  Flow cover: 79
  RLT: 48
  Relax-and-lift: 50
  BQP: 1

Explored 10342 nodes (613698 simplex iterations) in 300.14 seconds (128.97 work units)
Thread count was 8 (of 8 available processors)

Solution count 3: 103.519 103.637 103.971 

Time limit reached
Best objective 1.035187857666e+02, best bound 9.508407901410e+01, gap 8.1480%

User-callback calls 35760, time in user-callback 0.07 sec
alpha=0.0  status=TIME_LIMIT
  agg total_shed = 565.683   palma_served (x-space post-hoc) = 1.3579   model(σ·top) = 1.3579   [σ=0.005658, top_sum=240.0, bot_sum=176.738]
Gurobi Optimizer version 12.0.3 build v12.0.3rc0 (win64 - Windows 11+.0 (26200.2))

CPU model: 11th Gen Intel(R) Core(TM) i7-1165G7 @ 2.80GHz, instruction set [SSE2|AVX|AVX2|AVX512]
Thread count: 4 physical cores, 8 logical processors, using up to 8 threads

Non-default parameters:
TimeLimit  300
MIPGap  0.01
MIPFocus  1
GomoryPasses  0
NonConvex  2
NumericFocus  2

Optimize a model with 27533 rows, 15883 columns and 71223 nonzeros
Model fingerprint: 0x635f83fd
Model has 9 quadratic objective terms
Model has 793 quadratic constraints
Variable types: 14842 continuous, 1041 integer (1041 binary)
Coefficient statistics:
  Matrix range     [9e-09, 4e+02]
  QMatrix range    [1e+00, 5e+02]
  QLMatrix range   [1e+00, 1e+00]
  Objective range  [6e-02, 4e-01]
  QObjective range [2e-01, 2e-01]
  Bounds range     [1e-08, 2e+01]
  RHS range        [7e-01, 4e+02]
  QRHS range       [1e+00, 1e+00]

User MIP start did not produce a new incumbent solution
User MIP start violates constraint R122 by 4.728434505
Loaded MIP start from previous solve with objective 92.1676

Presolve removed 13752 rows and 7584 columns
Presolve time: 0.37s
Presolved: 13986 rows, 8482 columns, 47832 nonzeros
Presolved model has 648 quadratic constraint(s)
Presolved model has 37 bilinear constraint(s)
Warning: Model contains variables with very large bounds participating
         in product terms.
         Presolve was not able to compute smaller bounds for these variables.
         Consider bounding these variables or reformulating the model.


Solving non-convex MIQCP

Variable types: 7825 continuous, 657 integer (657 binary)

Root relaxation: objective 5.564181e+01, 4667 iterations, 0.21 seconds (0.12 work units)

    Nodes    |    Current Node    |     Objective Bounds      |     Work
 Expl Unexpl |  Obj  Depth IntInf | Incumbent    BestBd   Gap | It/Node Time

     0     0   55.64181    0  283   92.16758   55.64181  39.6%     -    1s
     0     0   55.95810    0  258   92.16758   55.95810  39.3%     -    1s
     0     0   56.41719    0  300   92.16758   56.41719  38.8%     -    2s
     0     0   56.87410    0  291   92.16758   56.87410  38.3%     -    2s
     0     0   58.20652    0  297   92.16758   58.20652  36.8%     -    3s
     0     0   59.47881    0  264   92.16758   59.47881  35.5%     -    3s
     0     0   61.86494    0  167   92.16758   61.86494  32.9%     -    4s
     0     2   61.86494    0  162   92.16758   61.86494  32.9%     -   10s
H    1     4                      92.1675810   62.72513  31.9%   863   11s
    64    52   84.66217   16  221   92.16758   64.37579  30.2%   245   15s
H   75    59                      92.1675810   64.37579  30.2%   212   15s
   198   157   91.54524   46  148   92.16758   64.37579  30.2%  97.2   21s
   255   177   91.37056   57  146   92.16758   64.37579  30.2%   113   25s
   338   211 infeasible   77        92.16758   66.60005  27.7%   104   30s
   408   248   85.18189   16  210   92.16758   66.60005  27.7%  95.5   35s
   457   284   87.46129   18  205   92.16758   66.60005  27.7%  88.2   41s
   495   300   71.04398    3  137   92.16758   66.60005  27.7%  88.6   51s
   501   304   90.14008   26  183   92.16758   69.52732  24.6%  87.6   55s
   504   307   91.84925   61  137   92.16758   69.54748  24.5%   125   61s
   510   311   90.63346   45  164   92.16758   72.96845  20.8%   123   65s
   513   314   72.96845    5  137   92.16758   72.96845  20.8%   153   72s
   517   317   86.72246   36  164   92.16758   72.96845  20.8%   152   75s
   520   319   91.37548   66  125   92.16758   72.96845  20.8%   151   81s
   522   323   73.85081   38  142   92.16758   73.10971  20.7%   185   85s
   615   338   87.24963   51  137   92.16758   77.64526  15.8%   177   90s
   797   398   91.75451   74   64   92.16758   77.64526  15.8%   146   96s
   902   438   91.75065   88   52   92.16758   77.64526  15.8%   144  100s
  1072   475   89.12190   55  132   92.16758   78.50657  14.8%   131  105s
  1200   478   80.92986   49  129   92.16758   79.97353  13.2%   120  110s
  1247   513   84.95146   50  128   92.16758   79.97353  13.2%   128  115s
  1390   533   89.95587   70   68   92.16758   80.05353  13.1%   123  120s
  1510   590   90.65998   81   41   92.16758   80.05353  13.1%   119  125s
  1632   688 infeasible   91        92.16758   80.05353  13.1%   114  130s
  1834   750   88.25225   54  140   92.16758   83.15642  9.78%   111  136s
  1913   826   88.53973   57  139   92.16758   83.25993  9.66%   108  141s
  2062   910   86.15704   48  152   92.16758   83.46551  9.44%   110  145s
  2246  1038   91.66561   90   65   92.16758   83.46551  9.44%   105  150s
  2458  1211   91.39706   76   59   92.16758   83.84179  9.03%   100  155s
  2666  1312 infeasible   93        92.16758   83.86978  9.00%   101  160s
  2873  1359   91.65851   53  139   92.16758   83.93629  8.93%  97.0  166s
  3025  1477   88.61678   65  130   92.16758   83.97864  8.88%  97.3  171s
  3174  1545   92.08042   85   73   92.16758   84.00956  8.85%  94.8  175s
  3396  1667   91.90091   81   41   92.16758   84.03216  8.83%  94.6  181s
  3532  1772   84.56813   55  137   92.16758   84.07635  8.78%  93.5  185s
  3908  2007   86.38696   61   96   92.16758   84.15618  8.69%  89.1  193s
  4096  2051   90.56197   81   33   92.16758   84.17350  8.67%  87.0  197s
  4221  2128   88.04912   69  117   92.16758   84.19312  8.65%  85.7  201s
  4408  2265     cutoff   90        92.16758   84.19312  8.65%  85.7  206s
  4625  2351 infeasible   86        92.16758   84.25633  8.58%  83.9  211s
  4864  2477   85.25607   61   95   92.16758   84.30296  8.53%  82.7  216s
  5070  2561 infeasible   85        92.16758   84.33623  8.50%  81.7  221s
  5246  2688   89.51259   68  110   92.16758   84.35607  8.48%  80.9  227s
  5458  2803   91.20684   93   67   92.16758   84.36612  8.46%  80.6  233s
  5651  2901   89.08767   72  104   92.16758   84.41072  8.42%  80.9  238s
  5874  2998   88.79699   70   75   92.16758   84.42429  8.40%  79.9  244s
  6059  3107   86.06948   64  131   92.16758   84.45658  8.37%  79.3  250s
  6270  3237   89.28143   68  117   92.16758   84.45658  8.37%  80.4  256s
  6526  3425   87.82370   56  140   92.16758   84.52386  8.29%  80.0  263s
  6853  3555   90.52905   69  127   92.16758   84.56246  8.25%  78.5  273s
  7104  3686 infeasible   88        92.16758   84.56716  8.25%  77.4  280s
  7368  3848   90.42614   62  129   92.16758   84.61426  8.20%  76.9  288s
  7671  4035   87.09194   67  127   92.16758   84.67190  8.13%  75.6  296s
  7982  4099   88.64058   78   71   92.16758   84.67576  8.13%  74.3  300s

Cutting planes:
  Cover: 12
  Implied bound: 149
  Clique: 22
  MIR: 21
  StrongCG: 1
  Flow cover: 190
  RLT: 44
  Relax-and-lift: 22

Explored 8111 nodes (617641 simplex iterations) in 300.09 seconds (125.06 work units)
Thread count was 8 (of 8 available processors)

Solution count 1: 92.1676 

Time limit reached
Best objective 9.216758099117e+01, best bound 8.467576049063e+01, gap 8.1285%

User-callback calls 39217, time in user-callback 0.12 sec
alpha=0.1111111111111111  status=TIME_LIMIT
  agg total_shed = 565.683   palma_served (x-space post-hoc) = 1.3579   model(σ·top) = 1.3579   [σ=0.005658, top_sum=240.0, bot_sum=176.738]
Gurobi Optimizer version 12.0.3 build v12.0.3rc0 (win64 - Windows 11+.0 (26200.2))

CPU model: 11th Gen Intel(R) Core(TM) i7-1165G7 @ 2.80GHz, instruction set [SSE2|AVX|AVX2|AVX512]
Thread count: 4 physical cores, 8 logical processors, using up to 8 threads

Non-default parameters:
TimeLimit  300
MIPGap  0.01
MIPFocus  1
GomoryPasses  0
NonConvex  2
NumericFocus  2

Optimize a model with 27533 rows, 15883 columns and 71223 nonzeros
Model fingerprint: 0xbeec152f
Model has 9 quadratic objective terms
Model has 793 quadratic constraints
Variable types: 14842 continuous, 1041 integer (1041 binary)
Coefficient statistics:
  Matrix range     [9e-09, 4e+02]
  QMatrix range    [1e+00, 5e+02]
  QLMatrix range   [1e+00, 1e+00]
  Objective range  [5e-02, 3e-01]
  QObjective range [4e-01, 4e-01]
  Bounds range     [1e-08, 2e+01]
  RHS range        [7e-01, 4e+02]
  QRHS range       [1e+00, 1e+00]

User MIP start did not produce a new incumbent solution
User MIP start violates constraint R122 by 4.728434505
Loaded MIP start from previous solve with objective 80.8164

Presolve removed 13752 rows and 7584 columns
Presolve time: 0.34s
Presolved: 13986 rows, 8482 columns, 47832 nonzeros
Presolved model has 648 quadratic constraint(s)
Presolved model has 37 bilinear constraint(s)
Warning: Model contains variables with very large bounds participating
         in product terms.
         Presolve was not able to compute smaller bounds for these variables.
         Consider bounding these variables or reformulating the model.


Solving non-convex MIQCP

Found heuristic solution: objective 80.8163763
Variable types: 7825 continuous, 657 integer (657 binary)

Root relaxation: objective 4.868726e+01, 4627 iterations, 0.16 seconds (0.12 work units)

    Nodes    |    Current Node    |     Objective Bounds      |     Work
 Expl Unexpl |  Obj  Depth IntInf | Incumbent    BestBd   Gap | It/Node Time

     0     0   48.68726    0  234   80.81638   48.68726  39.8%     -    0s
     0     0   48.96427    0  217   80.81638   48.96427  39.4%     -    0s
     0     0   49.04861    0  290   80.81638   49.04861  39.3%     -    1s
     0     0   49.04861    0  286   80.81638   49.04861  39.3%     -    1s
     0     0   51.51103    0  303   80.81638   51.51103  36.3%     -    1s
     0     0   52.23223    0  272   80.81638   52.23223  35.4%     -    1s
     0     0   55.74521    0  158   80.81638   55.74521  31.0%     -    2s
     0     2   55.74521    0  157   80.81638   55.74521  31.0%     -    5s
H   44    37                      80.8163762   57.69112  28.6%   327    7s
   122   107   79.50236   27  196   80.81638   57.69112  28.6%   128   10s
   334   230   72.16729   35  178   80.81638   57.69112  28.6%  83.7   15s
   484   288   79.40967   58  125   80.81638   57.69112  28.6%  65.0   21s
   492   293   75.56005   42   82   80.81638   58.40945  27.7%  64.0   26s
   610   350   77.25095   31  136   80.81638   63.07823  21.9%   102   30s
   797   425   73.42528   54   78   80.81638   63.07823  21.9%  88.2   35s
   982   448 infeasible   17        80.81638   67.64304  16.3%   102   40s
  1176   514     cutoff   41        80.81638   67.97255  15.9%  94.6   45s
  1343   590   76.51752   37  125   80.81638   68.76717  14.9%  91.2   50s
  1516   666   79.58211   65   64   80.81638   69.98649  13.4%  89.0   55s
  1602   712   78.23778   34  153   80.81638   70.30448  13.0%  94.8   60s
  1809   882   74.33182   37  135   80.81638   70.90887  12.3%  89.2   66s
  1998   976   74.00551   27  152   80.81638   71.24200  11.8%  85.8   70s
  2132  1048   80.38619   62   48   80.81638   71.24200  11.8%  83.7   76s
H 2220  1075                      80.8163758   71.45446  11.6%  83.6   78s
  2241  1110   73.47447   36  138   80.81638   71.57546  11.4%  83.8   80s
  2402  1227 infeasible   76        80.81638   71.57660  11.4%  81.4   85s
  2693  1378   74.63660   38  115   80.81638   71.91808  11.0%  80.1   92s
  2832  1476   77.94638   62   50   80.81638   71.91808  11.0%  78.1   97s
  2937  1559   74.14183   35  142   80.81638   72.01533  10.9%  76.5  100s
  3130  1690   72.76748   26  137   80.81638   72.01533  10.9%  74.1  106s
  3386  1828   72.71417   27  133   80.81638   72.06886  10.8%  74.3  112s
  3501  1888   79.85553   61   83   80.81638   72.15536  10.7%  73.3  115s
  3788  2070   78.87315   82   72   80.81638   72.23512  10.6%  71.4  123s
  3916  2193   78.23361   63   81   80.81638   72.23512  10.6%  70.5  127s
  4119  2320   77.10227   54   75   80.81638   72.34115  10.5%  68.7  132s
  4318  2470   75.36545   43  124   80.81638   72.40348  10.4%  66.7  136s
  4542  2556   76.01362   39  137   80.81638   72.46070  10.3%  64.8  140s
  4706  2703 infeasible   69        80.81638   72.49291  10.3%  64.6  145s
  4911  2836   77.27275   60   71   80.81638   72.49291  10.3%  63.5  150s
  5150  2977   78.63386   69   61   80.81638   72.52438  10.3%  62.3  156s
  5382  3092 infeasible   71        80.81638   72.56967  10.2%  60.9  161s
  5607  3234   75.48055   39  119   80.81638   72.62644  10.1%  60.2  167s
  5872  3351     cutoff   70        80.81638   72.64558  10.1%  59.3  172s
  6043  3499 infeasible   45        80.81638   72.70028  10.0%  58.7  178s
  6267  3597   73.42300   26  147   80.81638   72.70826  10.0%  58.0  184s
  6437  3738   77.60860   51   91   80.81638   72.70829  10.0%  57.4  191s
  6720  3900   77.16571   60   78   80.81638   72.76876  10.0%  56.3  198s
  7032  4065   79.98486   48  119   80.81638   72.82468  9.89%  55.5  205s
  7322  4211   80.18648   66   69   80.81638   72.83642  9.87%  54.8  212s
  7602  4335   74.93668   39  120   80.81638   72.89632  9.80%  54.2  219s
  7885  4540   75.95970   46   79   80.81638   72.91242  9.78%  54.2  228s
  8221  4719   79.35958   41  125   80.81638   72.97659  9.70%  53.5  236s
  8562  4887   77.43806   54   77   80.81638   73.00823  9.66%  53.1  244s
  8857  5063   75.45928   43  142   80.81638   73.04965  9.61%  52.5  253s
  9195  5302   77.79846   49  119   80.81638   73.06051  9.60%  52.0  262s
  9603  5592   74.09028   36  142   80.81638   73.08738  9.56%  51.3  272s
 10077  5815 infeasible   49        80.81638   73.11686  9.53%  50.4  282s
 10492  6077   79.59635   56   80   80.81638   73.15628  9.48%  49.7  293s
 11022  6224   79.60466   75   75   80.81638   73.16409  9.47%  48.8  300s

Cutting planes:
  Learned: 3
  Cover: 24
  Implied bound: 235
  Clique: 20
  MIR: 30
  StrongCG: 2
  Flow cover: 170
  RLT: 62
  Relax-and-lift: 50
  BQP: 1

Explored 11315 nodes (566559 simplex iterations) in 300.12 seconds (129.23 work units)
Thread count was 8 (of 8 available processors)

Solution count 3: 80.8164 80.8164 80.8164 

Time limit reached
Best objective 8.081637576069e+01, best bound 7.318553359990e+01, gap 9.4422%

User-callback calls 39478, time in user-callback 0.09 sec
alpha=0.2222222222222222  status=TIME_LIMIT
  agg total_shed = 565.683   palma_served (x-space post-hoc) = 1.3579   model(σ·top) = 1.3579   [σ=0.005658, top_sum=240.0, bot_sum=176.738]
Gurobi Optimizer version 12.0.3 build v12.0.3rc0 (win64 - Windows 11+.0 (26200.2))

CPU model: 11th Gen Intel(R) Core(TM) i7-1165G7 @ 2.80GHz, instruction set [SSE2|AVX|AVX2|AVX512]
Thread count: 4 physical cores, 8 logical processors, using up to 8 threads

Non-default parameters:
TimeLimit  300
MIPGap  0.01
MIPFocus  1
GomoryPasses  0
NonConvex  2
NumericFocus  2

Optimize a model with 27533 rows, 15883 columns and 71223 nonzeros
Model fingerprint: 0xdd4fb4e2
Model has 9 quadratic objective terms
Model has 793 quadratic constraints
Variable types: 14842 continuous, 1041 integer (1041 binary)
Coefficient statistics:
  Matrix range     [9e-09, 4e+02]
  QMatrix range    [1e+00, 5e+02]
  QLMatrix range   [1e+00, 1e+00]
  Objective range  [4e-02, 3e-01]
  QObjective range [7e-01, 7e-01]
  Bounds range     [1e-08, 2e+01]
  RHS range        [7e-01, 4e+02]
  QRHS range       [1e+00, 1e+00]

User MIP start did not produce a new incumbent solution
User MIP start violates constraint R122 by 4.728434505
Loaded MIP start from previous solve with objective 69.4652

Presolve removed 13752 rows and 7584 columns
Presolve time: 0.34s
Presolved: 13986 rows, 8482 columns, 47832 nonzeros
Presolved model has 648 quadratic constraint(s)
Presolved model has 37 bilinear constraint(s)
Warning: Model contains variables with very large bounds participating
         in product terms.
         Presolve was not able to compute smaller bounds for these variables.
         Consider bounding these variables or reformulating the model.


Solving non-convex MIQCP

Variable types: 7825 continuous, 657 integer (657 binary)

Root relaxation: objective 4.173270e+01, 4627 iterations, 0.15 seconds (0.12 work units)

    Nodes    |    Current Node    |     Objective Bounds      |     Work
 Expl Unexpl |  Obj  Depth IntInf | Incumbent    BestBd   Gap | It/Node Time

     0     0   41.73270    0  234   69.46517   41.73270  39.9%     -    0s
     0     0   41.97045    0  217   69.46517   41.97045  39.6%     -    0s
     0     0   42.04308    0  287   69.46517   42.04308  39.5%     -    1s
     0     0   42.04308    0  283   69.46517   42.04308  39.5%     -    1s
     0     0   44.42493    0  293   69.46517   44.42493  36.0%     -    1s
     0     0   45.04287    0  267   69.46517   45.04287  35.2%     -    1s
     0     0   47.69826    0  158   69.46517   47.69826  31.3%     -    2s
     0     2   47.69826    0  154   69.46517   47.69826  31.3%     -    5s
   155   131   68.69549   37  170   69.46517   49.56578  28.6%   101   10s
   362   245   67.27106   74  130   69.46517   51.81577  25.4%  86.7   15s
   489   295   65.09924   30  126   69.46517   51.84925  25.4%  80.2   20s
   497   300   67.60119   67   84   69.46517   51.84925  25.4%  78.9   25s
   576   339   65.85577   29  112   69.46517   53.41076  23.1%   108   30s
   763   408   62.44348   24  107   69.46517   53.42822  23.1%   101   35s
   900   425   57.64192   23  113   69.46517   54.50443  21.5%  93.9   40s
  1076   518   68.49420   51   65   69.46517   54.57538  21.4%  85.4   45s
  1254   568 infeasible   62        69.46517   54.93655  20.9%  83.9   50s
  1428   586   63.72973   33  104   69.46517   54.98763  20.8%  88.6   55s
  1590   665   65.86557   55   54   69.46517   57.49966  17.2%  85.9   60s
  1749   715   67.40380   24  141   69.46517   59.38676  14.5%  85.5   65s
  1842   737   68.10606   26  139   69.46517   59.67709  14.1%  85.4   70s
  1966   770   67.39731   29  121   69.46517   59.81933  13.9%  86.2   75s
  2144   845   63.33243   26  128   69.46517   60.15945  13.4%  85.2   80s
  2329   906   67.92314   28  120   69.46517   60.71377  12.6%  82.8   85s
  2637  1032   66.35239   48   68   69.46517   61.06212  12.1%  80.2   92s
  2738  1087   67.38016   37  121   69.46517   61.56093  11.4%  81.0   95s
  2968  1216   68.10772   27  130   69.46517   62.06330  10.7%  80.4  101s
  3148  1281   62.37106   26  145   69.46517   62.20539  10.5%  79.8  106s
  3226  1353   65.38835   27  143   69.46517   62.31593  10.3%  79.6  110s
  3421  1480   65.97465   29  135   69.46517   62.31593  10.3%  78.6  117s
  3549  1568   66.20681   28  139   69.46517   62.31593  10.3%  77.9  120s
  3876  1693   64.96205   41   86   69.46517   62.77369  9.63%  77.7  128s
  4015  1744   67.25457   29  130   69.46517   62.85047  9.52%  77.7  132s
  4114  1811   67.76761   30  135   69.46517   62.94442  9.39%  77.5  136s
  4229  1957   65.97436   45   60   69.46517   63.03790  9.25%  77.6  140s
  4466  2055 infeasible   68        69.46517   63.04215  9.25%  75.8  145s
  4650  2215   63.54957   39   98   69.46517   63.04603  9.24%  74.9  151s
  4873  2346   65.67384   68   51   69.46517   63.04735  9.24%  74.1  156s
  5102  2499   64.53868   59   49   69.46517   63.04842  9.24%  73.0  162s
  5314  2659   63.05238   55   78   69.46517   63.04919  9.24%  72.9  168s
  5561  2794   65.90449   69   46   69.46517   63.05001  9.24%  72.9  174s
  5783  2887   63.05238   51   83   69.46517   63.05040  9.23%  71.9  180s
  5950  3017   65.17577   50   60   69.46517   63.05073  9.23%  71.9  186s
  6198  3139   63.91556   50   66   69.46517   63.05085  9.23%  71.0  193s
  6451  3296   63.05225   51   75   69.46517   63.05102  9.23%  70.5  200s
  6710  3442   64.22561   63   64   69.46517   63.05135  9.23%  69.7  207s
  7028  3533   63.07848   49   64   69.46517   63.05161  9.23%  68.4  214s
  7284  3657   63.20217   48   60   69.46517   63.05169  9.23%  69.6  222s
  7514  3841   65.97346   63   44   69.46517   63.05183  9.23%  68.7  230s
  7884  4015   65.58195   57   40   69.46517   63.05193  9.23%  67.3  239s
  8204  4174   63.73440   44   51   69.46517   63.05202  9.23%  65.9  249s
  8591  4372 infeasible   62        69.46517   63.05202  9.23%  64.3  258s
  8986  4510   63.22615   47  174   69.46517   63.05208  9.23%  63.9  267s
  9296  4714   67.20698   56   64   69.46517   63.05209  9.23%  63.6  280s
  9726  4943   65.90504   49   48   69.46517   63.05213  9.23%  62.5  291s
 10235  4841   66.90094   65   43   69.46517   63.05217  9.23%  61.1  300s

Cutting planes:
  Learned: 5
  Cover: 19
  Implied bound: 212
  Clique: 26
  MIR: 54
  StrongCG: 4
  Flow cover: 219
  RLT: 51
  Relax-and-lift: 40

Explored 10577 nodes (694621 simplex iterations) in 300.09 seconds (132.30 work units)
Thread count was 8 (of 8 available processors)

Solution count 1: 69.4652 

Time limit reached
Best objective 6.946517108675e+01, best bound 6.305221675930e+01, gap 9.2319%

User-callback calls 37687, time in user-callback 0.10 sec
alpha=0.3333333333333333  status=TIME_LIMIT
  agg total_shed = 565.683   palma_served (x-space post-hoc) = 1.3579   model(σ·top) = 1.3579   [σ=0.005658, top_sum=240.0, bot_sum=176.738]
Gurobi Optimizer version 12.0.3 build v12.0.3rc0 (win64 - Windows 11+.0 (26200.2))

CPU model: 11th Gen Intel(R) Core(TM) i7-1165G7 @ 2.80GHz, instruction set [SSE2|AVX|AVX2|AVX512]
Thread count: 4 physical cores, 8 logical processors, using up to 8 threads

Non-default parameters:
TimeLimit  300
MIPGap  0.01
MIPFocus  1
GomoryPasses  0
NonConvex  2
NumericFocus  2

Optimize a model with 27533 rows, 15883 columns and 71223 nonzeros
Model fingerprint: 0xf8ac1d55
Model has 9 quadratic objective terms
Model has 793 quadratic constraints
Variable types: 14842 continuous, 1041 integer (1041 binary)
Coefficient statistics:
  Matrix range     [9e-09, 4e+02]
  QMatrix range    [1e+00, 5e+02]
  QLMatrix range   [1e+00, 1e+00]
  Objective range  [4e-02, 2e-01]
  QObjective range [9e-01, 9e-01]
  Bounds range     [1e-08, 2e+01]
  RHS range        [7e-01, 4e+02]
  QRHS range       [1e+00, 1e+00]

User MIP start did not produce a new incumbent solution
User MIP start violates constraint R122 by 4.728434505
Loaded MIP start from previous solve with objective 58.114

Presolve removed 13752 rows and 7584 columns
Presolve time: 0.33s
Presolved: 13986 rows, 8482 columns, 47832 nonzeros
Presolved model has 648 quadratic constraint(s)
Presolved model has 37 bilinear constraint(s)
Warning: Model contains variables with very large bounds participating
         in product terms.
         Presolve was not able to compute smaller bounds for these variables.
         Consider bounding these variables or reformulating the model.


Solving non-convex MIQCP

Variable types: 7825 continuous, 657 integer (657 binary)

Root relaxation: objective 3.477815e+01, 4640 iterations, 0.15 seconds (0.12 work units)

    Nodes    |    Current Node    |     Objective Bounds      |     Work
 Expl Unexpl |  Obj  Depth IntInf | Incumbent    BestBd   Gap | It/Node Time

     0     0   34.77815    0  242   58.11397   34.77815  40.2%     -    0s
     0     0   34.97662    0  225   58.11397   34.97662  39.8%     -    0s
     0     0   35.12112    0  287   58.11397   35.12112  39.6%     -    1s
     0     0   35.12112    0  285   58.11397   35.12112  39.6%     -    1s
     0     0   36.34066    0  290   58.11397   36.34066  37.5%     -    1s
     0     0   36.67543    0  251   58.11397   36.67543  36.9%     -    1s
     0     0   36.67543    0  173   58.11397   36.67543  36.9%     -    2s
     0     2   36.67543    0  162   58.11397   36.67543  36.9%     -    7s
    80    68   54.09596   18  223   58.11397   39.87366  31.4%   197   10s
   297   211   50.43766   21  205   58.11397   42.83917  26.3%  93.4   15s
   341   238   52.12746   32  195   58.11397   42.83917  26.3%  83.6   20s
   373   269   52.82537   40  182   58.11397   42.83917  26.3%  78.1   25s
   446   320   52.44939   35  143   58.11397   42.83917  26.3%  66.7   33s
   450   323   53.08063   23  174   58.11397   42.83917  26.3%  66.2   35s
   528   365   54.96758   21  142   58.11397   43.85995  24.5%   106   40s
   724   436   57.07801   48   61   58.11397   45.59666  21.5%   102   45s
   900   460   51.46415   21  145   58.11397   46.90178  19.3%  93.8   50s
  1004   507   56.22536   26  137   58.11397   46.90178  19.3%  88.7   55s
  1194   573   55.18841   36   79   58.11397   47.80874  17.7%  87.5   62s
  1341   619 infeasible   51        58.11397   48.46096  16.6%  86.1   65s
  1525   722   50.71161   21  128   58.11397   49.39961  15.0%  81.2   70s
  1760   879   56.68971   26  136   58.11397   49.73550  14.4%  79.5   76s
  1976   953   57.43782   31  122   58.11397   49.81548  14.3%  75.5   80s
  2204  1092   54.51186   28  125   58.11397   50.16070  13.7%  76.2   86s
  2381  1185 infeasible   55        58.11397   50.58665  13.0%  74.1   90s
  2604  1321   57.21511   36   94   58.11397   50.99710  12.2%  73.3   96s
  2740  1401   54.76676   39   93   58.11397   50.99710  12.2%  72.8  100s
  2946  1489     cutoff   26        58.11397   51.53826  11.3%  72.0  105s
  3051  1596   55.11777   44   82   58.11397   51.53826  11.3%  72.0  110s
  3272  1734   54.35739   37   83   58.11397   51.73604  11.0%  70.2  116s
  3371  1779   56.56299   45   46   58.11397   51.79417  10.9%  69.4  120s
  3609  1979   53.17092   28  132   58.11397   51.96007  10.6%  71.8  127s
  3809  2088 infeasible   51        58.11397   51.96007  10.6%  70.1  131s
  4014  2185   55.16115   54   67   58.11397   52.00675  10.5%  68.6  135s
  4332  2515   53.49129   34   87   58.11397   52.03284  10.5%  69.2  143s
  4566  2627   53.49543   37   82   58.11397   52.03284  10.5%  65.9  147s
  4739  2735   54.29572   42   69   58.11397   52.04614  10.4%  66.0  152s
  4949  2832   53.49626   49  189   58.11397   52.05815  10.4%  66.6  157s
  5143  2969   53.36355   33   87   58.11397   52.20740  10.2%  66.7  162s
  5355  3122   54.45097   49   70   58.11397   52.20740  10.2%  67.6  167s
  5595  3250   55.22856   78   45   58.11397   52.21252  10.2%  66.5  173s
  5830  3434 infeasible   46        58.11397   52.21303  10.2%  65.1  179s
  6113  3631   52.22041   43   82   58.11397   52.21615  10.1%  63.3  185s
  6395  3730   53.99014   58   40   58.11397   52.21750  10.1%  62.2  190s
  6572  3908   54.98511   68   34   58.11397   52.21783  10.1%  62.3  196s
  6848  4106 infeasible   66        58.11397   52.21838  10.1%  62.9  203s
  7159  4254   56.83059   81   30   58.11397   52.21877  10.1%  61.7  210s
  7467  4417   52.22060   44   88   58.11397   52.21896  10.1%  60.7  218s
  7819  4606   53.40306   55   48   58.11397   52.21905  10.1%  59.4  225s
  8173  4797   57.84545   64   35   58.11397   52.21926  10.1%  58.1  233s
  8497  5043 infeasible   67        58.11397   52.21951  10.1%  57.2  241s
  8900  5174   52.23275   45   62   58.11397   52.21959  10.1%  56.0  249s
  9160  5347   52.91406   55   49   58.11397   52.21967  10.1%  56.5  258s
  9543  5582   54.52633   50   55   58.11397   52.21982  10.1%  56.1  267s
 10010  5843   54.02975   56   54   58.11397   52.21993  10.1%  55.2  277s
 10480  6043   53.45937   50   49   58.11397   52.21997  10.1%  54.6  286s
 10839  6321   53.09863   56   43   58.11397   52.22002  10.1%  54.9  296s
 11296  6353   57.46832   60   40   58.11397   52.22011  10.1%  54.6  300s

Cutting planes:
  Learned: 2
  Cover: 15
  Implied bound: 200
  Clique: 24
  MIR: 34
  StrongCG: 3
  Flow cover: 142
  RLT: 46
  Relax-and-lift: 35
  BQP: 1

Explored 11381 nodes (638122 simplex iterations) in 300.10 seconds (132.05 work units)
Thread count was 8 (of 8 available processors)

Solution count 1: 58.114 

Time limit reached
Best objective 5.811396641282e+01, best bound 5.222011124449e+01, gap 10.1419%

User-callback calls 41684, time in user-callback 0.10 sec
alpha=0.4444444444444444  status=TIME_LIMIT
  agg total_shed = 565.683   palma_served (x-space post-hoc) = 1.3579   model(σ·top) = 1.3579   [σ=0.005658, top_sum=240.0, bot_sum=176.738]
Gurobi Optimizer version 12.0.3 build v12.0.3rc0 (win64 - Windows 11+.0 (26200.2))

CPU model: 11th Gen Intel(R) Core(TM) i7-1165G7 @ 2.80GHz, instruction set [SSE2|AVX|AVX2|AVX512]
Thread count: 4 physical cores, 8 logical processors, using up to 8 threads

Non-default parameters:
TimeLimit  300
MIPGap  0.01
MIPFocus  1
GomoryPasses  0
NonConvex  2
NumericFocus  2

Optimize a model with 27533 rows, 15883 columns and 71223 nonzeros
Model fingerprint: 0x63d4a40e
Model has 9 quadratic objective terms
Model has 793 quadratic constraints
Variable types: 14842 continuous, 1041 integer (1041 binary)
Coefficient statistics:
  Matrix range     [9e-09, 4e+02]
  QMatrix range    [1e+00, 5e+02]
  QLMatrix range   [1e+00, 1e+00]
  Objective range  [3e-02, 2e-01]
  QObjective range [1e+00, 1e+00]
  Bounds range     [1e-08, 2e+01]
  RHS range        [7e-01, 4e+02]
  QRHS range       [1e+00, 1e+00]

User MIP start did not produce a new incumbent solution
User MIP start violates constraint R122 by 4.728434505
Loaded MIP start from previous solve with objective 46.7628

Presolve removed 13752 rows and 7584 columns
Presolve time: 0.34s
Presolved: 13986 rows, 8482 columns, 47832 nonzeros
Presolved model has 648 quadratic constraint(s)
Presolved model has 37 bilinear constraint(s)
Warning: Model contains variables with very large bounds participating
         in product terms.
         Presolve was not able to compute smaller bounds for these variables.
         Consider bounding these variables or reformulating the model.


Solving non-convex MIQCP

Variable types: 7825 continuous, 657 integer (657 binary)

Root relaxation: objective 2.782360e+01, 4711 iterations, 0.15 seconds (0.12 work units)

    Nodes    |    Current Node    |     Objective Bounds      |     Work
 Expl Unexpl |  Obj  Depth IntInf | Incumbent    BestBd   Gap | It/Node Time

     0     0   27.82360    0  230   46.76276   27.82360  40.5%     -    0s
     0     0   27.98279    0  213   46.76276   27.98279  40.2%     -    0s
     0     0   28.86293    0  285   46.76276   28.86293  38.3%     -    1s
     0     0   28.86293    0  283   46.76276   28.86293  38.3%     -    1s
     0     0   29.10720    0  291   46.76276   29.10720  37.8%     -    1s
     0     0   29.34138    0  255   46.76276   29.34138  37.3%     -    1s
     0     0   29.74377    0  164   46.76276   29.74377  36.4%     -    2s
     0     2   29.74377    0  163   46.76276   29.74377  36.4%     -    6s
   126   111   45.20412   32  189   46.76276   31.60456  32.4%   133   10s
   325   231   39.77777   22  189   46.76276   32.89648  29.7%  95.1   15s
   476   312   45.08448   27  133   46.76276   32.89648  29.7%  76.3   22s
   483   317   41.62750   13  105   46.76276   33.75825  27.8%  75.2   25s
   485   321   35.88441   15  118   46.76276   34.16064  26.9%   111   30s
   676   407   44.71257   40  134   46.76276   34.60356  26.0%  95.6   35s
   828   452   44.81155   52   88   46.76276   34.83473  25.5%  90.3   40s
   954   509   45.28212   34   92   46.76276   36.49828  22.0%  88.7   45s
  1098   523   44.65949   28  148   46.76276   38.26177  18.2%  89.3   50s
  1208   571   44.47874   34  107   46.76276   38.64473  17.4%  87.9   56s
  1319   597   44.49060   39  106   46.76276   38.64473  17.4%  89.3   61s
  1386   644   44.49268   39  106   46.76276   38.64473  17.4%  86.3   65s
  1557   775   44.07527   33  106   46.76276   39.66798  15.2%  87.5   70s
  1753   871 infeasible   44        46.76276   39.69887  15.1%  84.1   76s
  1913   998   43.28919   53  103   46.76276   40.01540  14.4%  81.9   80s
  2107  1102   43.09757   34  163   46.76276   40.18996  14.1%  81.0   87s
  2180  1119   43.21445   35  165   46.76276   40.18996  14.1%  83.1   90s
  2362  1223 infeasible   56        46.76276   40.51415  13.4%  83.9   97s
  2468  1315   46.27894   46  124   46.76276   40.88849  12.6%  83.0  102s
  2572  1370   46.74095   56   92   46.76276   40.88849  12.6%  83.2  105s
  2785  1489   44.83889   43  104   46.76276   41.03493  12.2%  82.1  111s
  2911  1648   41.04847   38  112   46.76276   41.03818  12.2%  84.0  118s
  3070  1700 infeasible   77        46.76276   41.03818  12.2%  81.3  123s
  3177  1728   43.51709   62   58   46.76276   41.04404  12.2%  82.3  127s
  3242  1773   43.66196   63   55   46.76276   41.04490  12.2%  81.8  130s
  3325  1915   41.17444   41   89   46.76276   41.04490  12.2%  80.6  135s
  3538  2066   41.88325   60   75   46.76276   41.04671  12.2%  77.5  142s
  3793  2114   44.07496   66   49   46.76276   41.04671  12.2%  74.7  147s
  3883  2167   41.04869   41  105   46.76276   41.04749  12.2%  74.0  155s
  3958  2261   43.15273   58   76   46.76276   41.04754  12.2%  73.2  162s
  4099  2413   41.04877   40  107   46.76276   41.04754  12.2%  71.6  169s
  4330  2571   46.25961   63   54   46.76276   41.04775  12.2%  69.2  177s
  4614  2613 infeasible   57        46.76276   41.04806  12.2%  68.2  183s
  4676  2726   41.68616   55   87   46.76276   41.04808  12.2%  68.0  190s
  4854  2874   41.04883   39  106   46.76276   41.04820  12.2%  67.1  198s
  5077  2903 infeasible   51        46.76276   41.04822  12.2%  65.7  204s
  5181  2975   42.46396   50   71   46.76276   41.04837  12.2%  66.5  211s
  5293  3028   41.04894   39  111   46.76276   41.04838  12.2%  65.7  218s
  5392  3143   41.04894   43  104   46.76276   41.04840  12.2%  66.5  226s
  5567  3236   42.69445   61   69   46.76276   41.04843  12.2%  65.6  234s
  5752  3379   41.59409   51   97   46.76276   41.04843  12.2%  66.1  243s
  5983  3371 infeasible   60        46.76276   41.04843  12.2%  64.4  251s
  6160  3495   41.07351   49   89   46.76276   41.04861  12.2%  66.9  259s
  6353  3631   45.24685   78   49   46.76276   41.04862  12.2%  67.2  269s
  6639  3816   41.34012   41   91   46.76276   41.04865  12.2%  65.9  280s
  6992  3920   45.89940   72   49   46.76276   41.04867  12.2%  64.3  289s
  7237  4069   41.90917   46   82   46.76276   41.04869  12.2%  63.7  300s

Cutting planes:
  Learned: 4
  Cover: 11
  Implied bound: 212
  Clique: 20
  MIR: 63
  StrongCG: 2
  Flow cover: 183
  Zero half: 1
  RLT: 54
  Relax-and-lift: 39
  PSD: 1

Explored 7597 nodes (493859 simplex iterations) in 300.12 seconds (137.24 work units)
Thread count was 8 (of 8 available processors)

Solution count 1: 46.7628 

Time limit reached
Best objective 4.676276173889e+01, best bound 4.104870427736e+01, gap 12.2192%

User-callback calls 45322, time in user-callback 0.16 sec
alpha=0.5555555555555556  status=TIME_LIMIT
  agg total_shed = 565.683   palma_served (x-space post-hoc) = 1.3579   model(σ·top) = 1.3579   [σ=0.005658, top_sum=240.0, bot_sum=176.738]
Gurobi Optimizer version 12.0.3 build v12.0.3rc0 (win64 - Windows 11+.0 (26200.2))

CPU model: 11th Gen Intel(R) Core(TM) i7-1165G7 @ 2.80GHz, instruction set [SSE2|AVX|AVX2|AVX512]
Thread count: 4 physical cores, 8 logical processors, using up to 8 threads

Non-default parameters:
TimeLimit  300
MIPGap  0.01
MIPFocus  1
GomoryPasses  0
NonConvex  2
NumericFocus  2

Optimize a model with 27533 rows, 15883 columns and 71223 nonzeros
Model fingerprint: 0x020aa92b
Model has 9 quadratic objective terms
Model has 793 quadratic constraints
Variable types: 14842 continuous, 1041 integer (1041 binary)
Coefficient statistics:
  Matrix range     [9e-09, 4e+02]
  QMatrix range    [1e+00, 5e+02]
  QLMatrix range   [1e+00, 1e+00]
  Objective range  [2e-02, 1e-01]
  QObjective range [1e+00, 1e+00]
  Bounds range     [1e-08, 2e+01]
  RHS range        [7e-01, 4e+02]
  QRHS range       [1e+00, 1e+00]

User MIP start did not produce a new incumbent solution
User MIP start violates constraint R122 by 4.728434505
Loaded MIP start from previous solve with objective 35.4116

Presolve removed 13752 rows and 7584 columns
Presolve time: 0.36s
Presolved: 13986 rows, 8482 columns, 47832 nonzeros
Presolved model has 648 quadratic constraint(s)
Presolved model has 37 bilinear constraint(s)
Warning: Model contains variables with very large bounds participating
         in product terms.
         Presolve was not able to compute smaller bounds for these variables.
         Consider bounding these variables or reformulating the model.


Solving non-convex MIQCP

Variable types: 7825 continuous, 657 integer (657 binary)

Root relaxation: objective 2.086905e+01, 4641 iterations, 0.15 seconds (0.12 work units)

    Nodes    |    Current Node    |     Objective Bounds      |     Work
 Expl Unexpl |  Obj  Depth IntInf | Incumbent    BestBd   Gap | It/Node Time

     0     0   20.86905    0  244   35.41156   20.86905  41.1%     -    0s
     0     0   20.98897    0  228   35.41156   20.98897  40.7%     -    0s
     0     0   21.12148    0  291   35.41156   21.12148  40.4%     -    1s
     0     0   21.12148    0  290   35.41156   21.12148  40.4%     -    1s
     0     0   21.80668    0  293   35.41156   21.80668  38.4%     -    1s
     0     0   22.00733    0  269   35.41156   22.00733  37.9%     -    1s
     0     0   22.11495    0  155   35.41156   22.11495  37.5%     -    2s
     0     2   22.11495    0  154   35.41156   22.11495  37.5%     -    6s
   100    83   33.65816   23  212   35.41156   23.66748  33.2%   159   10s
   140   117   34.33694   32  203   35.41156   23.66748  33.2%   119   15s
   198   160   26.51370    6  227   35.41156   23.66748  33.2%  92.2   20s
   319   231   31.60556   41  182   35.41156   25.31882  28.5%  84.4   25s
   404   291   31.90573   47  170   35.41156   25.31882  28.5%  74.0   30s
   482   326   28.33506    5  132   35.41156   25.69676  27.4%  65.7   37s
   490   331   30.88172   27  117   35.41156   25.69676  27.4%  64.6   43s
   508   351   31.48806   14  156   35.41156   26.37256  25.5%   106   45s
   634   396   34.04127   29  121   35.41156   26.37256  25.5%  92.7   50s
   744   445   34.13000   38   75   35.41156   27.21056  23.2%  98.5   55s
   875   488   34.15305   43   72   35.41156   27.21056  23.2%  95.0   60s
  1023   561   32.18806   26   98   35.41156   27.54208  22.2%   100   65s
  1224   616   32.20923   42   96   35.41156   28.41443  19.8%  97.1   70s
  1331   652   32.50953   31   95   35.41156   28.49075  19.5%   102   75s
  1450   684   33.32575   62   66   35.41156   28.49075  19.5%   100   80s
H 1527   699                      35.4115569   28.93261  18.3%   100   82s
  1589   755   34.34678   21  142   35.41156   28.93261  18.3%  99.2   85s
  1739   820 infeasible   23        35.41156   28.93261  18.3%  97.7   90s
  1885   894 infeasible   40        35.41156   29.32785  17.2%  95.5   96s
  2005   973   31.83788   29  122   35.41156   29.38933  17.0%  94.1  101s
  2232  1083   31.61497   24   99   35.41156   29.38933  17.0%  91.1  105s
  2432  1218   34.90331   49   52   35.41156   29.93073  15.5%  89.7  111s
  2704  1370   31.89774   25  133   35.41156   30.16132  14.8%  85.5  117s
  2820  1439 infeasible   36        35.41156   30.16132  14.8%  84.8  120s
  3041  1586   31.31840   36  102   35.41156   30.27476  14.5%  85.2  126s
  3316  1717   30.53465   19  145   35.41156   30.36181  14.3%  83.0  133s
  3428  1797   33.71654   32   97   35.41156   30.40515  14.1%  82.0  136s
  3569  1916   30.48106   50   99   35.41156   30.43743  14.0%  80.3  140s
  3913  2167   33.21515   50   82   35.41156   30.46290  14.0%  76.6  149s
  4084  2270   30.51268   46   74   35.41156   30.46290  14.0%  74.6  153s
  4244  2412   30.50211   37  116   35.41156   30.46935  14.0%  72.8  157s
  4451  2547   34.30889   35  102   35.41156   30.47279  13.9%  70.9  163s
  4655  2664   31.84448   49   76   35.41156   30.47312  13.9%  71.7  168s
  4838  2765   34.15360   73   38   35.41156   30.47333  13.9%  71.3  173s
  5020  2835   30.50178   32   90   35.41156   30.47393  13.9%  71.0  177s
  5146  2999   30.50211   30  126   35.41156   30.47525  13.9%  71.9  183s
  5379  3141   30.50224   34  115   35.41156   30.47567  13.9%  71.6  188s
  5591  3323   33.07519   58   76   35.41156   30.47583  13.9%  69.9  195s
  5883  3506   30.69775   34   71   35.41156   30.47708  13.9%  68.0  201s
  6141  3698   33.17002   66   45   35.41156   30.47708  13.9%  66.3  208s
  6436  3919   30.50169   31  115   35.41156   30.47915  13.9%  64.4  215s
  6725  4123   30.52745   39   81   35.41156   30.47923  13.9%  63.4  223s
  7041  4274 infeasible   59        35.41156   30.47974  13.9%  62.3  230s
  7290  4490   34.42066   67   54   35.41156   30.47992  13.9%  61.7  238s
  7599  4708   30.73760   33   75   35.41156   30.48031  13.9%  60.4  246s
  7943  4934   30.50226   32   98   35.41156   30.48036  13.9%  59.7  255s
  8343  5193   32.68568   56   77   35.41156   30.48067  13.9%  58.4  264s
  8754  5409   32.87821   64   50   35.41156   30.48092  13.9%  57.1  273s
  9116  5686   32.72050   54   69   35.41156   30.48093  13.9%  56.1  282s
  9578  5962   31.88496   41   74   35.41156   30.48099  13.9%  54.9  292s
 10032  6117 infeasible   60        35.41156   30.48106  13.9%  53.9  300s

Cutting planes:
  Learned: 4
  Cover: 20
  Implied bound: 194
  Clique: 19
  MIR: 60
  StrongCG: 2
  Flow cover: 168
  RLT: 53
  Relax-and-lift: 49

Explored 10349 nodes (569011 simplex iterations) in 300.11 seconds (133.70 work units)
Thread count was 8 (of 8 available processors)

Solution count 2: 35.4116 35.4116 

Time limit reached
Best objective 3.541155729559e+01, best bound 3.048107743635e+01, gap 13.9234%

User-callback calls 40402, time in user-callback 0.09 sec
alpha=0.6666666666666666  status=TIME_LIMIT
  agg total_shed = 565.683   palma_served (x-space post-hoc) = 1.3579   model(σ·top) = 1.3579   [σ=0.005658, top_sum=240.0, bot_sum=176.738]
Gurobi Optimizer version 12.0.3 build v12.0.3rc0 (win64 - Windows 11+.0 (26200.2))

CPU model: 11th Gen Intel(R) Core(TM) i7-1165G7 @ 2.80GHz, instruction set [SSE2|AVX|AVX2|AVX512]
Thread count: 4 physical cores, 8 logical processors, using up to 8 threads

Non-default parameters:
TimeLimit  300
MIPGap  0.01
MIPFocus  1
GomoryPasses  0
NonConvex  2
NumericFocus  2

Optimize a model with 27533 rows, 15883 columns and 71223 nonzeros
Model fingerprint: 0xabaf8f78
Model has 9 quadratic objective terms
Model has 793 quadratic constraints
Variable types: 14842 continuous, 1041 integer (1041 binary)
Coefficient statistics:
  Matrix range     [9e-09, 4e+02]
  QMatrix range    [1e+00, 5e+02]
  QLMatrix range   [1e+00, 1e+00]
  Objective range  [1e-02, 9e-02]
  QObjective range [2e+00, 2e+00]
  Bounds range     [1e-08, 2e+01]
  RHS range        [7e-01, 4e+02]
  QRHS range       [1e+00, 1e+00]

User MIP start did not produce a new incumbent solution
User MIP start violates constraint R122 by 4.728434505
Loaded MIP start from previous solve with objective 24.0604

Presolve removed 13752 rows and 7584 columns
Presolve time: 0.34s
Presolved: 13986 rows, 8482 columns, 47832 nonzeros
Presolved model has 648 quadratic constraint(s)
Presolved model has 37 bilinear constraint(s)
Warning: Model contains variables with very large bounds participating
         in product terms.
         Presolve was not able to compute smaller bounds for these variables.
         Consider bounding these variables or reformulating the model.


Solving non-convex MIQCP

Variable types: 7825 continuous, 657 integer (657 binary)

Root relaxation: objective 1.391450e+01, 4671 iterations, 0.15 seconds (0.12 work units)

    Nodes    |    Current Node    |     Objective Bounds      |     Work
 Expl Unexpl |  Obj  Depth IntInf | Incumbent    BestBd   Gap | It/Node Time

     0     0   13.91450    0  294   24.06035   13.91450  42.2%     -    1s
     0     0   13.99514    0  276   24.06035   13.99514  41.8%     -    1s
     0     0   14.08435    0  310   24.06035   14.08435  41.5%     -    1s
     0     0   14.08435    0  304   24.06035   14.08435  41.5%     -    1s
     0     0   14.53969    0  292   24.06035   14.53969  39.6%     -    1s
     0     0   14.67328    0  261   24.06035   14.67328  39.0%     -    2s
     0     0   14.97757    0  160   24.06035   14.97757  37.7%     -    3s
     0     2   14.97757    0  156   24.06035   14.97757  37.7%     -    7s
H    1     4                      24.0603525   15.07257  37.4%   595    7s
    71    55   22.85587   16  195   24.06035   16.14839  32.9%   215   10s
H   77    60                      24.0603525   16.14839  32.9%   200   10s
   155   132   23.45664   32  198   24.06035   16.14839  32.9%   108   15s
H  156   132                      24.0603525   16.14839  32.9%   107   15s
   266   200   23.99174   41  170   24.06035   16.27241  32.4%  87.5   20s
   373   249   17.76703    7  214   24.06035   16.55646  31.2%  82.7   25s
   500   333   20.73814   29  130   24.06035   16.55646  31.2%  70.3   32s
   507   338   22.40733   11  112   24.06035   16.81074  30.1%  69.3   35s
   527   360   21.11068   20  130   24.06035   17.75183  26.2%   111   40s
   725   427   18.23713   28  107   24.06035   18.15647  24.5%   108   45s
   902   489   23.25416   25  131   24.06035   18.26750  24.1%   106   50s
  1045   547   23.77993   40   88   24.06035   18.26750  24.1%   104   55s
  1247   593 infeasible   56        24.06035   18.27731  24.0%   103   60s
  1434   656   19.51786   44   76   24.06035   18.28934  24.0%  98.8   65s
  1621   699 infeasible   44        24.06035   18.29268  24.0%  98.4   70s
  1870   874   20.95634   44   68   24.06035   18.29300  24.0%  90.0   75s
  2056   955   21.74312   56   58   24.06035   18.29300  24.0%  87.7   80s
  2285  1081   19.46992   47   91   24.06035   18.29351  24.0%  84.3   85s
  2482  1187   20.21489   49   63   24.06035   18.29351  24.0%  80.5   91s
  2625  1322   20.69356   33   98   24.06035   18.41056  23.5%  81.4   95s
  2758  1410     cutoff   46        24.06035   18.41336  23.5%  80.2  100s
  2984  1548   19.04620   39   92   24.06035   18.42104  23.4%  77.5  105s
  3190  1661   20.41633   37   83   24.06035   18.42267  23.4%  75.7  110s
  3354  1805   19.30448   36   71   24.06035   18.42410  23.4%  74.4  116s
  3606  2007   22.73560   72   41   24.06035   18.42542  23.4%  73.0  122s
  3777  2070 infeasible   65        24.06035   18.42554  23.4%  71.1  126s
  3991  2196   19.19763   42   95   24.06035   18.42633  23.4%  70.6  132s
  4072  2300   20.66062   46   70   24.06035   18.42633  23.4%  69.9  136s
  4235  2425   21.68386   53   70   24.06035   18.42682  23.4%  68.6  140s
  4625  2651   23.42073   80   45   24.06035   18.42711  23.4%  65.0  149s
  4850  2790   19.47479   35   69   24.06035   18.42727  23.4%  63.6  153s
  5048  2815   21.16361   58   63   24.06035   18.42727  23.4%  63.3  158s
  5212  2896   19.19786   43   87   24.06035   18.42783  23.4%  64.5  162s
  5418  3038   19.19793   41   88   24.06035   18.42813  23.4%  65.9  167s
  5659  3169   22.56914   77   40   24.06035   18.42820  23.4%  64.7  172s
  5880  3252   23.13665   60   59   24.06035   18.42840  23.4%  63.2  178s
  6037  3396 infeasible   65        24.06035   18.42840  23.4%  63.2  183s
  6288  3542   22.38593   61   57   24.06035   18.42845  23.4%  62.1  189s
  6568  3679   21.96655   41   64   24.06035   18.42847  23.4%  60.9  195s
  6839  3703 infeasible   42        24.06035   18.42850  23.4%  61.1  201s
  7045  3877   19.85114   25  108   24.06035   18.42853  23.4%  63.6  208s
  7308  4025   23.20979   52   61   24.06035   18.42853  23.4%  63.3  214s
  7636  4238   23.28878   47   55   24.06035   18.57960  22.8%  62.5  222s
  7983  4406 infeasible   61        24.06035   18.57966  22.8%  61.0  229s
  8292  4638   21.16103   47   68   24.06035   18.57978  22.8%  60.2  237s
  8659  4847   22.15275   61   40   24.06035   18.57982  22.8%  58.8  245s
  9022  5065   19.80205   39   72   24.06035   18.57987  22.8%  57.8  253s
  9444  4975 infeasible   61        24.06035   18.57998  22.8%  57.1  260s
  9687  5110   20.39122   24  131   24.06035   18.83675  21.7%  61.6  269s
  9953  5323   20.02165   35  104   24.06035   18.83675  21.7%  61.2  280s
 10309  5557   22.53748   55   64   24.06035   18.84907  21.7%  62.2  290s
 10737  5775   23.86524   59   43   24.06035   19.03399  20.9%  61.3  300s

Cutting planes:
  Learned: 1
  Cover: 17
  Implied bound: 179
  Clique: 21
  MIR: 33
  StrongCG: 2
  Flow cover: 206
  RLT: 36
  Relax-and-lift: 51

Explored 11166 nodes (695150 simplex iterations) in 300.12 seconds (133.28 work units)
Thread count was 8 (of 8 available processors)

Solution count 2: 24.0604 24.0604 

Time limit reached
Best objective 2.406035252434e+01, best bound 1.904481225164e+01, gap 20.8457%

User-callback calls 40490, time in user-callback 0.09 sec
alpha=0.7777777777777778  status=TIME_LIMIT
  agg total_shed = 565.683   palma_served (x-space post-hoc) = 1.3579   model(σ·top) = 1.3579   [σ=0.005658, top_sum=240.0, bot_sum=176.738]
Gurobi Optimizer version 12.0.3 build v12.0.3rc0 (win64 - Windows 11+.0 (26200.2))

CPU model: 11th Gen Intel(R) Core(TM) i7-1165G7 @ 2.80GHz, instruction set [SSE2|AVX|AVX2|AVX512]
Thread count: 4 physical cores, 8 logical processors, using up to 8 threads

Non-default parameters:
TimeLimit  300
MIPGap  0.01
MIPFocus  1
GomoryPasses  0
NonConvex  2
NumericFocus  2

Optimize a model with 27533 rows, 15883 columns and 71223 nonzeros
Model fingerprint: 0x16111742
Model has 9 quadratic objective terms
Model has 793 quadratic constraints
Variable types: 14842 continuous, 1041 integer (1041 binary)
Coefficient statistics:
  Matrix range     [9e-09, 4e+02]
  QMatrix range    [1e+00, 5e+02]
  QLMatrix range   [1e+00, 1e+00]
  Objective range  [7e-03, 4e-02]
  QObjective range [2e+00, 2e+00]
  Bounds range     [1e-08, 2e+01]
  RHS range        [7e-01, 4e+02]
  QRHS range       [1e+00, 1e+00]

User MIP start did not produce a new incumbent solution
User MIP start violates constraint R122 by 4.728434505
Loaded MIP start from previous solve with objective 12.7091

Presolve removed 13752 rows and 7584 columns
Presolve time: 0.35s
Presolved: 13986 rows, 8482 columns, 47832 nonzeros
Presolved model has 648 quadratic constraint(s)
Presolved model has 37 bilinear constraint(s)
Warning: Model contains variables with very large bounds participating
         in product terms.
         Presolve was not able to compute smaller bounds for these variables.
         Consider bounding these variables or reformulating the model.


Solving non-convex MIQCP

Variable types: 7825 continuous, 657 integer (657 binary)

Root relaxation: objective 6.959944e+00, 4628 iterations, 0.15 seconds (0.11 work units)

    Nodes    |    Current Node    |     Objective Bounds      |     Work
 Expl Unexpl |  Obj  Depth IntInf | Incumbent    BestBd   Gap | It/Node Time

     0     0    6.95994    0  240   12.70915    6.95994  45.2%     -    0s
     0     0    7.00132    0  222   12.70915    7.00132  44.9%     -    0s
     0     0    7.12998    0  295   12.70915    7.12998  43.9%     -    1s
     0     0    7.13377    0  293   12.70915    7.13377  43.9%     -    1s
     0     0    7.45016    0  290   12.70915    7.45016  41.4%     -    1s
     0     0    7.47923    0  277   12.70915    7.47923  41.2%     -    1s
     0     0    7.77524    0  155   12.70915    7.77524  38.8%     -    2s
     0     2    7.77524    0  155   12.70915    7.77524  38.8%     -    6s
   130   111   11.77144   32  188   12.70915    8.27106  34.9%   123   10s
   292   217    9.20327   11  205   12.70915    8.27674  34.9%  82.7   15s
H  303   217                      12.7015804    8.27674  34.8%  82.8   15s
   473   320   12.05320   55  123   12.70158    8.79073  30.8%  80.0   23s
   480   325   11.86793   30  126   12.70158    8.79243  30.8%  78.9   25s
   482   329    8.81737   16  152   12.70158    8.81737  30.6%   118   30s
   665   395   11.21440   42   65   12.70158    8.90029  29.9%   110   35s
   786   431   10.04568   27  116   12.70158    9.03263  28.9%   113   40s
   954   511    9.34859   36   85   12.70158    9.23218  27.3%   110   45s
  1146   595   11.52459   70   50   12.70158    9.24351  27.2%  99.3   50s
  1335   651   11.15317   62   63   12.70158    9.24798  27.2%  91.3   55s
H 1500   688                      12.6575107    9.25627  26.9%  83.6   58s
  1512   718    9.63666   26  105   12.65751    9.25627  26.9%  83.1   60s
  1720   880    9.84191   46   80   12.65751    9.25805  26.9%  80.5   65s
  1991  1046    9.63801   27  106   12.65751    9.26004  26.8%  73.8   71s
  2098  1103    9.69279   34   80   12.65751    9.26004  26.8%  71.4   76s
  2248  1229 infeasible   40        12.65751    9.26040  26.8%  71.1   81s
  2430  1361    9.63773   26  101   12.65751    9.26081  26.8%  69.1   85s
  2644  1512   11.22659   53   63   12.65751    9.26094  26.8%  65.5   90s
  2871  1660   11.70159   39   64   12.65751    9.26126  26.8%  63.0   95s
  3036  1729    9.78937   33   78   12.65751    9.26137  26.8%  61.1  100s
  3197  1848   11.12467   59   54   12.65751    9.26152  26.8%  59.4  106s
  3416  2028    9.63759   35  105   12.65751    9.26168  26.8%  58.6  112s
  3546  2128 infeasible   57        12.65751    9.26195  26.8%  59.2  116s
  3898  2251   11.01282   66   50   12.65751    9.26199  26.8%  56.5  123s
H 3900  2251                      12.6560753    9.26199  26.8%  56.6  123s
  3996  2310   11.26166   70   45   12.65608    9.26199  26.8%  58.3  126s
H 4079  2310                      12.6465870    9.26213  26.8%  57.7  126s
  4089  2405   11.64642   80   35   12.64659    9.26213  26.8%  57.6  130s
  4429  2646 infeasible   48        12.64659    9.26241  26.8%  55.7  138s
  4668  2777    9.63712   25  103   12.64659    9.26241  26.8%  54.2  142s
  4886  2809   12.51282   75   37   12.64659    9.44343  25.3%  53.2  146s
  5012  2934     cutoff   62        12.64659    9.44343  25.3%  54.8  151s
  5275  3070   10.03376   46   85   12.64659    9.44343  25.3%  54.3  156s
  5539  3266    9.63728   28  105   12.64659    9.63627  23.8%  53.1  163s
  5801  3412   12.19408   72   31   12.64659    9.63654  23.8%  52.3  169s
  6050  3600   10.02179   27   87   12.64659    9.63683  23.8%  52.5  175s
  6310  3596 infeasible   43        12.64659    9.63702  23.8%  51.5  180s
  6500  3761    9.97327   40   98   12.64659    9.63725  23.8%  56.1  186s
  6770  3901   12.06605   79   37   12.64659    9.63735  23.8%  55.6  192s
  7073  4035   11.29445   44   71   12.64659    9.63741  23.8%  56.0  199s
  7351  4189   11.34024   56   69   12.64659    9.63743  23.8%  56.2  205s
  7639  4402   11.12911   60   56   12.64659    9.63746  23.8%  55.6  212s
  7952  4547   11.03232   38   69   12.64659    9.63747  23.8%  55.1  220s
H 8101  4547                      12.6465870    9.63747  23.8%  55.0  220s
  8217  4725   11.78825   60   43   12.64659    9.63749  23.8%  55.0  228s
  8570  4908    9.74882   32   93   12.64659    9.63751  23.8%  55.0  236s
  8896  4809 infeasible   30        12.64659    9.63752  23.8%  55.3  243s
  9067  4997    9.82938   30  102   12.64659    9.63755  23.8%  63.8  252s
  9399  5129    9.63761   33  133   12.64659    9.63759  23.8%  63.8  260s
  9655  5376   10.79476   40   91   12.64659    9.63761  23.8%  64.3  269s
 10097  5611   12.03102   66   64   12.64659    9.63763  23.8%  63.8  280s
 10504  5488 infeasible   35        12.64659    9.63765  23.8%  63.7  286s
 10745  5693    9.70251   35  105   12.64659    9.63771  23.8%  71.7  299s
 11093  5698 infeasible   60        12.64659    9.63773  23.8%  71.6  300s

Cutting planes:
  Learned: 2
  Cover: 20
  Implied bound: 185
  Clique: 18
  MIR: 43
  StrongCG: 1
  Flow cover: 187
  RLT: 54
  Relax-and-lift: 57
  BQP: 1

Explored 11103 nodes (810804 simplex iterations) in 300.08 seconds (129.90 work units)
Thread count was 8 (of 8 available processors)

Solution count 6: 12.6466 12.6466 12.6561 ... 12.7091

Time limit reached
Best objective 1.264658696707e+01, best bound 9.637733539728e+00, gap 23.7918%

User-callback calls 40115, time in user-callback 0.11 sec
alpha=0.8888888888888888  status=TIME_LIMIT
  agg total_shed = 580.016   palma_served (x-space post-hoc) = 1.1569   model(σ·top) = 1.1569   [σ=0.00503, top_sum=230.032, bot_sum=198.826]
Gurobi Optimizer version 12.0.3 build v12.0.3rc0 (win64 - Windows 11+.0 (26200.2))

CPU model: 11th Gen Intel(R) Core(TM) i7-1165G7 @ 2.80GHz, instruction set [SSE2|AVX|AVX2|AVX512]
Thread count: 4 physical cores, 8 logical processors, using up to 8 threads

Non-default parameters:
TimeLimit  300
MIPGap  0.01
MIPFocus  1
GomoryPasses  0
NonConvex  2
NumericFocus  2

Optimize a model with 27533 rows, 15883 columns and 71223 nonzeros
Model fingerprint: 0xa2d636ad
Model has 9 quadratic objective terms
Model has 793 quadratic constraints
Variable types: 14842 continuous, 1041 integer (1041 binary)
Coefficient statistics:
  Matrix range     [9e-09, 4e+02]
  QMatrix range    [1e+00, 5e+02]
  QLMatrix range   [1e+00, 1e+00]
  Objective range  [0e+00, 0e+00]
  QObjective range [2e+00, 2e+00]
  Bounds range     [1e-08, 2e+01]
  RHS range        [7e-01, 4e+02]
  QRHS range       [1e+00, 1e+00]

User MIP start did not produce a new incumbent solution
User MIP start violates constraint R122 by 4.728434505
Loaded MIP start from previous solve with objective 1.15695

Presolve removed 13440 rows and 7368 columns
Presolve time: 0.21s
Presolved: 14298 rows, 8698 columns, 47760 nonzeros
Presolved model has 648 quadratic constraint(s)
Presolved model has 37 bilinear constraint(s)
Warning: Model contains variables with very large bounds participating
         in product terms.
         Presolve was not able to compute smaller bounds for these variables.
         Consider bounding these variables or reformulating the model.


Solving non-convex MIQCP

Variable types: 7825 continuous, 873 integer (873 binary)

Root relaxation: objective 0.000000e+00, 2460 iterations, 0.07 seconds (0.05 work units)

    Nodes    |    Current Node    |     Objective Bounds      |     Work
 Expl Unexpl |  Obj  Depth IntInf | Incumbent    BestBd   Gap | It/Node Time

     0     0    0.00000    0   12    1.15695    0.00000   100%     -    0s
     0     0    0.00000    0  163    1.15695    0.00000   100%     -    0s
     0     0    0.00000    0  164    1.15695    0.00000   100%     -    0s
     0     0    0.00000    0   16    1.15695    0.00000   100%     -    1s
     0     0    0.00000    0   59    1.15695    0.00000   100%     -    1s
     0     0    0.00000    0   10    1.15695    0.00000   100%     -    1s
H    0     0                       0.8721674    0.00000   100%     -    3s
     0     2    0.00000    0   10    0.87217    0.00000   100%     -    4s
     9    12    0.00000    4  168    0.87217    0.00000   100%  1343    5s
   162   193    0.00000   31   10    0.87217    0.00000   100%   257   10s
   360   338    0.02736   22   38    0.87217    0.00000   100%   168   15s
   511   417    0.09327   50  189    0.87217    0.00000   100%   173   20s
   556   425    0.22759   48    0    0.87217    0.00000   100%   195   26s
H  556   403                       0.8719523    0.00000   100%   195   27s
H  556   383                       0.8645651    0.00000   100%   195   27s
   622   434    0.32069   19  196    0.86457    0.00000   100%   195   30s
   776   502    0.00000   15    8    0.86457    0.00000   100%   181   35s
H  899   502                       0.8645651    0.00000   100%   179   39s
   901   516 infeasible   29         0.86457    0.00000   100%   183   40s
* 1001   443              38       0.0000000    0.00000  0.00%   177   45s

Cutting planes:
  RLT: 2

Explored 1015 nodes (195120 simplex iterations) in 45.20 seconds (25.52 work units)
Thread count was 8 (of 8 available processors)

Solution count 6: 0 0.864565 0.864565 ... 1.15695

Optimal solution found (tolerance 1.00e-02)
Best objective 0.000000000000e+00, best bound 0.000000000000e+00, gap 0.0000%

User-callback calls 8194, time in user-callback 0.02 sec
alpha=1.0  status=OPTIMAL
  agg total_shed = 1680.0   palma_served (x-space post-hoc) = Inf   model(σ·top) = 0.0   [σ=388741.069957, top_sum=0.0, bot_sum=0.0]
Saved trade-off sweep data → C:\Users\awest\github\FairLoadDelivery\script\single_level\../../results/2026-05-24/palma_trade_off_mn\palma_sweep_mn_more_meshed_6_bus_absolute.jld2
Done. Results written to: C:\Users\awest\github\FairLoadDelivery\script\single_level\../../results/2026-05-24/palma_trade_off_mn
GKS: String is too long in routine TEXT
GKS: String is too long in routine TEXT
GKS: String is too long in routine TEXT
GKS: String is too long in routine TEXT
GKS: String is too long in routine TEXT
GKS: String is too long in routine TEXT
GKS: String is too long in routine TEXT
GKS: String is too long in routine TEXT
GKS: String is too long in routine TEXT
GKS: String is too long in routine TEXT
GKS: String is too long in routine TEXT
GKS: String is too long in routine TEXT
GKS: String is too long in routine TEXT
GKS: String is too long in routine TEXT
GKS: String is too long in routine TEXT
GKS: String is too long in routine TEXT
GKS: String is too long in routine TEXT
GKS: String is too long in routine TEXT
GKS: String is too long in routine TEXT
GKS: String is too long in routine TEXT
GKS: String is too long in routine TEXT
GKS: String is too long in routine TEXT
GKS: String is too long in routine TEXT
GKS: String is too long in routine TEXT
GKS: String is too long in routine TEXT
GKS: String is too long in routine TEXT
GKS: String is too long in routine TEXT
GKS: String is too long in routine TEXT
GKS: String is too long in routine TEXT
GKS: String is too long in routine TEXT
GKS: String is too long in routine TEXT
GKS: String is too long in routine TEXT
GKS: String is too long in routine TEXT
GKS: String is too long in routine TEXT
GKS: String is too long in routine TEXT
GKS: String is too long in routine TEXT
